<?xml version="1.0" encoding="ISO-8859-1" ?>
<link_info>
   <banner>TI ARM Linker PC v20.2.7.LTS</banner>
   <copyright>Copyright (c) 1996-2018 Texas Instruments Incorporated</copyright>
   <link_time>0x65cf5e1a</link_time>
   <link_errors>0x0</link_errors>
   <output_file>servo2.out</output_file>
   <entry_point>
      <name>resetISR</name>
      <address>0x147d</address>
   </entry_point>
   <input_file_list>
      <input_file id="fl-2">
         <path>.\</path>
         <kind>object</kind>
         <file>LcdDriver.obj</file>
         <name>LcdDriver.obj</name>
      </input_file>
      <input_file id="fl-3">
         <path>.\</path>
         <kind>object</kind>
         <file>functions.obj</file>
         <name>functions.obj</name>
      </input_file>
      <input_file id="fl-4">
         <path>.\</path>
         <kind>object</kind>
         <file>main_nortos.obj</file>
         <name>main_nortos.obj</name>
      </input_file>
      <input_file id="fl-5">
         <path>.\</path>
         <kind>object</kind>
         <file>mfrc522.obj</file>
         <name>mfrc522.obj</name>
      </input_file>
      <input_file id="fl-6">
         <path>.\syscfg\</path>
         <kind>object</kind>
         <file>ti_drivers_config.obj</file>
         <name>ti_drivers_config.obj</name>
      </input_file>
      <input_file id="fl-13">
         <kind>object</kind>
         <file>&lt;internal&gt;</file>
         <name>&lt;internal&gt;</name>
      </input_file>
      <input_file id="fl-14">
         <path>C:\Users\gabri\Desktop\CCS_library\simplelink_msp432p4_sdk_3_40_01_02\simplelink_msp432p4_sdk_3_40_01_02\source\ti\devices\msp432p4xx\driverlib\ccs\</path>
         <kind>archive</kind>
         <file>msp432p4xx_driverlib.lib</file>
         <name>cs.o</name>
      </input_file>
      <input_file id="fl-15">
         <path>C:\Users\gabri\Desktop\CCS_library\simplelink_msp432p4_sdk_3_40_01_02\simplelink_msp432p4_sdk_3_40_01_02\source\ti\devices\msp432p4xx\driverlib\ccs\</path>
         <kind>archive</kind>
         <file>msp432p4xx_driverlib.lib</file>
         <name>flash.o</name>
      </input_file>
      <input_file id="fl-16">
         <path>C:\Users\gabri\Desktop\CCS_library\simplelink_msp432p4_sdk_3_40_01_02\simplelink_msp432p4_sdk_3_40_01_02\source\ti\devices\msp432p4xx\driverlib\ccs\</path>
         <kind>archive</kind>
         <file>msp432p4xx_driverlib.lib</file>
         <name>gpio.o</name>
      </input_file>
      <input_file id="fl-17">
         <path>C:\Users\gabri\Desktop\CCS_library\simplelink_msp432p4_sdk_3_40_01_02\simplelink_msp432p4_sdk_3_40_01_02\source\ti\devices\msp432p4xx\driverlib\ccs\</path>
         <kind>archive</kind>
         <file>msp432p4xx_driverlib.lib</file>
         <name>interrupt.o</name>
      </input_file>
      <input_file id="fl-18">
         <path>C:\Users\gabri\Desktop\CCS_library\simplelink_msp432p4_sdk_3_40_01_02\simplelink_msp432p4_sdk_3_40_01_02\source\ti\devices\msp432p4xx\driverlib\ccs\</path>
         <kind>archive</kind>
         <file>msp432p4xx_driverlib.lib</file>
         <name>pcm.o</name>
      </input_file>
      <input_file id="fl-19">
         <path>C:\Users\gabri\Desktop\CCS_library\simplelink_msp432p4_sdk_3_40_01_02\simplelink_msp432p4_sdk_3_40_01_02\source\ti\devices\msp432p4xx\driverlib\ccs\</path>
         <kind>archive</kind>
         <file>msp432p4xx_driverlib.lib</file>
         <name>rtc_c.o</name>
      </input_file>
      <input_file id="fl-1a">
         <path>C:\Users\gabri\Desktop\CCS_library\simplelink_msp432p4_sdk_3_40_01_02\simplelink_msp432p4_sdk_3_40_01_02\source\ti\devices\msp432p4xx\driverlib\ccs\</path>
         <kind>archive</kind>
         <file>msp432p4xx_driverlib.lib</file>
         <name>spi.o</name>
      </input_file>
      <input_file id="fl-1b">
         <path>C:\Users\gabri\Desktop\CCS_library\simplelink_msp432p4_sdk_3_40_01_02\simplelink_msp432p4_sdk_3_40_01_02\source\ti\devices\msp432p4xx\driverlib\ccs\</path>
         <kind>archive</kind>
         <file>msp432p4xx_driverlib.lib</file>
         <name>sysctl.o</name>
      </input_file>
      <input_file id="fl-1c">
         <path>C:\Users\gabri\Desktop\CCS_library\simplelink_msp432p4_sdk_3_40_01_02\simplelink_msp432p4_sdk_3_40_01_02\source\ti\devices\msp432p4xx\driverlib\ccs\</path>
         <kind>archive</kind>
         <file>msp432p4xx_driverlib.lib</file>
         <name>sysctl_a.o</name>
      </input_file>
      <input_file id="fl-1d">
         <path>C:\Users\gabri\Desktop\CCS_library\simplelink_msp432p4_sdk_3_40_01_02\simplelink_msp432p4_sdk_3_40_01_02\source\ti\devices\msp432p4xx\driverlib\ccs\</path>
         <kind>archive</kind>
         <file>msp432p4xx_driverlib.lib</file>
         <name>uart.o</name>
      </input_file>
      <input_file id="fl-1e">
         <path>C:\Users\gabri\Desktop\CCS_library\simplelink_msp432p4_sdk_3_40_01_02\simplelink_msp432p4_sdk_3_40_01_02\source\ti\devices\msp432p4xx\driverlib\ccs\</path>
         <kind>archive</kind>
         <file>msp432p4xx_driverlib.lib</file>
         <name>wdt_a.o</name>
      </input_file>
      <input_file id="fl-1f">
         <path>C:\Users\gabri\Desktop\CCS_library\simplelink_msp432p4_sdk_3_40_01_02\simplelink_msp432p4_sdk_3_40_01_02\source\ti\devices\msp432p4xx\driverlib\ccs\</path>
         <kind>archive</kind>
         <file>msp432p4xx_driverlib.lib</file>
         <name>cpu.o</name>
      </input_file>
      <input_file id="fl-20">
         <path>C:\Users\gabri\Desktop\CCS_library\simplelink_msp432p4_sdk_3_40_01_02\simplelink_msp432p4_sdk_3_40_01_02\source\ti\grlib\lib\ccs\m4\</path>
         <kind>archive</kind>
         <file>grlib.a</file>
         <name>context.obj</name>
      </input_file>
      <input_file id="fl-21">
         <path>C:\Users\gabri\Desktop\CCS_library\simplelink_msp432p4_sdk_3_40_01_02\simplelink_msp432p4_sdk_3_40_01_02\source\ti\grlib\lib\ccs\m4\</path>
         <kind>archive</kind>
         <file>grlib.a</file>
         <name>display.obj</name>
      </input_file>
      <input_file id="fl-22">
         <path>C:\Users\gabri\Desktop\CCS_library\simplelink_msp432p4_sdk_3_40_01_02\simplelink_msp432p4_sdk_3_40_01_02\source\ti\grlib\lib\ccs\m4\</path>
         <kind>archive</kind>
         <file>grlib.a</file>
         <name>fontfixed6x8.obj</name>
      </input_file>
      <input_file id="fl-23">
         <path>C:\Users\gabri\Desktop\CCS_library\simplelink_msp432p4_sdk_3_40_01_02\simplelink_msp432p4_sdk_3_40_01_02\source\ti\grlib\lib\ccs\m4\</path>
         <kind>archive</kind>
         <file>grlib.a</file>
         <name>string.obj</name>
      </input_file>
      <input_file id="fl-24">
         <path>C:\Users\gabri\Desktop\CCS_library\simplelink_msp432p4_sdk_3_40_01_02\simplelink_msp432p4_sdk_3_40_01_02\source\ti\grlib\lib\ccs\m4\</path>
         <kind>archive</kind>
         <file>grlib.a</file>
         <name>line.obj</name>
      </input_file>
      <input_file id="fl-25">
         <path>C:\Users\gabri\Desktop\CCS_library\simplelink_msp432p4_sdk_3_40_01_02\simplelink_msp432p4_sdk_3_40_01_02\source\ti\drivers\lib\</path>
         <kind>archive</kind>
         <file>drivers_msp432p401x.aem4f</file>
         <name>GPIOMSP432.oem4f</name>
      </input_file>
      <input_file id="fl-26">
         <path>C:\Users\gabri\Desktop\CCS_library\simplelink_msp432p4_sdk_3_40_01_02\simplelink_msp432p4_sdk_3_40_01_02\source\ti\drivers\lib\</path>
         <kind>archive</kind>
         <file>drivers_msp432p401x.aem4f</file>
         <name>PowerMSP432.oem4f</name>
      </input_file>
      <input_file id="fl-27">
         <path>C:\Users\gabri\Desktop\CCS_library\simplelink_msp432p4_sdk_3_40_01_02\simplelink_msp432p4_sdk_3_40_01_02\source\ti\drivers\lib\</path>
         <kind>archive</kind>
         <file>drivers_msp432p401x.aem4f</file>
         <name>PWM.oem4f</name>
      </input_file>
      <input_file id="fl-28">
         <path>C:\Users\gabri\Desktop\CCS_library\simplelink_msp432p4_sdk_3_40_01_02\simplelink_msp432p4_sdk_3_40_01_02\source\ti\drivers\lib\</path>
         <kind>archive</kind>
         <file>drivers_msp432p401x.aem4f</file>
         <name>PWMTimerMSP432.oem4f</name>
      </input_file>
      <input_file id="fl-29">
         <path>C:\Users\gabri\Desktop\CCS_library\simplelink_msp432p4_sdk_3_40_01_02\simplelink_msp432p4_sdk_3_40_01_02\source\ti\drivers\lib\</path>
         <kind>archive</kind>
         <file>drivers_msp432p401x.aem4f</file>
         <name>SPI.oem4f</name>
      </input_file>
      <input_file id="fl-2a">
         <path>C:\Users\gabri\Desktop\CCS_library\simplelink_msp432p4_sdk_3_40_01_02\simplelink_msp432p4_sdk_3_40_01_02\source\ti\drivers\lib\</path>
         <kind>archive</kind>
         <file>drivers_msp432p401x.aem4f</file>
         <name>SPIMSP432DMA.oem4f</name>
      </input_file>
      <input_file id="fl-2b">
         <path>C:\Users\gabri\Desktop\CCS_library\simplelink_msp432p4_sdk_3_40_01_02\simplelink_msp432p4_sdk_3_40_01_02\source\ti\drivers\lib\</path>
         <kind>archive</kind>
         <file>drivers_msp432p401x.aem4f</file>
         <name>TimerMSP432.oem4f</name>
      </input_file>
      <input_file id="fl-2c">
         <path>C:\Users\gabri\Desktop\CCS_library\simplelink_msp432p4_sdk_3_40_01_02\simplelink_msp432p4_sdk_3_40_01_02\source\ti\drivers\lib\</path>
         <kind>archive</kind>
         <file>drivers_msp432p401x.aem4f</file>
         <name>List.oem4f</name>
      </input_file>
      <input_file id="fl-2d">
         <path>C:\Users\gabri\Desktop\CCS_library\simplelink_msp432p4_sdk_3_40_01_02\simplelink_msp432p4_sdk_3_40_01_02\source\ti\drivers\lib\</path>
         <kind>archive</kind>
         <file>drivers_msp432p401x.aem4f</file>
         <name>UDMAMSP432.oem4f</name>
      </input_file>
      <input_file id="fl-2e">
         <path>C:\Users\gabri\Desktop\CCS_library\simplelink_msp432p4_sdk_3_40_01_02\simplelink_msp432p4_sdk_3_40_01_02\kernel\nortos\lib\</path>
         <kind>archive</kind>
         <file>nortos_msp432p401x.aem4f</file>
         <name>posix_sleep.oem4f</name>
      </input_file>
      <input_file id="fl-2f">
         <path>C:\Users\gabri\Desktop\CCS_library\simplelink_msp432p4_sdk_3_40_01_02\simplelink_msp432p4_sdk_3_40_01_02\kernel\nortos\lib\</path>
         <kind>archive</kind>
         <file>nortos_msp432p401x.aem4f</file>
         <name>SemaphoreP_nortos.oem4f</name>
      </input_file>
      <input_file id="fl-30">
         <path>C:\Users\gabri\Desktop\CCS_library\simplelink_msp432p4_sdk_3_40_01_02\simplelink_msp432p4_sdk_3_40_01_02\kernel\nortos\lib\</path>
         <kind>archive</kind>
         <file>nortos_msp432p401x.aem4f</file>
         <name>PowerMSP432_nortos.oem4f</name>
      </input_file>
      <input_file id="fl-31">
         <path>C:\Users\gabri\Desktop\CCS_library\simplelink_msp432p4_sdk_3_40_01_02\simplelink_msp432p4_sdk_3_40_01_02\kernel\nortos\lib\</path>
         <kind>archive</kind>
         <file>nortos_msp432p401x.aem4f</file>
         <name>ClockPTimer_nortos.oem4f</name>
      </input_file>
      <input_file id="fl-32">
         <path>C:\Users\gabri\Desktop\CCS_library\simplelink_msp432p4_sdk_3_40_01_02\simplelink_msp432p4_sdk_3_40_01_02\kernel\nortos\lib\</path>
         <kind>archive</kind>
         <file>nortos_msp432p401x.aem4f</file>
         <name>TimerPMSP432_nortos.oem4f</name>
      </input_file>
      <input_file id="fl-33">
         <path>C:\Users\gabri\Desktop\CCS_library\simplelink_msp432p4_sdk_3_40_01_02\simplelink_msp432p4_sdk_3_40_01_02\kernel\nortos\lib\</path>
         <kind>archive</kind>
         <file>nortos_msp432p401x.aem4f</file>
         <name>HwiPMSP432_nortos.oem4f</name>
      </input_file>
      <input_file id="fl-34">
         <path>C:\Users\gabri\Desktop\CCS_library\simplelink_msp432p4_sdk_3_40_01_02\simplelink_msp432p4_sdk_3_40_01_02\kernel\nortos\lib\</path>
         <kind>archive</kind>
         <file>nortos_msp432p401x.aem4f</file>
         <name>startup_msp432_ccs.oem4f</name>
      </input_file>
      <input_file id="fl-35">
         <path>C:\Users\gabri\Desktop\CCS_library\simplelink_msp432p4_sdk_3_40_01_02\simplelink_msp432p4_sdk_3_40_01_02\kernel\nortos\lib\</path>
         <kind>archive</kind>
         <file>nortos_msp432p401x.aem4f</file>
         <name>QueueP_nortos.oem4f</name>
      </input_file>
      <input_file id="fl-36">
         <path>C:\Users\gabri\Desktop\CCS_library\simplelink_msp432p4_sdk_3_40_01_02\simplelink_msp432p4_sdk_3_40_01_02\kernel\nortos\lib\</path>
         <kind>archive</kind>
         <file>nortos_msp432p401x.aem4f</file>
         <name>SwiP_nortos.oem4f</name>
      </input_file>
      <input_file id="fl-37">
         <path>C:\Users\gabri\Desktop\CCS_library\simplelink_msp432p4_sdk_3_40_01_02\simplelink_msp432p4_sdk_3_40_01_02\source\ti\devices\msp432p4xx\driverlib\ccs\</path>
         <kind>archive</kind>
         <file>msp432p4xx_driverlib.lib</file>
         <name>dma.o</name>
      </input_file>
      <input_file id="fl-ed">
         <path>C:\ti\ccs1240\ccs\tools\compiler\ti-cgt-arm_20.2.7.LTS\lib\</path>
         <kind>archive</kind>
         <file>rtsv7M4_T_le_v4SPD16_eabi.lib</file>
         <name>printf.c.obj</name>
      </input_file>
      <input_file id="fl-ee">
         <path>C:\ti\ccs1240\ccs\tools\compiler\ti-cgt-arm_20.2.7.LTS\lib\</path>
         <kind>archive</kind>
         <file>rtsv7M4_T_le_v4SPD16_eabi.lib</file>
         <name>_printfi.c.obj</name>
      </input_file>
      <input_file id="fl-ef">
         <path>C:\ti\ccs1240\ccs\tools\compiler\ti-cgt-arm_20.2.7.LTS\lib\</path>
         <kind>archive</kind>
         <file>rtsv7M4_T_le_v4SPD16_eabi.lib</file>
         <name>sprintf.c.obj</name>
      </input_file>
      <input_file id="fl-f0">
         <path>C:\ti\ccs1240\ccs\tools\compiler\ti-cgt-arm_20.2.7.LTS\lib\</path>
         <kind>archive</kind>
         <file>rtsv7M4_T_le_v4SPD16_eabi.lib</file>
         <name>fputc.c.obj</name>
      </input_file>
      <input_file id="fl-f1">
         <path>C:\ti\ccs1240\ccs\tools\compiler\ti-cgt-arm_20.2.7.LTS\lib\</path>
         <kind>archive</kind>
         <file>rtsv7M4_T_le_v4SPD16_eabi.lib</file>
         <name>fputs.c.obj</name>
      </input_file>
      <input_file id="fl-f2">
         <path>C:\ti\ccs1240\ccs\tools\compiler\ti-cgt-arm_20.2.7.LTS\lib\</path>
         <kind>archive</kind>
         <file>rtsv7M4_T_le_v4SPD16_eabi.lib</file>
         <name>_io_perm.c.obj</name>
      </input_file>
      <input_file id="fl-f3">
         <path>C:\ti\ccs1240\ccs\tools\compiler\ti-cgt-arm_20.2.7.LTS\lib\</path>
         <kind>archive</kind>
         <file>rtsv7M4_T_le_v4SPD16_eabi.lib</file>
         <name>setvbuf.c.obj</name>
      </input_file>
      <input_file id="fl-f4">
         <path>C:\ti\ccs1240\ccs\tools\compiler\ti-cgt-arm_20.2.7.LTS\lib\</path>
         <kind>archive</kind>
         <file>rtsv7M4_T_le_v4SPD16_eabi.lib</file>
         <name>fd_add_t2.asm.obj</name>
      </input_file>
      <input_file id="fl-f5">
         <path>C:\ti\ccs1240\ccs\tools\compiler\ti-cgt-arm_20.2.7.LTS\lib\</path>
         <kind>archive</kind>
         <file>rtsv7M4_T_le_v4SPD16_eabi.lib</file>
         <name>fd_cmp_t2.asm.obj</name>
      </input_file>
      <input_file id="fl-f6">
         <path>C:\ti\ccs1240\ccs\tools\compiler\ti-cgt-arm_20.2.7.LTS\lib\</path>
         <kind>archive</kind>
         <file>rtsv7M4_T_le_v4SPD16_eabi.lib</file>
         <name>fd_div_t2.asm.obj</name>
      </input_file>
      <input_file id="fl-f7">
         <path>C:\ti\ccs1240\ccs\tools\compiler\ti-cgt-arm_20.2.7.LTS\lib\</path>
         <kind>archive</kind>
         <file>rtsv7M4_T_le_v4SPD16_eabi.lib</file>
         <name>fd_mul_t2.asm.obj</name>
      </input_file>
      <input_file id="fl-f8">
         <path>C:\ti\ccs1240\ccs\tools\compiler\ti-cgt-arm_20.2.7.LTS\lib\</path>
         <kind>archive</kind>
         <file>rtsv7M4_T_le_v4SPD16_eabi.lib</file>
         <name>fd_toi_t2.asm.obj</name>
      </input_file>
      <input_file id="fl-f9">
         <path>C:\ti\ccs1240\ccs\tools\compiler\ti-cgt-arm_20.2.7.LTS\lib\</path>
         <kind>archive</kind>
         <file>rtsv7M4_T_le_v4SPD16_eabi.lib</file>
         <name>i_tofd_t2.asm.obj</name>
      </input_file>
      <input_file id="fl-fa">
         <path>C:\ti\ccs1240\ccs\tools\compiler\ti-cgt-arm_20.2.7.LTS\lib\</path>
         <kind>archive</kind>
         <file>rtsv7M4_T_le_v4SPD16_eabi.lib</file>
         <name>memcpy_t2.asm.obj</name>
      </input_file>
      <input_file id="fl-fb">
         <path>C:\ti\ccs1240\ccs\tools\compiler\ti-cgt-arm_20.2.7.LTS\lib\</path>
         <kind>archive</kind>
         <file>rtsv7M4_T_le_v4SPD16_eabi.lib</file>
         <name>memset_t2.asm.obj</name>
      </input_file>
      <input_file id="fl-fc">
         <path>C:\ti\ccs1240\ccs\tools\compiler\ti-cgt-arm_20.2.7.LTS\lib\</path>
         <kind>archive</kind>
         <file>rtsv7M4_T_le_v4SPD16_eabi.lib</file>
         <name>ull_div_t2.asm.obj</name>
      </input_file>
      <input_file id="fl-fd">
         <path>C:\ti\ccs1240\ccs\tools\compiler\ti-cgt-arm_20.2.7.LTS\lib\</path>
         <kind>archive</kind>
         <file>rtsv7M4_T_le_v4SPD16_eabi.lib</file>
         <name>copy_zero_init.c.obj</name>
      </input_file>
      <input_file id="fl-fe">
         <path>C:\ti\ccs1240\ccs\tools\compiler\ti-cgt-arm_20.2.7.LTS\lib\</path>
         <kind>archive</kind>
         <file>rtsv7M4_T_le_v4SPD16_eabi.lib</file>
         <name>copy_decompress_none.c.obj</name>
      </input_file>
      <input_file id="fl-ff">
         <path>C:\ti\ccs1240\ccs\tools\compiler\ti-cgt-arm_20.2.7.LTS\lib\</path>
         <kind>archive</kind>
         <file>rtsv7M4_T_le_v4SPD16_eabi.lib</file>
         <name>copy_decompress_lzss.c.obj</name>
      </input_file>
      <input_file id="fl-100">
         <path>C:\ti\ccs1240\ccs\tools\compiler\ti-cgt-arm_20.2.7.LTS\lib\</path>
         <kind>archive</kind>
         <file>rtsv7M4_T_le_v4SPD16_eabi.lib</file>
         <name>exit.c.obj</name>
      </input_file>
      <input_file id="fl-101">
         <path>C:\ti\ccs1240\ccs\tools\compiler\ti-cgt-arm_20.2.7.LTS\lib\</path>
         <kind>archive</kind>
         <file>rtsv7M4_T_le_v4SPD16_eabi.lib</file>
         <name>_lock.c.obj</name>
      </input_file>
      <input_file id="fl-102">
         <path>C:\ti\ccs1240\ccs\tools\compiler\ti-cgt-arm_20.2.7.LTS\lib\</path>
         <kind>archive</kind>
         <file>rtsv7M4_T_le_v4SPD16_eabi.lib</file>
         <name>_ltoa.c.obj</name>
      </input_file>
      <input_file id="fl-103">
         <path>C:\ti\ccs1240\ccs\tools\compiler\ti-cgt-arm_20.2.7.LTS\lib\</path>
         <kind>archive</kind>
         <file>rtsv7M4_T_le_v4SPD16_eabi.lib</file>
         <name>atoi.c.obj</name>
      </input_file>
      <input_file id="fl-104">
         <path>C:\ti\ccs1240\ccs\tools\compiler\ti-cgt-arm_20.2.7.LTS\lib\</path>
         <kind>archive</kind>
         <file>rtsv7M4_T_le_v4SPD16_eabi.lib</file>
         <name>ctype.c.obj</name>
      </input_file>
      <input_file id="fl-105">
         <path>C:\ti\ccs1240\ccs\tools\compiler\ti-cgt-arm_20.2.7.LTS\lib\</path>
         <kind>archive</kind>
         <file>rtsv7M4_T_le_v4SPD16_eabi.lib</file>
         <name>defs.c.obj</name>
      </input_file>
      <input_file id="fl-106">
         <path>C:\ti\ccs1240\ccs\tools\compiler\ti-cgt-arm_20.2.7.LTS\lib\</path>
         <kind>archive</kind>
         <file>rtsv7M4_T_le_v4SPD16_eabi.lib</file>
         <name>memccpy.c.obj</name>
      </input_file>
      <input_file id="fl-107">
         <path>C:\ti\ccs1240\ccs\tools\compiler\ti-cgt-arm_20.2.7.LTS\lib\</path>
         <kind>archive</kind>
         <file>rtsv7M4_T_le_v4SPD16_eabi.lib</file>
         <name>memchr.c.obj</name>
      </input_file>
      <input_file id="fl-108">
         <path>C:\ti\ccs1240\ccs\tools\compiler\ti-cgt-arm_20.2.7.LTS\lib\</path>
         <kind>archive</kind>
         <file>rtsv7M4_T_le_v4SPD16_eabi.lib</file>
         <name>memory.c.obj</name>
      </input_file>
      <input_file id="fl-109">
         <path>C:\ti\ccs1240\ccs\tools\compiler\ti-cgt-arm_20.2.7.LTS\lib\</path>
         <kind>archive</kind>
         <file>rtsv7M4_T_le_v4SPD16_eabi.lib</file>
         <name>strchr.c.obj</name>
      </input_file>
      <input_file id="fl-10a">
         <path>C:\ti\ccs1240\ccs\tools\compiler\ti-cgt-arm_20.2.7.LTS\lib\</path>
         <kind>archive</kind>
         <file>rtsv7M4_T_le_v4SPD16_eabi.lib</file>
         <name>strlen.c.obj</name>
      </input_file>
      <input_file id="fl-10b">
         <path>C:\ti\ccs1240\ccs\tools\compiler\ti-cgt-arm_20.2.7.LTS\lib\</path>
         <kind>archive</kind>
         <file>rtsv7M4_T_le_v4SPD16_eabi.lib</file>
         <name>boot_cortex_m.c.obj</name>
      </input_file>
      <input_file id="fl-10c">
         <path>C:\ti\ccs1240\ccs\tools\compiler\ti-cgt-arm_20.2.7.LTS\lib\</path>
         <kind>archive</kind>
         <file>rtsv7M4_T_le_v4SPD16_eabi.lib</file>
         <name>write.c.obj</name>
      </input_file>
      <input_file id="fl-10d">
         <path>C:\ti\ccs1240\ccs\tools\compiler\ti-cgt-arm_20.2.7.LTS\lib\</path>
         <kind>archive</kind>
         <file>rtsv7M4_T_le_v4SPD16_eabi.lib</file>
         <name>host_device.c.obj</name>
      </input_file>
      <input_file id="fl-10e">
         <path>C:\ti\ccs1240\ccs\tools\compiler\ti-cgt-arm_20.2.7.LTS\lib\</path>
         <kind>archive</kind>
         <file>rtsv7M4_T_le_v4SPD16_eabi.lib</file>
         <name>errno.c.obj</name>
      </input_file>
      <input_file id="fl-10f">
         <path>C:\ti\ccs1240\ccs\tools\compiler\ti-cgt-arm_20.2.7.LTS\lib\</path>
         <kind>archive</kind>
         <file>rtsv7M4_T_le_v4SPD16_eabi.lib</file>
         <name>wcslen.c.obj</name>
      </input_file>
      <input_file id="fl-110">
         <path>C:\ti\ccs1240\ccs\tools\compiler\ti-cgt-arm_20.2.7.LTS\lib\</path>
         <kind>archive</kind>
         <file>rtsv7M4_T_le_v4SPD16_eabi.lib</file>
         <name>s_frexp.c.obj</name>
      </input_file>
      <input_file id="fl-111">
         <path>C:\ti\ccs1240\ccs\tools\compiler\ti-cgt-arm_20.2.7.LTS\lib\</path>
         <kind>archive</kind>
         <file>rtsv7M4_T_le_v4SPD16_eabi.lib</file>
         <name>s_scalbn.c.obj</name>
      </input_file>
      <input_file id="fl-112">
         <path>C:\ti\ccs1240\ccs\tools\compiler\ti-cgt-arm_20.2.7.LTS\lib\</path>
         <kind>archive</kind>
         <file>rtsv7M4_T_le_v4SPD16_eabi.lib</file>
         <name>fflush.c.obj</name>
      </input_file>
      <input_file id="fl-113">
         <path>C:\ti\ccs1240\ccs\tools\compiler\ti-cgt-arm_20.2.7.LTS\lib\</path>
         <kind>archive</kind>
         <file>rtsv7M4_T_le_v4SPD16_eabi.lib</file>
         <name>fopen.c.obj</name>
      </input_file>
      <input_file id="fl-114">
         <path>C:\ti\ccs1240\ccs\tools\compiler\ti-cgt-arm_20.2.7.LTS\lib\</path>
         <kind>archive</kind>
         <file>rtsv7M4_T_le_v4SPD16_eabi.lib</file>
         <name>fseek.c.obj</name>
      </input_file>
      <input_file id="fl-115">
         <path>C:\ti\ccs1240\ccs\tools\compiler\ti-cgt-arm_20.2.7.LTS\lib\</path>
         <kind>archive</kind>
         <file>rtsv7M4_T_le_v4SPD16_eabi.lib</file>
         <name>div0.asm.obj</name>
      </input_file>
      <input_file id="fl-116">
         <path>C:\ti\ccs1240\ccs\tools\compiler\ti-cgt-arm_20.2.7.LTS\lib\</path>
         <kind>archive</kind>
         <file>rtsv7M4_T_le_v4SPD16_eabi.lib</file>
         <name>autoinit.c.obj</name>
      </input_file>
      <input_file id="fl-117">
         <path>C:\ti\ccs1240\ccs\tools\compiler\ti-cgt-arm_20.2.7.LTS\lib\</path>
         <kind>archive</kind>
         <file>rtsv7M4_T_le_v4SPD16_eabi.lib</file>
         <name>pre_init.c.obj</name>
      </input_file>
      <input_file id="fl-118">
         <path>C:\ti\ccs1240\ccs\tools\compiler\ti-cgt-arm_20.2.7.LTS\lib\</path>
         <kind>archive</kind>
         <file>rtsv7M4_T_le_v4SPD16_eabi.lib</file>
         <name>cpy_tbl.c.obj</name>
      </input_file>
      <input_file id="fl-119">
         <path>C:\ti\ccs1240\ccs\tools\compiler\ti-cgt-arm_20.2.7.LTS\lib\</path>
         <kind>archive</kind>
         <file>rtsv7M4_T_le_v4SPD16_eabi.lib</file>
         <name>args_main.c.obj</name>
      </input_file>
      <input_file id="fl-11a">
         <path>C:\ti\ccs1240\ccs\tools\compiler\ti-cgt-arm_20.2.7.LTS\lib\</path>
         <kind>archive</kind>
         <file>rtsv7M4_T_le_v4SPD16_eabi.lib</file>
         <name>hostclose.c.obj</name>
      </input_file>
      <input_file id="fl-11b">
         <path>C:\ti\ccs1240\ccs\tools\compiler\ti-cgt-arm_20.2.7.LTS\lib\</path>
         <kind>archive</kind>
         <file>rtsv7M4_T_le_v4SPD16_eabi.lib</file>
         <name>hostlseek.c.obj</name>
      </input_file>
      <input_file id="fl-11c">
         <path>C:\ti\ccs1240\ccs\tools\compiler\ti-cgt-arm_20.2.7.LTS\lib\</path>
         <kind>archive</kind>
         <file>rtsv7M4_T_le_v4SPD16_eabi.lib</file>
         <name>hostopen.c.obj</name>
      </input_file>
      <input_file id="fl-11d">
         <path>C:\ti\ccs1240\ccs\tools\compiler\ti-cgt-arm_20.2.7.LTS\lib\</path>
         <kind>archive</kind>
         <file>rtsv7M4_T_le_v4SPD16_eabi.lib</file>
         <name>hostread.c.obj</name>
      </input_file>
      <input_file id="fl-11e">
         <path>C:\ti\ccs1240\ccs\tools\compiler\ti-cgt-arm_20.2.7.LTS\lib\</path>
         <kind>archive</kind>
         <file>rtsv7M4_T_le_v4SPD16_eabi.lib</file>
         <name>hostrename.c.obj</name>
      </input_file>
      <input_file id="fl-11f">
         <path>C:\ti\ccs1240\ccs\tools\compiler\ti-cgt-arm_20.2.7.LTS\lib\</path>
         <kind>archive</kind>
         <file>rtsv7M4_T_le_v4SPD16_eabi.lib</file>
         <name>hostunlink.c.obj</name>
      </input_file>
      <input_file id="fl-120">
         <path>C:\ti\ccs1240\ccs\tools\compiler\ti-cgt-arm_20.2.7.LTS\lib\</path>
         <kind>archive</kind>
         <file>rtsv7M4_T_le_v4SPD16_eabi.lib</file>
         <name>hostwrite.c.obj</name>
      </input_file>
      <input_file id="fl-121">
         <path>C:\ti\ccs1240\ccs\tools\compiler\ti-cgt-arm_20.2.7.LTS\lib\</path>
         <kind>archive</kind>
         <file>rtsv7M4_T_le_v4SPD16_eabi.lib</file>
         <name>trgmsg.c.obj</name>
      </input_file>
      <input_file id="fl-122">
         <path>C:\ti\ccs1240\ccs\tools\compiler\ti-cgt-arm_20.2.7.LTS\lib\</path>
         <kind>archive</kind>
         <file>rtsv7M4_T_le_v4SPD16_eabi.lib</file>
         <name>open.c.obj</name>
      </input_file>
      <input_file id="fl-123">
         <path>C:\ti\ccs1240\ccs\tools\compiler\ti-cgt-arm_20.2.7.LTS\lib\</path>
         <kind>archive</kind>
         <file>rtsv7M4_T_le_v4SPD16_eabi.lib</file>
         <name>lseek.c.obj</name>
      </input_file>
      <input_file id="fl-124">
         <path>C:\ti\ccs1240\ccs\tools\compiler\ti-cgt-arm_20.2.7.LTS\lib\</path>
         <kind>archive</kind>
         <file>rtsv7M4_T_le_v4SPD16_eabi.lib</file>
         <name>s_copysign.c.obj</name>
      </input_file>
      <input_file id="fl-125">
         <path>C:\ti\ccs1240\ccs\tools\compiler\ti-cgt-arm_20.2.7.LTS\lib\</path>
         <kind>archive</kind>
         <file>rtsv7M4_T_le_v4SPD16_eabi.lib</file>
         <name>fclose.c.obj</name>
      </input_file>
      <input_file id="fl-126">
         <path>C:\ti\ccs1240\ccs\tools\compiler\ti-cgt-arm_20.2.7.LTS\lib\</path>
         <kind>archive</kind>
         <file>rtsv7M4_T_le_v4SPD16_eabi.lib</file>
         <name>getdevice.c.obj</name>
      </input_file>
      <input_file id="fl-127">
         <path>C:\ti\ccs1240\ccs\tools\compiler\ti-cgt-arm_20.2.7.LTS\lib\</path>
         <kind>archive</kind>
         <file>rtsv7M4_T_le_v4SPD16_eabi.lib</file>
         <name>strcmp.c.obj</name>
      </input_file>
      <input_file id="fl-128">
         <path>C:\ti\ccs1240\ccs\tools\compiler\ti-cgt-arm_20.2.7.LTS\lib\</path>
         <kind>archive</kind>
         <file>rtsv7M4_T_le_v4SPD16_eabi.lib</file>
         <name>strcpy.c.obj</name>
      </input_file>
      <input_file id="fl-129">
         <path>C:\ti\ccs1240\ccs\tools\compiler\ti-cgt-arm_20.2.7.LTS\lib\</path>
         <kind>archive</kind>
         <file>rtsv7M4_T_le_v4SPD16_eabi.lib</file>
         <name>strncpy.c.obj</name>
      </input_file>
      <input_file id="fl-12a">
         <path>C:\ti\ccs1240\ccs\tools\compiler\ti-cgt-arm_20.2.7.LTS\lib\</path>
         <kind>archive</kind>
         <file>rtsv7M4_T_le_v4SPD16_eabi.lib</file>
         <name>remove.c.obj</name>
      </input_file>
      <input_file id="fl-12b">
         <path>C:\ti\ccs1240\ccs\tools\compiler\ti-cgt-arm_20.2.7.LTS\lib\</path>
         <kind>archive</kind>
         <file>rtsv7M4_T_le_v4SPD16_eabi.lib</file>
         <name>close.c.obj</name>
      </input_file>
      <input_file id="fl-12c">
         <path>C:\ti\ccs1240\ccs\tools\compiler\ti-cgt-arm_20.2.7.LTS\lib\</path>
         <kind>archive</kind>
         <file>rtsv7M4_T_le_v4SPD16_eabi.lib</file>
         <name>unlink.c.obj</name>
      </input_file>
   </input_file_list>
   <object_component_list>
      <object_component id="oc-30b">
         <name>.text:__PCM_setPowerModeAdvanced</name>
         <load_address>0x144</load_address>
         <run_address>0x144</run_address>
         <size>0x15c</size>
         <input_file_ref idref="fl-18"/>
      </object_component>
      <object_component id="oc-12e">
         <name>.text:UART_initModule</name>
         <load_address>0x2a0</load_address>
         <run_address>0x2a0</run_address>
         <size>0x11c</size>
         <input_file_ref idref="fl-1d"/>
      </object_component>
      <object_component id="oc-1d4">
         <name>.text:__PCM_setCoreVoltageLevelAdvanced</name>
         <load_address>0x3bc</load_address>
         <run_address>0x3bc</run_address>
         <size>0x108</size>
         <input_file_ref idref="fl-18"/>
      </object_component>
      <object_component id="oc-265">
         <name>.text:TimerP_construct</name>
         <load_address>0x4c4</load_address>
         <run_address>0x4c4</run_address>
         <size>0xe0</size>
         <input_file_ref idref="fl-32"/>
      </object_component>
      <object_component id="oc-259">
         <name>.text:SwiP_construct</name>
         <load_address>0x5a4</load_address>
         <run_address>0x5a4</run_address>
         <size>0xd8</size>
         <input_file_ref idref="fl-36"/>
      </object_component>
      <object_component id="oc-1e6">
         <name>.text:ClockP_startup</name>
         <load_address>0x67c</load_address>
         <run_address>0x67c</run_address>
         <size>0xb4</size>
         <input_file_ref idref="fl-31"/>
      </object_component>
      <object_component id="oc-27a">
         <name>.text:ClockP_workFuncDynamic</name>
         <load_address>0x730</load_address>
         <run_address>0x730</run_address>
         <size>0xac</size>
         <input_file_ref idref="fl-31"/>
      </object_component>
      <object_component id="oc-2a3">
         <name>.text:SemaphoreP_pend</name>
         <load_address>0x7dc</load_address>
         <run_address>0x7dc</run_address>
         <size>0xa0</size>
         <input_file_ref idref="fl-2f"/>
      </object_component>
      <object_component id="oc-425">
         <name>.text:SwiP_dispatch</name>
         <load_address>0x87c</load_address>
         <run_address>0x87c</run_address>
         <size>0x9c</size>
         <input_file_ref idref="fl-36"/>
      </object_component>
      <object_component id="oc-3a">
         <name>.text</name>
         <load_address>0x918</load_address>
         <run_address>0x918</run_address>
         <size>0x9c</size>
         <input_file_ref idref="fl-fa"/>
      </object_component>
      <object_component id="oc-1ec">
         <name>.text</name>
         <load_address>0x9b4</load_address>
         <run_address>0x9b4</run_address>
         <size>0x96</size>
         <input_file_ref idref="fl-fc"/>
      </object_component>
      <object_component id="oc-2a9">
         <name>.text:SemaphoreP_destruct</name>
         <load_address>0xa4a</load_address>
         <run_address>0xa4a</run_address>
         <size>0x2</size>
         <input_file_ref idref="fl-2f"/>
      </object_component>
      <object_component id="oc-116">
         <name>.text:GPIO_setAsPeripheralModuleFunctionInputPin</name>
         <load_address>0xa4c</load_address>
         <run_address>0xa4c</run_address>
         <size>0x88</size>
         <input_file_ref idref="fl-16"/>
      </object_component>
      <object_component id="oc-f6">
         <name>.text:main</name>
         <load_address>0xad4</load_address>
         <run_address>0xad4</run_address>
         <size>0x84</size>
         <input_file_ref idref="fl-4"/>
      </object_component>
      <object_component id="oc-3a6">
         <name>.text:ClockP_start</name>
         <load_address>0xb58</load_address>
         <run_address>0xb58</run_address>
         <size>0x80</size>
         <input_file_ref idref="fl-31"/>
      </object_component>
      <object_component id="oc-140">
         <name>.text:Interrupt_enableInterrupt</name>
         <load_address>0xbd8</load_address>
         <run_address>0xbd8</run_address>
         <size>0x80</size>
         <input_file_ref idref="fl-17"/>
      </object_component>
      <object_component id="oc-37a">
         <name>.text:ClockP_walkQueueDynamic</name>
         <load_address>0xc58</load_address>
         <run_address>0xc58</run_address>
         <size>0x78</size>
         <input_file_ref idref="fl-31"/>
      </object_component>
      <object_component id="oc-327">
         <name>.text:HwiP_construct</name>
         <load_address>0xcd0</load_address>
         <run_address>0xcd0</run_address>
         <size>0x70</size>
         <input_file_ref idref="fl-33"/>
      </object_component>
      <object_component id="oc-374">
         <name>.text:TimerP_getCurrentTick</name>
         <load_address>0xd40</load_address>
         <run_address>0xd40</run_address>
         <size>0x6c</size>
         <input_file_ref idref="fl-32"/>
      </object_component>
      <object_component id="oc-4e5">
         <name>.text:Interrupt_pendInterrupt</name>
         <load_address>0xdac</load_address>
         <run_address>0xdac</run_address>
         <size>0x68</size>
         <input_file_ref idref="fl-17"/>
      </object_component>
      <object_component id="oc-387">
         <name>.text:SwiP_post</name>
         <load_address>0xe14</load_address>
         <run_address>0xe14</run_address>
         <size>0x68</size>
         <input_file_ref idref="fl-36"/>
      </object_component>
      <object_component id="oc-12">
         <name>.text:decompress:lzss:__TI_decompress_lzss</name>
         <load_address>0xe7c</load_address>
         <run_address>0xe7c</run_address>
         <size>0x68</size>
         <input_file_ref idref="fl-ff"/>
      </object_component>
      <object_component id="oc-230">
         <name>.text:PCM_getCoreVoltageLevel</name>
         <load_address>0xee4</load_address>
         <run_address>0xee4</run_address>
         <size>0x5e</size>
         <input_file_ref idref="fl-18"/>
      </object_component>
      <object_component id="oc-6c">
         <name>.text:busFaultISR</name>
         <load_address>0xf42</load_address>
         <run_address>0xf42</run_address>
         <size>0x2</size>
         <input_file_ref idref="fl-34"/>
      </object_component>
      <object_component id="oc-3fe">
         <name>.text:Interrupt_registerInterrupt</name>
         <load_address>0xf44</load_address>
         <run_address>0xf44</run_address>
         <size>0x5c</size>
         <input_file_ref idref="fl-17"/>
      </object_component>
      <object_component id="oc-22a">
         <name>.text:PCM_getPowerMode</name>
         <load_address>0xfa0</load_address>
         <run_address>0xfa0</run_address>
         <size>0x5a</size>
         <input_file_ref idref="fl-18"/>
      </object_component>
      <object_component id="oc-3be">
         <name>.text:clkFxn</name>
         <load_address>0xffa</load_address>
         <run_address>0xffa</run_address>
         <size>0x2</size>
         <input_file_ref idref="fl-2f"/>
      </object_component>
      <object_component id="oc-366">
         <name>.text:TimerP_dynamicStub</name>
         <load_address>0xffc</load_address>
         <run_address>0xffc</run_address>
         <size>0x58</size>
         <input_file_ref idref="fl-32"/>
      </object_component>
      <object_component id="oc-404">
         <name>.text:Interrupt_setPriority</name>
         <load_address>0x1054</load_address>
         <run_address>0x1054</run_address>
         <size>0x54</size>
         <input_file_ref idref="fl-17"/>
      </object_component>
      <object_component id="oc-29d">
         <name>.text:SemaphoreP_construct</name>
         <load_address>0x10a8</load_address>
         <run_address>0x10a8</run_address>
         <size>0x50</size>
         <input_file_ref idref="fl-2f"/>
      </object_component>
      <object_component id="oc-11c">
         <name>.text:FlashCtl_setWaitState</name>
         <load_address>0x10f8</load_address>
         <run_address>0x10f8</run_address>
         <size>0x48</size>
         <input_file_ref idref="fl-15"/>
      </object_component>
      <object_component id="oc-35a">
         <name>.text:TimerP_start</name>
         <load_address>0x1140</load_address>
         <run_address>0x1140</run_address>
         <size>0x44</size>
         <input_file_ref idref="fl-32"/>
      </object_component>
      <object_component id="oc-170">
         <name>.text:__TI_auto_init_nobinit_nopinit:__TI_auto_init_nobinit_nopinit</name>
         <load_address>0x1184</load_address>
         <run_address>0x1184</run_address>
         <size>0x44</size>
         <input_file_ref idref="fl-116"/>
      </object_component>
      <object_component id="oc-453">
         <name>.text:TimerP_setNextTick</name>
         <load_address>0x11c8</load_address>
         <run_address>0x11c8</run_address>
         <size>0x40</size>
         <input_file_ref idref="fl-32"/>
      </object_component>
      <object_component id="oc-34e">
         <name>.text:TimerP_initDevice</name>
         <load_address>0x1208</load_address>
         <run_address>0x1208</run_address>
         <size>0x3c</size>
         <input_file_ref idref="fl-32"/>
      </object_component>
      <object_component id="oc-128">
         <name>.text:CS_setDCOCenteredFrequency</name>
         <load_address>0x1244</load_address>
         <run_address>0x1244</run_address>
         <size>0x34</size>
         <input_file_ref idref="fl-14"/>
      </object_component>
      <object_component id="oc-14c">
         <name>.text:UART_transmitData</name>
         <load_address>0x1278</load_address>
         <run_address>0x1278</run_address>
         <size>0x34</size>
         <input_file_ref idref="fl-1d"/>
      </object_component>
      <object_component id="oc-a8">
         <name>.text:_c_int00_noargs:_c_int00_noargs</name>
         <load_address>0x12ac</load_address>
         <run_address>0x12ac</run_address>
         <size>0x34</size>
         <input_file_ref idref="fl-10b"/>
      </object_component>
      <object_component id="oc-13a">
         <name>.text:UART_enableInterrupt</name>
         <load_address>0x12e0</load_address>
         <run_address>0x12e0</run_address>
         <size>0x30</size>
         <input_file_ref idref="fl-1d"/>
      </object_component>
      <object_component id="oc-152">
         <name>.text:ClockP_sleep</name>
         <load_address>0x1310</load_address>
         <run_address>0x1310</run_address>
         <size>0x28</size>
         <input_file_ref idref="fl-31"/>
      </object_component>
      <object_component id="oc-486">
         <name>.text:ClockP_getTicks</name>
         <load_address>0x1338</load_address>
         <run_address>0x1338</run_address>
         <size>0x24</size>
         <input_file_ref idref="fl-31"/>
      </object_component>
      <object_component id="oc-380">
         <name>.text:ClockP_scheduleNextTick</name>
         <load_address>0x135c</load_address>
         <run_address>0x135c</run_address>
         <size>0x24</size>
         <input_file_ref idref="fl-31"/>
      </object_component>
      <object_component id="oc-40a">
         <name>.text:HwiP_dispatch</name>
         <load_address>0x1380</load_address>
         <run_address>0x1380</run_address>
         <size>0x24</size>
         <input_file_ref idref="fl-33"/>
      </object_component>
      <object_component id="oc-110">
         <name>.text:WDT_A_holdTimer</name>
         <load_address>0x13a4</load_address>
         <run_address>0x13a4</run_address>
         <size>0x24</size>
         <input_file_ref idref="fl-1e"/>
      </object_component>
      <object_component id="oc-1f1">
         <name>.text:sleepTicks</name>
         <load_address>0x13c8</load_address>
         <run_address>0x13c8</run_address>
         <size>0x24</size>
         <input_file_ref idref="fl-31"/>
      </object_component>
      <object_component id="oc-3a0">
         <name>.text:ClockP_add</name>
         <load_address>0x13ec</load_address>
         <run_address>0x13ec</run_address>
         <size>0x20</size>
         <input_file_ref idref="fl-31"/>
      </object_component>
      <object_component id="oc-45a">
         <name>.text:QueueP_put</name>
         <load_address>0x140c</load_address>
         <run_address>0x140c</run_address>
         <size>0x20</size>
         <input_file_ref idref="fl-35"/>
      </object_component>
      <object_component id="oc-46">
         <name>.text:decompress:ZI:__TI_zero_init_nomemset:__TI_zero_init_nomemset</name>
         <load_address>0x142c</load_address>
         <run_address>0x142c</run_address>
         <size>0x1c</size>
         <input_file_ref idref="fl-fd"/>
      </object_component>
      <object_component id="oc-4d3">
         <name>.text:QueueP_get</name>
         <load_address>0x1448</load_address>
         <run_address>0x1448</run_address>
         <size>0x1a</size>
         <input_file_ref idref="fl-35"/>
      </object_component>
      <object_component id="oc-3b8">
         <name>.text:ClockP_destruct</name>
         <load_address>0x1462</load_address>
         <run_address>0x1462</run_address>
         <size>0x18</size>
         <input_file_ref idref="fl-31"/>
      </object_component>
      <object_component id="oc-66">
         <name>.text:defaultISR</name>
         <load_address>0x147a</load_address>
         <run_address>0x147a</run_address>
         <size>0x2</size>
         <input_file_ref idref="fl-34"/>
      </object_component>
      <object_component id="oc-1f">
         <name>.text:resetISR</name>
         <load_address>0x147c</load_address>
         <run_address>0x147c</run_address>
         <size>0x18</size>
         <input_file_ref idref="fl-34"/>
      </object_component>
      <object_component id="oc-134">
         <name>.text:UART_enableModule</name>
         <load_address>0x1494</load_address>
         <run_address>0x1494</run_address>
         <size>0x16</size>
         <input_file_ref idref="fl-1d"/>
      </object_component>
      <object_component id="oc-4cd">
         <name>.text:maxbit</name>
         <load_address>0x14aa</load_address>
         <run_address>0x14aa</run_address>
         <size>0x16</size>
         <input_file_ref idref="fl-36"/>
      </object_component>
      <object_component id="oc-236">
         <name>.text:PCM_getPowerState</name>
         <load_address>0x14c0</load_address>
         <run_address>0x14c0</run_address>
         <size>0x14</size>
         <input_file_ref idref="fl-18"/>
      </object_component>
      <object_component id="oc-4f4">
         <name>.text:Power_idleFunc</name>
         <load_address>0x14d4</load_address>
         <run_address>0x14d4</run_address>
         <size>0x14</size>
         <input_file_ref idref="fl-26"/>
      </object_component>
      <object_component id="oc-342">
         <name>.text:SwiP_handleHwi</name>
         <load_address>0x14e8</load_address>
         <run_address>0x14e8</run_address>
         <size>0x14</size>
         <input_file_ref idref="fl-36"/>
      </object_component>
      <object_component id="oc-43f">
         <name>.text:TimerP_getCount</name>
         <load_address>0x14fc</load_address>
         <run_address>0x14fc</run_address>
         <size>0x14</size>
         <input_file_ref idref="fl-32"/>
      </object_component>
      <object_component id="oc-321">
         <name>.text:HwiP_Params_init</name>
         <load_address>0x1510</load_address>
         <run_address>0x1510</run_address>
         <size>0x12</size>
         <input_file_ref idref="fl-33"/>
      </object_component>
      <object_component id="oc-31b">
         <name>.text:HwiP_disable</name>
         <load_address>0x1522</load_address>
         <run_address>0x1522</run_address>
         <size>0x10</size>
         <input_file_ref idref="fl-33"/>
      </object_component>
      <object_component id="oc-52">
         <name>.text:Interrupt_disableMaster</name>
         <load_address>0x1532</load_address>
         <run_address>0x1532</run_address>
         <size>0x10</size>
         <input_file_ref idref="fl-17"/>
      </object_component>
      <object_component id="oc-414">
         <name>.text:Interrupt_enableMaster</name>
         <load_address>0x1542</load_address>
         <run_address>0x1542</run_address>
         <size>0x10</size>
         <input_file_ref idref="fl-17"/>
      </object_component>
      <object_component id="oc-60">
         <name>.text:faultISR</name>
         <load_address>0x1552</load_address>
         <run_address>0x1552</run_address>
         <size>0x2</size>
         <input_file_ref idref="fl-34"/>
      </object_component>
      <object_component id="oc-146">
         <name>.text:Interrupt_enableSleepOnIsrExit</name>
         <load_address>0x1554</load_address>
         <run_address>0x1554</run_address>
         <size>0x10</size>
         <input_file_ref idref="fl-17"/>
      </object_component>
      <object_component id="oc-122">
         <name>.text:PCM_setCoreVoltageLevel</name>
         <load_address>0x1564</load_address>
         <run_address>0x1564</run_address>
         <size>0x10</size>
         <input_file_ref idref="fl-18"/>
      </object_component>
      <object_component id="oc-23c">
         <name>.text:PCM_setPowerMode</name>
         <load_address>0x1574</load_address>
         <run_address>0x1574</run_address>
         <size>0x10</size>
         <input_file_ref idref="fl-18"/>
      </object_component>
      <object_component id="oc-3ac">
         <name>.text:Power_enablePolicy</name>
         <load_address>0x1584</load_address>
         <run_address>0x1584</run_address>
         <size>0x10</size>
         <input_file_ref idref="fl-26"/>
      </object_component>
      <object_component id="oc-395">
         <name>.text:SemaphoreP_Params_init</name>
         <load_address>0x1594</load_address>
         <run_address>0x1594</run_address>
         <size>0x10</size>
         <input_file_ref idref="fl-2f"/>
      </object_component>
      <object_component id="oc-253">
         <name>.text:SwiP_Params_init</name>
         <load_address>0x15a4</load_address>
         <run_address>0x15a4</run_address>
         <size>0x10</size>
         <input_file_ref idref="fl-36"/>
      </object_component>
      <object_component id="oc-25f">
         <name>.text:TimerP_Params_init</name>
         <load_address>0x15b4</load_address>
         <run_address>0x15b4</run_address>
         <size>0x10</size>
         <input_file_ref idref="fl-32"/>
      </object_component>
      <object_component id="oc-4d9">
         <name>.text:QueueP_empty</name>
         <load_address>0x15c4</load_address>
         <run_address>0x15c4</run_address>
         <size>0xe</size>
         <input_file_ref idref="fl-35"/>
      </object_component>
      <object_component id="oc-492">
         <name>.text:QueueP_remove</name>
         <load_address>0x15d2</load_address>
         <run_address>0x15d2</run_address>
         <size>0xe</size>
         <input_file_ref idref="fl-35"/>
      </object_component>
      <object_component id="oc-18">
         <name>.text:decompress:none:__TI_decompress_none</name>
         <load_address>0x15e0</load_address>
         <run_address>0x15e0</run_address>
         <size>0xe</size>
         <input_file_ref idref="fl-fe"/>
      </object_component>
      <object_component id="oc-96">
         <name>.text:CPU_cpsid</name>
         <load_address>0x15ee</load_address>
         <run_address>0x15ee</run_address>
         <size>0xc</size>
         <input_file_ref idref="fl-1f"/>
      </object_component>
      <object_component id="oc-4c6">
         <name>.text:CPU_cpsie</name>
         <load_address>0x15fa</load_address>
         <run_address>0x15fa</run_address>
         <size>0xc</size>
         <input_file_ref idref="fl-1f"/>
      </object_component>
      <object_component id="oc-5a">
         <name>.text:nmiISR</name>
         <load_address>0x1606</load_address>
         <run_address>0x1606</run_address>
         <size>0x2</size>
         <input_file_ref idref="fl-34"/>
      </object_component>
      <object_component id="oc-280">
         <name>.text:ClockP_doTick</name>
         <load_address>0x1608</load_address>
         <run_address>0x1608</run_address>
         <size>0xc</size>
         <input_file_ref idref="fl-31"/>
      </object_component>
      <object_component id="oc-271">
         <name>.text:TimerP_getFreq</name>
         <load_address>0x1614</load_address>
         <run_address>0x1614</run_address>
         <size>0xc</size>
         <input_file_ref idref="fl-32"/>
      </object_component>
      <object_component id="oc-26b">
         <name>.text:TimerP_getMaxTicks</name>
         <load_address>0x1620</load_address>
         <run_address>0x1620</run_address>
         <size>0xc</size>
         <input_file_ref idref="fl-32"/>
      </object_component>
      <object_component id="oc-32d">
         <name>.text:HwiP_restore</name>
         <load_address>0x162c</load_address>
         <run_address>0x162c</run_address>
         <size>0x8</size>
         <input_file_ref idref="fl-33"/>
      </object_component>
      <object_component id="oc-24d">
         <name>.text:QueueP_init</name>
         <load_address>0x1634</load_address>
         <run_address>0x1634</run_address>
         <size>0x6</size>
         <input_file_ref idref="fl-35"/>
      </object_component>
      <object_component id="oc-3b2">
         <name>.text:ClockP_isActive</name>
         <load_address>0x163a</load_address>
         <run_address>0x163a</run_address>
         <size>0x4</size>
         <input_file_ref idref="fl-31"/>
      </object_component>
      <object_component id="oc-460">
         <name>.text:HwiP_post</name>
         <load_address>0x163e</load_address>
         <run_address>0x163e</run_address>
         <size>0x4</size>
         <input_file_ref idref="fl-33"/>
      </object_component>
      <object_component id="oc-446">
         <name>.text:QueueP_head</name>
         <load_address>0x1642</load_address>
         <run_address>0x1642</run_address>
         <size>0x4</size>
         <input_file_ref idref="fl-35"/>
      </object_component>
      <object_component id="oc-44c">
         <name>.text:QueueP_next</name>
         <load_address>0x1646</load_address>
         <run_address>0x1646</run_address>
         <size>0x4</size>
         <input_file_ref idref="fl-35"/>
      </object_component>
      <object_component id="oc-354">
         <name>.text:TimerP_setPeriod</name>
         <load_address>0x164a</load_address>
         <run_address>0x164a</run_address>
         <size>0x4</size>
         <input_file_ref idref="fl-32"/>
      </object_component>
      <object_component id="oc-f0">
         <name>.text:_system_pre_init</name>
         <load_address>0x164e</load_address>
         <run_address>0x164e</run_address>
         <size>0x4</size>
         <input_file_ref idref="fl-117"/>
      </object_component>
      <object_component id="oc-164">
         <name>.text:abort:abort</name>
         <load_address>0x1652</load_address>
         <run_address>0x1652</run_address>
         <size>0x4</size>
         <input_file_ref idref="fl-100"/>
      </object_component>
      <object_component id="oc-297">
         <name>.text</name>
         <load_address>0x1656</load_address>
         <run_address>0x1656</run_address>
         <size>0x2</size>
         <input_file_ref idref="fl-115"/>
      </object_component>
      <object_component id="oc-4bf">
         <name>.const:g_pulRegs</name>
         <load_address>0x1658</load_address>
         <run_address>0x1658</run_address>
         <size>0x50</size>
         <input_file_ref idref="fl-17"/>
      </object_component>
      <object_component id="oc-1cf">
         <name>.const:GPIO_PORT_TO_BASE</name>
         <load_address>0x16a8</load_address>
         <run_address>0x16a8</run_address>
         <size>0x30</size>
         <input_file_ref idref="fl-16"/>
      </object_component>
      <object_component id="oc-158">
         <name>.const:uartConfig</name>
         <load_address>0x16d8</load_address>
         <run_address>0x16d8</run_address>
         <size>0x28</size>
         <input_file_ref idref="fl-4"/>
      </object_component>
      <object_component id="oc-316">
         <name>.const:SwiP_defaultParams</name>
         <load_address>0x1700</load_address>
         <run_address>0x1700</run_address>
         <size>0x10</size>
         <input_file_ref idref="fl-36"/>
      </object_component>
      <object_component id="oc-1e0">
         <name>.const:g_pulEnRegs</name>
         <load_address>0x1710</load_address>
         <run_address>0x1710</run_address>
         <size>0x8</size>
         <input_file_ref idref="fl-17"/>
      </object_component>
      <object_component id="oc-508">
         <name>.const:g_pulPendRegs</name>
         <load_address>0x1718</load_address>
         <run_address>0x1718</run_address>
         <size>0x8</size>
         <input_file_ref idref="fl-17"/>
      </object_component>
      <object_component id="oc-579">
         <name>.cinit..data.load</name>
         <load_address>0x1720</load_address>
         <run_address>0x1720</run_address>
         <size>0x26</size>
      </object_component>
      <object_component id="oc-577">
         <name>__TI_handler_table</name>
         <load_address>0x1748</load_address>
         <run_address>0x1748</run_address>
         <size>0xc</size>
      </object_component>
      <object_component id="oc-57a">
         <name>.cinit..bss.load</name>
         <load_address>0x1758</load_address>
         <run_address>0x1758</run_address>
         <size>0x8</size>
      </object_component>
      <object_component id="oc-57b">
         <name>.cinit..vtable.load</name>
         <load_address>0x1760</load_address>
         <run_address>0x1760</run_address>
         <size>0x8</size>
      </object_component>
      <object_component id="oc-578">
         <name>__TI_cinit_table</name>
         <load_address>0x1768</load_address>
         <run_address>0x1768</run_address>
         <size>0x18</size>
      </object_component>
      <object_component id="oc-15b">
         <name>.data:data</name>
         <load_address>0x20008190</load_address>
         <run_address>0x20008190</run_address>
         <size>0x5</size>
         <input_file_ref idref="fl-4"/>
      </object_component>
      <object_component id="oc-48d">
         <name>.data:PowerMSP432_module</name>
         <load_address>0x20008140</load_address>
         <run_address>0x20008140</run_address>
         <size>0x2c</size>
         <input_file_ref idref="fl-26"/>
      </object_component>
      <object_component id="oc-39b">
         <name>.data</name>
         <load_address>0x20008195</load_address>
         <run_address>0x20008195</run_address>
         <size>0x3</size>
         <input_file_ref idref="fl-2f"/>
      </object_component>
      <object_component id="oc-473">
         <name>.data:SemaphoreP_defaultParams</name>
         <load_address>0x20008178</load_address>
         <run_address>0x20008178</run_address>
         <size>0x8</size>
         <input_file_ref idref="fl-2f"/>
      </object_component>
      <object_component id="oc-1f7">
         <name>.data</name>
         <load_address>0x20008180</load_address>
         <run_address>0x20008180</run_address>
         <size>0x8</size>
         <input_file_ref idref="fl-31"/>
      </object_component>
      <object_component id="oc-360">
         <name>.data</name>
         <load_address>0x20008199</load_address>
         <run_address>0x20008199</run_address>
         <size>0x1</size>
         <input_file_ref idref="fl-32"/>
      </object_component>
      <object_component id="oc-349">
         <name>.data:TimerP_defaultParams</name>
         <load_address>0x2000816c</load_address>
         <run_address>0x2000816c</run_address>
         <size>0xc</size>
         <input_file_ref idref="fl-32"/>
      </object_component>
      <object_component id="oc-410">
         <name>.data:HwiP_dispatchTable</name>
         <load_address>0x20008000</load_address>
         <run_address>0x20008000</run_address>
         <size>0x140</size>
         <input_file_ref idref="fl-33"/>
      </object_component>
      <object_component id="oc-33c">
         <name>.data</name>
         <load_address>0x20008188</load_address>
         <run_address>0x20008188</run_address>
         <size>0x8</size>
         <input_file_ref idref="fl-33"/>
      </object_component>
      <object_component id="oc-333">
         <name>.data</name>
         <load_address>0x20008198</load_address>
         <run_address>0x20008198</run_address>
         <size>0x1</size>
         <input_file_ref idref="fl-36"/>
      </object_component>
      <object_component id="oc-277">
         <name>.bss:ClockP_module</name>
         <uninitialized>true</uninitialized>
         <run_address>0x200081a0</run_address>
         <size>0xa0</size>
         <input_file_ref idref="fl-31"/>
      </object_component>
      <object_component id="oc-286">
         <name>.bss:timerFreq</name>
         <uninitialized>true</uninitialized>
         <run_address>0x200082a8</run_address>
         <size>0x8</size>
         <input_file_ref idref="fl-31"/>
      </object_component>
      <object_component id="oc-289">
         <name>.bss</name>
         <uninitialized>true</uninitialized>
         <run_address>0x200082b0</run_address>
         <size>0x4</size>
         <input_file_ref idref="fl-31"/>
      </object_component>
      <object_component id="oc-36c">
         <name>.bss</name>
         <uninitialized>true</uninitialized>
         <run_address>0x200082b4</run_address>
         <size>0x4</size>
         <input_file_ref idref="fl-32"/>
      </object_component>
      <object_component id="oc-363">
         <name>.bss:TimerP_hwiStruct</name>
         <uninitialized>true</uninitialized>
         <run_address>0x2000827c</run_address>
         <size>0x1c</size>
         <input_file_ref idref="fl-32"/>
      </object_component>
      <object_component id="oc-339">
         <name>.bss</name>
         <uninitialized>true</uninitialized>
         <run_address>0x20008298</run_address>
         <size>0xd</size>
         <input_file_ref idref="fl-36"/>
      </object_component>
      <object_component id="oc-33f">
         <name>.bss:SwiP_hwiStruct</name>
         <uninitialized>true</uninitialized>
         <run_address>0x20008260</run_address>
         <size>0x1c</size>
         <input_file_ref idref="fl-36"/>
      </object_component>
      <object_component id="oc-336">
         <name>.bss:SwiP_readyList</name>
         <uninitialized>true</uninitialized>
         <run_address>0x20008240</run_address>
         <size>0x20</size>
         <input_file_ref idref="fl-36"/>
      </object_component>
      <object_component id="oc-29">
         <name>.sysmem</name>
         <uninitialized>true</uninitialized>
         <run_address>0x20000000</run_address>
         <size>0x10</size>
         <input_file_ref idref="fl-108"/>
      </object_component>
      <object_component id="oc-57e">
         <name>.sysmem</name>
         <uninitialized>true</uninitialized>
         <run_address>0x20000000</run_address>
         <size>0x0</size>
      </object_component>
      <object_component id="oc-2c">
         <name>.stack</name>
         <uninitialized>true</uninitialized>
         <run_address>0x2000f000</run_address>
         <size>0x4</size>
         <input_file_ref idref="fl-10b"/>
      </object_component>
      <object_component id="oc-57d">
         <name>.stack</name>
         <uninitialized>true</uninitialized>
         <run_address>0x2000f000</run_address>
         <size>0x0</size>
      </object_component>
      <object_component id="oc-26">
         <name>.intvecs:retain</name>
         <load_address>0x0</load_address>
         <run_address>0x0</run_address>
         <size>0x144</size>
         <input_file_ref idref="fl-34"/>
      </object_component>
      <object_component id="oc-4bb">
         <name>.vtable</name>
         <uninitialized>true</uninitialized>
         <run_address>0x20008400</run_address>
         <size>0xe8</size>
         <input_file_ref idref="fl-17"/>
      </object_component>
      <object_component id="oc-2e3">
         <name>.debug_info</name>
         <load_address>0x0</load_address>
         <run_address>0x0</run_address>
         <size>0x9c5</size>
         <input_file_ref idref="fl-2"/>
      </object_component>
      <object_component id="oc-2d9">
         <name>.debug_info</name>
         <load_address>0x9c5</load_address>
         <run_address>0x9c5</run_address>
         <size>0x26b</size>
         <input_file_ref idref="fl-2"/>
      </object_component>
      <object_component id="oc-2cf">
         <name>.debug_info</name>
         <load_address>0xc30</load_address>
         <run_address>0xc30</run_address>
         <size>0x1028</size>
         <input_file_ref idref="fl-2"/>
      </object_component>
      <object_component id="oc-3cc">
         <name>.debug_info</name>
         <load_address>0x1c58</load_address>
         <run_address>0x1c58</run_address>
         <size>0x37e2</size>
         <input_file_ref idref="fl-2"/>
      </object_component>
      <object_component id="oc-3d1">
         <name>.debug_info</name>
         <load_address>0x543a</load_address>
         <run_address>0x543a</run_address>
         <size>0x439</size>
         <input_file_ref idref="fl-2"/>
      </object_component>
      <object_component id="oc-52e">
         <name>.debug_info</name>
         <load_address>0x5873</load_address>
         <run_address>0x5873</run_address>
         <size>0x8a</size>
         <input_file_ref idref="fl-2"/>
      </object_component>
      <object_component id="oc-9d">
         <name>.debug_info</name>
         <load_address>0x58fd</load_address>
         <run_address>0x58fd</run_address>
         <size>0x8b</size>
         <input_file_ref idref="fl-2"/>
      </object_component>
      <object_component id="oc-533">
         <name>.debug_info</name>
         <load_address>0x5988</load_address>
         <run_address>0x5988</run_address>
         <size>0x3b</size>
         <input_file_ref idref="fl-2"/>
      </object_component>
      <object_component id="oc-202">
         <name>.debug_info</name>
         <load_address>0x59c3</load_address>
         <run_address>0x59c3</run_address>
         <size>0x2a4</size>
         <input_file_ref idref="fl-2"/>
      </object_component>
      <object_component id="oc-2d4">
         <name>.debug_info</name>
         <load_address>0x5c67</load_address>
         <run_address>0x5c67</run_address>
         <size>0xef</size>
         <input_file_ref idref="fl-2"/>
      </object_component>
      <object_component id="oc-15f">
         <name>.debug_info</name>
         <load_address>0x5d56</load_address>
         <run_address>0x5d56</run_address>
         <size>0xbb</size>
         <input_file_ref idref="fl-2"/>
      </object_component>
      <object_component id="oc-3f1">
         <name>.debug_info</name>
         <load_address>0x5e11</load_address>
         <run_address>0x5e11</run_address>
         <size>0x53</size>
         <input_file_ref idref="fl-2"/>
      </object_component>
      <object_component id="oc-3d6">
         <name>.debug_info</name>
         <load_address>0x5e64</load_address>
         <run_address>0x5e64</run_address>
         <size>0x131</size>
         <input_file_ref idref="fl-2"/>
      </object_component>
      <object_component id="oc-2de">
         <name>.debug_info</name>
         <load_address>0x5f95</load_address>
         <run_address>0x5f95</run_address>
         <size>0x102</size>
         <input_file_ref idref="fl-2"/>
      </object_component>
      <object_component id="oc-3c8">
         <name>.debug_info</name>
         <load_address>0x6097</load_address>
         <run_address>0x6097</run_address>
         <size>0x11a2</size>
         <input_file_ref idref="fl-3"/>
      </object_component>
      <object_component id="oc-4a5">
         <name>.debug_info</name>
         <load_address>0x7239</load_address>
         <run_address>0x7239</run_address>
         <size>0x30f</size>
         <input_file_ref idref="fl-3"/>
      </object_component>
      <object_component id="oc-4aa">
         <name>.debug_info</name>
         <load_address>0x7548</load_address>
         <run_address>0x7548</run_address>
         <size>0x3e8</size>
         <input_file_ref idref="fl-3"/>
      </object_component>
      <object_component id="oc-4af">
         <name>.debug_info</name>
         <load_address>0x7930</load_address>
         <run_address>0x7930</run_address>
         <size>0x51</size>
         <input_file_ref idref="fl-3"/>
      </object_component>
      <object_component id="oc-2ca">
         <name>.debug_info</name>
         <load_address>0x7981</load_address>
         <run_address>0x7981</run_address>
         <size>0x37e2</size>
         <input_file_ref idref="fl-3"/>
      </object_component>
      <object_component id="oc-1fe">
         <name>.debug_info</name>
         <load_address>0xb163</load_address>
         <run_address>0xb163</run_address>
         <size>0x97e</size>
         <input_file_ref idref="fl-4"/>
      </object_component>
      <object_component id="oc-15c">
         <name>.debug_info</name>
         <load_address>0xbae1</load_address>
         <run_address>0xbae1</run_address>
         <size>0xd7</size>
         <input_file_ref idref="fl-4"/>
      </object_component>
      <object_component id="oc-159">
         <name>.debug_info</name>
         <load_address>0xbbb8</load_address>
         <run_address>0xbbb8</run_address>
         <size>0xe3</size>
         <input_file_ref idref="fl-4"/>
      </object_component>
      <object_component id="oc-f7">
         <name>.debug_info</name>
         <load_address>0xbc9b</load_address>
         <run_address>0xbc9b</run_address>
         <size>0x289</size>
         <input_file_ref idref="fl-4"/>
      </object_component>
      <object_component id="oc-4f2">
         <name>.debug_info</name>
         <load_address>0xbf24</load_address>
         <run_address>0xbf24</run_address>
         <size>0x977</size>
         <input_file_ref idref="fl-6"/>
      </object_component>
      <object_component id="oc-545">
         <name>.debug_info</name>
         <load_address>0xc89b</load_address>
         <run_address>0xc89b</run_address>
         <size>0x100</size>
         <input_file_ref idref="fl-6"/>
      </object_component>
      <object_component id="oc-540">
         <name>.debug_info</name>
         <load_address>0xc99b</load_address>
         <run_address>0xc99b</run_address>
         <size>0xf8</size>
         <input_file_ref idref="fl-6"/>
      </object_component>
      <object_component id="oc-515">
         <name>.debug_info</name>
         <load_address>0xca93</load_address>
         <run_address>0xca93</run_address>
         <size>0x250</size>
         <input_file_ref idref="fl-6"/>
      </object_component>
      <object_component id="oc-51a">
         <name>.debug_info</name>
         <load_address>0xcce3</load_address>
         <run_address>0xcce3</run_address>
         <size>0x9a</size>
         <input_file_ref idref="fl-6"/>
      </object_component>
      <object_component id="oc-53b">
         <name>.debug_info</name>
         <load_address>0xcd7d</load_address>
         <run_address>0xcd7d</run_address>
         <size>0xb6</size>
         <input_file_ref idref="fl-6"/>
      </object_component>
      <object_component id="oc-51f">
         <name>.debug_info</name>
         <load_address>0xce33</load_address>
         <run_address>0xce33</run_address>
         <size>0x1cf</size>
         <input_file_ref idref="fl-6"/>
      </object_component>
      <object_component id="oc-524">
         <name>.debug_info</name>
         <load_address>0xd002</load_address>
         <run_address>0xd002</run_address>
         <size>0x4dc</size>
         <input_file_ref idref="fl-6"/>
      </object_component>
      <object_component id="oc-529">
         <name>.debug_info</name>
         <load_address>0xd4de</load_address>
         <run_address>0xd4de</run_address>
         <size>0x2ff</size>
         <input_file_ref idref="fl-6"/>
      </object_component>
      <object_component id="oc-46e">
         <name>.debug_info</name>
         <load_address>0xd7dd</load_address>
         <run_address>0xd7dd</run_address>
         <size>0xa1</size>
         <input_file_ref idref="fl-6"/>
      </object_component>
      <object_component id="oc-109">
         <name>.debug_info</name>
         <load_address>0xd87e</load_address>
         <run_address>0xd87e</run_address>
         <size>0x807</size>
         <input_file_ref idref="fl-14"/>
      </object_component>
      <object_component id="oc-12a">
         <name>.debug_info</name>
         <load_address>0xe085</load_address>
         <run_address>0xe085</run_address>
         <size>0x1e5</size>
         <input_file_ref idref="fl-14"/>
      </object_component>
      <object_component id="oc-1c9">
         <name>.debug_info</name>
         <load_address>0xe26a</load_address>
         <run_address>0xe26a</run_address>
         <size>0x431a</size>
         <input_file_ref idref="fl-14"/>
      </object_component>
      <object_component id="oc-1c4">
         <name>.debug_info</name>
         <load_address>0x12584</load_address>
         <run_address>0x12584</run_address>
         <size>0x1b5</size>
         <input_file_ref idref="fl-14"/>
      </object_component>
      <object_component id="oc-cf">
         <name>.debug_info</name>
         <load_address>0x12739</load_address>
         <run_address>0x12739</run_address>
         <size>0x26b</size>
         <input_file_ref idref="fl-14"/>
      </object_component>
      <object_component id="oc-c5">
         <name>.debug_info</name>
         <load_address>0x129a4</load_address>
         <run_address>0x129a4</run_address>
         <size>0x1028</size>
         <input_file_ref idref="fl-14"/>
      </object_component>
      <object_component id="oc-10a">
         <name>.debug_info</name>
         <load_address>0x139cc</load_address>
         <run_address>0x139cc</run_address>
         <size>0x297</size>
         <input_file_ref idref="fl-14"/>
      </object_component>
      <object_component id="oc-1b8">
         <name>.debug_info</name>
         <load_address>0x13c63</load_address>
         <run_address>0x13c63</run_address>
         <size>0xef</size>
         <input_file_ref idref="fl-14"/>
      </object_component>
      <object_component id="oc-ca">
         <name>.debug_info</name>
         <load_address>0x13d52</load_address>
         <run_address>0x13d52</run_address>
         <size>0xbb</size>
         <input_file_ref idref="fl-14"/>
      </object_component>
      <object_component id="oc-11e">
         <name>.debug_info</name>
         <load_address>0x13e0d</load_address>
         <run_address>0x13e0d</run_address>
         <size>0x224</size>
         <input_file_ref idref="fl-15"/>
      </object_component>
      <object_component id="oc-229">
         <name>.debug_info</name>
         <load_address>0x14031</load_address>
         <run_address>0x14031</run_address>
         <size>0x701</size>
         <input_file_ref idref="fl-16"/>
      </object_component>
      <object_component id="oc-1d0">
         <name>.debug_info</name>
         <load_address>0x14732</load_address>
         <run_address>0x14732</run_address>
         <size>0x135</size>
         <input_file_ref idref="fl-16"/>
      </object_component>
      <object_component id="oc-119">
         <name>.debug_info</name>
         <load_address>0x14867</load_address>
         <run_address>0x14867</run_address>
         <size>0x2a3</size>
         <input_file_ref idref="fl-16"/>
      </object_component>
      <object_component id="oc-35">
         <name>.debug_info</name>
         <load_address>0x14b0a</load_address>
         <run_address>0x14b0a</run_address>
         <size>0x84</size>
         <input_file_ref idref="fl-16"/>
      </object_component>
      <object_component id="oc-24c">
         <name>.debug_info</name>
         <load_address>0x14b8e</load_address>
         <run_address>0x14b8e</run_address>
         <size>0x68f</size>
         <input_file_ref idref="fl-17"/>
      </object_component>
      <object_component id="oc-4c0">
         <name>.debug_info</name>
         <load_address>0x1521d</load_address>
         <run_address>0x1521d</run_address>
         <size>0x12a</size>
         <input_file_ref idref="fl-17"/>
      </object_component>
      <object_component id="oc-1e1">
         <name>.debug_info</name>
         <load_address>0x15347</load_address>
         <run_address>0x15347</run_address>
         <size>0x12e</size>
         <input_file_ref idref="fl-17"/>
      </object_component>
      <object_component id="oc-509">
         <name>.debug_info</name>
         <load_address>0x15475</load_address>
         <run_address>0x15475</run_address>
         <size>0x132</size>
         <input_file_ref idref="fl-17"/>
      </object_component>
      <object_component id="oc-4bc">
         <name>.debug_info</name>
         <load_address>0x155a7</load_address>
         <run_address>0x155a7</run_address>
         <size>0x137</size>
         <input_file_ref idref="fl-17"/>
      </object_component>
      <object_component id="oc-415">
         <name>.debug_info</name>
         <load_address>0x156de</load_address>
         <run_address>0x156de</run_address>
         <size>0x1d5</size>
         <input_file_ref idref="fl-17"/>
      </object_component>
      <object_component id="oc-54">
         <name>.debug_info</name>
         <load_address>0x158b3</load_address>
         <run_address>0x158b3</run_address>
         <size>0x1d7</size>
         <input_file_ref idref="fl-17"/>
      </object_component>
      <object_component id="oc-3ff">
         <name>.debug_info</name>
         <load_address>0x15a8a</load_address>
         <run_address>0x15a8a</run_address>
         <size>0x281</size>
         <input_file_ref idref="fl-17"/>
      </object_component>
      <object_component id="oc-406">
         <name>.debug_info</name>
         <load_address>0x15d0b</load_address>
         <run_address>0x15d0b</run_address>
         <size>0x25a</size>
         <input_file_ref idref="fl-17"/>
      </object_component>
      <object_component id="oc-141">
         <name>.debug_info</name>
         <load_address>0x15f65</load_address>
         <run_address>0x15f65</run_address>
         <size>0x219</size>
         <input_file_ref idref="fl-17"/>
      </object_component>
      <object_component id="oc-4e7">
         <name>.debug_info</name>
         <load_address>0x1617e</load_address>
         <run_address>0x1617e</run_address>
         <size>0x215</size>
         <input_file_ref idref="fl-17"/>
      </object_component>
      <object_component id="oc-147">
         <name>.debug_info</name>
         <load_address>0x16393</load_address>
         <run_address>0x16393</run_address>
         <size>0x1d4</size>
         <input_file_ref idref="fl-17"/>
      </object_component>
      <object_component id="oc-1d7">
         <name>.debug_info</name>
         <load_address>0x16567</load_address>
         <run_address>0x16567</run_address>
         <size>0x3a5</size>
         <input_file_ref idref="fl-18"/>
      </object_component>
      <object_component id="oc-125">
         <name>.debug_info</name>
         <load_address>0x1690c</load_address>
         <run_address>0x1690c</run_address>
         <size>0x220</size>
         <input_file_ref idref="fl-18"/>
      </object_component>
      <object_component id="oc-22d">
         <name>.debug_info</name>
         <load_address>0x16b2c</load_address>
         <run_address>0x16b2c</run_address>
         <size>0x1eb</size>
         <input_file_ref idref="fl-18"/>
      </object_component>
      <object_component id="oc-233">
         <name>.debug_info</name>
         <load_address>0x16d17</load_address>
         <run_address>0x16d17</run_address>
         <size>0x1f9</size>
         <input_file_ref idref="fl-18"/>
      </object_component>
      <object_component id="oc-30e">
         <name>.debug_info</name>
         <load_address>0x16f10</load_address>
         <run_address>0x16f10</run_address>
         <size>0x346</size>
         <input_file_ref idref="fl-18"/>
      </object_component>
      <object_component id="oc-23f">
         <name>.debug_info</name>
         <load_address>0x17256</load_address>
         <run_address>0x17256</run_address>
         <size>0x202</size>
         <input_file_ref idref="fl-18"/>
      </object_component>
      <object_component id="oc-238">
         <name>.debug_info</name>
         <load_address>0x17458</load_address>
[...]
               <start_address>0x200084e8</start_address>
               <size>0x6b18</size>
            </available_space>
            <allocated_space>
               <start_address>0x2000f000</start_address>
               <size>0x1000</size>
               <logical_group_ref idref="lg-b"/>
            </allocated_space>
         </usage_details>
      </memory_area>
   </placement_map>
   <cptbl_list>
      <cptbl>
         <name>__TI_cinit_table</name>
         <cprec>
            <name>.data</name>
            <load_address>0x1720</load_address>
            <load_size>0x26</load_size>
            <run_address>0x20008000</run_address>
            <run_size>0x19a</run_size>
            <compression>lzss</compression>
         </cprec>
         <cprec>
            <name>.bss</name>
            <load_address>0x1758</load_address>
            <load_size>0x8</load_size>
            <run_address>0x200081a0</run_address>
            <run_size>0x118</run_size>
            <compression>zero_init</compression>
         </cprec>
         <cprec>
            <name>.vtable</name>
            <load_address>0x1760</load_address>
            <load_size>0x8</load_size>
            <run_address>0x20008400</run_address>
            <run_size>0xe8</run_size>
            <compression>zero_init</compression>
         </cprec>
      </cptbl>
   </cptbl_list>
   <handler_table>
      <handler_table_name>__TI_handler_table</handler_table_name>
      <handler>
         <index>0x0</index>
         <name>__TI_decompress_lzss</name>
      </handler>
      <handler>
         <index>0x1</index>
         <name>__TI_decompress_none</name>
      </handler>
      <handler>
         <index>0x2</index>
         <name>__TI_zero_init</name>
      </handler>
   </handler_table>
   <symbol_table>
      <symbol id="sm-1">
         <name>WDTCTL_SYM</name>
         <value>0x4000480c</value>
      </symbol>
      <symbol id="sm-2">
         <name>__start___llvm_prf_cnts</name>
         <value>0x20000000</value>
      </symbol>
      <symbol id="sm-3">
         <name>__stop___llvm_prf_cnts</name>
         <value>0x20000000</value>
      </symbol>
      <symbol id="sm-4">
         <name>__TI_CINIT_Base</name>
         <value>0x1768</value>
      </symbol>
      <symbol id="sm-5">
         <name>__TI_CINIT_Limit</name>
         <value>0x1780</value>
      </symbol>
      <symbol id="sm-6">
         <name>__TI_Handler_Table_Base</name>
         <value>0x1748</value>
      </symbol>
      <symbol id="sm-7">
         <name>__TI_Handler_Table_Limit</name>
         <value>0x1754</value>
      </symbol>
      <symbol id="sm-8">
         <name>binit</name>
         <value>0xffffffff</value>
      </symbol>
      <symbol id="sm-9">
         <name>__binit__</name>
         <value>0xffffffff</value>
      </symbol>
      <symbol id="sm-a">
         <name>__STACK_SIZE</name>
         <value>0x1000</value>
      </symbol>
      <symbol id="sm-b">
         <name>__STACK_END</name>
         <value>0x20010000</value>
      </symbol>
      <symbol id="sm-c">
         <name>__SYSMEM_SIZE</name>
         <value>0x8000</value>
      </symbol>
      <symbol id="sm-d">
         <name>__c_args__</name>
         <value>0xffffffff</value>
      </symbol>
      <symbol id="sm-e">
         <name>__TI_pprof_out_hndl</name>
         <value>0xffffffff</value>
      </symbol>
      <symbol id="sm-f">
         <name>__TI_prof_data_start</name>
         <value>0xffffffff</value>
      </symbol>
      <symbol id="sm-10">
         <name>__TI_prof_data_size</name>
         <value>0xffffffff</value>
      </symbol>
      <symbol id="sm-a9">
         <name>uartConfig</name>
         <value>0x16d8</value>
         <object_component_ref idref="oc-158"/>
      </symbol>
      <symbol id="sm-aa">
         <name>main</name>
         <value>0xad5</value>
         <object_component_ref idref="oc-f6"/>
      </symbol>
      <symbol id="sm-ab">
         <name>data</name>
         <value>0x20008190</value>
         <object_component_ref idref="oc-15b"/>
      </symbol>
      <symbol id="sm-112">
         <name>CS_setDCOCenteredFrequency</name>
         <value>0x1245</value>
         <object_component_ref idref="oc-128"/>
      </symbol>
      <symbol id="sm-121">
         <name>FlashCtl_setWaitState</name>
         <value>0x10f9</value>
         <object_component_ref idref="oc-11c"/>
      </symbol>
      <symbol id="sm-141">
         <name>GPIO_setAsPeripheralModuleFunctionInputPin</name>
         <value>0xa4d</value>
         <object_component_ref idref="oc-116"/>
      </symbol>
      <symbol id="sm-1b4">
         <name>Interrupt_disableMaster</name>
         <value>0x1533</value>
         <object_component_ref idref="oc-52"/>
      </symbol>
      <symbol id="sm-1b5">
         <name>Interrupt_setPriority</name>
         <value>0x1055</value>
         <object_component_ref idref="oc-404"/>
      </symbol>
      <symbol id="sm-1b6">
         <name>Interrupt_enableSleepOnIsrExit</name>
         <value>0x1555</value>
         <object_component_ref idref="oc-146"/>
      </symbol>
      <symbol id="sm-1b7">
         <name>Interrupt_enableMaster</name>
         <value>0x1543</value>
         <object_component_ref idref="oc-414"/>
      </symbol>
      <symbol id="sm-1b8">
         <name>Interrupt_enableInterrupt</name>
         <value>0xbd9</value>
         <object_component_ref idref="oc-140"/>
      </symbol>
      <symbol id="sm-1b9">
         <name>Interrupt_registerInterrupt</name>
         <value>0xf45</value>
         <object_component_ref idref="oc-3fe"/>
      </symbol>
      <symbol id="sm-1ba">
         <name>g_pfnRAMVectors</name>
         <value>0x20008400</value>
         <object_component_ref idref="oc-4bb"/>
      </symbol>
      <symbol id="sm-1bb">
         <name>Interrupt_pendInterrupt</name>
         <value>0xdad</value>
         <object_component_ref idref="oc-4e5"/>
      </symbol>
      <symbol id="sm-239">
         <name>PCM_setCoreVoltageLevel</name>
         <value>0x1565</value>
         <object_component_ref idref="oc-122"/>
      </symbol>
      <symbol id="sm-23a">
         <name>PCM_getCoreVoltageLevel</name>
         <value>0xee5</value>
         <object_component_ref idref="oc-230"/>
      </symbol>
      <symbol id="sm-23b">
         <name>PCM_getPowerMode</name>
         <value>0xfa1</value>
         <object_component_ref idref="oc-22a"/>
      </symbol>
      <symbol id="sm-23c">
         <name>PCM_getPowerState</name>
         <value>0x14c1</value>
         <object_component_ref idref="oc-236"/>
      </symbol>
      <symbol id="sm-23d">
         <name>PCM_setPowerMode</name>
         <value>0x1575</value>
         <object_component_ref idref="oc-23c"/>
      </symbol>
      <symbol id="sm-281">
         <name>UART_enableInterrupt</name>
         <value>0x12e1</value>
         <object_component_ref idref="oc-13a"/>
      </symbol>
      <symbol id="sm-282">
         <name>UART_enableModule</name>
         <value>0x1495</value>
         <object_component_ref idref="oc-134"/>
      </symbol>
      <symbol id="sm-283">
         <name>UART_transmitData</name>
         <value>0x1279</value>
         <object_component_ref idref="oc-14c"/>
      </symbol>
      <symbol id="sm-284">
         <name>UART_initModule</name>
         <value>0x2a1</value>
         <object_component_ref idref="oc-12e"/>
      </symbol>
      <symbol id="sm-290">
         <name>WDT_A_holdTimer</name>
         <value>0x13a5</value>
         <object_component_ref idref="oc-110"/>
      </symbol>
      <symbol id="sm-2a2">
         <name>CPU_cpsie</name>
         <value>0x15fb</value>
         <object_component_ref idref="oc-4c6"/>
      </symbol>
      <symbol id="sm-2a3">
         <name>CPU_cpsid</name>
         <value>0x15ef</value>
         <object_component_ref idref="oc-96"/>
      </symbol>
      <symbol id="sm-2f9">
         <name>Power_idleFunc</name>
         <value>0x14d5</value>
         <object_component_ref idref="oc-4f4"/>
      </symbol>
      <symbol id="sm-2fa">
         <name>PowerMSP432_module</name>
         <value>0x20008140</value>
         <object_component_ref idref="oc-48d"/>
      </symbol>
      <symbol id="sm-2fb">
         <name>Power_enablePolicy</name>
         <value>0x1585</value>
         <object_component_ref idref="oc-3ac"/>
      </symbol>
      <symbol id="sm-375">
         <name>SemaphoreP_defaultParams</name>
         <value>0x20008178</value>
         <object_component_ref idref="oc-473"/>
      </symbol>
      <symbol id="sm-376">
         <name>SemaphoreP_construct</name>
         <value>0x10a9</value>
         <object_component_ref idref="oc-29d"/>
      </symbol>
      <symbol id="sm-377">
         <name>SemaphoreP_destruct</name>
         <value>0xa4b</value>
         <object_component_ref idref="oc-2a9"/>
      </symbol>
      <symbol id="sm-378">
         <name>SemaphoreP_pend</name>
         <value>0x7dd</value>
         <object_component_ref idref="oc-2a3"/>
      </symbol>
      <symbol id="sm-379">
         <name>SemaphoreP_Params_init</name>
         <value>0x1595</value>
         <object_component_ref idref="oc-395"/>
      </symbol>
      <symbol id="sm-37a">
         <name>clkFxn</name>
         <value>0xffb</value>
         <object_component_ref idref="oc-3be"/>
      </symbol>
      <symbol id="sm-43b">
         <name>ClockP_doTick</name>
         <value>0x1609</value>
         <object_component_ref idref="oc-280"/>
      </symbol>
      <symbol id="sm-43c">
         <name>ClockP_startup</name>
         <value>0x67d</value>
         <object_component_ref idref="oc-1e6"/>
      </symbol>
      <symbol id="sm-43d">
         <name>ClockP_scheduleNextTick</name>
         <value>0x135d</value>
         <object_component_ref idref="oc-380"/>
      </symbol>
      <symbol id="sm-43e">
         <name>ClockP_tickPeriod</name>
         <value>0x20008184</value>
         <object_component_ref idref="oc-1f7"/>
      </symbol>
      <symbol id="sm-43f">
         <name>ClockP_workFuncDynamic</name>
         <value>0x731</value>
         <object_component_ref idref="oc-27a"/>
      </symbol>
      <symbol id="sm-440">
         <name>ClockP_walkQueueDynamic</name>
         <value>0xc59</value>
         <object_component_ref idref="oc-37a"/>
      </symbol>
      <symbol id="sm-441">
         <name>ClockP_destruct</name>
         <value>0x1463</value>
         <object_component_ref idref="oc-3b8"/>
      </symbol>
      <symbol id="sm-442">
         <name>ClockP_start</name>
         <value>0xb59</value>
         <object_component_ref idref="oc-3a6"/>
      </symbol>
      <symbol id="sm-443">
         <name>ClockP_isActive</name>
         <value>0x163b</value>
         <object_component_ref idref="oc-3b2"/>
      </symbol>
      <symbol id="sm-444">
         <name>ClockP_sleep</name>
         <value>0x1311</value>
         <object_component_ref idref="oc-152"/>
      </symbol>
      <symbol id="sm-445">
         <name>ClockP_getTicks</name>
         <value>0x1339</value>
         <object_component_ref idref="oc-486"/>
      </symbol>
      <symbol id="sm-446">
         <name>ClockP_add</name>
         <value>0x13ed</value>
         <object_component_ref idref="oc-3a0"/>
      </symbol>
      <symbol id="sm-4dc">
         <name>TimerP_setNextTick</name>
         <value>0x11c9</value>
         <object_component_ref idref="oc-453"/>
      </symbol>
      <symbol id="sm-4dd">
         <name>TimerP_getCurrentTick</name>
         <value>0xd41</value>
         <object_component_ref idref="oc-374"/>
      </symbol>
      <symbol id="sm-4de">
         <name>TimerP_setPeriod</name>
         <value>0x164b</value>
         <object_component_ref idref="oc-354"/>
      </symbol>
      <symbol id="sm-4df">
         <name>TimerP_dynamicStub</name>
         <value>0xffd</value>
         <object_component_ref idref="oc-366"/>
      </symbol>
      <symbol id="sm-4e0">
         <name>TimerP_getMaxTicks</name>
         <value>0x1621</value>
         <object_component_ref idref="oc-26b"/>
      </symbol>
      <symbol id="sm-4e1">
         <name>TimerP_construct</name>
         <value>0x4c5</value>
         <object_component_ref idref="oc-265"/>
      </symbol>
      <symbol id="sm-4e2">
         <name>TimerP_getFreq</name>
         <value>0x1615</value>
         <object_component_ref idref="oc-271"/>
      </symbol>
      <symbol id="sm-4e3">
         <name>TimerP_initDevice</name>
         <value>0x1209</value>
         <object_component_ref idref="oc-34e"/>
      </symbol>
      <symbol id="sm-4e4">
         <name>TimerP_start</name>
         <value>0x1141</value>
         <object_component_ref idref="oc-35a"/>
      </symbol>
      <symbol id="sm-4e5">
         <name>TimerP_Params_init</name>
         <value>0x15b5</value>
         <object_component_ref idref="oc-25f"/>
      </symbol>
      <symbol id="sm-53c">
         <name>HwiP_construct</name>
         <value>0xcd1</value>
         <object_component_ref idref="oc-327"/>
      </symbol>
      <symbol id="sm-53d">
         <name>HwiP_dispatch</name>
         <value>0x1381</value>
         <object_component_ref idref="oc-40a"/>
      </symbol>
      <symbol id="sm-53e">
         <name>HwiP_swiPIntNum</name>
         <value>0x2000818c</value>
         <object_component_ref idref="oc-33c"/>
      </symbol>
      <symbol id="sm-53f">
         <name>HwiP_Params_init</name>
         <value>0x1511</value>
         <object_component_ref idref="oc-321"/>
      </symbol>
      <symbol id="sm-540">
         <name>HwiP_disable</name>
         <value>0x1523</value>
         <object_component_ref idref="oc-31b"/>
      </symbol>
      <symbol id="sm-541">
         <name>HwiP_key</name>
         <value>0x20008188</value>
         <object_component_ref idref="oc-33c"/>
      </symbol>
      <symbol id="sm-542">
         <name>HwiP_post</name>
         <value>0x163f</value>
         <object_component_ref idref="oc-460"/>
      </symbol>
      <symbol id="sm-543">
         <name>HwiP_restore</name>
         <value>0x162d</value>
         <object_component_ref idref="oc-32d"/>
      </symbol>
      <symbol id="sm-580">
         <name>resetISR</name>
         <value>0x147d</value>
         <object_component_ref idref="oc-1f"/>
      </symbol>
      <symbol id="sm-581">
         <name>interruptVectors</name>
         <value>0x0</value>
         <object_component_ref idref="oc-26"/>
      </symbol>
      <symbol id="sm-5be">
         <name>QueueP_next</name>
         <value>0x1647</value>
         <object_component_ref idref="oc-44c"/>
      </symbol>
      <symbol id="sm-5bf">
         <name>QueueP_put</name>
         <value>0x140d</value>
         <object_component_ref idref="oc-45a"/>
      </symbol>
      <symbol id="sm-5c0">
         <name>QueueP_remove</name>
         <value>0x15d3</value>
         <object_component_ref idref="oc-492"/>
      </symbol>
      <symbol id="sm-5c1">
         <name>QueueP_head</name>
         <value>0x1643</value>
         <object_component_ref idref="oc-446"/>
      </symbol>
      <symbol id="sm-5c2">
         <name>QueueP_init</name>
         <value>0x1635</value>
         <object_component_ref idref="oc-24d"/>
      </symbol>
      <symbol id="sm-5c3">
         <name>QueueP_empty</name>
         <value>0x15c5</value>
         <object_component_ref idref="oc-4d9"/>
      </symbol>
      <symbol id="sm-5c4">
         <name>QueueP_get</name>
         <value>0x1449</value>
         <object_component_ref idref="oc-4d3"/>
      </symbol>
      <symbol id="sm-64b">
         <name>SwiP_construct</name>
         <value>0x5a5</value>
         <object_component_ref idref="oc-259"/>
      </symbol>
      <symbol id="sm-64c">
         <name>SwiP_Params_init</name>
         <value>0x15a5</value>
         <object_component_ref idref="oc-253"/>
      </symbol>
      <symbol id="sm-64d">
         <name>SwiP_post</name>
         <value>0xe15</value>
         <object_component_ref idref="oc-387"/>
      </symbol>
      <symbol id="sm-64e">
         <name>SwiP_dispatch</name>
         <value>0x87d</value>
         <object_component_ref idref="oc-425"/>
      </symbol>
      <symbol id="sm-67c">
         <name>memcpy</name>
         <value>0x919</value>
         <object_component_ref idref="oc-3a"/>
      </symbol>
      <symbol id="sm-67d">
         <name>__aeabi_memcpy</name>
         <value>0x919</value>
         <object_component_ref idref="oc-3a"/>
      </symbol>
      <symbol id="sm-67e">
         <name>__aeabi_memcpy8</name>
         <value>0x919</value>
         <object_component_ref idref="oc-3a"/>
      </symbol>
      <symbol id="sm-67f">
         <name>__aeabi_memcpy4</name>
         <value>0x919</value>
         <object_component_ref idref="oc-3a"/>
      </symbol>
      <symbol id="sm-68d">
         <name>__aeabi_uldivmod</name>
         <value>0x9b5</value>
         <object_component_ref idref="oc-1ec"/>
      </symbol>
      <symbol id="sm-6a1">
         <name>__TI_zero_init_nomemset</name>
         <value>0x142d</value>
         <object_component_ref idref="oc-46"/>
      </symbol>
      <symbol id="sm-6b8">
         <name>__TI_decompress_none</name>
         <value>0x15e1</value>
         <object_component_ref idref="oc-18"/>
      </symbol>
      <symbol id="sm-6db">
         <name>__TI_decompress_lzss</name>
         <value>0xe7d</value>
         <object_component_ref idref="oc-12"/>
      </symbol>
      <symbol id="sm-6e6">
         <name>C$$EXIT</name>
         <value>0x1653</value>
         <object_component_ref idref="oc-164"/>
      </symbol>
      <symbol id="sm-6e7">
         <name>abort</name>
         <value>0x1653</value>
         <object_component_ref idref="oc-164"/>
      </symbol>
      <symbol id="sm-703">
         <name>_sys_memory</name>
         <value>0x20000000</value>
         <object_component_ref idref="oc-29"/>
      </symbol>
      <symbol id="sm-718">
         <name>__stack</name>
         <value>0x2000f000</value>
         <object_component_ref idref="oc-2c"/>
      </symbol>
      <symbol id="sm-719">
         <name>_c_int00_noargs</name>
         <value>0x12ad</value>
         <object_component_ref idref="oc-a8"/>
      </symbol>
      <symbol id="sm-72c">
         <name>__aeabi_idiv0</name>
         <value>0x1657</value>
         <object_component_ref idref="oc-297"/>
      </symbol>
      <symbol id="sm-72d">
         <name>__aeabi_ldiv0</name>
         <value>0x1657</value>
         <object_component_ref idref="oc-297"/>
      </symbol>
      <symbol id="sm-755">
         <name>__TI_auto_init_nobinit_nopinit</name>
         <value>0x1185</value>
         <object_component_ref idref="oc-170"/>
      </symbol>
      <symbol id="sm-75f">
         <name>_system_pre_init</name>
         <value>0x164f</value>
         <object_component_ref idref="oc-f0"/>
      </symbol>
      <symbol id="sm-775">
         <name>__TI_static_base__</name>
         <value>0x1720</value>
      </symbol>
      <symbol id="sm-778">
         <name>__mpu_init</name>
         <value>0x0</value>
      </symbol>
      <symbol id="sm-779">
         <name>_system_post_cinit</name>
         <value>0x0</value>
      </symbol>
      <symbol id="sm-77a">
         <name>sleep</name>
         <value>0x1311</value>
      </symbol>
   </symbol_table>
   <title>Link successful</title>
</link_info>
