<?xml version="1.0" encoding="ISO-8859-1" ?>
<link_info>
   <banner>TI ARM Linker Unix v20.2.7.LTS</banner>
   <copyright>Copyright (c) 1996-2018 Texas Instruments Incorporated</copyright>
   <link_time>0x656711a2</link_time>
   <link_errors>0x0</link_errors>
   <output_file>servo2.out</output_file>
   <entry_point>
      <name>resetISR</name>
      <address>0x282d</address>
   </entry_point>
   <input_file_list>
      <input_file id="fl-2">
         <path>./</path>
         <kind>object</kind>
         <file>buzzer.obj</file>
         <name>buzzer.obj</name>
      </input_file>
      <input_file id="fl-3">
         <path>./</path>
         <kind>object</kind>
         <file>main_nortos.obj</file>
         <name>main_nortos.obj</name>
      </input_file>
      <input_file id="fl-4">
         <path>./</path>
         <kind>object</kind>
         <file>servo.obj</file>
         <name>servo.obj</name>
      </input_file>
      <input_file id="fl-5">
         <path>./syscfg/</path>
         <kind>object</kind>
         <file>ti_drivers_config.obj</file>
         <name>ti_drivers_config.obj</name>
      </input_file>
      <input_file id="fl-10">
         <kind>object</kind>
         <file>&lt;internal&gt;</file>
         <name>&lt;internal&gt;</name>
      </input_file>
      <input_file id="fl-11">
         <path>/home/mose/Desktop/courses/Embedded/simplelink_msp432p4_sdk_3_40_01_02/source/ti/drivers/lib/</path>
         <kind>archive</kind>
         <file>drivers_msp432p401x.aem4f</file>
         <name>PowerMSP432.oem4f</name>
      </input_file>
      <input_file id="fl-12">
         <path>/home/mose/Desktop/courses/Embedded/simplelink_msp432p4_sdk_3_40_01_02/source/ti/drivers/lib/</path>
         <kind>archive</kind>
         <file>drivers_msp432p401x.aem4f</file>
         <name>PWM.oem4f</name>
      </input_file>
      <input_file id="fl-13">
         <path>/home/mose/Desktop/courses/Embedded/simplelink_msp432p4_sdk_3_40_01_02/source/ti/drivers/lib/</path>
         <kind>archive</kind>
         <file>drivers_msp432p401x.aem4f</file>
         <name>PWMTimerMSP432.oem4f</name>
      </input_file>
      <input_file id="fl-14">
         <path>/home/mose/Desktop/courses/Embedded/simplelink_msp432p4_sdk_3_40_01_02/source/ti/drivers/lib/</path>
         <kind>archive</kind>
         <file>drivers_msp432p401x.aem4f</file>
         <name>TimerMSP432.oem4f</name>
      </input_file>
      <input_file id="fl-15">
         <path>/home/mose/Desktop/courses/Embedded/simplelink_msp432p4_sdk_3_40_01_02/source/ti/drivers/lib/</path>
         <kind>archive</kind>
         <file>drivers_msp432p401x.aem4f</file>
         <name>List.oem4f</name>
      </input_file>
      <input_file id="fl-16">
         <path>/home/mose/Desktop/courses/Embedded/simplelink_msp432p4_sdk_3_40_01_02/kernel/nortos/lib/</path>
         <kind>archive</kind>
         <file>nortos_msp432p401x.aem4f</file>
         <name>posix_sleep.oem4f</name>
      </input_file>
      <input_file id="fl-17">
         <path>/home/mose/Desktop/courses/Embedded/simplelink_msp432p4_sdk_3_40_01_02/kernel/nortos/lib/</path>
         <kind>archive</kind>
         <file>nortos_msp432p401x.aem4f</file>
         <name>NoRTOS.oem4f</name>
      </input_file>
      <input_file id="fl-18">
         <path>/home/mose/Desktop/courses/Embedded/simplelink_msp432p4_sdk_3_40_01_02/kernel/nortos/lib/</path>
         <kind>archive</kind>
         <file>nortos_msp432p401x.aem4f</file>
         <name>SemaphoreP_nortos.oem4f</name>
      </input_file>
      <input_file id="fl-19">
         <path>/home/mose/Desktop/courses/Embedded/simplelink_msp432p4_sdk_3_40_01_02/kernel/nortos/lib/</path>
         <kind>archive</kind>
         <file>nortos_msp432p401x.aem4f</file>
         <name>PowerMSP432_nortos.oem4f</name>
      </input_file>
      <input_file id="fl-1a">
         <path>/home/mose/Desktop/courses/Embedded/simplelink_msp432p4_sdk_3_40_01_02/kernel/nortos/lib/</path>
         <kind>archive</kind>
         <file>nortos_msp432p401x.aem4f</file>
         <name>ClockPTimer_nortos.oem4f</name>
      </input_file>
      <input_file id="fl-1b">
         <path>/home/mose/Desktop/courses/Embedded/simplelink_msp432p4_sdk_3_40_01_02/kernel/nortos/lib/</path>
         <kind>archive</kind>
         <file>nortos_msp432p401x.aem4f</file>
         <name>TimerPMSP432_nortos.oem4f</name>
      </input_file>
      <input_file id="fl-1c">
         <path>/home/mose/Desktop/courses/Embedded/simplelink_msp432p4_sdk_3_40_01_02/kernel/nortos/lib/</path>
         <kind>archive</kind>
         <file>nortos_msp432p401x.aem4f</file>
         <name>HwiPMSP432_nortos.oem4f</name>
      </input_file>
      <input_file id="fl-1d">
         <path>/home/mose/Desktop/courses/Embedded/simplelink_msp432p4_sdk_3_40_01_02/kernel/nortos/lib/</path>
         <kind>archive</kind>
         <file>nortos_msp432p401x.aem4f</file>
         <name>startup_msp432_ccs.oem4f</name>
      </input_file>
      <input_file id="fl-1e">
         <path>/home/mose/Desktop/courses/Embedded/simplelink_msp432p4_sdk_3_40_01_02/kernel/nortos/lib/</path>
         <kind>archive</kind>
         <file>nortos_msp432p401x.aem4f</file>
         <name>QueueP_nortos.oem4f</name>
      </input_file>
      <input_file id="fl-1f">
         <path>/home/mose/Desktop/courses/Embedded/simplelink_msp432p4_sdk_3_40_01_02/kernel/nortos/lib/</path>
         <kind>archive</kind>
         <file>nortos_msp432p401x.aem4f</file>
         <name>SwiP_nortos.oem4f</name>
      </input_file>
      <input_file id="fl-20">
         <path>/home/mose/Desktop/courses/Embedded/simplelink_msp432p4_sdk_3_40_01_02/source/ti/devices/msp432p4xx/driverlib/ccs/</path>
         <kind>archive</kind>
         <file>msp432p4xx_driverlib.lib</file>
         <name>cs.o</name>
      </input_file>
      <input_file id="fl-21">
         <path>/home/mose/Desktop/courses/Embedded/simplelink_msp432p4_sdk_3_40_01_02/source/ti/devices/msp432p4xx/driverlib/ccs/</path>
         <kind>archive</kind>
         <file>msp432p4xx_driverlib.lib</file>
         <name>interrupt.o</name>
      </input_file>
      <input_file id="fl-22">
         <path>/home/mose/Desktop/courses/Embedded/simplelink_msp432p4_sdk_3_40_01_02/source/ti/devices/msp432p4xx/driverlib/ccs/</path>
         <kind>archive</kind>
         <file>msp432p4xx_driverlib.lib</file>
         <name>sysctl.o</name>
      </input_file>
      <input_file id="fl-23">
         <path>/home/mose/Desktop/courses/Embedded/simplelink_msp432p4_sdk_3_40_01_02/source/ti/devices/msp432p4xx/driverlib/ccs/</path>
         <kind>archive</kind>
         <file>msp432p4xx_driverlib.lib</file>
         <name>sysctl_a.o</name>
      </input_file>
      <input_file id="fl-24">
         <path>/home/mose/Desktop/courses/Embedded/simplelink_msp432p4_sdk_3_40_01_02/source/ti/devices/msp432p4xx/driverlib/ccs/</path>
         <kind>archive</kind>
         <file>msp432p4xx_driverlib.lib</file>
         <name>cpu.o</name>
      </input_file>
      <input_file id="fl-da">
         <path>/home/mose/ti/ccs1250/ccs/tools/compiler/ti-cgt-arm_20.2.7.LTS/lib/</path>
         <kind>archive</kind>
         <file>rtsv7M4_T_le_v4SPD16_eabi.lib</file>
         <name>memcpy_t2.asm.obj</name>
      </input_file>
      <input_file id="fl-db">
         <path>/home/mose/ti/ccs1250/ccs/tools/compiler/ti-cgt-arm_20.2.7.LTS/lib/</path>
         <kind>archive</kind>
         <file>rtsv7M4_T_le_v4SPD16_eabi.lib</file>
         <name>ull_div_t2.asm.obj</name>
      </input_file>
      <input_file id="fl-dc">
         <path>/home/mose/ti/ccs1250/ccs/tools/compiler/ti-cgt-arm_20.2.7.LTS/lib/</path>
         <kind>archive</kind>
         <file>rtsv7M4_T_le_v4SPD16_eabi.lib</file>
         <name>copy_zero_init.c.obj</name>
      </input_file>
      <input_file id="fl-dd">
         <path>/home/mose/ti/ccs1250/ccs/tools/compiler/ti-cgt-arm_20.2.7.LTS/lib/</path>
         <kind>archive</kind>
         <file>rtsv7M4_T_le_v4SPD16_eabi.lib</file>
         <name>copy_decompress_none.c.obj</name>
      </input_file>
      <input_file id="fl-de">
         <path>/home/mose/ti/ccs1250/ccs/tools/compiler/ti-cgt-arm_20.2.7.LTS/lib/</path>
         <kind>archive</kind>
         <file>rtsv7M4_T_le_v4SPD16_eabi.lib</file>
         <name>copy_decompress_lzss.c.obj</name>
      </input_file>
      <input_file id="fl-df">
         <path>/home/mose/ti/ccs1250/ccs/tools/compiler/ti-cgt-arm_20.2.7.LTS/lib/</path>
         <kind>archive</kind>
         <file>rtsv7M4_T_le_v4SPD16_eabi.lib</file>
         <name>memory.c.obj</name>
      </input_file>
      <input_file id="fl-e0">
         <path>/home/mose/ti/ccs1250/ccs/tools/compiler/ti-cgt-arm_20.2.7.LTS/lib/</path>
         <kind>archive</kind>
         <file>rtsv7M4_T_le_v4SPD16_eabi.lib</file>
         <name>boot_cortex_m.c.obj</name>
      </input_file>
      <input_file id="fl-e1">
         <path>/home/mose/ti/ccs1250/ccs/tools/compiler/ti-cgt-arm_20.2.7.LTS/lib/</path>
         <kind>archive</kind>
         <file>rtsv7M4_T_le_v4SPD16_eabi.lib</file>
         <name>div0.asm.obj</name>
      </input_file>
      <input_file id="fl-e2">
         <path>/home/mose/ti/ccs1250/ccs/tools/compiler/ti-cgt-arm_20.2.7.LTS/lib/</path>
         <kind>archive</kind>
         <file>rtsv7M4_T_le_v4SPD16_eabi.lib</file>
         <name>memset_t2.asm.obj</name>
      </input_file>
      <input_file id="fl-e3">
         <path>/home/mose/ti/ccs1250/ccs/tools/compiler/ti-cgt-arm_20.2.7.LTS/lib/</path>
         <kind>archive</kind>
         <file>rtsv7M4_T_le_v4SPD16_eabi.lib</file>
         <name>autoinit.c.obj</name>
      </input_file>
      <input_file id="fl-e4">
         <path>/home/mose/ti/ccs1250/ccs/tools/compiler/ti-cgt-arm_20.2.7.LTS/lib/</path>
         <kind>archive</kind>
         <file>rtsv7M4_T_le_v4SPD16_eabi.lib</file>
         <name>pre_init.c.obj</name>
      </input_file>
      <input_file id="fl-e5">
         <path>/home/mose/ti/ccs1250/ccs/tools/compiler/ti-cgt-arm_20.2.7.LTS/lib/</path>
         <kind>archive</kind>
         <file>rtsv7M4_T_le_v4SPD16_eabi.lib</file>
         <name>cpy_tbl.c.obj</name>
      </input_file>
      <input_file id="fl-e6">
         <path>/home/mose/ti/ccs1250/ccs/tools/compiler/ti-cgt-arm_20.2.7.LTS/lib/</path>
         <kind>archive</kind>
         <file>rtsv7M4_T_le_v4SPD16_eabi.lib</file>
         <name>exit.c.obj</name>
      </input_file>
      <input_file id="fl-e7">
         <path>/home/mose/ti/ccs1250/ccs/tools/compiler/ti-cgt-arm_20.2.7.LTS/lib/</path>
         <kind>archive</kind>
         <file>rtsv7M4_T_le_v4SPD16_eabi.lib</file>
         <name>_lock.c.obj</name>
      </input_file>
      <input_file id="fl-e8">
         <path>/home/mose/ti/ccs1250/ccs/tools/compiler/ti-cgt-arm_20.2.7.LTS/lib/</path>
         <kind>archive</kind>
         <file>rtsv7M4_T_le_v4SPD16_eabi.lib</file>
         <name>args_main.c.obj</name>
      </input_file>
   </input_file_list>
   <object_component_list>
      <object_component id="oc-417">
         <name>.text:Power_sleep</name>
         <load_address>0x144</load_address>
         <run_address>0x144</run_address>
         <size>0x2f8</size>
         <input_file_ref idref="fl-11"/>
      </object_component>
      <object_component id="oc-207">
         <name>.text:initPerfControl</name>
         <load_address>0x43c</load_address>
         <run_address>0x43c</run_address>
         <size>0x288</size>
         <input_file_ref idref="fl-11"/>
      </object_component>
      <object_component id="oc-436">
         <name>.text:PWMTimerMSP432_open</name>
         <load_address>0x6c4</load_address>
         <run_address>0x6c4</run_address>
         <size>0x208</size>
         <input_file_ref idref="fl-13"/>
      </object_component>
      <object_component id="oc-442">
         <name>.text:PWMTimerMSP432_setPeriod</name>
         <load_address>0x8cc</load_address>
         <run_address>0x8cc</run_address>
         <size>0x114</size>
         <input_file_ref idref="fl-13"/>
      </object_component>
      <object_component id="oc-3d7">
         <name>.text:aligned_alloc</name>
         <load_address>0x9e0</load_address>
         <run_address>0x9e0</run_address>
         <size>0x100</size>
         <input_file_ref idref="fl-df"/>
      </object_component>
      <object_component id="oc-2c5">
         <name>.text:CS_startHFXTWithTimeout</name>
         <load_address>0xae0</load_address>
         <run_address>0xae0</run_address>
         <size>0xe4</size>
         <input_file_ref idref="fl-20"/>
      </object_component>
      <object_component id="oc-2e9">
         <name>.text:free</name>
         <load_address>0xbc4</load_address>
         <run_address>0xbc4</run_address>
         <size>0xe4</size>
         <input_file_ref idref="fl-df"/>
      </object_component>
      <object_component id="oc-2cb">
         <name>.text:CS_startLFXTWithTimeout</name>
         <load_address>0xca8</load_address>
         <run_address>0xca8</run_address>
         <size>0xe0</size>
         <input_file_ref idref="fl-20"/>
      </object_component>
      <object_component id="oc-32a">
         <name>.text:TimerP_construct</name>
         <load_address>0xd88</load_address>
         <run_address>0xd88</run_address>
         <size>0xe0</size>
         <input_file_ref idref="fl-1b"/>
      </object_component>
      <object_component id="oc-3bd">
         <name>.text:_CSGetHFXTFrequency</name>
         <load_address>0xe68</load_address>
         <run_address>0xe68</run_address>
         <size>0xdc</size>
         <input_file_ref idref="fl-20"/>
      </object_component>
      <object_component id="oc-31e">
         <name>.text:SwiP_construct</name>
         <load_address>0xf44</load_address>
         <run_address>0xf44</run_address>
         <size>0xd8</size>
         <input_file_ref idref="fl-1f"/>
      </object_component>
      <object_component id="oc-245">
         <name>.text:ClockP_startup</name>
         <load_address>0x101c</load_address>
         <run_address>0x101c</run_address>
         <size>0xb4</size>
         <input_file_ref idref="fl-1a"/>
      </object_component>
      <object_component id="oc-33c">
         <name>.text:ClockP_workFuncDynamic</name>
         <load_address>0x10d0</load_address>
         <run_address>0x10d0</run_address>
         <size>0xac</size>
         <input_file_ref idref="fl-1a"/>
      </object_component>
      <object_component id="oc-454">
         <name>.text:PWMTimerMSP432_stop</name>
         <load_address>0x117c</load_address>
         <run_address>0x117c</run_address>
         <size>0xa4</size>
         <input_file_ref idref="fl-13"/>
      </object_component>
      <object_component id="oc-362">
         <name>.text:SemaphoreP_pend</name>
         <load_address>0x1220</load_address>
         <run_address>0x1220</run_address>
         <size>0xa0</size>
         <input_file_ref idref="fl-18"/>
      </object_component>
      <object_component id="oc-198">
         <name>.text:Power_init</name>
         <load_address>0x12c0</load_address>
         <run_address>0x12c0</run_address>
         <size>0x9c</size>
         <input_file_ref idref="fl-11"/>
      </object_component>
      <object_component id="oc-5cb">
         <name>.text:SwiP_dispatch</name>
         <load_address>0x135c</load_address>
         <run_address>0x135c</run_address>
         <size>0x9c</size>
         <input_file_ref idref="fl-1f"/>
      </object_component>
      <object_component id="oc-3a">
         <name>.text</name>
         <load_address>0x13f8</load_address>
         <run_address>0x13f8</run_address>
         <size>0x9c</size>
         <input_file_ref idref="fl-da"/>
      </object_component>
      <object_component id="oc-122">
         <name>.text:mainThreadBuzzer</name>
         <load_address>0x1494</load_address>
         <run_address>0x1494</run_address>
         <size>0x98</size>
         <input_file_ref idref="fl-2"/>
      </object_component>
      <object_component id="oc-24b">
         <name>.text</name>
         <load_address>0x152c</load_address>
         <run_address>0x152c</run_address>
         <size>0x96</size>
         <input_file_ref idref="fl-db"/>
      </object_component>
      <object_component id="oc-19e">
         <name>.text:Board_initHook</name>
         <load_address>0x15c2</load_address>
         <run_address>0x15c2</run_address>
         <size>0x2</size>
         <input_file_ref idref="fl-5"/>
      </object_component>
      <object_component id="oc-43c">
         <name>.text:PWMTimerMSP432_setDuty</name>
         <load_address>0x15c4</load_address>
         <run_address>0x15c4</run_address>
         <size>0x94</size>
         <input_file_ref idref="fl-13"/>
      </object_component>
      <object_component id="oc-424">
         <name>.text:PWMTimerMSP432_close</name>
         <load_address>0x1658</load_address>
         <run_address>0x1658</run_address>
         <size>0x88</size>
         <input_file_ref idref="fl-13"/>
      </object_component>
      <object_component id="oc-44e">
         <name>.text:PWMTimerMSP432_start</name>
         <load_address>0x16e0</load_address>
         <run_address>0x16e0</run_address>
         <size>0x84</size>
         <input_file_ref idref="fl-13"/>
      </object_component>
      <object_component id="oc-530">
         <name>.text:restartHFXT</name>
         <load_address>0x1764</load_address>
         <run_address>0x1764</run_address>
         <size>0x84</size>
         <input_file_ref idref="fl-11"/>
      </object_component>
      <object_component id="oc-4ce">
         <name>.text:ClockP_start</name>
         <load_address>0x17e8</load_address>
         <run_address>0x17e8</run_address>
         <size>0x80</size>
         <input_file_ref idref="fl-1a"/>
      </object_component>
      <object_component id="oc-3ea">
         <name>.text:Interrupt_enableInterrupt</name>
         <load_address>0x1868</load_address>
         <run_address>0x1868</run_address>
         <size>0x80</size>
         <input_file_ref idref="fl-21"/>
      </object_component>
      <object_component id="oc-11c">
         <name>.text:mainThreadServo</name>
         <load_address>0x18e8</load_address>
         <run_address>0x18e8</run_address>
         <size>0x7e</size>
         <input_file_ref idref="fl-4"/>
      </object_component>
      <object_component id="oc-589">
         <name>.text:setConstraints</name>
         <load_address>0x1966</load_address>
         <run_address>0x1966</run_address>
         <size>0x7c</size>
         <input_file_ref idref="fl-13"/>
      </object_component>
      <object_component id="oc-430">
         <name>.text:PWMTimerMSP432_init</name>
         <load_address>0x19e2</load_address>
         <run_address>0x19e2</run_address>
         <size>0x2</size>
         <input_file_ref idref="fl-13"/>
      </object_component>
      <object_component id="oc-4a6">
         <name>.text:ClockP_walkQueueDynamic</name>
         <load_address>0x19e4</load_address>
         <run_address>0x19e4</run_address>
         <size>0x78</size>
         <input_file_ref idref="fl-1a"/>
      </object_component>
      <object_component id="oc-583">
         <name>.text:TimerMSP432_allocateTimerResource</name>
         <load_address>0x1a5c</load_address>
         <run_address>0x1a5c</run_address>
         <size>0x78</size>
         <input_file_ref idref="fl-14"/>
      </object_component>
      <object_component id="oc-2e3">
         <name>.text:HwiP_construct</name>
         <load_address>0x1ad4</load_address>
         <run_address>0x1ad4</run_address>
         <size>0x70</size>
         <input_file_ref idref="fl-1c"/>
      </object_component>
      <object_component id="oc-4ff">
         <name>.text:split</name>
         <load_address>0x1b44</load_address>
         <run_address>0x1b44</run_address>
         <size>0x70</size>
         <input_file_ref idref="fl-df"/>
      </object_component>
      <object_component id="oc-4a0">
         <name>.text:TimerP_getCurrentTick</name>
         <load_address>0x1bb4</load_address>
         <run_address>0x1bb4</run_address>
         <size>0x6c</size>
         <input_file_ref idref="fl-1b"/>
      </object_component>
      <object_component id="oc-5a7">
         <name>.text:perfChangeNotifyFxn</name>
         <load_address>0x1c20</load_address>
         <run_address>0x1c20</run_address>
         <size>0x6a</size>
         <input_file_ref idref="fl-13"/>
      </object_component>
      <object_component id="oc-2f2">
         <name>.text:PowerMSP432_initPolicy</name>
         <load_address>0x1c8a</load_address>
         <run_address>0x1c8a</run_address>
         <size>0x2</size>
         <input_file_ref idref="fl-19"/>
      </object_component>
      <object_component id="oc-1dc">
         <name>.text:ClockP_usleep</name>
         <load_address>0x1c8c</load_address>
         <run_address>0x1c8c</run_address>
         <size>0x68</size>
         <input_file_ref idref="fl-1a"/>
      </object_component>
      <object_component id="oc-639">
         <name>.text:Interrupt_pendInterrupt</name>
         <load_address>0x1cf4</load_address>
         <run_address>0x1cf4</run_address>
         <size>0x68</size>
         <input_file_ref idref="fl-21"/>
      </object_component>
      <object_component id="oc-565">
         <name>.text:PowerMSP432_getFreqs</name>
         <load_address>0x1d5c</load_address>
         <run_address>0x1d5c</run_address>
         <size>0x68</size>
         <input_file_ref idref="fl-11"/>
      </object_component>
      <object_component id="oc-4b3">
         <name>.text:SwiP_post</name>
         <load_address>0x1dc4</load_address>
         <run_address>0x1dc4</run_address>
         <size>0x68</size>
         <input_file_ref idref="fl-1f"/>
      </object_component>
      <object_component id="oc-12">
         <name>.text:decompress:lzss:__TI_decompress_lzss</name>
         <load_address>0x1e2c</load_address>
         <run_address>0x1e2c</run_address>
         <size>0x68</size>
         <input_file_ref idref="fl-de"/>
      </object_component>
      <object_component id="oc-59b">
         <name>.text:initHw</name>
         <load_address>0x1e94</load_address>
         <run_address>0x1e94</run_address>
         <size>0x68</size>
         <input_file_ref idref="fl-13"/>
      </object_component>
      <object_component id="oc-3de">
         <name>.text:Interrupt_registerInterrupt</name>
         <load_address>0x1efc</load_address>
         <run_address>0x1efc</run_address>
         <size>0x5c</size>
         <input_file_ref idref="fl-21"/>
      </object_component>
      <object_component id="oc-494">
         <name>.text:TimerP_dynamicStub</name>
         <load_address>0x1f58</load_address>
         <run_address>0x1f58</run_address>
         <size>0x58</size>
         <input_file_ref idref="fl-1b"/>
      </object_component>
      <object_component id="oc-3e4">
         <name>.text:Interrupt_setPriority</name>
         <load_address>0x1fb0</load_address>
         <run_address>0x1fb0</run_address>
         <size>0x54</size>
         <input_file_ref idref="fl-21"/>
      </object_component>
      <object_component id="oc-54a">
         <name>.text:TimerMSP432_freeTimerResource</name>
         <load_address>0x2004</load_address>
         <run_address>0x2004</run_address>
         <size>0x54</size>
         <input_file_ref idref="fl-14"/>
      </object_component>
      <object_component id="oc-26c">
         <name>.text:TimerP_getCount64</name>
         <load_address>0x2058</load_address>
         <run_address>0x2058</run_address>
         <size>0x54</size>
         <input_file_ref idref="fl-1b"/>
      </object_component>
      <object_component id="oc-35c">
         <name>.text:SemaphoreP_construct</name>
         <load_address>0x20ac</load_address>
         <run_address>0x20ac</run_address>
         <size>0x50</size>
         <input_file_ref idref="fl-18"/>
      </object_component>
      <object_component id="oc-2f8">
         <name>.text:PowerMSP432_sleepPolicy</name>
         <load_address>0x20fc</load_address>
         <run_address>0x20fc</run_address>
         <size>0x48</size>
         <input_file_ref idref="fl-19"/>
      </object_component>
      <object_component id="oc-595">
         <name>.text:Power_releaseConstraint</name>
         <load_address>0x2144</load_address>
         <run_address>0x2144</run_address>
         <size>0x48</size>
         <input_file_ref idref="fl-11"/>
      </object_component>
      <object_component id="oc-1ac">
         <name>.text:PWM_init</name>
         <load_address>0x218c</load_address>
         <run_address>0x218c</run_address>
         <size>0x44</size>
         <input_file_ref idref="fl-12"/>
      </object_component>
      <object_component id="oc-41d">
         <name>.text:SwiP_restore</name>
         <load_address>0x21d0</load_address>
         <run_address>0x21d0</run_address>
         <size>0x44</size>
         <input_file_ref idref="fl-1f"/>
      </object_component>
      <object_component id="oc-488">
         <name>.text:TimerP_start</name>
         <load_address>0x2214</load_address>
         <run_address>0x2214</run_address>
         <size>0x44</size>
         <input_file_ref idref="fl-1b"/>
      </object_component>
      <object_component id="oc-135">
         <name>.text:__TI_auto_init_nobinit_nopinit:__TI_auto_init_nobinit_nopinit</name>
         <load_address>0x2258</load_address>
         <run_address>0x2258</run_address>
         <size>0x44</size>
         <input_file_ref idref="fl-e3"/>
      </object_component>
      <object_component id="oc-1b8">
         <name>.text:PWM_open</name>
         <load_address>0x229c</load_address>
         <run_address>0x229c</run_address>
         <size>0x40</size>
         <input_file_ref idref="fl-12"/>
      </object_component>
      <object_component id="oc-5ec">
         <name>.text:TimerP_setNextTick</name>
         <load_address>0x22dc</load_address>
         <run_address>0x22dc</run_address>
         <size>0x40</size>
         <input_file_ref idref="fl-1b"/>
      </object_component>
      <object_component id="oc-571">
         <name>.text:getDutyCounts</name>
         <load_address>0x231c</load_address>
         <run_address>0x231c</run_address>
         <size>0x40</size>
         <input_file_ref idref="fl-13"/>
      </object_component>
      <object_component id="oc-56b">
         <name>.text:getPeriodCounts</name>
         <load_address>0x235c</load_address>
         <run_address>0x235c</run_address>
         <size>0x40</size>
         <input_file_ref idref="fl-13"/>
      </object_component>
      <object_component id="oc-47c">
         <name>.text:TimerP_initDevice</name>
         <load_address>0x239c</load_address>
         <run_address>0x239c</run_address>
         <size>0x3c</size>
         <input_file_ref idref="fl-1b"/>
      </object_component>
      <object_component id="oc-559">
         <name>.text:Power_setConstraint</name>
         <load_address>0x23d8</load_address>
         <run_address>0x23d8</run_address>
         <size>0x38</size>
         <input_file_ref idref="fl-11"/>
      </object_component>
      <object_component id="oc-524">
         <name>.text:notify</name>
         <load_address>0x2410</load_address>
         <run_address>0x2410</run_address>
         <size>0x38</size>
         <input_file_ref idref="fl-11"/>
      </object_component>
      <object_component id="oc-a8">
         <name>.text:_c_int00_noargs:_c_int00_noargs</name>
         <load_address>0x2448</load_address>
         <run_address>0x2448</run_address>
         <size>0x34</size>
         <input_file_ref idref="fl-e0"/>
      </object_component>
      <object_component id="oc-550">
         <name>.text:mapPin</name>
         <load_address>0x247c</load_address>
         <run_address>0x247c</run_address>
         <size>0x30</size>
         <input_file_ref idref="fl-13"/>
      </object_component>
      <object_component id="oc-213">
         <name>.text:HwiP_create</name>
         <load_address>0x24ac</load_address>
         <run_address>0x24ac</run_address>
         <size>0x2a</size>
         <input_file_ref idref="fl-1c"/>
      </object_component>
      <object_component id="oc-2d1">
         <name>.text:PowerMSP432_updateFreqs</name>
         <load_address>0x24d6</load_address>
         <run_address>0x24d6</run_address>
         <size>0x2</size>
         <input_file_ref idref="fl-19"/>
      </object_component>
      <object_component id="oc-1ca">
         <name>.text:ClockP_sleep</name>
         <load_address>0x24d8</load_address>
         <run_address>0x24d8</run_address>
         <size>0x28</size>
         <input_file_ref idref="fl-1a"/>
      </object_component>
      <object_component id="oc-58f">
         <name>.text:Power_registerNotify</name>
         <load_address>0x2500</load_address>
         <run_address>0x2500</run_address>
         <size>0x28</size>
         <input_file_ref idref="fl-11"/>
      </object_component>
      <object_component id="oc-2bf">
         <name>.text:disableFaultCounter</name>
         <load_address>0x2528</load_address>
         <run_address>0x2528</run_address>
         <size>0x28</size>
         <input_file_ref idref="fl-11"/>
      </object_component>
      <object_component id="oc-52a">
         <name>.text:disableHFXT</name>
         <load_address>0x2550</load_address>
         <run_address>0x2550</run_address>
         <size>0x28</size>
         <input_file_ref idref="fl-11"/>
      </object_component>
      <object_component id="oc-403">
         <name>.text:free_list_insert</name>
         <load_address>0x2578</load_address>
         <run_address>0x2578</run_address>
         <size>0x28</size>
         <input_file_ref idref="fl-df"/>
      </object_component>
      <object_component id="oc-65d">
         <name>.text:List_put</name>
         <load_address>0x25a0</load_address>
         <run_address>0x25a0</run_address>
         <size>0x26</size>
         <input_file_ref idref="fl-15"/>
      </object_component>
      <object_component id="oc-641">
         <name>.text:List_remove</name>
         <load_address>0x25c6</load_address>
         <run_address>0x25c6</run_address>
         <size>0x26</size>
         <input_file_ref idref="fl-15"/>
      </object_component>
      <object_component id="oc-53e">
         <name>.text:releaseConstraints</name>
         <load_address>0x25ec</load_address>
         <run_address>0x25ec</run_address>
         <size>0x26</size>
         <input_file_ref idref="fl-13"/>
      </object_component>
      <object_component id="oc-368">
         <name>.text:SemaphoreP_destruct</name>
         <load_address>0x2612</load_address>
         <run_address>0x2612</run_address>
         <size>0x2</size>
         <input_file_ref idref="fl-18"/>
      </object_component>
      <object_component id="oc-60d">
         <name>.text:ClockP_getTicks</name>
         <load_address>0x2614</load_address>
         <run_address>0x2614</run_address>
         <size>0x24</size>
         <input_file_ref idref="fl-1a"/>
      </object_component>
      <object_component id="oc-4ac">
         <name>.text:ClockP_scheduleNextTick</name>
         <load_address>0x2638</load_address>
         <run_address>0x2638</run_address>
         <size>0x24</size>
         <input_file_ref idref="fl-1a"/>
      </object_component>
      <object_component id="oc-3f0">
         <name>.text:HwiP_dispatch</name>
         <load_address>0x265c</load_address>
         <run_address>0x265c</run_address>
         <size>0x24</size>
         <input_file_ref idref="fl-1c"/>
      </object_component>
      <object_component id="oc-250">
         <name>.text:sleepTicks</name>
         <load_address>0x2680</load_address>
         <run_address>0x2680</run_address>
         <size>0x24</size>
         <input_file_ref idref="fl-1a"/>
      </object_component>
      <object_component id="oc-2b9">
         <name>.text:CS_setExternalClockSourceFrequency</name>
         <load_address>0x26a4</load_address>
         <run_address>0x26a4</run_address>
         <size>0x20</size>
         <input_file_ref idref="fl-20"/>
      </object_component>
      <object_component id="oc-4c8">
         <name>.text:ClockP_add</name>
         <load_address>0x26c4</load_address>
         <run_address>0x26c4</run_address>
         <size>0x20</size>
         <input_file_ref idref="fl-1a"/>
      </object_component>
      <object_component id="oc-544">
         <name>.text:Power_unregisterNotify</name>
         <load_address>0x26e4</load_address>
         <run_address>0x26e4</run_address>
         <size>0x20</size>
         <input_file_ref idref="fl-11"/>
      </object_component>
      <object_component id="oc-5f3">
         <name>.text:QueueP_put</name>
         <load_address>0x2704</load_address>
         <run_address>0x2704</run_address>
         <size>0x20</size>
         <input_file_ref idref="fl-1e"/>
      </object_component>
      <object_component id="oc-577">
         <name>.text:corroboratePeriod</name>
         <load_address>0x2724</load_address>
         <run_address>0x2724</run_address>
         <size>0x1e</size>
         <input_file_ref idref="fl-13"/>
      </object_component>
      <object_component id="oc-282">
         <name>.text:_nop</name>
         <load_address>0x2742</load_address>
         <run_address>0x2742</run_address>
         <size>0x2</size>
         <input_file_ref idref="fl-e7"/>
      </object_component>
      <object_component id="oc-40b">
         <name>.text:SwiP_disable</name>
         <load_address>0x2744</load_address>
         <run_address>0x2744</run_address>
         <size>0x1c</size>
         <input_file_ref idref="fl-1f"/>
      </object_component>
      <object_component id="oc-46">
         <name>.text:decompress:ZI:__TI_zero_init_nomemset:__TI_zero_init_nomemset</name>
         <load_address>0x2760</load_address>
         <run_address>0x2760</run_address>
         <size>0x1c</size>
         <input_file_ref idref="fl-dc"/>
      </object_component>
      <object_component id="oc-3fd">
         <name>.text:free_list_remove</name>
         <load_address>0x277c</load_address>
         <run_address>0x277c</run_address>
         <size>0x1c</size>
         <input_file_ref idref="fl-df"/>
      </object_component>
      <object_component id="oc-671">
         <name>.text:QueueP_get</name>
         <load_address>0x2798</load_address>
         <run_address>0x2798</run_address>
         <size>0x1a</size>
         <input_file_ref idref="fl-1e"/>
      </object_component>
      <object_component id="oc-4e0">
         <name>.text:ClockP_destruct</name>
         <load_address>0x27b2</load_address>
         <run_address>0x27b2</run_address>
         <size>0x18</size>
         <input_file_ref idref="fl-1a"/>
      </object_component>
      <object_component id="oc-6c">
         <name>.text:busFaultISR</name>
         <load_address>0x27ca</load_address>
         <run_address>0x27ca</run_address>
         <size>0x2</size>
         <input_file_ref idref="fl-1d"/>
      </object_component>
      <object_component id="oc-3b7">
         <name>.text:SysCtl_A_disableNMISource</name>
         <load_address>0x27cc</load_address>
         <run_address>0x27cc</run_address>
         <size>0x18</size>
         <input_file_ref idref="fl-23"/>
      </object_component>
      <object_component id="oc-3c3">
         <name>.text:SysCtl_A_enableNMISource</name>
         <load_address>0x27e4</load_address>
         <run_address>0x27e4</run_address>
         <size>0x18</size>
         <input_file_ref idref="fl-23"/>
      </object_component>
      <object_component id="oc-57d">
         <name>.text:corroborateDuty</name>
         <load_address>0x27fc</load_address>
         <run_address>0x27fc</run_address>
         <size>0x18</size>
         <input_file_ref idref="fl-13"/>
      </object_component>
      <object_component id="oc-f6">
         <name>.text:main</name>
         <load_address>0x2814</load_address>
         <run_address>0x2814</run_address>
         <size>0x18</size>
         <input_file_ref idref="fl-3"/>
      </object_component>
      <object_component id="oc-1f">
         <name>.text:resetISR</name>
         <load_address>0x282c</load_address>
         <run_address>0x282c</run_address>
         <size>0x18</size>
         <input_file_ref idref="fl-1d"/>
      </object_component>
      <object_component id="oc-66b">
         <name>.text:maxbit</name>
         <load_address>0x2844</load_address>
         <run_address>0x2844</run_address>
         <size>0x16</size>
         <input_file_ref idref="fl-1f"/>
      </object_component>
      <object_component id="oc-4e6">
         <name>.text:clkFxn</name>
         <load_address>0x285a</load_address>
         <run_address>0x285a</run_address>
         <size>0x2</size>
         <input_file_ref idref="fl-18"/>
      </object_component>
      <object_component id="oc-1b2">
         <name>.text:PWM_Params_init</name>
         <load_address>0x285c</load_address>
         <run_address>0x285c</run_address>
         <size>0x14</size>
         <input_file_ref idref="fl-12"/>
      </object_component>
      <object_component id="oc-682">
         <name>.text:Power_idleFunc</name>
         <load_address>0x2870</load_address>
         <run_address>0x2870</run_address>
         <size>0x14</size>
         <input_file_ref idref="fl-11"/>
      </object_component>
      <object_component id="oc-471">
         <name>.text:SwiP_handleHwi</name>
         <load_address>0x2884</load_address>
         <run_address>0x2884</run_address>
         <size>0x14</size>
         <input_file_ref idref="fl-1f"/>
      </object_component>
      <object_component id="oc-38c">
         <name>.text:TimerP_getCount</name>
         <load_address>0x2898</load_address>
         <run_address>0x2898</run_address>
         <size>0x14</size>
         <input_file_ref idref="fl-1b"/>
      </object_component>
      <object_component id="oc-20d">
         <name>.text:HwiP_Params_init</name>
         <load_address>0x28ac</load_address>
         <run_address>0x28ac</run_address>
         <size>0x12</size>
         <input_file_ref idref="fl-1c"/>
      </object_component>
      <object_component id="oc-228">
         <name>.text:HwiP_disable</name>
         <load_address>0x28be</load_address>
         <run_address>0x28be</run_address>
         <size>0x10</size>
         <input_file_ref idref="fl-1c"/>
      </object_component>
      <object_component id="oc-52">
         <name>.text:Interrupt_disableMaster</name>
         <load_address>0x28ce</load_address>
         <run_address>0x28ce</run_address>
         <size>0x10</size>
         <input_file_ref idref="fl-21"/>
      </object_component>
      <object_component id="oc-1a5">
         <name>.text:Interrupt_enableMaster</name>
         <load_address>0x28de</load_address>
         <run_address>0x28de</run_address>
         <size>0x10</size>
         <input_file_ref idref="fl-21"/>
      </object_component>
      <object_component id="oc-66">
         <name>.text:defaultISR</name>
         <load_address>0x28ee</load_address>
         <run_address>0x28ee</run_address>
         <size>0x2</size>
         <input_file_ref idref="fl-1d"/>
      </object_component>
      <object_component id="oc-656">
         <name>.text:PowerMSP432_getNumPerfLevels</name>
         <load_address>0x28f0</load_address>
         <run_address>0x28f0</run_address>
         <size>0x10</size>
         <input_file_ref idref="fl-11"/>
      </object_component>
      <object_component id="oc-4d4">
         <name>.text:Power_enablePolicy</name>
         <load_address>0x2900</load_address>
         <run_address>0x2900</run_address>
         <size>0x10</size>
         <input_file_ref idref="fl-11"/>
      </object_component>
      <object_component id="oc-4bd">
         <name>.text:SemaphoreP_Params_init</name>
         <load_address>0x2910</load_address>
         <run_address>0x2910</run_address>
         <size>0x10</size>
         <input_file_ref idref="fl-18"/>
      </object_component>
      <object_component id="oc-318">
         <name>.text:SwiP_Params_init</name>
         <load_address>0x2920</load_address>
         <run_address>0x2920</run_address>
         <size>0x10</size>
         <input_file_ref idref="fl-1f"/>
      </object_component>
      <object_component id="oc-3b1">
         <name>.text:SysCtl_A_getNMISourceStatus</name>
         <load_address>0x2930</load_address>
         <run_address>0x2930</run_address>
         <size>0x10</size>
         <input_file_ref idref="fl-23"/>
      </object_component>
      <object_component id="oc-632">
         <name>.text:SysCtl_getNMISourceStatus</name>
         <load_address>0x2940</load_address>
         <run_address>0x2940</run_address>
         <size>0x10</size>
         <input_file_ref idref="fl-22"/>
      </object_component>
      <object_component id="oc-324">
         <name>.text:TimerP_Params_init</name>
         <load_address>0x2950</load_address>
         <run_address>0x2950</run_address>
         <size>0x10</size>
         <input_file_ref idref="fl-1b"/>
      </object_component>
      <object_component id="oc-677">
         <name>.text:QueueP_empty</name>
         <load_address>0x2960</load_address>
         <run_address>0x2960</run_address>
         <size>0xe</size>
         <input_file_ref idref="fl-1e"/>
      </object_component>
      <object_component id="oc-616">
         <name>.text:QueueP_remove</name>
         <load_address>0x296e</load_address>
         <run_address>0x296e</run_address>
         <size>0xe</size>
         <input_file_ref idref="fl-1e"/>
      </object_component>
      <object_component id="oc-18">
         <name>.text:decompress:none:__TI_decompress_none</name>
         <load_address>0x297c</load_address>
         <run_address>0x297c</run_address>
         <size>0xe</size>
         <input_file_ref idref="fl-dd"/>
      </object_component>
      <object_component id="oc-110">
         <name>.text:Board_init</name>
         <load_address>0x298a</load_address>
         <run_address>0x298a</run_address>
         <size>0xc</size>
         <input_file_ref idref="fl-5"/>
      </object_component>
      <object_component id="oc-96">
         <name>.text:CPU_cpsid</name>
         <load_address>0x2996</load_address>
         <run_address>0x2996</run_address>
         <size>0xc</size>
         <input_file_ref idref="fl-24"/>
      </object_component>
      <object_component id="oc-221">
         <name>.text:CPU_cpsie</name>
         <load_address>0x29a2</load_address>
         <run_address>0x29a2</run_address>
         <size>0xc</size>
         <input_file_ref idref="fl-24"/>
      </object_component>
      <object_component id="oc-60">
         <name>.text:faultISR</name>
         <load_address>0x29ae</load_address>
         <run_address>0x29ae</run_address>
         <size>0x2</size>
         <input_file_ref idref="fl-1d"/>
      </object_component>
      <object_component id="oc-342">
         <name>.text:ClockP_doTick</name>
         <load_address>0x29b0</load_address>
         <run_address>0x29b0</run_address>
         <size>0xc</size>
         <input_file_ref idref="fl-1a"/>
      </object_component>
      <object_component id="oc-411">
         <name>.text:Power_getConstraintMask</name>
         <load_address>0x29bc</load_address>
         <run_address>0x29bc</run_address>
         <size>0xc</size>
         <input_file_ref idref="fl-11"/>
      </object_component>
      <object_component id="oc-55f">
         <name>.text:Power_getPerformanceLevel</name>
         <load_address>0x29c8</load_address>
         <run_address>0x29c8</run_address>
         <size>0xc</size>
         <input_file_ref idref="fl-11"/>
      </object_component>
      <object_component id="oc-336">
         <name>.text:TimerP_getFreq</name>
         <load_address>0x29d4</load_address>
         <run_address>0x29d4</run_address>
         <size>0xc</size>
         <input_file_ref idref="fl-1b"/>
      </object_component>
      <object_component id="oc-330">
         <name>.text:TimerP_getMaxTicks</name>
         <load_address>0x29e0</load_address>
         <run_address>0x29e0</run_address>
         <size>0xc</size>
         <input_file_ref idref="fl-1b"/>
      </object_component>
      <object_component id="oc-1c4">
         <name>.text:PWM_setDuty</name>
         <load_address>0x29ec</load_address>
         <run_address>0x29ec</run_address>
         <size>0xa</size>
         <input_file_ref idref="fl-12"/>
      </object_component>
      <object_component id="oc-1be">
         <name>.text:PWM_start</name>
         <load_address>0x29f6</load_address>
         <run_address>0x29f6</run_address>
         <size>0xa</size>
         <input_file_ref idref="fl-12"/>
      </object_component>
      <object_component id="oc-22e">
         <name>.text:HwiP_restore</name>
         <load_address>0x2a00</load_address>
         <run_address>0x2a00</run_address>
         <size>0x8</size>
         <input_file_ref idref="fl-1c"/>
      </object_component>
      <object_component id="oc-2dd">
         <name>.text:malloc</name>
         <load_address>0x2a08</load_address>
         <run_address>0x2a08</run_address>
         <size>0x8</size>
         <input_file_ref idref="fl-df"/>
      </object_component>
      <object_component id="oc-42a">
         <name>.text:PWMTimerMSP432_control</name>
         <load_address>0x2a10</load_address>
         <run_address>0x2a10</run_address>
         <size>0x6</size>
         <input_file_ref idref="fl-13"/>
      </object_component>
      <object_component id="oc-448">
         <name>.text:PWMTimerMSP432_setDutyAndPeriod</name>
         <load_address>0x2a16</load_address>
         <run_address>0x2a16</run_address>
         <size>0x6</size>
         <input_file_ref idref="fl-13"/>
      </object_component>
      <object_component id="oc-312">
         <name>.text:QueueP_init</name>
         <load_address>0x2a1c</load_address>
         <run_address>0x2a1c</run_address>
         <size>0x6</size>
         <input_file_ref idref="fl-1e"/>
      </object_component>
      <object_component id="oc-4da">
         <name>.text:ClockP_isActive</name>
         <load_address>0x2a22</load_address>
         <run_address>0x2a22</run_address>
         <size>0x4</size>
         <input_file_ref idref="fl-1a"/>
      </object_component>
      <object_component id="oc-116">
         <name>.text:HwiP_enable</name>
         <load_address>0x2a26</load_address>
         <run_address>0x2a26</run_address>
         <size>0x4</size>
         <input_file_ref idref="fl-1c"/>
      </object_component>
      <object_component id="oc-537">
         <name>.text:HwiP_post</name>
         <load_address>0x2a2a</load_address>
         <run_address>0x2a2a</run_address>
         <size>0x4</size>
         <input_file_ref idref="fl-1c"/>
      </object_component>
      <object_component id="oc-5df">
         <name>.text:QueueP_head</name>
         <load_address>0x2a2e</load_address>
         <run_address>0x2a2e</run_address>
         <size>0x4</size>
         <input_file_ref idref="fl-1e"/>
      </object_component>
      <object_component id="oc-5e5">
         <name>.text:QueueP_next</name>
         <load_address>0x2a32</load_address>
         <run_address>0x2a32</run_address>
         <size>0x4</size>
         <input_file_ref idref="fl-1e"/>
      </object_component>
      <object_component id="oc-482">
         <name>.text:TimerP_setPeriod</name>
         <load_address>0x2a36</load_address>
         <run_address>0x2a36</run_address>
         <size>0x4</size>
         <input_file_ref idref="fl-1b"/>
      </object_component>
      <object_component id="oc-f0">
         <name>.text:_system_pre_init</name>
         <load_address>0x2a3a</load_address>
         <run_address>0x2a3a</run_address>
         <size>0x4</size>
         <input_file_ref idref="fl-e4"/>
      </object_component>
      <object_component id="oc-129">
         <name>.text:abort:abort</name>
         <load_address>0x2a3e</load_address>
         <run_address>0x2a3e</run_address>
         <size>0x4</size>
         <input_file_ref idref="fl-e6"/>
      </object_component>
      <object_component id="oc-5a">
         <name>.text:nmiISR</name>
         <load_address>0x2a42</load_address>
         <run_address>0x2a42</run_address>
         <size>0x2</size>
         <input_file_ref idref="fl-1d"/>
      </object_component>
      <object_component id="oc-356">
         <name>.text</name>
         <load_address>0x2a44</load_address>
         <run_address>0x2a44</run_address>
         <size>0x2</size>
         <input_file_ref idref="fl-e1"/>
      </object_component>
      <object_component id="oc-50e">
         <name>.const:g_pulRegs</name>
         <load_address>0x2a48</load_address>
         <run_address>0x2a48</run_address>
         <size>0x50</size>
         <input_file_ref idref="fl-21"/>
      </object_component>
      <object_component id="oc-21c">
         <name>.const:PowerMSP432_config</name>
         <load_address>0x2a98</load_address>
         <run_address>0x2a98</run_address>
         <size>0x38</size>
         <input_file_ref idref="fl-5"/>
      </object_component>
      <object_component id="oc-307">
         <name>.const:PWMTimerMSP432_fxnTable</name>
         <load_address>0x2ad0</load_address>
         <run_address>0x2ad0</run_address>
         <size>0x24</size>
         <input_file_ref idref="fl-13"/>
      </object_component>
      <object_component id="oc-23a">
         <name>.const:PWM_config</name>
         <load_address>0x2af4</load_address>
         <run_address>0x2af4</run_address>
         <size>0x18</size>
         <input_file_ref idref="fl-5"/>
      </object_component>
      <object_component id="oc-23e">
         <name>.const:PWM_defaultParams</name>
         <load_address>0x2b0c</load_address>
         <run_address>0x2b0c</run_address>
         <size>0x18</size>
         <input_file_ref idref="fl-12"/>
      </object_component>
      <object_component id="oc-460">
         <name>.const:SwiP_defaultParams</name>
         <load_address>0x2b24</load_address>
         <run_address>0x2b24</run_address>
         <size>0x10</size>
         <input_file_ref idref="fl-1f"/>
      </object_component>
      <object_component id="oc-5a4">
         <name>.const:pwmTimerBaseAddr</name>
         <load_address>0x2b34</load_address>
         <run_address>0x2b34</run_address>
         <size>0x10</size>
         <input_file_ref idref="fl-13"/>
      </object_component>
      <object_component id="oc-30b">
         <name>.const:pwmTimerMSP432HWAttrs</name>
         <load_address>0x2b44</load_address>
         <run_address>0x2b44</run_address>
         <size>0x10</size>
         <input_file_ref idref="fl-5"/>
      </object_component>
      <object_component id="oc-512">
         <name>.const:g_pulEnRegs</name>
         <load_address>0x2b54</load_address>
         <run_address>0x2b54</run_address>
         <size>0x8</size>
         <input_file_ref idref="fl-21"/>
      </object_component>
      <object_component id="oc-68e">
         <name>.const:g_pulPendRegs</name>
         <load_address>0x2b5c</load_address>
         <run_address>0x2b5c</run_address>
         <size>0x8</size>
         <input_file_ref idref="fl-21"/>
      </object_component>
      <object_component id="oc-237">
         <name>.const</name>
         <load_address>0x2b64</load_address>
         <run_address>0x2b64</run_address>
         <size>0x1</size>
         <input_file_ref idref="fl-5"/>
      </object_component>
      <object_component id="oc-6e1">
         <name>.cinit..data.load</name>
         <load_address>0x2b68</load_address>
         <run_address>0x2b68</run_address>
         <size>0x86</size>
      </object_component>
      <object_component id="oc-6df">
         <name>__TI_handler_table</name>
         <load_address>0x2bf0</load_address>
         <run_address>0x2bf0</run_address>
         <size>0xc</size>
      </object_component>
      <object_component id="oc-6e2">
         <name>.cinit..bss.load</name>
         <load_address>0x2c00</load_address>
         <run_address>0x2c00</run_address>
         <size>0x8</size>
      </object_component>
      <object_component id="oc-6e3">
         <name>.cinit..vtable.load</name>
         <load_address>0x2c08</load_address>
         <run_address>0x2c08</run_address>
         <size>0x8</size>
      </object_component>
      <object_component id="oc-6e0">
         <name>__TI_cinit_table</name>
         <load_address>0x2c10</load_address>
         <run_address>0x2c10</run_address>
         <size>0x18</size>
      </object_component>
      <object_component id="oc-219">
         <name>.data:PowerMSP432_module</name>
         <load_address>0x20008390</load_address>
         <run_address>0x20008390</run_address>
         <size>0x2c</size>
         <input_file_ref idref="fl-11"/>
      </object_component>
      <object_component id="oc-2d7">
         <name>.data:PowerMSP432_perfLevels</name>
         <load_address>0x20008140</load_address>
         <run_address>0x20008140</run_address>
         <size>0x140</size>
         <input_file_ref idref="fl-11"/>
      </object_component>
      <object_component id="oc-234">
         <name>.data</name>
         <load_address>0x200083f3</load_address>
         <run_address>0x200083f3</run_address>
         <size>0x1</size>
         <input_file_ref idref="fl-12"/>
      </object_component>
      <object_component id="oc-5a1">
         <name>.data:pwmTimerStatus</name>
         <load_address>0x20008280</load_address>
         <run_address>0x20008280</run_address>
         <size>0x110</size>
         <input_file_ref idref="fl-13"/>
      </object_component>
      <object_component id="oc-4c3">
         <name>.data</name>
         <load_address>0x200083f0</load_address>
         <run_address>0x200083f0</run_address>
         <size>0x3</size>
         <input_file_ref idref="fl-18"/>
      </object_component>
      <object_component id="oc-5fa">
         <name>.data:SemaphoreP_defaultParams</name>
         <load_address>0x200083d8</load_address>
         <run_address>0x200083d8</run_address>
         <size>0x8</size>
         <input_file_ref idref="fl-18"/>
      </object_component>
      <object_component id="oc-256">
         <name>.data</name>
         <load_address>0x200083e0</load_address>
         <run_address>0x200083e0</run_address>
         <size>0x8</size>
         <input_file_ref idref="fl-1a"/>
      </object_component>
      <object_component id="oc-48e">
         <name>.data</name>
         <load_address>0x200083f5</load_address>
         <run_address>0x200083f5</run_address>
         <size>0x1</size>
         <input_file_ref idref="fl-1b"/>
      </object_component>
      <object_component id="oc-478">
         <name>.data:TimerP_defaultParams</name>
         <load_address>0x200083bc</load_address>
         <run_address>0x200083bc</run_address>
         <size>0xc</size>
         <input_file_ref idref="fl-1b"/>
      </object_component>
      <object_component id="oc-3f9">
         <name>.data:HwiP_dispatchTable</name>
         <load_address>0x20008000</load_address>
         <run_address>0x20008000</run_address>
         <size>0x140</size>
         <input_file_ref idref="fl-1c"/>
      </object_component>
      <object_component id="oc-3f6">
         <name>.data</name>
         <load_address>0x200083e8</load_address>
         <run_address>0x200083e8</run_address>
         <size>0x8</size>
         <input_file_ref idref="fl-1c"/>
      </object_component>
      <object_component id="oc-465">
         <name>.data</name>
         <load_address>0x200083f4</load_address>
         <run_address>0x200083f4</run_address>
         <size>0x1</size>
         <input_file_ref idref="fl-1f"/>
      </object_component>
      <object_component id="oc-505">
         <name>.data:$O1$$</name>
         <load_address>0x200083d0</load_address>
         <run_address>0x200083d0</run_address>
         <size>0x8</size>
         <input_file_ref idref="fl-df"/>
      </object_component>
      <object_component id="oc-1e8">
         <name>.data:$O1$$</name>
         <load_address>0x200083c8</load_address>
         <run_address>0x200083c8</run_address>
         <size>0x8</size>
         <input_file_ref idref="fl-e7"/>
      </object_component>
      <object_component id="oc-648">
         <name>.bss:timerState</name>
         <uninitialized>true</uninitialized>
         <run_address>0x20008530</run_address>
         <size>0x4</size>
         <input_file_ref idref="fl-14"/>
      </object_component>
      <object_component id="oc-272">
         <name>.bss:ClockP_module</name>
         <uninitialized>true</uninitialized>
         <run_address>0x200083f8</run_address>
         <size>0xa0</size>
         <input_file_ref idref="fl-1a"/>
      </object_component>
      <object_component id="oc-348">
         <name>.bss:timerFreq</name>
         <uninitialized>true</uninitialized>
         <run_address>0x20008520</run_address>
         <size>0x8</size>
         <input_file_ref idref="fl-1a"/>
      </object_component>
      <object_component id="oc-275">
         <name>.bss</name>
         <uninitialized>true</uninitialized>
         <run_address>0x20008528</run_address>
         <size>0x4</size>
         <input_file_ref idref="fl-1a"/>
      </object_component>
      <object_component id="oc-49a">
         <name>.bss</name>
         <uninitialized>true</uninitialized>
         <run_address>0x2000852c</run_address>
         <size>0x4</size>
         <input_file_ref idref="fl-1b"/>
      </object_component>
      <object_component id="oc-491">
         <name>.bss:TimerP_hwiStruct</name>
         <uninitialized>true</uninitialized>
         <run_address>0x200084d4</run_address>
         <size>0x1c</size>
         <input_file_ref idref="fl-1b"/>
      </object_component>
      <object_component id="oc-46b">
         <name>.bss</name>
         <uninitialized>true</uninitialized>
         <run_address>0x20008508</run_address>
         <size>0xd</size>
         <input_file_ref idref="fl-1f"/>
      </object_component>
      <object_component id="oc-46e">
         <name>.bss:SwiP_hwiStruct</name>
         <uninitialized>true</uninitialized>
         <run_address>0x200084b8</run_address>
         <size>0x1c</size>
         <input_file_ref idref="fl-1f"/>
      </object_component>
      <object_component id="oc-468">
         <name>.bss:SwiP_readyList</name>
         <uninitialized>true</uninitialized>
         <run_address>0x20008498</run_address>
         <size>0x20</size>
         <input_file_ref idref="fl-1f"/>
      </object_component>
      <object_component id="oc-3ac">
         <name>.bss</name>
         <uninitialized>true</uninitialized>
         <run_address>0x20008518</run_address>
         <size>0x8</size>
         <input_file_ref idref="fl-20"/>
      </object_component>
      <object_component id="oc-30a">
         <name>.common:pwmTimerMSP432Objects</name>
         <uninitialized>true</uninitialized>
         <run_address>0x200084f0</run_address>
         <size>0x18</size>
      </object_component>
      <object_component id="oc-29">
         <name>.sysmem</name>
         <uninitialized>true</uninitialized>
         <run_address>0x20000000</run_address>
         <size>0x10</size>
         <input_file_ref idref="fl-df"/>
      </object_component>
      <object_component id="oc-6e6">
         <name>.sysmem</name>
         <uninitialized>true</uninitialized>
         <run_address>0x20000000</run_address>
         <size>0x0</size>
      </object_component>
      <object_component id="oc-2c">
         <name>.stack</name>
         <uninitialized>true</uninitialized>
         <run_address>0x2000f000</run_address>
         <size>0x4</size>
         <input_file_ref idref="fl-e0"/>
      </object_component>
      <object_component id="oc-6e5">
         <name>.stack</name>
         <uninitialized>true</uninitialized>
         <run_address>0x2000f000</run_address>
         <size>0x0</size>
      </object_component>
      <object_component id="oc-26">
         <name>.intvecs:retain</name>
         <load_address>0x0</load_address>
         <run_address>0x0</run_address>
         <size>0x144</size>
         <input_file_ref idref="fl-1d"/>
      </object_component>
      <object_component id="oc-509">
         <name>.vtable</name>
         <uninitialized>true</uninitialized>
         <run_address>0x20008800</run_address>
         <size>0xe8</size>
         <input_file_ref idref="fl-21"/>
      </object_component>
      <object_component id="oc-1e3">
         <name>.debug_info</name>
         <load_address>0x0</load_address>
         <run_address>0x0</run_address>
         <size>0x406</size>
         <input_file_ref idref="fl-2"/>
      </object_component>
      <object_component id="oc-123">
         <name>.debug_info</name>
         <load_address>0x406</load_address>
         <run_address>0x406</run_address>
         <size>0x224</size>
         <input_file_ref idref="fl-2"/>
      </object_component>
      <object_component id="oc-1d2">
         <name>.debug_info</name>
         <load_address>0x62a</load_address>
         <run_address>0x62a</run_address>
         <size>0x30f</size>
         <input_file_ref idref="fl-2"/>
      </object_component>
      <object_component id="oc-262">
         <name>.debug_info</name>
         <load_address>0x939</load_address>
         <run_address>0x939</run_address>
         <size>0x26b</size>
         <input_file_ref idref="fl-2"/>
      </object_component>
      <object_component id="oc-35">
         <name>.debug_info</name>
         <load_address>0xba4</load_address>
         <run_address>0xba4</run_address>
         <size>0x84</size>
         <input_file_ref idref="fl-2"/>
      </object_component>
      <object_component id="oc-267">
         <name>.debug_info</name>
         <load_address>0xc28</load_address>
         <run_address>0xc28</run_address>
         <size>0x2a4</size>
         <input_file_ref idref="fl-2"/>
      </object_component>
      <object_component id="oc-25d">
         <name>.debug_info</name>
         <load_address>0xecc</load_address>
         <run_address>0xecc</run_address>
         <size>0xef</size>
         <input_file_ref idref="fl-2"/>
      </object_component>
      <object_component id="oc-1d7">
         <name>.debug_info</name>
         <load_address>0xfbb</load_address>
         <run_address>0xfbb</run_address>
         <size>0xbb</size>
         <input_file_ref idref="fl-2"/>
      </object_component>
      <object_component id="oc-5be">
         <name>.debug_info</name>
         <load_address>0x1076</load_address>
         <run_address>0x1076</run_address>
         <size>0x53</size>
         <input_file_ref idref="fl-2"/>
      </object_component>
      <object_component id="oc-27b">
         <name>.debug_info</name>
         <load_address>0x10c9</load_address>
         <run_address>0x10c9</run_address>
         <size>0x53</size>
         <input_file_ref idref="fl-2"/>
      </object_component>
      <object_component id="oc-f7">
         <name>.debug_info</name>
         <load_address>0x111c</load_address>
         <run_address>0x111c</run_address>
         <size>0x166</size>
         <input_file_ref idref="fl-3"/>
      </object_component>
      <object_component id="oc-1d1">
         <name>.debug_info</name>
         <load_address>0x1282</load_address>
         <run_address>0x1282</run_address>
         <size>0x403</size>
         <input_file_ref idref="fl-4"/>
      </object_component>
      <object_component id="oc-11d">
         <name>.debug_info</name>
         <load_address>0x1685</load_address>
         <run_address>0x1685</run_address>
         <size>0x24a</size>
         <input_file_ref idref="fl-4"/>
      </object_component>
      <object_component id="oc-205">
         <name>.debug_info</name>
         <load_address>0x18cf</load_address>
         <run_address>0x18cf</run_address>
         <size>0x781</size>
         <input_file_ref idref="fl-5"/>
      </object_component>
      <object_component id="oc-30c">
         <name>.debug_info</name>
         <load_address>0x2050</load_address>
         <run_address>0x2050</run_address>
         <size>0x10b</size>
         <input_file_ref idref="fl-5"/>
      </object_component>
      <object_component id="oc-23b">
         <name>.debug_info</name>
         <load_address>0x215b</load_address>
         <run_address>0x215b</run_address>
         <size>0xf5</size>
         <input_file_ref idref="fl-5"/>
      </object_component>
      <object_component id="oc-238">
         <name>.debug_info</name>
         <load_address>0x2250</load_address>
         <run_address>0x2250</run_address>
         <size>0xf3</size>
         <input_file_ref idref="fl-5"/>
      </object_component>
      <object_component id="oc-21d">
         <name>.debug_info</name>
         <load_address>0x2343</load_address>
         <run_address>0x2343</run_address>
         <size>0x105</size>
         <input_file_ref idref="fl-5"/>
      </object_component>
      <object_component id="oc-19f">
         <name>.debug_info</name>
         <load_address>0x2448</load_address>
         <run_address>0x2448</run_address>
         <size>0x149</size>
         <input_file_ref idref="fl-5"/>
      </object_component>
      <object_component id="oc-111">
         <name>.debug_info</name>
         <load_address>0x2591</load_address>
         <run_address>0x2591</run_address>
         <size>0x167</size>
         <input_file_ref idref="fl-5"/>
      </object_component>
      <object_component id="oc-3a7">
         <name>.debug_info</name>
         <load_address>0x26f8</load_address>
         <run_address>0x26f8</run_address>
         <size>0xb6</size>
         <input_file_ref idref="fl-5"/>
      </object_component>
      <object_component id="oc-2a5">
         <name>.debug_info</name>
         <load_address>0x27ae</load_address>
         <run_address>0x27ae</run_address>
         <size>0x1cf</size>
         <input_file_ref idref="fl-5"/>
      </object_component>
      <object_component id="oc-2aa">
         <name>.debug_info</name>
         <load_address>0x297d</load_address>
         <run_address>0x297d</run_address>
         <size>0x4dc</size>
         <input_file_ref idref="fl-5"/>
      </object_component>
      <object_component id="oc-187">
         <name>.debug_info</name>
         <load_address>0x2e59</load_address>
         <run_address>0x2e59</run_address>
         <size>0xa1</size>
         <input_file_ref idref="fl-5"/>
      </object_component>
      <object_component id="oc-2b4">
         <name>.debug_info</name>
         <load_address>0x2efa</load_address>
         <run_address>0x2efa</run_address>
         <size>0x1028</size>
         <input_file_ref idref="fl-5"/>
      </object_component>
      <object_component id="oc-2af">
         <name>.debug_info</name>
         <load_address>0x3f22</load_address>
         <run_address>0x3f22</run_address>
         <size>0x37e2</size>
         <input_file_ref idref="fl-5"/>
      </object_component>
      <object_component id="oc-9d">
         <name>.debug_info</name>
         <load_address>0x7704</load_address>
         <run_address>0x7704</run_address>
         <size>0x8b</size>
         <input_file_ref idref="fl-5"/>
      </object_component>
      <object_component id="oc-109">
         <name>.debug_info</name>
         <load_address>0x778f</load_address>
         <run_address>0x778f</run_address>
         <size>0x947</size>
         <input_file_ref idref="fl-11"/>
      </object_component>
      <object_component id="oc-21a">
         <name>.debug_info</name>
         <load_address>0x80d6</load_address>
         <run_address>0x80d6</run_address>
         <size>0x121</size>
         <input_file_ref idref="fl-11"/>
      </object_component>
      <object_component id="oc-2d8">
         <name>.debug_info</name>
         <load_address>0x81f7</load_address>
         <run_address>0x81f7</run_address>
         <size>0x129</size>
         <input_file_ref idref="fl-11"/>
      </object_component>
      <object_component id="oc-545">
         <name>.debug_info</name>
         <load_address>0x8320</load_address>
         <run_address>0x8320</run_address>
         <size>0x1eb</size>
         <input_file_ref idref="fl-11"/>
      </object_component>
      <object_component id="oc-525">
         <name>.debug_info</name>
         <load_address>0x850b</load_address>
         <run_address>0x850b</run_address>
         <size>0x1cd</size>
         <input_file_ref idref="fl-11"/>
      </object_component>
      <object_component id="oc-52b">
         <name>.debug_info</name>
         <load_address>0x86d8</load_address>
         <run_address>0x86d8</run_address>
         <size>0x170</size>
         <input_file_ref idref="fl-11"/>
      </object_component>
      <object_component id="oc-531">
         <name>.debug_info</name>
         <load_address>0x8848</load_address>
         <run_address>0x8848</run_address>
         <size>0x1aa</size>
         <input_file_ref idref="fl-11"/>
      </object_component>
      <object_component id="oc-418">
         <name>.debug_info</name>
         <load_address>0x89f2</load_address>
         <run_address>0x89f2</run_address>
         <size>0x515</size>
         <input_file_ref idref="fl-11"/>
      </object_component>
      <object_component id="oc-412">
         <name>.debug_info</name>
         <load_address>0x8f07</load_address>
         <run_address>0x8f07</run_address>
         <size>0x170</size>
         <input_file_ref idref="fl-11"/>
      </object_component>
      <object_component id="oc-2c0">
         <name>.debug_info</name>
         <load_address>0x9077</load_address>
         <run_address>0x9077</run_address>
         <size>0x185</size>
         <input_file_ref idref="fl-11"/>
      </object_component>
      <object_component id="oc-55a">
         <name>.debug_info</name>
         <load_address>0x91fc</load_address>
         <run_address>0x91fc</run_address>
         <size>0x1eb</size>
         <input_file_ref idref="fl-11"/>
      </object_component>
      <object_component id="oc-596">
         <name>.debug_info</name>
         <load_address>0x93e7</load_address>
         <run_address>0x93e7</run_address>
         <size>0x20f</size>
         <input_file_ref idref="fl-11"/>
      </object_component>
      <object_component id="oc-590">
         <name>.debug_info</name>
         <load_address>0x95f6</load_address>
         <run_address>0x95f6</run_address>
         <size>0x274</size>
         <input_file_ref idref="fl-11"/>
      </object_component>
      <object_component id="oc-208">
         <name>.debug_info</name>
         <load_address>0x986a</load_address>
         <run_address>0x986a</run_address>
         <size>0x353</size>
         <input_file_ref idref="fl-11"/>
      </object_component>
      <object_component id="oc-199">
         <name>.debug_info</name>
         <load_address>0x9bbd</load_address>
         <run_address>0x9bbd</run_address>
         <size>0x1c6</size>
         <input_file_ref idref="fl-11"/>
      </object_component>
      <object_component id="oc-683">
         <name>.debug_info</name>
         <load_address>0x9d83</load_address>
         <run_address>0x9d83</run_address>
         <size>0x161</size>
         <input_file_ref idref="fl-11"/>
      </object_component>
      <object_component id="oc-560">
         <name>.debug_info</name>
         <load_address>0x9ee4</load_address>
         <run_address>0x9ee4</run_address>
         <size>0x174</size>
         <input_file_ref idref="fl-11"/>
      </object_component>
      <object_component id="oc-4d5">
         <name>.debug_info</name>
         <load_address>0xa058</load_address>
         <run_address>0xa058</run_address>
         <size>0x162</size>
         <input_file_ref idref="fl-11"/>
      </object_component>
      <object_component id="oc-657">
         <name>.debug_info</name>
         <load_address>0xa1ba</load_address>
         <run_address>0xa1ba</run_address>
         <size>0x17a</size>
         <input_file_ref idref="fl-11"/>
      </object_component>
      <object_component id="oc-566">
         <name>.debug_info</name>
         <load_address>0xa334</load_address>
         <run_address>0xa334</run_address>
         <size>0x1f4</size>
         <input_file_ref idref="fl-11"/>
      </object_component>
      <object_component id="oc-18e">
         <name>.debug_info</name>
         <load_address>0xa528</load_address>
         <run_address>0xa528</run_address>
         <size>0xf8</size>
         <input_file_ref idref="fl-11"/>
      </object_component>
      <object_component id="oc-178">
         <name>.debug_info</name>
         <load_address>0xa620</load_address>
         <run_address>0xa620</run_address>
         <size>0x4dc</size>
         <input_file_ref idref="fl-11"/>
      </object_component>
      <object_component id="oc-16e">
         <name>.debug_info</name>
         <load_address>0xaafc</load_address>
         <run_address>0xaafc</run_address>
         <size>0xb6</size>
         <input_file_ref idref="fl-11"/>
      </object_component>
      <object_component id="oc-193">
         <name>.debug_info</name>
         <load_address>0xabb2</load_address>
         <run_address>0xabb2</run_address>
         <size>0x37e2</size>
         <input_file_ref idref="fl-11"/>
      </object_component>
      <object_component id="oc-cf">
         <name>.debug_info</name>
         <load_address>0xe394</load_address>
         <run_address>0xe394</run_address>
         <size>0x26b</size>
         <input_file_ref idref="fl-11"/>
      </object_component>
      <object_component id="oc-c5">
         <name>.debug_info</name>
         <load_address>0xe5ff</load_address>
         <run_address>0xe5ff</run_address>
         <size>0x1028</size>
         <input_file_ref idref="fl-11"/>
      </object_component>
      <object_component id="oc-10a">
         <name>.debug_info</name>
         <load_address>0xf627</load_address>
         <run_address>0xf627</run_address>
         <size>0x297</size>
         <input_file_ref idref="fl-11"/>
      </object_component>
      <object_component id="oc-169">
         <name>.debug_info</name>
         <load_address>0xf8be</load_address>
         <run_address>0xf8be</run_address>
         <size>0xef</size>
         <input_file_ref idref="fl-11"/>
      </object_component>
      <object_component id="oc-ca">
         <name>.debug_info</name>
         <load_address>0xf9ad</load_address>
         <run_address>0xf9ad</run_address>
         <size>0xbb</size>
         <input_file_ref idref="fl-11"/>
      </object_component>
      <object_component id="oc-204">
         <name>.debug_info</name>
         <load_address>0xfa68</load_address>
         <run_address>0xfa68</run_address>
         <size>0x424</size>
         <input_file_ref idref="fl-12"/>
      </object_component>
      <object_component id="oc-23f">
         <name>.debug_info</name>
         <load_address>0xfe8c</load_address>
         <run_address>0xfe8c</run_address>
         <size>0x111</size>
         <input_file_ref idref="fl-12"/>
      </object_component>
      <object_component id="oc-235">
         <name>.debug_info</name>
         <load_address>0xff9d</load_address>
         <run_address>0xff9d</run_address>
         <size>0x108</size>
         <input_file_ref idref="fl-12"/>
      </object_component>
      <object_component id="oc-1bf">
         <name>.debug_info</name>
         <load_address>0x100a5</load_address>
         <run_address>0x100a5</run_address>
         <size>0x154</size>
         <input_file_ref idref="fl-12"/>
      </object_component>
      <object_component id="oc-1c5">
         <name>.debug_info</name>
         <load_address>0x101f9</load_address>
         <run_address>0x101f9</run_address>
         <size>0x16d</size>
         <input_file_ref idref="fl-12"/>
      </object_component>
      <object_component id="oc-1b9">
         <name>.debug_info</name>
         <load_address>0x10366</load_address>
         <run_address>0x10366</run_address>
         <size>0x191</size>
         <input_file_ref idref="fl-12"/>
      </object_component>
      <object_component id="oc-1ad">
         <name>.debug_info</name>
         <load_address>0x104f7</load_address>
         <run_address>0x104f7</run_address>
         <size>0x15d</size>
         <input_file_ref idref="fl-12"/>
      </object_component>
      <object_component id="oc-1b3">
         <name>.debug_info</name>
         <load_address>0x10654</load_address>
         <run_address>0x10654</run_address>
         <size>0x144</size>
         <input_file_ref idref="fl-12"/>
      </object_component>
      <object_component id="oc-173">
         <name>.debug_info</name>
         <load_address>0x10798</load_address>
         <run_address>0x10798</run_address>
         <size>0x30f</size>
         <input_file_ref idref="fl-12"/>
      </object_component>
      <object_component id="oc-378">
         <name>.debug_info</name>
         <load_address>0x10aa7</load_address>
         <run_address>0x10aa7</run_address>
         <size>0x110</size>
         <input_file_ref idref="fl-12"/>
      </object_component>
      <object_component id="oc-108">
         <name>.debug_info</name>
         <load_address>0x10bb7</load_address>
         <run_address>0x10bb7</run_address>
         <size>0xa56</size>
         <input_file_ref idref="fl-13"/>
      </object_component>
      <object_component id="oc-308">
         <name>.debug_info</name>
         <load_address>0x1160d</load_address>
         <run_address>0x1160d</run_address>
         <size>0x12c</size>
         <input_file_ref idref="fl-13"/>
      </object_component>
      <object_component id="oc-5a5">
         <name>.debug_info</name>
         <load_address>0x11739</load_address>
         <run_address>0x11739</run_address>
         <size>0x11d</size>
         <input_file_ref idref="fl-13"/>
      </object_component>
      <object_component id="oc-5a2">
         <name>.debug_info</name>
         <load_address>0x11856</load_address>
         <run_address>0x11856</run_address>
         <size>0x119</size>
         <input_file_ref idref="fl-13"/>
      </object_component>
      <object_component id="oc-56c">
         <name>.debug_info</name>
         <load_address>0x1196f</load_address>
         <run_address>0x1196f</run_address>
         <size>0x20a</size>
         <input_file_ref idref="fl-13"/>
      </object_component>
      <object_component id="oc-449">
         <name>.debug_info</name>
         <load_address>0x11b79</load_address>
         <run_address>0x11b79</run_address>
         <size>0x1d2</size>
         <input_file_ref idref="fl-13"/>
      </object_component>
      <object_component id="oc-578">
         <name>.debug_info</name>
         <load_address>0x11d4b</load_address>
         <run_address>0x11d4b</run_address>
         <size>0x1df</size>
         <input_file_ref idref="fl-13"/>
      </object_component>
      <object_component id="oc-53f">
         <name>.debug_info</name>
         <load_address>0x11f2a</load_address>
         <run_address>0x11f2a</run_address>
         <size>0x1cc</size>
         <input_file_ref idref="fl-13"/>
      </object_component>
      <object_component id="oc-58a">
         <name>.debug_info</name>
         <load_address>0x120f6</load_address>
         <run_address>0x120f6</run_address>
         <size>0x32f</size>
         <input_file_ref idref="fl-13"/>
      </object_component>
      <object_component id="oc-572">
         <name>.debug_info</name>
         <load_address>0x12425</load_address>
         <run_address>0x12425</run_address>
         <size>0x258</size>
         <input_file_ref idref="fl-13"/>
      </object_component>
      <object_component id="oc-57e">
         <name>.debug_info</name>
         <load_address>0x1267d</load_address>
[...]
         <value>0x23d9</value>
         <object_component_ref idref="oc-559"/>
      </symbol>
      <symbol id="sm-21f">
         <name>PowerMSP432_perfLevels</name>
         <value>0x20008140</value>
         <object_component_ref idref="oc-2d7"/>
      </symbol>
      <symbol id="sm-272">
         <name>PWM_Params_init</name>
         <value>0x285d</value>
         <object_component_ref idref="oc-1b2"/>
      </symbol>
      <symbol id="sm-273">
         <name>PWM_setDuty</name>
         <value>0x29ed</value>
         <object_component_ref idref="oc-1c4"/>
      </symbol>
      <symbol id="sm-274">
         <name>PWM_start</name>
         <value>0x29f7</value>
         <object_component_ref idref="oc-1be"/>
      </symbol>
      <symbol id="sm-275">
         <name>PWM_open</name>
         <value>0x229d</value>
         <object_component_ref idref="oc-1b8"/>
      </symbol>
      <symbol id="sm-276">
         <name>PWM_defaultParams</name>
         <value>0x2b0c</value>
         <object_component_ref idref="oc-23e"/>
      </symbol>
      <symbol id="sm-277">
         <name>PWM_init</name>
         <value>0x218d</value>
         <object_component_ref idref="oc-1ac"/>
      </symbol>
      <symbol id="sm-390">
         <name>PWMTimerMSP432_control</name>
         <value>0x2a11</value>
         <object_component_ref idref="oc-42a"/>
      </symbol>
      <symbol id="sm-391">
         <name>PWMTimerMSP432_setDuty</name>
         <value>0x15c5</value>
         <object_component_ref idref="oc-43c"/>
      </symbol>
      <symbol id="sm-392">
         <name>PWMTimerMSP432_fxnTable</name>
         <value>0x2ad0</value>
         <object_component_ref idref="oc-307"/>
      </symbol>
      <symbol id="sm-393">
         <name>PWMTimerMSP432_open</name>
         <value>0x6c5</value>
         <object_component_ref idref="oc-436"/>
      </symbol>
      <symbol id="sm-394">
         <name>PWMTimerMSP432_setDutyAndPeriod</name>
         <value>0x2a17</value>
         <object_component_ref idref="oc-448"/>
      </symbol>
      <symbol id="sm-395">
         <name>PWMTimerMSP432_start</name>
         <value>0x16e1</value>
         <object_component_ref idref="oc-44e"/>
      </symbol>
      <symbol id="sm-396">
         <name>PWMTimerMSP432_init</name>
         <value>0x19e3</value>
         <object_component_ref idref="oc-430"/>
      </symbol>
      <symbol id="sm-397">
         <name>PWMTimerMSP432_setPeriod</name>
         <value>0x8cd</value>
         <object_component_ref idref="oc-442"/>
      </symbol>
      <symbol id="sm-398">
         <name>PWMTimerMSP432_close</name>
         <value>0x1659</value>
         <object_component_ref idref="oc-424"/>
      </symbol>
      <symbol id="sm-399">
         <name>PWMTimerMSP432_stop</name>
         <value>0x117d</value>
         <object_component_ref idref="oc-454"/>
      </symbol>
      <symbol id="sm-3cb">
         <name>TimerMSP432_allocateTimerResource</name>
         <value>0x1a5d</value>
         <object_component_ref idref="oc-583"/>
      </symbol>
      <symbol id="sm-3cc">
         <name>TimerMSP432_freeTimerResource</name>
         <value>0x2005</value>
         <object_component_ref idref="oc-54a"/>
      </symbol>
      <symbol id="sm-3e4">
         <name>List_remove</name>
         <value>0x25c7</value>
         <object_component_ref idref="oc-641"/>
      </symbol>
      <symbol id="sm-3e5">
         <name>List_put</name>
         <value>0x25a1</value>
         <object_component_ref idref="oc-65d"/>
      </symbol>
      <symbol id="sm-44c">
         <name>SemaphoreP_defaultParams</name>
         <value>0x200083d8</value>
         <object_component_ref idref="oc-5fa"/>
      </symbol>
      <symbol id="sm-44d">
         <name>SemaphoreP_construct</name>
         <value>0x20ad</value>
         <object_component_ref idref="oc-35c"/>
      </symbol>
      <symbol id="sm-44e">
         <name>SemaphoreP_destruct</name>
         <value>0x2613</value>
         <object_component_ref idref="oc-368"/>
      </symbol>
      <symbol id="sm-44f">
         <name>SemaphoreP_pend</name>
         <value>0x1221</value>
         <object_component_ref idref="oc-362"/>
      </symbol>
      <symbol id="sm-450">
         <name>SemaphoreP_Params_init</name>
         <value>0x2911</value>
         <object_component_ref idref="oc-4bd"/>
      </symbol>
      <symbol id="sm-451">
         <name>clkFxn</name>
         <value>0x285b</value>
         <object_component_ref idref="oc-4e6"/>
      </symbol>
      <symbol id="sm-47a">
         <name>PowerMSP432_initPolicy</name>
         <value>0x1c8b</value>
         <object_component_ref idref="oc-2f2"/>
      </symbol>
      <symbol id="sm-47b">
         <name>PowerMSP432_updateFreqs</name>
         <value>0x24d7</value>
         <object_component_ref idref="oc-2d1"/>
      </symbol>
      <symbol id="sm-47c">
         <name>PowerMSP432_sleepPolicy</name>
         <value>0x20fd</value>
         <object_component_ref idref="oc-2f8"/>
      </symbol>
      <symbol id="sm-542">
         <name>ClockP_doTick</name>
         <value>0x29b1</value>
         <object_component_ref idref="oc-342"/>
      </symbol>
      <symbol id="sm-543">
         <name>ClockP_startup</name>
         <value>0x101d</value>
         <object_component_ref idref="oc-245"/>
      </symbol>
      <symbol id="sm-544">
         <name>ClockP_scheduleNextTick</name>
         <value>0x2639</value>
         <object_component_ref idref="oc-4ac"/>
      </symbol>
      <symbol id="sm-545">
         <name>ClockP_tickPeriod</name>
         <value>0x200083e4</value>
         <object_component_ref idref="oc-256"/>
      </symbol>
      <symbol id="sm-546">
         <name>ClockP_usleep</name>
         <value>0x1c8d</value>
         <object_component_ref idref="oc-1dc"/>
      </symbol>
      <symbol id="sm-547">
         <name>ClockP_workFuncDynamic</name>
         <value>0x10d1</value>
         <object_component_ref idref="oc-33c"/>
      </symbol>
      <symbol id="sm-548">
         <name>ClockP_walkQueueDynamic</name>
         <value>0x19e5</value>
         <object_component_ref idref="oc-4a6"/>
      </symbol>
      <symbol id="sm-549">
         <name>ClockP_destruct</name>
         <value>0x27b3</value>
         <object_component_ref idref="oc-4e0"/>
      </symbol>
      <symbol id="sm-54a">
         <name>ClockP_start</name>
         <value>0x17e9</value>
         <object_component_ref idref="oc-4ce"/>
      </symbol>
      <symbol id="sm-54b">
         <name>ClockP_isActive</name>
         <value>0x2a23</value>
         <object_component_ref idref="oc-4da"/>
      </symbol>
      <symbol id="sm-54c">
         <name>ClockP_sleep</name>
         <value>0x24d9</value>
         <object_component_ref idref="oc-1ca"/>
      </symbol>
      <symbol id="sm-54d">
         <name>ClockP_getTicks</name>
         <value>0x2615</value>
         <object_component_ref idref="oc-60d"/>
      </symbol>
      <symbol id="sm-54e">
         <name>ClockP_add</name>
         <value>0x26c5</value>
         <object_component_ref idref="oc-4c8"/>
      </symbol>
      <symbol id="sm-5ed">
         <name>TimerP_setNextTick</name>
         <value>0x22dd</value>
         <object_component_ref idref="oc-5ec"/>
      </symbol>
      <symbol id="sm-5ee">
         <name>TimerP_getCurrentTick</name>
         <value>0x1bb5</value>
         <object_component_ref idref="oc-4a0"/>
      </symbol>
      <symbol id="sm-5ef">
         <name>TimerP_setPeriod</name>
         <value>0x2a37</value>
         <object_component_ref idref="oc-482"/>
      </symbol>
      <symbol id="sm-5f0">
         <name>TimerP_getCount64</name>
         <value>0x2059</value>
         <object_component_ref idref="oc-26c"/>
      </symbol>
      <symbol id="sm-5f1">
         <name>TimerP_dynamicStub</name>
         <value>0x1f59</value>
         <object_component_ref idref="oc-494"/>
      </symbol>
      <symbol id="sm-5f2">
         <name>TimerP_getMaxTicks</name>
         <value>0x29e1</value>
         <object_component_ref idref="oc-330"/>
      </symbol>
      <symbol id="sm-5f3">
         <name>TimerP_construct</name>
         <value>0xd89</value>
         <object_component_ref idref="oc-32a"/>
      </symbol>
      <symbol id="sm-5f4">
         <name>TimerP_getFreq</name>
         <value>0x29d5</value>
         <object_component_ref idref="oc-336"/>
      </symbol>
      <symbol id="sm-5f5">
         <name>TimerP_initDevice</name>
         <value>0x239d</value>
         <object_component_ref idref="oc-47c"/>
      </symbol>
      <symbol id="sm-5f6">
         <name>TimerP_start</name>
         <value>0x2215</value>
         <object_component_ref idref="oc-488"/>
      </symbol>
      <symbol id="sm-5f7">
         <name>TimerP_Params_init</name>
         <value>0x2951</value>
         <object_component_ref idref="oc-324"/>
      </symbol>
      <symbol id="sm-65f">
         <name>HwiP_construct</name>
         <value>0x1ad5</value>
         <object_component_ref idref="oc-2e3"/>
      </symbol>
      <symbol id="sm-660">
         <name>HwiP_dispatch</name>
         <value>0x265d</value>
         <object_component_ref idref="oc-3f0"/>
      </symbol>
      <symbol id="sm-661">
         <name>HwiP_swiPIntNum</name>
         <value>0x200083ec</value>
         <object_component_ref idref="oc-3f6"/>
      </symbol>
      <symbol id="sm-662">
         <name>HwiP_Params_init</name>
         <value>0x28ad</value>
         <object_component_ref idref="oc-20d"/>
      </symbol>
      <symbol id="sm-663">
         <name>HwiP_disable</name>
         <value>0x28bf</value>
         <object_component_ref idref="oc-228"/>
      </symbol>
      <symbol id="sm-664">
         <name>HwiP_key</name>
         <value>0x200083e8</value>
         <object_component_ref idref="oc-3f6"/>
      </symbol>
      <symbol id="sm-665">
         <name>HwiP_create</name>
         <value>0x24ad</value>
         <object_component_ref idref="oc-213"/>
      </symbol>
      <symbol id="sm-666">
         <name>HwiP_post</name>
         <value>0x2a2b</value>
         <object_component_ref idref="oc-537"/>
      </symbol>
      <symbol id="sm-667">
         <name>HwiP_enable</name>
         <value>0x2a27</value>
         <object_component_ref idref="oc-116"/>
      </symbol>
      <symbol id="sm-668">
         <name>HwiP_restore</name>
         <value>0x2a01</value>
         <object_component_ref idref="oc-22e"/>
      </symbol>
      <symbol id="sm-6a5">
         <name>resetISR</name>
         <value>0x282d</value>
         <object_component_ref idref="oc-1f"/>
      </symbol>
      <symbol id="sm-6a6">
         <name>interruptVectors</name>
         <value>0x0</value>
         <object_component_ref idref="oc-26"/>
      </symbol>
      <symbol id="sm-6e3">
         <name>QueueP_next</name>
         <value>0x2a33</value>
         <object_component_ref idref="oc-5e5"/>
      </symbol>
      <symbol id="sm-6e4">
         <name>QueueP_put</name>
         <value>0x2705</value>
         <object_component_ref idref="oc-5f3"/>
      </symbol>
      <symbol id="sm-6e5">
         <name>QueueP_remove</name>
         <value>0x296f</value>
         <object_component_ref idref="oc-616"/>
      </symbol>
      <symbol id="sm-6e6">
         <name>QueueP_head</name>
         <value>0x2a2f</value>
         <object_component_ref idref="oc-5df"/>
      </symbol>
      <symbol id="sm-6e7">
         <name>QueueP_init</name>
         <value>0x2a1d</value>
         <object_component_ref idref="oc-312"/>
      </symbol>
      <symbol id="sm-6e8">
         <name>QueueP_empty</name>
         <value>0x2961</value>
         <object_component_ref idref="oc-677"/>
      </symbol>
      <symbol id="sm-6e9">
         <name>QueueP_get</name>
         <value>0x2799</value>
         <object_component_ref idref="oc-671"/>
      </symbol>
      <symbol id="sm-788">
         <name>SwiP_disable</name>
         <value>0x2745</value>
         <object_component_ref idref="oc-40b"/>
      </symbol>
      <symbol id="sm-789">
         <name>SwiP_restore</name>
         <value>0x21d1</value>
         <object_component_ref idref="oc-41d"/>
      </symbol>
      <symbol id="sm-78a">
         <name>SwiP_construct</name>
         <value>0xf45</value>
         <object_component_ref idref="oc-31e"/>
      </symbol>
      <symbol id="sm-78b">
         <name>SwiP_Params_init</name>
         <value>0x2921</value>
         <object_component_ref idref="oc-318"/>
      </symbol>
      <symbol id="sm-78c">
         <name>SwiP_post</name>
         <value>0x1dc5</value>
         <object_component_ref idref="oc-4b3"/>
      </symbol>
      <symbol id="sm-78d">
         <name>SwiP_dispatch</name>
         <value>0x135d</value>
         <object_component_ref idref="oc-5cb"/>
      </symbol>
      <symbol id="sm-806">
         <name>CS_setExternalClockSourceFrequency</name>
         <value>0x26a5</value>
         <object_component_ref idref="oc-2b9"/>
      </symbol>
      <symbol id="sm-807">
         <name>CS_startHFXTWithTimeout</name>
         <value>0xae1</value>
         <object_component_ref idref="oc-2c5"/>
      </symbol>
      <symbol id="sm-808">
         <name>CS_startLFXTWithTimeout</name>
         <value>0xca9</value>
         <object_component_ref idref="oc-2cb"/>
      </symbol>
      <symbol id="sm-871">
         <name>Interrupt_disableMaster</name>
         <value>0x28cf</value>
         <object_component_ref idref="oc-52"/>
      </symbol>
      <symbol id="sm-872">
         <name>Interrupt_setPriority</name>
         <value>0x1fb1</value>
         <object_component_ref idref="oc-3e4"/>
      </symbol>
      <symbol id="sm-873">
         <name>Interrupt_enableMaster</name>
         <value>0x28df</value>
         <object_component_ref idref="oc-1a5"/>
      </symbol>
      <symbol id="sm-874">
         <name>Interrupt_enableInterrupt</name>
         <value>0x1869</value>
         <object_component_ref idref="oc-3ea"/>
      </symbol>
      <symbol id="sm-875">
         <name>Interrupt_registerInterrupt</name>
         <value>0x1efd</value>
         <object_component_ref idref="oc-3de"/>
      </symbol>
      <symbol id="sm-876">
         <name>g_pfnRAMVectors</name>
         <value>0x20008800</value>
         <object_component_ref idref="oc-509"/>
      </symbol>
      <symbol id="sm-877">
         <name>Interrupt_pendInterrupt</name>
         <value>0x1cf5</value>
         <object_component_ref idref="oc-639"/>
      </symbol>
      <symbol id="sm-883">
         <name>SysCtl_getNMISourceStatus</name>
         <value>0x2941</value>
         <object_component_ref idref="oc-632"/>
      </symbol>
      <symbol id="sm-8a3">
         <name>SysCtl_A_enableNMISource</name>
         <value>0x27e5</value>
         <object_component_ref idref="oc-3c3"/>
      </symbol>
      <symbol id="sm-8a4">
         <name>SysCtl_A_getNMISourceStatus</name>
         <value>0x2931</value>
         <object_component_ref idref="oc-3b1"/>
      </symbol>
      <symbol id="sm-8a5">
         <name>SysCtl_A_disableNMISource</name>
         <value>0x27cd</value>
         <object_component_ref idref="oc-3b7"/>
      </symbol>
      <symbol id="sm-8b7">
         <name>CPU_cpsie</name>
         <value>0x29a3</value>
         <object_component_ref idref="oc-221"/>
      </symbol>
      <symbol id="sm-8b8">
         <name>CPU_cpsid</name>
         <value>0x2997</value>
         <object_component_ref idref="oc-96"/>
      </symbol>
      <symbol id="sm-8d3">
         <name>memcpy</name>
         <value>0x13f9</value>
         <object_component_ref idref="oc-3a"/>
      </symbol>
      <symbol id="sm-8d4">
         <name>__aeabi_memcpy</name>
         <value>0x13f9</value>
         <object_component_ref idref="oc-3a"/>
      </symbol>
      <symbol id="sm-8d5">
         <name>__aeabi_memcpy8</name>
         <value>0x13f9</value>
         <object_component_ref idref="oc-3a"/>
      </symbol>
      <symbol id="sm-8d6">
         <name>__aeabi_memcpy4</name>
         <value>0x13f9</value>
         <object_component_ref idref="oc-3a"/>
      </symbol>
      <symbol id="sm-8e3">
         <name>__aeabi_uldivmod</name>
         <value>0x152d</value>
         <object_component_ref idref="oc-24b"/>
      </symbol>
      <symbol id="sm-8fc">
         <name>__TI_zero_init_nomemset</name>
         <value>0x2761</value>
         <object_component_ref idref="oc-46"/>
      </symbol>
      <symbol id="sm-913">
         <name>__TI_decompress_none</name>
         <value>0x297d</value>
         <object_component_ref idref="oc-18"/>
      </symbol>
      <symbol id="sm-936">
         <name>__TI_decompress_lzss</name>
         <value>0x1e2d</value>
         <object_component_ref idref="oc-12"/>
      </symbol>
      <symbol id="sm-9bf">
         <name>_sys_memory</name>
         <value>0x20000000</value>
         <object_component_ref idref="oc-29"/>
      </symbol>
      <symbol id="sm-9c0">
         <name>free</name>
         <value>0xbc5</value>
         <object_component_ref idref="oc-2e9"/>
      </symbol>
      <symbol id="sm-9c1">
         <name>memalign</name>
         <value>0x9e1</value>
         <object_component_ref idref="oc-3d7"/>
      </symbol>
      <symbol id="sm-9c2">
         <name>malloc</name>
         <value>0x2a09</value>
         <object_component_ref idref="oc-2dd"/>
      </symbol>
      <symbol id="sm-9c3">
         <name>aligned_alloc</name>
         <value>0x9e1</value>
         <object_component_ref idref="oc-3d7"/>
      </symbol>
      <symbol id="sm-9d6">
         <name>__stack</name>
         <value>0x2000f000</value>
         <object_component_ref idref="oc-2c"/>
      </symbol>
      <symbol id="sm-9d7">
         <name>_c_int00_noargs</name>
         <value>0x2449</value>
         <object_component_ref idref="oc-a8"/>
      </symbol>
      <symbol id="sm-9e1">
         <name>__aeabi_idiv0</name>
         <value>0x2a45</value>
         <object_component_ref idref="oc-356"/>
      </symbol>
      <symbol id="sm-9e2">
         <name>__aeabi_ldiv0</name>
         <value>0x2a45</value>
         <object_component_ref idref="oc-356"/>
      </symbol>
      <symbol id="sm-a0b">
         <name>__TI_auto_init_nobinit_nopinit</name>
         <value>0x2259</value>
         <object_component_ref idref="oc-135"/>
      </symbol>
      <symbol id="sm-a15">
         <name>_system_pre_init</name>
         <value>0x2a3b</value>
         <object_component_ref idref="oc-f0"/>
      </symbol>
      <symbol id="sm-a21">
         <name>C$$EXIT</name>
         <value>0x2a3f</value>
         <object_component_ref idref="oc-129"/>
      </symbol>
      <symbol id="sm-a22">
         <name>abort</name>
         <value>0x2a3f</value>
         <object_component_ref idref="oc-129"/>
      </symbol>
      <symbol id="sm-a37">
         <name>_nop</name>
         <value>0x2743</value>
         <object_component_ref idref="oc-282"/>
      </symbol>
      <symbol id="sm-a38">
         <name>_lock</name>
         <value>0x200083c8</value>
         <object_component_ref idref="oc-1e8"/>
      </symbol>
      <symbol id="sm-a39">
         <name>_unlock</name>
         <value>0x200083cc</value>
         <object_component_ref idref="oc-1e8"/>
      </symbol>
      <symbol id="sm-a3b">
         <name>__TI_static_base__</name>
         <value>0x2b68</value>
      </symbol>
      <symbol id="sm-a3e">
         <name>__mpu_init</name>
         <value>0x0</value>
      </symbol>
      <symbol id="sm-a3f">
         <name>_system_post_cinit</name>
         <value>0x0</value>
      </symbol>
      <symbol id="sm-a40">
         <name>sleep</name>
         <value>0x24d9</value>
      </symbol>
      <symbol id="sm-a41">
         <name>usleep</name>
         <value>0x1c8d</value>
      </symbol>
      <symbol id="sm-a42">
         <name>NoRTOS_start</name>
         <value>0x2a27</value>
      </symbol>
   </symbol_table>
   <title>Link successful</title>
</link_info>
