******************************************************************************
                  TI ARM Linker PC v20.2.7                     
******************************************************************************
>> Linked Sat Feb 17 13:31:18 2024

OUTPUT FILE NAME:   <smart_lock.out>
ENTRY POINT SYMBOL: "resetISR"  address: 000039b9


MEMORY CONFIGURATION

         name            origin    length      used     unused   attr    fill
----------------------  --------  ---------  --------  --------  ----  --------
  MAIN                  00000000   00040000  00004120  0003bee0  R  X
  INFO                  00200000   00004000  00000000  00004000  R  X
  SRAM_CODE             01000000   00010000  000093e6  00006c1a  RW X
  SRAM_DATA             20000000   00010000  000093e6  00006c1a  RW  


SEGMENT ALLOCATION MAP

run origin  load origin   length   init length attrs members
----------  ----------- ---------- ----------- ----- -------
00000000    00000000    00004120   00004120    r-x
  00000000    00000000    00000144   00000144    r-- .intvecs
  00000144    00000144    000039f4   000039f4    r-x .text
  00003b38    00003b38    00000550   00000550    r-- .const
  00004088    00004088    00000098   00000098    r-- .cinit
20000000    20000000    000083e6   00000000    rw-
  20000000    20000000    00008000   00000000    rw- .sysmem
  20008000    20008000    000001f8   00000000    rw- .data
  200081f8    200081f8    000001ee   00000000    rw- .bss
2000f000    2000f000    00001000   00000000    rw-
  2000f000    2000f000    00001000   00000000    rw- .stack


SECTION ALLOCATION MAP

 output                                  attributes/
section   page    origin      length       input sections
--------  ----  ----------  ----------   ----------------
.text      0    00000144    000039f4     
                  00000144    00000a4e     rtsv7M4_T_le_v4SPD16_eabi.lib : _printfi.c.obj (.text:__TI_printfi)
                  00000b92    00000002                                   : _lock.c.obj (.text:_nop)
                  00000b94    00000270                                   : _printfi.c.obj (.text:_pconv_a)
                  00000e04    000001d8     LcdDriver.obj (.text:Crystalfontz128x128_PixelDrawMultiple)
                  00000fdc    000001d0     rtsv7M4_T_le_v4SPD16_eabi.lib : _printfi.c.obj (.text:_pconv_g)
                  000011ac    000001b6                                   : fd_add_t2.asm.obj (.text)
                  00001362    00000002     nortos_msp432p401x.aem4f : startup_msp432_ccs.oem4f (.text:busFaultISR)
                  00001364    00000144     msp432p4xx_driverlib.lib : timer_a.o (.text:privateTimer_AProcessClockSourceDivider)
                  000014a8    0000013c     rtsv7M4_T_le_v4SPD16_eabi.lib : _printfi.c.obj (.text:_pconv_e)
                  000015e4    00000136                                   : fd_div_t2.asm.obj (.text)
                  0000171a    00000002     nortos_msp432p401x.aem4f : startup_msp432_ccs.oem4f (.text:defaultISR)
                  0000171c    00000134     LcdDriver.obj (.text:Crystalfontz128x128_SetDrawFrame)
                  00001850    00000130     msp432p4xx_driverlib.lib : cs.o (.text:CS_initClockSignal)
                  00001980    0000012c     LcdDriver.obj (.text:Crystalfontz128x128_Init)
                  00001aac    00000124     rtsv7M4_T_le_v4SPD16_eabi.lib : _printfi.c.obj (.text:fcvt)
                  00001bd0    00000114                                   : fputs.c.obj (.text:fputs)
                  00001ce4    00000110                                   : s_scalbn.c.obj (.text:scalbn)
                  00001df4    00000100                                   : memory.c.obj (.text:aligned_alloc)
                  00001ef4    000000fc                                   : fd_mul_t2.asm.obj (.text)
                  00001ff0    000000e4                                   : memory.c.obj (.text:free)
                  000020d4    000000dc                                   : setvbuf.c.obj (.text:setvbuf)
                  000021b0    000000b1                                   : _printfi.c.obj (.text:_ltostr)
                  00002261    00000001     --HOLE-- [fill = 0]
                  00002262    000000b0     msp432p4xx_driverlib.lib : spi.o (.text:SPI_initMaster)
                  00002312    0000009c     LcdDriver.obj (.text:Crystalfontz128x128_RectFill)
                  000023ae    0000009c     rtsv7M4_T_le_v4SPD16_eabi.lib : memcpy_t2.asm.obj (.text)
                  0000244a    00000096                                   : ull_div_t2.asm.obj (.text)
                  000024e0    0000008c                                   : fputc.c.obj (.text:fputc)
                  0000256c    00000088     msp432p4xx_driverlib.lib : gpio.o (.text:GPIO_setAsPeripheralModuleFunctionOutputPin)
                  000025f4    00000086     rtsv7M4_T_le_v4SPD16_eabi.lib : fd_cmp_t2.asm.obj (.text:__aeabi_cdcmple)
                  0000267a    00000086                                   : fd_cmp_t2.asm.obj (.text:__aeabi_cdrcmple)
                  00002700    00000080     msp432p4xx_driverlib.lib : interrupt.o (.text:Interrupt_enableInterrupt)
                  00002780    0000007a     rtsv7M4_T_le_v4SPD16_eabi.lib : memset_t2.asm.obj (.text)
                  000027fa    00000002     nortos_msp432p401x.aem4f : startup_msp432_ccs.oem4f (.text:faultISR)
                  000027fc    00000074     rtsv7M4_T_le_v4SPD16_eabi.lib : fclose.c.obj (.text:__TI_closefile)
                  00002870    00000070                                   : memory.c.obj (.text:split)
                  000028e0    0000006e                                   : _printfi.c.obj (.text:_mcpy)
                  0000294e    00000002     nortos_msp432p401x.aem4f : startup_msp432_ccs.oem4f (.text:nmiISR)
                  00002950    0000006c     rtsv7M4_T_le_v4SPD16_eabi.lib : hostrename.c.obj (.text:HOSTrename)
                  000029bc    00000068                                   : hostlseek.c.obj (.text:HOSTlseek)
                  00002a24    00000068                                   : copy_decompress_lzss.c.obj (.text:decompress:lzss:__TI_decompress_lzss)
                  00002a8c    00000068                                   : printf.c.obj (.text:printf)
                  00002af4    00000064                                   : s_frexp.c.obj (.text:frexp)
                  00002b58    00000064                                   : fseek.c.obj (.text:fseek)
                  00002bbc    00000062                                   : _io_perm.c.obj (.text:__TI_wrt_ok)
                  00002c1e    00000060     LcdDriver.obj (.text:Crystalfontz128x128_LineDrawH)
                  00002c7e    00000060     LcdDriver.obj (.text:Crystalfontz128x128_LineDrawV)
                  00002cde    00000002     rtsv7M4_T_le_v4SPD16_eabi.lib : div0.asm.obj (.text)
                  00002ce0    00000060                                   : hostopen.c.obj (.text:HOSTopen)
                  00002d40    0000005c                                   : close.c.obj (.text:close)
                  00002d9c    00000058     msp432p4xx_driverlib.lib : gpio.o (.text:GPIO_setAsInputPinWithPullUpResistor)
                  00002df4    00000058     rtsv7M4_T_le_v4SPD16_eabi.lib : hostread.c.obj (.text:HOSTread)
                  00002e4c    00000058                                   : hostwrite.c.obj (.text:HOSTwrite)
                  00002ea4    00000056                                   : _printfi.c.obj (.text:_pconv_f)
                  00002efa    00000056     pin_pad.obj (.text:configKeyPad)
                  00002f50    00000054     LcdDriver.obj (.text:Crystalfontz128x128_SetOrientation)
                  00002fa4    00000054     rtsv7M4_T_le_v4SPD16_eabi.lib : _ltoa.c.obj (.text:__TI_ltoa)
                  00002ff8    00000052     grlib.a : context.obj (.text:Graphics_initContext)
                  0000304a    00000052     rtsv7M4_T_le_v4SPD16_eabi.lib : _printfi.c.obj (.text:_ecpy)
                  0000309c    0000004c                                   : fflush.c.obj (.text:__TI_doflush)
                  000030e8    0000004c                                   : atoi.c.obj (.text:atoi)
                  00003134    0000004c     pin_pad.obj (.text:configGraphic)
                  00003180    00000048     rtsv7M4_T_le_v4SPD16_eabi.lib : exit.c.obj (.text:exit)
                  000031c8    00000048                                   : fd_toi_t2.asm.obj (.text)
                  00003210    00000046     main_nortos.obj (.text:main)
                  00003256    00000002     --HOLE-- [fill = 0]
                  00003258    00000044     rtsv7M4_T_le_v4SPD16_eabi.lib : hostclose.c.obj (.text:HOSTclose)
                  0000329c    00000044                                   : hostunlink.c.obj (.text:HOSTunlink)
                  000032e0    00000044                                   : autoinit.c.obj (.text:__TI_auto_init_nobinit_nopinit:__TI_auto_init_nobinit_nopinit)
                  00003324    00000044                                   : getdevice.c.obj (.text:getdevice)
                  00003368    00000040     LcdDriver.obj (.text:Crystalfontz128x128_PixelDraw)
                  000033a8    00000040     msp432p4xx_driverlib.lib : gpio.o (.text:GPIO_setAsOutputPin)
                  000033e8    00000040     LcdDriver.obj (.text:HAL_LCD_SpiInit)
                  00003428    00000040     msp432p4xx_driverlib.lib : spi.o (.text:is_A_Module)
                  00003468    0000003e     rtsv7M4_T_le_v4SPD16_eabi.lib : _printfi.c.obj (.text:_fcpy)
                  000034a6    00000002     --HOLE-- [fill = 0]
                  000034a8    00000038     LcdDriver.obj (.text:HAL_LCD_writeCommand)
                  000034e0    00000038     rtsv7M4_T_le_v4SPD16_eabi.lib : trgmsg.c.obj (.text:__TI_writemsg)
                  00003518    00000036                                   : strncpy.c.obj (.text:strncpy)
                  0000354e    00000002     --HOLE-- [fill = 0]
                  00003550    00000034     msp432p4xx_driverlib.lib : timer_a.o (.text:Timer_A_configureContinuousMode)
                  00003584    00000034     rtsv7M4_T_le_v4SPD16_eabi.lib : fopen.c.obj (.text:__TI_cleanup)
                  000035b8    00000034                                   : trgmsg.c.obj (.text:__TI_readmsg)
                  000035ec    00000034                                   : boot_cortex_m.c.obj (.text:_c_int00_noargs:_c_int00_noargs)
                  00003620    00000030     msp432p4xx_driverlib.lib : cs.o (.text:CS_setReferenceOscillatorFrequency)
                  00003650    00000030     LcdDriver.obj (.text:HAL_LCD_PortInit)
                  00003680    00000030     rtsv7M4_T_le_v4SPD16_eabi.lib : getdevice.c.obj (.text:finddevice)
                  000036b0    0000002e                                   : i_tofd_t2.asm.obj (.text)
                  000036de    00000002     --HOLE-- [fill = 0]
                  000036e0    0000002c     LcdDriver.obj (.text:Crystalfontz128x128_ClearScreen)
                  0000370c    0000002c     LcdDriver.obj (.text:HAL_LCD_writeData)
                  00003738    0000002c     rtsv7M4_T_le_v4SPD16_eabi.lib : unlink.c.obj (.text:unlink)
                  00003764    00000028     LcdDriver.obj (.text:Crystalfontz128x128_ColorTranslate)
                  0000378c    00000028     msp432p4xx_driverlib.lib : gpio.o (.text:GPIO_setOutputHighOnPin)
                  000037b4    00000028                              : gpio.o (.text:GPIO_setOutputLowOnPin)
                  000037dc    00000028     rtsv7M4_T_le_v4SPD16_eabi.lib : memory.c.obj (.text:free_list_insert)
                  00003804    00000028                                   : lseek.c.obj (.text:lseek)
                  0000382c    00000028                                   : write.c.obj (.text:write)
                  00003854    00000024     msp432p4xx_driverlib.lib : wdt_a.o (.text:WDT_A_holdTimer)
                  00003878    00000024     main_nortos.obj (.text:configurePorts)
                  0000389c    00000024     main_nortos.obj (.text:configureTimer)
                  000038c0    00000020     rtsv7M4_T_le_v4SPD16_eabi.lib : memchr.c.obj (.text:memchr)
                  000038e0    0000001c     msp432p4xx_driverlib.lib : spi.o (.text:SPI_enableModule)
                  000038fc    0000001c     rtsv7M4_T_le_v4SPD16_eabi.lib : copy_zero_init.c.obj (.text:decompress:ZI:__TI_zero_init_nomemset:__TI_zero_init_nomemset)
                  00003918    0000001c                                   : memory.c.obj (.text:free_list_remove)
                  00003934    0000001c                                   : memccpy.c.obj (.text:memccpy)
                  00003950    0000001a     grlib.a : display.obj (.text:Graphics_clearDisplayOnDisplay)
                  0000396a    0000001a             : context.obj (.text:Graphics_setBackgroundColor)
                  00003984    0000001a             : context.obj (.text:Graphics_setFont)
                  0000399e    0000001a     rtsv7M4_T_le_v4SPD16_eabi.lib : s_copysign.c.obj (.text:copysign)
                  000039b8    00000018     nortos_msp432p401x.aem4f : startup_msp432_ccs.oem4f (.text:resetISR)
                  000039d0    00000018     rtsv7M4_T_le_v4SPD16_eabi.lib : strcmp.c.obj (.text:strcmp)
                  000039e8    00000016     msp432p4xx_driverlib.lib : spi.o (.text:EUSCI_A_SPI_enable)
                  000039fe    00000016                              : spi.o (.text:EUSCI_B_SPI_enable)
                  00003a14    00000016     grlib.a : context.obj (.text:Graphics_setForegroundColor)
                  00003a2a    00000016             : display.obj (.text:Graphics_translateColorOnDisplay)
                  00003a40    00000016     msp432p4xx_driverlib.lib : timer_a.o (.text:Timer_A_startCounter)
                  00003a56    00000016     rtsv7M4_T_le_v4SPD16_eabi.lib : strchr.c.obj (.text:strchr)
                  00003a6c    00000014                                   : strcpy.c.obj (.text:strcpy)
                  00003a80    00000014                                   : strlen.c.obj (.text:strlen)
                  00003a94    00000012     grlib.a : context.obj (.text:Graphics_clearDisplay)
                  00003aa6    00000012     rtsv7M4_T_le_v4SPD16_eabi.lib : wcslen.c.obj (.text:wcslen)
                  00003ab8    00000010     msp432p4xx_driverlib.lib : interrupt.o (.text:Interrupt_disableMaster)
                  00003ac8    00000010                              : interrupt.o (.text:Interrupt_enableMaster)
                  00003ad8    00000010                              : interrupt.o (.text:Interrupt_enableSleepOnIsrExit)
                  00003ae8    0000000e     rtsv7M4_T_le_v4SPD16_eabi.lib : copy_decompress_none.c.obj (.text:decompress:none:__TI_decompress_none)
                  00003af6    0000000c     msp432p4xx_driverlib.lib : cpu.o (.text:CPU_cpsid)
                  00003b02    0000000c                              : cpu.o (.text:CPU_cpsie)
                  00003b0e    0000000a     LcdDriver.obj (.text:Crystalfontz128x128_Flush)
                  00003b18    00000008     rtsv7M4_T_le_v4SPD16_eabi.lib : errno.c.obj (.text:__aeabi_errno_addr)
                  00003b20    00000008                                   : memory.c.obj (.text:malloc)
                  00003b28    00000004                                   : printf.c.obj (.text:_outc)
                  00003b2c    00000004                                   : printf.c.obj (.text:_outs)
                  00003b30    00000004                                   : pre_init.c.obj (.text:_system_pre_init)
                  00003b34    00000004                                   : exit.c.obj (.text:abort:abort)

.const     0    00003b38    00000550     
                  00003b38    000002f8     grlib.a : fontfixed6x8.obj (.const:.string:g_pucFontFixed6x8Data)
                  00003e30    00000101     rtsv7M4_T_le_v4SPD16_eabi.lib : ctype.c.obj (.const:.string:_ctypes_)
                  00003f31    00000003     --HOLE-- [fill = 0]
                  00003f34    000000c8     grlib.a : fontfixed6x8.obj (.const:g_sFontFixed6x8)
                  00003ffc    00000030     msp432p4xx_driverlib.lib : gpio.o (.const:GPIO_PORT_TO_BASE)
                  0000402c    00000020     LcdDriver.obj (.const:g_sCrystalfontz128x128_funcs)
                  0000404c    0000001c     LcdDriver.obj (.const:$P$T0$1)
                  00004068    00000010     main_nortos.obj (.const:continuousModeConfig)
                  00004078    00000008     LcdDriver.obj (.const:$P$T1$2)
                  00004080    00000008     msp432p4xx_driverlib.lib : interrupt.o (.const:g_pulEnRegs)

.cinit     0    00004088    00000098     
                  00004088    00000071     (.cinit..data.load) [load image, compression = lzss]
                  000040f9    00000003     --HOLE-- [fill = 0]
                  000040fc    0000000c     (__TI_handler_table)
                  00004108    00000008     (.cinit..bss.load) [load image, compression = zero_init]
                  00004110    00000010     (__TI_cinit_table)

.init_array 
*          0    00000000    00000000     UNINITIALIZED

.intvecs   0    00000000    00000144     
                  00000000    00000144     nortos_msp432p401x.aem4f : startup_msp432_ccs.oem4f (.intvecs:retain)

.sysmem    0    20000000    00008000     UNINITIALIZED
                  20000000    00000010     rtsv7M4_T_le_v4SPD16_eabi.lib : memory.c.obj (.sysmem)
                  20000010    00007ff0     --HOLE--

.data      0    20008000    000001f8     UNINITIALIZED
                  20008000    000000f0     rtsv7M4_T_le_v4SPD16_eabi.lib : defs.c.obj (.data:_ftable)
                  200080f0    00000078                                   : host_device.c.obj (.data:_device)
                  20008168    00000050                                   : host_device.c.obj (.data:_stream)
                  200081b8    00000010     LcdDriver.obj (.data:g_sCrystalfontz128x128)
                  200081c8    00000010     rtsv7M4_T_le_v4SPD16_eabi.lib : defs.c.obj (.data)
                  200081d8    0000000c                                   : exit.c.obj (.data:$O1$$)
                  200081e4    00000008                                   : _lock.c.obj (.data:$O1$$)
                  200081ec    00000008                                   : memory.c.obj (.data:$O1$$)
                  200081f4    00000004                                   : errno.c.obj (.data)

.bss       0    200081f8    000001ee     UNINITIALIZED
                  200081f8    00000120     rtsv7M4_T_le_v4SPD16_eabi.lib : trgmsg.c.obj (.bss:_CIOBUF_)
                  20008318    000000a0     (.common:__TI_tmpnams)
                  200083b8    0000001c     (.common:g_sContext)
                  200083d4    00000008     (.common:parmbuf)
                  200083dc    00000002     (.common:Lcd_ScreenHeigth)
                  200083de    00000002     (.common:Lcd_ScreenWidth)
                  200083e0    00000002     (.common:Lcd_TouchTrim)
                  200083e2    00000001     (.common:Lcd_FlagRead)
                  200083e3    00000001     (.common:Lcd_FontSolid)
                  200083e4    00000001     (.common:Lcd_Orientation)
                  200083e5    00000001     (.common:Lcd_PenSolid)

.stack     0    2000f000    00001000     UNINITIALIZED
                  2000f000    00000004     rtsv7M4_T_le_v4SPD16_eabi.lib : boot_cortex_m.c.obj (.stack)
                  2000f004    00000ffc     --HOLE--

__llvm_prf_cnts 
*          0    20000000    00000000     UNINITIALIZED

.binit     0    00000000    00000000     

MODULE SUMMARY

       Module                       code    ro data   rw data
       ------                       ----    -------   -------
    .\
       main_nortos.obj              142     16        76     
    +--+----------------------------+-------+---------+---------+
       Total:                       142     16        76     
                                                             
    .\Modules\PinPad\
       LcdDriver.obj                1882    68        32     
       pin_pad.obj                  162     0         0      
    +--+----------------------------+-------+---------+---------+
       Total:                       2044    68        32     
                                                             
    C:/Users/gabri/Desktop/CCS_library/simplelink_msp432p4_sdk_3_40_01_02/simplelink_msp432p4_sdk_3_40_01_02/kernel/nortos/lib/nortos_msp432p401x.aem4f
       startup_msp432_ccs.oem4f     32      324       0      
    +--+----------------------------+-------+---------+---------+
       Total:                       32      324       0      
                                                             
    C:/Users/gabri/Desktop/CCS_library/simplelink_msp432p4_sdk_3_40_01_02/simplelink_msp432p4_sdk_3_40_01_02/source/ti/devices/msp432p4xx/driverlib/ccs/msp432p4xx_driverlib.lib
       gpio.o                       368     48        0      
       timer_a.o                    398     0         0      
       cs.o                         352     0         0      
       spi.o                        312     0         0      
       interrupt.o                  176     8         0      
       wdt_a.o                      36      0         0      
       cpu.o                        24      0         0      
    +--+----------------------------+-------+---------+---------+
       Total:                       1666    56        0      
                                                             
    C:/Users/gabri/Desktop/CCS_library/simplelink_msp432p4_sdk_3_40_01_02/simplelink_msp432p4_sdk_3_40_01_02/source/ti/grlib/lib/ccs/m4/grlib.a
       fontfixed6x8.obj             0       960       0      
       context.obj                  174     0         0      
       display.obj                  48      0         0      
    +--+----------------------------+-------+---------+---------+
       Total:                       222     960       0      
                                                             
    C:\ti\ccs1240\ccs\tools\compiler\ti-cgt-arm_20.2.7.LTS\lib\rtsv7M4_T_le_v4SPD16_eabi.lib
       _printfi.c.obj               4851    0         0      
       defs.c.obj                   0       0         832    
       memory.c.obj                 672     0         16     
       trgmsg.c.obj                 108     0         576    
       fd_add_t2.asm.obj            438     0         0      
       host_device.c.obj            0       0         400    
       fd_div_t2.asm.obj            310     0         0      
       fputs.c.obj                  276     0         0      
       s_scalbn.c.obj               272     0         0      
       fd_cmp_t2.asm.obj            268     0         0      
       ctype.c.obj                  0       257       0      
       fd_mul_t2.asm.obj            252     0         0      
       setvbuf.c.obj                220     0         0      
       memcpy_t2.asm.obj            156     0         0      
       ull_div_t2.asm.obj           150     0         0      
       fputc.c.obj                  140     0         0      
       memset_t2.asm.obj            122     0         0      
       fclose.c.obj                 116     0         0      
       getdevice.c.obj              116     0         0      
       hostopen.c.obj               96      0         16     
       printf.c.obj                 112     0         0      
       hostrename.c.obj             108     0         0      
       copy_decompress_lzss.c.obj   104     0         0      
       hostlseek.c.obj              104     0         0      
       exit.c.obj                   76      0         24     
       fseek.c.obj                  100     0         0      
       s_frexp.c.obj                100     0         0      
       _io_perm.c.obj               98      0         0      
       close.c.obj                  92      0         0      
       hostread.c.obj               88      0         0      
       hostwrite.c.obj              88      0         0      
       _ltoa.c.obj                  84      0         0      
       atoi.c.obj                   76      0         0      
       fflush.c.obj                 76      0         0      
       fd_toi_t2.asm.obj            72      0         0      
       autoinit.c.obj               68      0         0      
       hostclose.c.obj              68      0         0      
       hostunlink.c.obj             68      0         0      
       strncpy.c.obj                54      0         0      
       boot_cortex_m.c.obj          52      0         0      
       fopen.c.obj                  52      0         0      
       i_tofd_t2.asm.obj            46      0         0      
       unlink.c.obj                 44      0         0      
       lseek.c.obj                  40      0         0      
       write.c.obj                  40      0         0      
       memchr.c.obj                 32      0         0      
       copy_zero_init.c.obj         28      0         0      
       memccpy.c.obj                28      0         0      
       s_copysign.c.obj             26      0         0      
       strcmp.c.obj                 24      0         0      
       strchr.c.obj                 22      0         0      
       strcpy.c.obj                 20      0         0      
       strlen.c.obj                 20      0         0      
       _lock.c.obj                  2       0         16     
       wcslen.c.obj                 18      0         0      
       errno.c.obj                  8       0         8      
       copy_decompress_none.c.obj   14      0         0      
       pre_init.c.obj               4       0         0      
       div0.asm.obj                 2       0         0      
    +--+----------------------------+-------+---------+---------+
       Total:                       10721   257       1888   
                                                             
       Heap:                        0       0         65536  
       Stack:                       0       0         8192   
       Linker Generated:            0       149       0      
    +--+----------------------------+-------+---------+---------+
       Grand Total:                 14827   1830      75724  


LINKER GENERATED COPY TABLES

__TI_cinit_table @ 00004110 records: 2, size/record: 8, table size: 16
	.data: load addr=00004088, load size=00000071 bytes, run addr=20008000, run size=000001f8 bytes, compression=lzss
	.bss: load addr=00004108, load size=00000008 bytes, run addr=200081f8, run size=000001ee bytes, compression=zero_init


LINKER GENERATED HANDLER TABLE

__TI_handler_table @ 000040fc records: 3, size/record: 4, table size: 12
	index: 0, handler: __TI_decompress_lzss
	index: 1, handler: __TI_decompress_none
	index: 2, handler: __TI_zero_init


GLOBAL SYMBOLS: SORTED ALPHABETICALLY BY Name 

address   name                                       
-------   ----                                       
00003b35  C$$EXIT                                    
0000350f  C$$IO$$                                    
00003af7  CPU_cpsid                                  
00003b03  CPU_cpsie                                  
00001851  CS_initClockSignal                         
00003621  CS_setReferenceOscillatorFrequency         
00001981  Crystalfontz128x128_Init                   
0000171d  Crystalfontz128x128_SetDrawFrame           
00002f51  Crystalfontz128x128_SetOrientation         
000039e9  EUSCI_A_SPI_enable                         
000039ff  EUSCI_B_SPI_enable                         
00002d9d  GPIO_setAsInputPinWithPullUpResistor       
000033a9  GPIO_setAsOutputPin                        
0000256d  GPIO_setAsPeripheralModuleFunctionOutputPin
0000378d  GPIO_setOutputHighOnPin                    
000037b5  GPIO_setOutputLowOnPin                     
00003a95  Graphics_clearDisplay                      
00003951  Graphics_clearDisplayOnDisplay             
00002ff9  Graphics_initContext                       
0000396b  Graphics_setBackgroundColor                
00003985  Graphics_setFont                           
00003a15  Graphics_setForegroundColor                
00003a2b  Graphics_translateColorOnDisplay           
00003651  HAL_LCD_PortInit                           
000033e9  HAL_LCD_SpiInit                            
000034a9  HAL_LCD_writeCommand                       
0000370d  HAL_LCD_writeData                          
00003259  HOSTclose                                  
000029bd  HOSTlseek                                  
00002ce1  HOSTopen                                   
00002df5  HOSTread                                   
00002951  HOSTrename                                 
0000329d  HOSTunlink                                 
00002e4d  HOSTwrite                                  
00003ab9  Interrupt_disableMaster                    
00002701  Interrupt_enableInterrupt                  
00003ac9  Interrupt_enableMaster                     
00003ad9  Interrupt_enableSleepOnIsrExit             
200083e2  Lcd_FlagRead                               
200083e3  Lcd_FontSolid                              
200083e4  Lcd_Orientation                            
200083e5  Lcd_PenSolid                               
200083dc  Lcd_ScreenHeigth                           
200083de  Lcd_ScreenWidth                            
200083e0  Lcd_TouchTrim                              
000038e1  SPI_enableModule                           
00002263  SPI_initMaster                             
00003551  Timer_A_configureContinuousMode            
00003a41  Timer_A_startCounter                       
4000480c  WDTCTL_SYM                                 
00003855  WDT_A_holdTimer                            
200081f8  __CIOBUF_                                  
20010000  __STACK_END                                
00001000  __STACK_SIZE                               
00008000  __SYSMEM_SIZE                              
00004110  __TI_CINIT_Base                            
00004120  __TI_CINIT_Limit                           
000040fc  __TI_Handler_Table_Base                    
00004108  __TI_Handler_Table_Limit                   
000032e1  __TI_auto_init_nobinit_nopinit             
00003585  __TI_cleanup                               
200081d8  __TI_cleanup_ptr                           
000027fd  __TI_closefile                             
00002a25  __TI_decompress_lzss                       
00003ae9  __TI_decompress_none                       
0000309d  __TI_doflush                               
200081dc  __TI_dtors_ptr                             
200081e0  __TI_enable_exit_profile_output            
200081c8  __TI_ft_end                                
00002fa5  __TI_ltoa                                  
ffffffff  __TI_pprof_out_hndl                        
00000145  __TI_printfi                               
ffffffff  __TI_prof_data_size                        
ffffffff  __TI_prof_data_start                       
000035b9  __TI_readmsg                               
00004088  __TI_static_base__                         
20008318  __TI_tmpnams                               
000034e1  __TI_writemsg                              
00002bbd  __TI_wrt_ok                                
000038fd  __TI_zero_init_nomemset                    
000025f5  __aeabi_cdcmpeq                            
000025f5  __aeabi_cdcmple                            
0000267b  __aeabi_cdrcmple                           
000031c9  __aeabi_d2iz                               
000011b7  __aeabi_dadd                               
000015e5  __aeabi_ddiv                               
00001ef5  __aeabi_dmul                               
000011ad  __aeabi_dsub                               
00003b19  __aeabi_errno_addr                         
000036b1  __aeabi_i2d                                
00002cdf  __aeabi_idiv0                              
00002cdf  __aeabi_ldiv0                              
00002781  __aeabi_memclr                             
00002781  __aeabi_memclr4                            
00002781  __aeabi_memclr8                            
000023af  __aeabi_memcpy                             
000023af  __aeabi_memcpy4                            
000023af  __aeabi_memcpy8                            
00002783  __aeabi_memset                             
00002783  __aeabi_memset4                            
00002783  __aeabi_memset8                            
200081d4  __aeabi_stderr                             
200081cc  __aeabi_stdin                              
200081d0  __aeabi_stdout                             
0000244b  __aeabi_uldivmod                           
ffffffff  __binit__                                  
ffffffff  __c_args__                                 
UNDEFED   __mpu_init                                 
2000f000  __stack                                    
20000000  __start___llvm_prf_cnts                    
20000000  __stop___llvm_prf_cnts                     
000035ed  _c_int00_noargs                            
00003e30  _ctypes_                                   
200080f0  _device                                    
20008000  _ftable                                    
200081e4  _lock                                      
00000b93  _nop                                       
20008168  _stream                                    
20000000  _sys_memory                                
UNDEFED   _system_post_cinit                         
00003b31  _system_pre_init                           
200081e8  _unlock                                    
00003b35  abort                                      
00001df5  aligned_alloc                              
000030e9  atoi                                       
ffffffff  binit                                      
00002d41  close                                      
00003135  configGraphic                              
00002efb  configKeyPad                               
00003879  configurePorts                             
0000389d  configureTimer                             
00004068  continuousModeConfig                       
0000399f  copysign                                   
0000399f  copysignl                                  
200081f4  errno                                      
00003181  exit                                       
00003681  finddevice                                 
000024e1  fputc                                      
00001bd1  fputs                                      
00001ff1  free                                       
00002af5  frexp                                      
00002af5  frexpl                                     
00002b59  fseek                                      
200083b8  g_sContext                                 
200081b8  g_sCrystalfontz128x128                     
0000402c  g_sCrystalfontz128x128_funcs               
00003f34  g_sFontFixed6x8                            
00003325  getdevice                                  
00000000  interruptVectors                           
00001ce5  ldexp                                      
00001ce5  ldexpl                                     
00003805  lseek                                      
00003211  main                                       
00003b21  malloc                                     
00001df5  memalign                                   
00003935  memccpy                                    
000038c1  memchr                                     
000023af  memcpy                                     
00002789  memset                                     
200083d4  parmbuf                                    
00002a8d  printf                                     
000024e1  putc                                       
00003739  remove                                     
000039b9  resetISR                                   
00001ce5  scalbn                                     
00001ce5  scalbnl                                    
000020d5  setvbuf                                    
00003a57  strchr                                     
000039d1  strcmp                                     
00003a6d  strcpy                                     
00003a81  strlen                                     
00003519  strncpy                                    
00003739  unlink                                     
00003aa7  wcslen                                     
0000382d  write                                      


GLOBAL SYMBOLS: SORTED BY Symbol Address 

address   name                                       
-------   ----                                       
00000000  interruptVectors                           
00000145  __TI_printfi                               
00000b93  _nop                                       
00001000  __STACK_SIZE                               
000011ad  __aeabi_dsub                               
000011b7  __aeabi_dadd                               
000015e5  __aeabi_ddiv                               
0000171d  Crystalfontz128x128_SetDrawFrame           
00001851  CS_initClockSignal                         
00001981  Crystalfontz128x128_Init                   
00001bd1  fputs                                      
00001ce5  ldexp                                      
00001ce5  ldexpl                                     
00001ce5  scalbn                                     
00001ce5  scalbnl                                    
00001df5  aligned_alloc                              
00001df5  memalign                                   
00001ef5  __aeabi_dmul                               
00001ff1  free                                       
000020d5  setvbuf                                    
00002263  SPI_initMaster                             
000023af  __aeabi_memcpy                             
000023af  __aeabi_memcpy4                            
000023af  __aeabi_memcpy8                            
000023af  memcpy                                     
0000244b  __aeabi_uldivmod                           
000024e1  fputc                                      
000024e1  putc                                       
0000256d  GPIO_setAsPeripheralModuleFunctionOutputPin
000025f5  __aeabi_cdcmpeq                            
000025f5  __aeabi_cdcmple                            
0000267b  __aeabi_cdrcmple                           
00002701  Interrupt_enableInterrupt                  
00002781  __aeabi_memclr                             
00002781  __aeabi_memclr4                            
00002781  __aeabi_memclr8                            
00002783  __aeabi_memset                             
00002783  __aeabi_memset4                            
00002783  __aeabi_memset8                            
00002789  memset                                     
000027fd  __TI_closefile                             
00002951  HOSTrename                                 
000029bd  HOSTlseek                                  
00002a25  __TI_decompress_lzss                       
00002a8d  printf                                     
00002af5  frexp                                      
00002af5  frexpl                                     
00002b59  fseek                                      
00002bbd  __TI_wrt_ok                                
00002cdf  __aeabi_idiv0                              
00002cdf  __aeabi_ldiv0                              
00002ce1  HOSTopen                                   
00002d41  close                                      
00002d9d  GPIO_setAsInputPinWithPullUpResistor       
00002df5  HOSTread                                   
00002e4d  HOSTwrite                                  
00002efb  configKeyPad                               
00002f51  Crystalfontz128x128_SetOrientation         
00002fa5  __TI_ltoa                                  
00002ff9  Graphics_initContext                       
0000309d  __TI_doflush                               
000030e9  atoi                                       
00003135  configGraphic                              
00003181  exit                                       
000031c9  __aeabi_d2iz                               
00003211  main                                       
00003259  HOSTclose                                  
0000329d  HOSTunlink                                 
000032e1  __TI_auto_init_nobinit_nopinit             
00003325  getdevice                                  
000033a9  GPIO_setAsOutputPin                        
000033e9  HAL_LCD_SpiInit                            
000034a9  HAL_LCD_writeCommand                       
000034e1  __TI_writemsg                              
0000350f  C$$IO$$                                    
00003519  strncpy                                    
00003551  Timer_A_configureContinuousMode            
00003585  __TI_cleanup                               
000035b9  __TI_readmsg                               
000035ed  _c_int00_noargs                            
00003621  CS_setReferenceOscillatorFrequency         
00003651  HAL_LCD_PortInit                           
00003681  finddevice                                 
000036b1  __aeabi_i2d                                
0000370d  HAL_LCD_writeData                          
00003739  remove                                     
00003739  unlink                                     
0000378d  GPIO_setOutputHighOnPin                    
000037b5  GPIO_setOutputLowOnPin                     
00003805  lseek                                      
0000382d  write                                      
00003855  WDT_A_holdTimer                            
00003879  configurePorts                             
0000389d  configureTimer                             
000038c1  memchr                                     
000038e1  SPI_enableModule                           
000038fd  __TI_zero_init_nomemset                    
00003935  memccpy                                    
00003951  Graphics_clearDisplayOnDisplay             
0000396b  Graphics_setBackgroundColor                
00003985  Graphics_setFont                           
0000399f  copysign                                   
0000399f  copysignl                                  
000039b9  resetISR                                   
000039d1  strcmp                                     
000039e9  EUSCI_A_SPI_enable                         
000039ff  EUSCI_B_SPI_enable                         
00003a15  Graphics_setForegroundColor                
00003a2b  Graphics_translateColorOnDisplay           
00003a41  Timer_A_startCounter                       
00003a57  strchr                                     
00003a6d  strcpy                                     
00003a81  strlen                                     
00003a95  Graphics_clearDisplay                      
00003aa7  wcslen                                     
00003ab9  Interrupt_disableMaster                    
00003ac9  Interrupt_enableMaster                     
00003ad9  Interrupt_enableSleepOnIsrExit             
00003ae9  __TI_decompress_none                       
00003af7  CPU_cpsid                                  
00003b03  CPU_cpsie                                  
00003b19  __aeabi_errno_addr                         
00003b21  malloc                                     
00003b31  _system_pre_init                           
00003b35  C$$EXIT                                    
00003b35  abort                                      
00003e30  _ctypes_                                   
00003f34  g_sFontFixed6x8                            
0000402c  g_sCrystalfontz128x128_funcs               
00004068  continuousModeConfig                       
00004088  __TI_static_base__                         
000040fc  __TI_Handler_Table_Base                    
00004108  __TI_Handler_Table_Limit                   
00004110  __TI_CINIT_Base                            
00004120  __TI_CINIT_Limit                           
00008000  __SYSMEM_SIZE                              
20000000  __start___llvm_prf_cnts                    
20000000  __stop___llvm_prf_cnts                     
20000000  _sys_memory                                
20008000  _ftable                                    
200080f0  _device                                    
20008168  _stream                                    
200081b8  g_sCrystalfontz128x128                     
200081c8  __TI_ft_end                                
200081cc  __aeabi_stdin                              
200081d0  __aeabi_stdout                             
200081d4  __aeabi_stderr                             
200081d8  __TI_cleanup_ptr                           
200081dc  __TI_dtors_ptr                             
200081e0  __TI_enable_exit_profile_output            
200081e4  _lock                                      
200081e8  _unlock                                    
200081f4  errno                                      
200081f8  __CIOBUF_                                  
20008318  __TI_tmpnams                               
200083b8  g_sContext                                 
200083d4  parmbuf                                    
200083dc  Lcd_ScreenHeigth                           
200083de  Lcd_ScreenWidth                            
200083e0  Lcd_TouchTrim                              
200083e2  Lcd_FlagRead                               
200083e3  Lcd_FontSolid                              
200083e4  Lcd_Orientation                            
200083e5  Lcd_PenSolid                               
2000f000  __stack                                    
20010000  __STACK_END                                
4000480c  WDTCTL_SYM                                 
ffffffff  __TI_pprof_out_hndl                        
ffffffff  __TI_prof_data_size                        
ffffffff  __TI_prof_data_start                       
ffffffff  __binit__                                  
ffffffff  __c_args__                                 
ffffffff  binit                                      
UNDEFED   __mpu_init                                 
UNDEFED   _system_post_cinit                         

[175 symbols]
