******************************************************************************
                  TI ARM Linker Unix v20.2.7                   
******************************************************************************
>> Linked Tue Feb 20 18:29:21 2024

OUTPUT FILE NAME:   <smart_lock3.out>
ENTRY POINT SYMBOL: "resetISR"  address: 00009831


MEMORY CONFIGURATION

         name            origin    length      used     unused   attr    fill
----------------------  --------  ---------  --------  --------  ----  --------
  MAIN                  00000000   00040000  0000a6ca  00035936  R  X
  INFO                  00200000   00004000  00000000  00004000  R  X
  SRAM_CODE             01000000   00010000  00009e25  000061db  RW X
  SRAM_DATA             20000000   00010000  00009e25  000061db  RW  


SEGMENT ALLOCATION MAP

run origin  load origin   length   init length attrs members
----------  ----------- ---------- ----------- ----- -------
00000000    00000000    0000a6d0   0000a6d0    r-x
  00000000    00000000    00000144   00000144    r-- .intvecs
  00000144    00000144    00009b64   00009b64    r-x .text
  00009ca8    00009ca8    000008ba   000008ba    r-- .const
  0000a568    0000a568    00000168   00000168    r-- .cinit
20000000    20000000    00008d3d   00000000    rw-
  20000000    20000000    00008000   00000000    rw- .sysmem
  20008000    20008000    000006a4   00000000    rw- .bss
  200086a4    200086a4    00000699   00000000    rw- .data
20009000    20009000    000000e8   00000000    rw-
  20009000    20009000    000000e8   00000000    rw- .vtable
2000f000    2000f000    00001000   00000000    rw-
  2000f000    2000f000    00001000   00000000    rw- .stack


SECTION ALLOCATION MAP

 output                                  attributes/
section   page    origin      length       input sections
--------  ----  ----------  ----------   ----------------
.text      0    00000144    00009b64     
                  00000144    00000a4e     rtsv7M4_T_le_v4SPD16_eabi.lib : _printfi.c.obj (.text:__TI_printfi)
                  00000b92    0000047e     grlib.a : string.obj (.text:Graphics_drawString)
                  00001010    000003c8     pin_pad.obj (.text:checkPinPad)
                  000013d8    000002f8     drivers_msp432p401x.aem4f : PowerMSP432.oem4f (.text:Power_sleep)
                  000016d0    000002d0                               : UARTMSP432.oem4f (.text:UARTMSP432_open)
                  000019a0    0000028c                               : SPIMSP432DMA.oem4f (.text:SPIMSP432DMA_open)
                  00001c2c    00000288                               : PowerMSP432.oem4f (.text:initPerfControl)
                  00001eb4    00000270     rtsv7M4_T_le_v4SPD16_eabi.lib : _printfi.c.obj (.text:_pconv_a)
                  00002124    00000208     drivers_msp432p401x.aem4f : PWMTimerMSP432.oem4f (.text:PWMTimerMSP432_open)
                  0000232c    000001d8     LcdDriver.obj (.text:Crystalfontz128x128_PixelDrawMultiple)
                  00002504    000001d0     rtsv7M4_T_le_v4SPD16_eabi.lib : _printfi.c.obj (.text:_pconv_g)
                  000026d4    000001c4     mfrc522.obj (.text:MFRC522_ToCard)
                  00002898    000001b6     rtsv7M4_T_le_v4SPD16_eabi.lib : fd_add_t2.asm.obj (.text)
                  00002a4e    00000002     ti_drivers_config.obj (.text:Board_initHook)
                  00002a50    00000170     drivers_msp432p401x.aem4f : GPIOMSP432.oem4f (.text:GPIO_setConfig)
                  00002bc0    00000150     pin_pad.obj (.text:getKey)
                  00002d10    0000014c     drivers_msp432p401x.aem4f : TimerMSP432.oem4f (.text:TimerMSP432_open)
                  00002e5c    0000013c     rtsv7M4_T_le_v4SPD16_eabi.lib : _printfi.c.obj (.text:_pconv_e)
                  00002f98    00000136                                   : fd_div_t2.asm.obj (.text)
                  000030ce    00000002     msp432p4xx_driverlib.lib : interrupt.o (.text:IntDefaultHandler)
                  000030d0    00000134     LcdDriver.obj (.text:Crystalfontz128x128_SetDrawFrame)
                  00003204    00000130     drivers_msp432p401x.aem4f : UDMAMSP432.oem4f (.text:setupInterrupt)
                  00003334    0000012c     LcdDriver.obj (.text:Crystalfontz128x128_Init)
                  00003460    0000012c     drivers_msp432p401x.aem4f : SPIMSP432DMA.oem4f (.text:SPIMSP432DMA_transfer)
                  0000358c    00000124     rtsv7M4_T_le_v4SPD16_eabi.lib : _printfi.c.obj (.text:fcvt)
                  000036b0    0000011c     msp432p4xx_driverlib.lib : uart.o (.text:UART_initModule)
                  000037cc    00000114     drivers_msp432p401x.aem4f : PWMTimerMSP432.oem4f (.text:PWMTimerMSP432_setPeriod)
                  000038e0    00000114     rtsv7M4_T_le_v4SPD16_eabi.lib : fputs.c.obj (.text:fputs)
                  000039f4    00000110                                   : s_scalbn.c.obj (.text:scalbn)
                  00003b04    00000104     drivers_msp432p401x.aem4f : SPIMSP432DMA.oem4f (.text:SPIMSP432DMA_transferCancel)
                  00003c08    00000100     rtsv7M4_T_le_v4SPD16_eabi.lib : memory.c.obj (.text:aligned_alloc)
                  00003d08    000000fc     drivers_msp432p401x.aem4f : SPIMSP432DMA.oem4f (.text:configDMA)
                  00003e04    000000fc     rtsv7M4_T_le_v4SPD16_eabi.lib : fd_mul_t2.asm.obj (.text)
                  00003f00    000000fa     grlib.a : string.obj (.text:Graphics_getStringWidth)
                  00003ffa    00000002     drivers_msp432p401x.aem4f : PWMTimerMSP432.oem4f (.text:PWMTimerMSP432_init)
                  00003ffc    000000f0     msp432p4xx_driverlib.lib : dma.o (.text:DMA_setChannelTransfer)
                  000040ec    000000e4                              : cs.o (.text:CS_startHFXTWithTimeout)
                  000041d0    000000e4     rtsv7M4_T_le_v4SPD16_eabi.lib : memory.c.obj (.text:free)
                  000042b4    000000e0     msp432p4xx_driverlib.lib : cs.o (.text:CS_startLFXTWithTimeout)
                  00004394    000000e0     nortos_msp432p401x.aem4f : TimerPMSP432_nortos.oem4f (.text:TimerP_construct)
                  00004474    000000dc     drivers_msp432p401x.aem4f : UARTMSP432.oem4f (.text:UARTMSP432_readPolling)
                  00004550    000000dc                               : UDMAMSP432.oem4f (.text:UDMAMSP432_close)
                  0000462c    000000dc     msp432p4xx_driverlib.lib : cs.o (.text:_CSGetHFXTFrequency)
                  00004708    000000dc     rtsv7M4_T_le_v4SPD16_eabi.lib : setvbuf.c.obj (.text:setvbuf)
                  000047e4    000000d8     nortos_msp432p401x.aem4f : SwiP_nortos.oem4f (.text:SwiP_construct)
                  000048bc    000000ca     drivers_msp432p401x.aem4f : UARTMSP432.oem4f (.text:UARTMSP432_hwiIntFxn)
                  00004986    00000002     nortos_msp432p401x.aem4f : PowerMSP432_nortos.oem4f (.text:PowerMSP432_initPolicy)
                  00004988    000000c8     drivers_msp432p401x.aem4f : TimerMSP432.oem4f (.text:TimerMSP432_start)
                  00004a50    000000c0     main_nortos.obj (.text:fn_DOOR_LOCKED)
                  00004b10    000000bc     drivers_msp432p401x.aem4f : TimerMSP432.oem4f (.text:TimerMSP432_setPeriod)
                  00004bcc    000000b8                               : UARTMSP432.oem4f (.text:initHw)
                  00004c84    000000b8                               : UARTMSP432.oem4f (.text:readTaskCallback)
                  00004d3c    000000b4     nortos_msp432p401x.aem4f : ClockPTimer_nortos.oem4f (.text:ClockP_startup)
                  00004df0    000000b4     drivers_msp432p401x.aem4f : UARTMSP432.oem4f (.text:UARTMSP432_control)
                  00004ea4    000000b4                               : UARTMSP432.oem4f (.text:UARTMSP432_writePolling)
                  00004f58    000000b1     rtsv7M4_T_le_v4SPD16_eabi.lib : _printfi.c.obj (.text:_ltostr)
                  00005009    00000001     --HOLE-- [fill = 0]
                  0000500a    000000b0     msp432p4xx_driverlib.lib : spi.o (.text:SPI_initMaster)
                  000050ba    00000002     nortos_msp432p401x.aem4f : PowerMSP432_nortos.oem4f (.text:PowerMSP432_updateFreqs)
                  000050bc    000000ac                              : ClockPTimer_nortos.oem4f (.text:ClockP_workFuncDynamic)
                  00005168    000000ac     drivers_msp432p401x.aem4f : GPIOMSP432.oem4f (.text:GPIO_init)
                  00005214    000000ac     main_nortos.obj (.text:fn_PIN_ENABLED)
                  000052c0    000000a8     drivers_msp432p401x.aem4f : UARTMSP432.oem4f (.text:UARTMSP432_write)
                  00005368    000000a8                               : UARTMSP432.oem4f (.text:readTaskBlocking)
                  00005410    000000a4                               : PWMTimerMSP432.oem4f (.text:PWMTimerMSP432_stop)
                  000054b4    000000a4                               : TimerMSP432.oem4f (.text:initTimerHardware)
                  00005558    000000a0     nortos_msp432p401x.aem4f : SemaphoreP_nortos.oem4f (.text:SemaphoreP_pend)
                  000055f8    000000a0     drivers_msp432p401x.aem4f : UARTMSP432.oem4f (.text:readIsrTextCallback)
                  00005698    0000009c     LcdDriver.obj (.text:Crystalfontz128x128_RectFill)
                  00005734    0000009c     grlib.a : line.obj (.text:Graphics_drawLineH)
                  000057d0    0000009c     drivers_msp432p401x.aem4f : PowerMSP432.oem4f (.text:Power_init)
                  0000586c    0000009c     nortos_msp432p401x.aem4f : SwiP_nortos.oem4f (.text:SwiP_dispatch)
                  00005908    0000009c     rtsv7M4_T_le_v4SPD16_eabi.lib : memcpy_t2.asm.obj (.text)
                  000059a4    0000009c     drivers_msp432p401x.aem4f : TimerMSP432.oem4f (.text:setT32TickCount)
                  00005a40    0000009c                               : TimerMSP432.oem4f (.text:setTATickCount)
                  00005adc    00000098     main_nortos.obj (.text:configTimer)
                  00005b74    00000096     rtsv7M4_T_le_v4SPD16_eabi.lib : ull_div_t2.asm.obj (.text)
                  00005c0a    00000002     drivers_msp432p401x.aem4f : TimerMSP432.oem4f (.text:TimerMSP432_init)
                  00005c0c    00000094                               : PWMTimerMSP432.oem4f (.text:PWMTimerMSP432_setDuty)
                  00005ca0    00000094                               : UDMAMSP432.oem4f (.text:UDMAMSP432_init)
                  00005d34    00000094                               : UDMAMSP432.oem4f (.text:UDMAMSP432_open)
                  00005dc8    00000092                               : UARTMSP432.oem4f (.text:UARTMSP432_close)
                  00005e5a    00000092                               : UARTMSP432.oem4f (.text:writeData)
                  00005eec    0000008c     mfrc522.obj (.text:MFRC522_Anticoll)
                  00005f78    0000008c     mfrc522.obj (.text:MFRC522_CalculateCRC)
                  00006004    0000008c     drivers_msp432p401x.aem4f : TimerMSP432.oem4f (.text:TimerMSP432_stop)
                  00006090    0000008c     rtsv7M4_T_le_v4SPD16_eabi.lib : fputc.c.obj (.text:fputc)
                  0000611c    0000008c     drivers_msp432p401x.aem4f : UARTMSP432.oem4f (.text:readIsrTextBlocking)
                  000061a8    00000088     msp432p4xx_driverlib.lib : gpio.o (.text:GPIO_setAsPeripheralModuleFunctionOutputPin)
                  00006230    00000088     drivers_msp432p401x.aem4f : PWMTimerMSP432.oem4f (.text:PWMTimerMSP432_close)
                  000062b8    00000086     rtsv7M4_T_le_v4SPD16_eabi.lib : fd_cmp_t2.asm.obj (.text:__aeabi_cdcmple)
                  0000633e    00000086                                   : fd_cmp_t2.asm.obj (.text:__aeabi_cdrcmple)
                  000063c4    00000086     drivers_msp432p401x.aem4f : SPIMSP432DMA.oem4f (.text:initHw)
                  0000644a    00000002                               : UARTMSP432.oem4f (.text:UARTMSP432_init)
                  0000644c    00000084                               : PWMTimerMSP432.oem4f (.text:PWMTimerMSP432_start)
                  000064d0    00000084                               : PowerMSP432.oem4f (.text:restartHFXT)
                  00006554    00000080     nortos_msp432p401x.aem4f : ClockPTimer_nortos.oem4f (.text:ClockP_start)
                  000065d4    00000080     msp432p4xx_driverlib.lib : interrupt.o (.text:Interrupt_disableInterrupt)
                  00006654    00000080                              : interrupt.o (.text:Interrupt_enableInterrupt)
                  000066d4    00000080     main_nortos.obj (.text:fn_DOOR_UNLOCKED)
                  00006754    0000007c     drivers_msp432p401x.aem4f : PWMTimerMSP432.oem4f (.text:setConstraints)
                  000067d0    0000007a     rtsv7M4_T_le_v4SPD16_eabi.lib : memset_t2.asm.obj (.text)
                  0000684a    00000002                                   : _lock.c.obj (.text:_nop)
                  0000684c    00000078     nortos_msp432p401x.aem4f : ClockPTimer_nortos.oem4f (.text:ClockP_walkQueueDynamic)
                  000068c4    00000078     drivers_msp432p401x.aem4f : TimerMSP432.oem4f (.text:TimerMSP432_allocateTimerResource)
                  0000693c    00000074     rtsv7M4_T_le_v4SPD16_eabi.lib : fclose.c.obj (.text:__TI_closefile)
                  000069b0    00000074     main_nortos.obj (.text:fn_SYSTEM_LOCKED)
                  00006a24    00000070     nortos_msp432p401x.aem4f : HwiPMSP432_nortos.oem4f (.text:HwiP_construct)
                  00006a94    00000070     drivers_msp432p401x.aem4f : UARTMSP432.oem4f (.text:UARTMSP432_writeCancel)
                  00006b04    00000070     buzzer.obj (.text:configBuzzer)
                  00006b74    00000070     rtsv7M4_T_le_v4SPD16_eabi.lib : memory.c.obj (.text:split)
                  00006be4    0000006e                                   : _printfi.c.obj (.text:_mcpy)
                  00006c52    00000002     nortos_msp432p401x.aem4f : startup_msp432_ccs.oem4f (.text:busFaultISR)
                  00006c54    0000006c     rtsv7M4_T_le_v4SPD16_eabi.lib : hostrename.c.obj (.text:HOSTrename)
                  00006cc0    0000006c     nortos_msp432p401x.aem4f : TimerPMSP432_nortos.oem4f (.text:TimerP_getCurrentTick)
                  00006d2c    0000006c     main_nortos.obj (.text:fn_DOOR_OPEN)
                  00006d98    0000006a     drivers_msp432p401x.aem4f : PWMTimerMSP432.oem4f (.text:perfChangeNotifyFxn)
                  00006e02    00000002     nortos_msp432p401x.aem4f : SemaphoreP_nortos.oem4f (.text:clkFxn)
                  00006e04    00000068     drivers_msp432p401x.aem4f : GPIOMSP432.oem4f (.text:GPIO_hwiIntFxn)
                  00006e6c    00000068     rtsv7M4_T_le_v4SPD16_eabi.lib : hostlseek.c.obj (.text:HOSTlseek)
                  00006ed4    00000068     msp432p4xx_driverlib.lib : interrupt.o (.text:Interrupt_pendInterrupt)
                  00006f3c    00000068     drivers_msp432p401x.aem4f : PowerMSP432.oem4f (.text:PowerMSP432_getFreqs)
                  00006fa4    00000068     nortos_msp432p401x.aem4f : SwiP_nortos.oem4f (.text:SwiP_post)
                  0000700c    00000068     rtsv7M4_T_le_v4SPD16_eabi.lib : copy_decompress_lzss.c.obj (.text:decompress:lzss:__TI_decompress_lzss)
                  00007074    00000068     drivers_msp432p401x.aem4f : PWMTimerMSP432.oem4f (.text:initHw)
                  000070dc    00000068     rtsv7M4_T_le_v4SPD16_eabi.lib : printf.c.obj (.text:printf)
                  00007144    00000064     drivers_msp432p401x.aem4f : SPIMSP432DMA.oem4f (.text:SPIMSP432DMA_close)
                  000071a8    00000064     servo.obj (.text:configServo)
                  0000720c    00000064     uart.obj (.text:configUART)
                  00007270    00000064     rtsv7M4_T_le_v4SPD16_eabi.lib : s_frexp.c.obj (.text:frexp)
                  000072d4    00000064                                   : fseek.c.obj (.text:fseek)
                  00007338    00000064     nfc.obj (.text:readCardID)
                  0000739c    00000062     rtsv7M4_T_le_v4SPD16_eabi.lib : _io_perm.c.obj (.text:__TI_wrt_ok)
                  000073fe    00000060     LcdDriver.obj (.text:Crystalfontz128x128_LineDrawH)
                  0000745e    00000060     LcdDriver.obj (.text:Crystalfontz128x128_LineDrawV)
                  000074be    00000002     nortos_msp432p401x.aem4f : startup_msp432_ccs.oem4f (.text:defaultISR)
                  000074c0    00000060     drivers_msp432p401x.aem4f : GPIOMSP432.oem4f (.text:GPIO_setCallback)
                  00007520    00000060     rtsv7M4_T_le_v4SPD16_eabi.lib : hostopen.c.obj (.text:HOSTopen)
                  00007580    00000060     uart.obj (.text:send_UART)
                  000075e0    0000005c     msp432p4xx_driverlib.lib : interrupt.o (.text:Interrupt_registerInterrupt)
                  0000763c    0000005c     rtsv7M4_T_le_v4SPD16_eabi.lib : close.c.obj (.text:close)
                  00007698    00000058     msp432p4xx_driverlib.lib : gpio.o (.text:GPIO_setAsInputPinWithPullDownResistor)
                  000076f0    00000058                              : gpio.o (.text:GPIO_setAsInputPinWithPullUpResistor)
                  00007748    00000058     drivers_msp432p401x.aem4f : GPIOMSP432.oem4f (.text:GPIO_write)
                  000077a0    00000058     rtsv7M4_T_le_v4SPD16_eabi.lib : hostread.c.obj (.text:HOSTread)
                  000077f8    00000058                                   : hostwrite.c.obj (.text:HOSTwrite)
                  00007850    00000058     msp432p4xx_driverlib.lib : interrupt.o (.text:Interrupt_unpendInterrupt)
                  000078a8    00000058     nortos_msp432p401x.aem4f : TimerPMSP432_nortos.oem4f (.text:TimerP_dynamicStub)
                  00007900    00000058     drivers_msp432p401x.aem4f : UARTMSP432.oem4f (.text:readIsrBinaryBlocking)
                  00007958    00000058                               : SPIMSP432DMA.oem4f (.text:spiHwiFxn)
                  000079b0    00000056     rtsv7M4_T_le_v4SPD16_eabi.lib : _printfi.c.obj (.text:_pconv_f)
                  00007a06    00000056     pin_pad.obj (.text:configKeyPad)
                  00007a5c    00000054     LcdDriver.obj (.text:Crystalfontz128x128_SetOrientation)
                  00007ab0    00000054     msp432p4xx_driverlib.lib : interrupt.o (.text:Interrupt_setPriority)
                  00007b04    00000054     drivers_msp432p401x.aem4f : TimerMSP432.oem4f (.text:TimerMSP432_freeTimerResource)
                  00007b58    00000054     rtsv7M4_T_le_v4SPD16_eabi.lib : _ltoa.c.obj (.text:__TI_ltoa)
                  00007bac    00000054     nfc.obj (.text:configNFC)
                  00007c00    00000052     grlib.a : context.obj (.text:Graphics_initContext)
                  00007c52    00000052     rtsv7M4_T_le_v4SPD16_eabi.lib : _printfi.c.obj (.text:_ecpy)
                  00007ca4    00000050     nortos_msp432p401x.aem4f : SemaphoreP_nortos.oem4f (.text:SemaphoreP_construct)
                  00007cf4    00000050     drivers_msp432p401x.aem4f : TimerMSP432.oem4f (.text:TimerMSP432_hwiIntFunction)
                  00007d44    00000050                               : UDMAMSP432.oem4f (.text:UDMAMSP432_hwiFxn)
                  00007d94    00000050     main_nortos.obj (.text:concatstr)
                  00007de4    0000004e     drivers_msp432p401x.aem4f : TimerMSP432.oem4f (.text:TimerMSP432_close)
                  00007e32    00000002     nortos_msp432p401x.aem4f : startup_msp432_ccs.oem4f (.text:faultISR)
                  00007e34    0000004c     mfrc522.obj (.text:SPI_SendByte)
                  00007e80    0000004c     rtsv7M4_T_le_v4SPD16_eabi.lib : fflush.c.obj (.text:__TI_doflush)
                  00007ecc    0000004c                                   : atoi.c.obj (.text:atoi)
                  00007f18    0000004c     pin_pad.obj (.text:configGraphic)
                  00007f64    0000004c     drivers_msp432p401x.aem4f : UARTMSP432.oem4f (.text:readIsrBinaryCallback)
                  00007fb0    00000048     nortos_msp432p401x.aem4f : ClockPTimer_nortos.oem4f (.text:ClockP_construct)
                  00007ff8    00000048     grlib.a : string.obj (.text:Graphics_drawStringCentered)
                  00008040    00000048     nortos_msp432p401x.aem4f : PowerMSP432_nortos.oem4f (.text:PowerMSP432_sleepPolicy)
                  00008088    00000048     drivers_msp432p401x.aem4f : PowerMSP432.oem4f (.text:Power_releaseConstraint)
                  000080d0    00000048     rtsv7M4_T_le_v4SPD16_eabi.lib : exit.c.obj (.text:exit)
                  00008118    00000048                                   : fd_toi_t2.asm.obj (.text)
                  00008160    00000046     mfrc522.obj (.text:MFRC522_Request)
                  000081a6    00000046     drivers_msp432p401x.aem4f : RingBuf.oem4f (.text:RingBuf_put)
                  000081ec    00000044     rtsv7M4_T_le_v4SPD16_eabi.lib : hostclose.c.obj (.text:HOSTclose)
                  00008230    00000044                                   : hostunlink.c.obj (.text:HOSTunlink)
                  00008274    00000044     mfrc522.obj (.text:MFRC522_Init)
                  000082b8    00000044     drivers_msp432p401x.aem4f : PWM.oem4f (.text:PWM_init)
                  000082fc    00000044                               : SPI.oem4f (.text:SPI_init)
                  00008340    00000044     nortos_msp432p401x.aem4f : SemaphoreP_nortos.oem4f (.text:SemaphoreP_post)
                  00008384    00000044                              : SwiP_nortos.oem4f (.text:SwiP_restore)
                  000083c8    00000044                              : TimerPMSP432_nortos.oem4f (.text:TimerP_start)
                  0000840c    00000044     drivers_msp432p401x.aem4f : Timer.oem4f (.text:Timer_init)
                  00008450    00000044                               : UART.oem4f (.text:UART_init)
                  00008494    00000044     rtsv7M4_T_le_v4SPD16_eabi.lib : autoinit.c.obj (.text:__TI_auto_init_nobinit_nopinit:__TI_auto_init_nobinit_nopinit)
                  000084d8    00000044                                   : getdevice.c.obj (.text:getdevice)
                  0000851c    00000044     main_nortos.obj (.text:session_expired)
                  00008560    00000040     LcdDriver.obj (.text:Crystalfontz128x128_PixelDraw)
                  000085a0    00000040     msp432p4xx_driverlib.lib : gpio.o (.text:GPIO_setAsOutputPin)
                  000085e0    00000040     grlib.a : string.obj (.text:Graphics_getNumberOfLeadingZeros)
                  00008620    00000040     LcdDriver.obj (.text:HAL_LCD_SpiInit)
                  00008660    00000040     drivers_msp432p401x.aem4f : PWM.oem4f (.text:PWM_open)
                  000086a0    00000040                               : RingBuf.oem4f (.text:RingBuf_get)
                  000086e0    00000040                               : SPI.oem4f (.text:SPI_open)
                  00008720    00000040     nortos_msp432p401x.aem4f : TimerPMSP432_nortos.oem4f (.text:TimerP_setNextTick)
                  00008760    00000040     drivers_msp432p401x.aem4f : Timer.oem4f (.text:Timer_open)
                  000087a0    00000040                               : UARTMSP432.oem4f (.text:UARTMSP432_read)
                  000087e0    00000040                               : UART.oem4f (.text:UART_open)
                  00008820    00000040                               : PWMTimerMSP432.oem4f (.text:getDutyCounts)
                  00008860    00000040                               : PWMTimerMSP432.oem4f (.text:getPeriodCounts)
                  000088a0    00000040     msp432p4xx_driverlib.lib : spi.o (.text:is_A_Module)
                  000088e0    00000040     drivers_msp432p401x.aem4f : UARTMSP432.oem4f (.text:perfChangeNotifyFxn)
                  00008920    00000040     rtsv7M4_T_le_v4SPD16_eabi.lib : sprintf.c.obj (.text:sprintf)
                  00008960    0000003e                                   : _printfi.c.obj (.text:_fcpy)
                  0000899e    00000002     nortos_msp432p401x.aem4f : startup_msp432_ccs.oem4f (.text:nmiISR)
                  000089a0    0000003c                              : TimerPMSP432_nortos.oem4f (.text:TimerP_initDevice)
                  000089dc    0000003c     main_nortos.obj (.text:configureAll)
                  00008a18    00000038     LcdDriver.obj (.text:HAL_LCD_writeCommand)
                  00008a50    00000038     drivers_msp432p401x.aem4f : PowerMSP432.oem4f (.text:Power_setConstraint)
                  00008a88    00000038                               : TimerMSP432.oem4f (.text:TimerMSP432_getCount)
                  00008ac0    00000038     rtsv7M4_T_le_v4SPD16_eabi.lib : trgmsg.c.obj (.text:__TI_writemsg)
                  00008af8    00000038     main_nortos.obj (.text:main)
                  00008b30    00000038     drivers_msp432p401x.aem4f : PowerMSP432.oem4f (.text:notify)
                  00008b68    00000036     grlib.a : display.obj (.text:Graphics_drawHorizontalLineOnDisplay)
                  00008b9e    00000036     drivers_msp432p401x.aem4f : UARTMSP432.oem4f (.text:UARTMSP432_readCancel)
                  00008bd4    00000036     rtsv7M4_T_le_v4SPD16_eabi.lib : strncpy.c.obj (.text:strncpy)
                  00008c0a    00000034     mfrc522.obj (.text:MFRC522_Check)
                  00008c3e    00000002     rtsv7M4_T_le_v4SPD16_eabi.lib : div0.asm.obj (.text)
                  00008c40    00000034                                   : fopen.c.obj (.text:__TI_cleanup)
                  00008c74    00000034                                   : trgmsg.c.obj (.text:__TI_readmsg)
                  00008ca8    00000034                                   : boot_cortex_m.c.obj (.text:_c_int00_noargs:_c_int00_noargs)
                  00008cdc    00000030     msp432p4xx_driverlib.lib : gpio.o (.text:GPIO_getInputPinValue)
                  00008d0c    00000030     LcdDriver.obj (.text:HAL_LCD_PortInit)
                  00008d3c    00000030     mfrc522.obj (.text:MFRC522_Halt)
                  00008d6c    00000030     uart.obj (.text:check_Answer)
                  00008d9c    00000030     rtsv7M4_T_le_v4SPD16_eabi.lib : getdevice.c.obj (.text:finddevice)
                  00008dcc    00000030     drivers_msp432p401x.aem4f : PWMTimerMSP432.oem4f (.text:mapPin)
                  00008dfc    00000030                               : SPIMSP432DMA.oem4f (.text:mapPin)
                  00008e2c    00000030                               : UARTMSP432.oem4f (.text:mapPin)
                  00008e5c    0000002e     mfrc522.obj (.text:SPI_ReadRegister)
                  00008e8a    0000002e     rtsv7M4_T_le_v4SPD16_eabi.lib : i_tofd_t2.asm.obj (.text)
                  00008eb8    0000002c     LcdDriver.obj (.text:Crystalfontz128x128_ClearScreen)
                  00008ee4    0000002c     grlib.a : display.obj (.text:Graphics_drawPixelOnDisplay)
                  00008f10    0000002c     LcdDriver.obj (.text:HAL_LCD_writeData)
                  00008f3c    0000002c     mfrc522.obj (.text:SPI_WriteRegister)
                  00008f68    0000002c     drivers_msp432p401x.aem4f : TimerMSP432.oem4f (.text:perfChangeNotifyFxn)
                  00008f94    0000002c     main_nortos.obj (.text:resetVariables)
                  00008fc0    0000002c     buzzer.obj (.text:stopAlarm)
                  00008fec    0000002c     rtsv7M4_T_le_v4SPD16_eabi.lib : unlink.c.obj (.text:unlink)
                  00009018    0000002a     nortos_msp432p401x.aem4f : HwiPMSP432_nortos.oem4f (.text:HwiP_create)
                  00009042    0000002a     mfrc522.obj (.text:MFRC522_ReadRegister)
                  0000906c    0000002a     drivers_msp432p401x.aem4f : SPIMSP432DMA.oem4f (.text:perfChangeNotifyFxn)
                  00009096    00000028     LcdDriver.obj (.text:Crystalfontz128x128_ColorTranslate)
                  000090be    00000002     --HOLE-- [fill = 0]
                  000090c0    00000028     msp432p4xx_driverlib.lib : gpio.o (.text:GPIO_setOutputHighOnPin)
                  000090e8    00000028                              : gpio.o (.text:GPIO_setOutputLowOnPin)
                  00009110    00000028                              : gpio.o (.text:GPIO_toggleOutputOnPin)
                  00009138    00000028                              : pcm.o (.text:PCM_gotoLPM0)
                  00009160    00000028     drivers_msp432p401x.aem4f : PowerMSP432.oem4f (.text:Power_registerNotify)
                  00009188    00000028     msp432p4xx_driverlib.lib : spi.o (.text:SPI_getInterruptStatus)
                  000091b0    00000028     drivers_msp432p401x.aem4f : PowerMSP432.oem4f (.text:disableFaultCounter)
                  000091d8    00000028                               : PowerMSP432.oem4f (.text:disableHFXT)
                  00009200    00000028                               : UARTMSP432.oem4f (.text:findBaudDividerIndex)
                  00009228    00000028     rtsv7M4_T_le_v4SPD16_eabi.lib : memory.c.obj (.text:free_list_insert)
                  00009250    00000028                                   : lseek.c.obj (.text:lseek)
                  00009278    00000028     main_nortos.obj (.text:start_timer)
                  000092a0    00000028     rtsv7M4_T_le_v4SPD16_eabi.lib : write.c.obj (.text:write)
                  000092c8    00000026     drivers_msp432p401x.aem4f : List.oem4f (.text:List_put)
                  000092ee    00000026                               : List.oem4f (.text:List_remove)
                  00009314    00000026     mfrc522.obj (.text:MFRC522_ClearBitMask)
                  0000933a    00000026     mfrc522.obj (.text:MFRC522_SetBitMask)
                  00009360    00000026     mfrc522.obj (.text:MFRC522_WriteRegister)
                  00009386    00000026     drivers_msp432p401x.aem4f : PWMTimerMSP432.oem4f (.text:releaseConstraints)
                  000093ac    00000024     nortos_msp432p401x.aem4f : ClockPTimer_nortos.oem4f (.text:ClockP_getTicks)
                  000093d0    00000024                              : ClockPTimer_nortos.oem4f (.text:ClockP_scheduleNextTick)
                  000093f4    00000024                              : HwiPMSP432_nortos.oem4f (.text:HwiP_dispatch)
                  00009418    00000024     msp432p4xx_driverlib.lib : wdt_a.o (.text:WDT_A_holdTimer)
                  0000943c    00000024     main_nortos.obj (.text:configPorts)
                  00009460    00000024     main_nortos.obj (.text:fn_INIT)
                  00009484    00000020     msp432p4xx_driverlib.lib : cs.o (.text:CS_setExternalClockSourceFrequency)
                  000094a4    00000020     nortos_msp432p401x.aem4f : ClockPTimer_nortos.oem4f (.text:ClockP_add)
                  000094c4    00000020     mfrc522.obj (.text:MFRC522_AntennaOn)
                  000094e4    00000020     drivers_msp432p401x.aem4f : PowerMSP432.oem4f (.text:Power_unregisterNotify)
                  00009504    00000020     nortos_msp432p401x.aem4f : QueueP_nortos.oem4f (.text:QueueP_put)
                  00009524    00000020     drivers_msp432p401x.aem4f : RingBuf.oem4f (.text:RingBuf_peek)
                  00009544    00000020     servo.obj (.text:closeDoor)
                  00009564    00000020     rtsv7M4_T_le_v4SPD16_eabi.lib : memchr.c.obj (.text:memchr)
                  00009584    00000020     servo.obj (.text:openDoor)
                  000095a4    0000001e     drivers_msp432p401x.aem4f : PWMTimerMSP432.oem4f (.text:corroboratePeriod)
                  000095c2    0000001e     pir.obj (.text:readPIR)
                  000095e0    0000001c     msp432p4xx_driverlib.lib : interrupt.o (.text:Interrupt_unregisterInterrupt)
                  000095fc    0000001c                              : spi.o (.text:SPI_enableModule)
                  00009618    0000001c     nortos_msp432p401x.aem4f : SwiP_nortos.oem4f (.text:SwiP_disable)
                  00009634    0000001c     ti_drivers_config.obj (.text:dmaErrorFxn)
                  00009650    0000001c     rtsv7M4_T_le_v4SPD16_eabi.lib : memory.c.obj (.text:free_list_remove)
                  0000966c    0000001c                                   : memccpy.c.obj (.text:memccpy)
                  00009688    0000001a     nortos_msp432p401x.aem4f : ClockPTimer_nortos.oem4f (.text:ClockP_create)
                  000096a2    0000001a     grlib.a : display.obj (.text:Graphics_clearDisplayOnDisplay)
                  000096bc    0000001a             : context.obj (.text:Graphics_setBackgroundColor)
                  000096d6    0000001a             : context.obj (.text:Graphics_setFont)
                  000096f0    0000001a     nortos_msp432p401x.aem4f : QueueP_nortos.oem4f (.text:QueueP_get)
                  0000970a    0000001a                              : SemaphoreP_nortos.oem4f (.text:SemaphoreP_createBinary)
                  00009724    0000001a     rtsv7M4_T_le_v4SPD16_eabi.lib : s_copysign.c.obj (.text:copysign)
                  0000973e    00000018     nortos_msp432p401x.aem4f : ClockPTimer_nortos.oem4f (.text:ClockP_destruct)
                  00009756    00000018     msp432p4xx_driverlib.lib : spi.o (.text:EUSCI_A_SPI_getInterruptStatus)
                  0000976e    00000018                              : spi.o (.text:EUSCI_B_SPI_getInterruptStatus)
                  00009786    00000018     nortos_msp432p401x.aem4f : HwiPMSP432_nortos.oem4f (.text:HwiP_delete)
                  0000979e    00000002     --HOLE-- [fill = 0]
                  000097a0    00000018                              : HwiPMSP432_nortos.oem4f (.text:HwiP_inISR)
                  000097b8    00000018     msp432p4xx_driverlib.lib : sysctl_a.o (.text:SysCtl_A_disableNMISource)
                  000097d0    00000018                              : sysctl_a.o (.text:SysCtl_A_enableNMISource)
                  000097e8    00000018     drivers_msp432p401x.aem4f : UART.oem4f (.text:UART_Params_init)
                  00009800    00000018     rtsv7M4_T_le_v4SPD16_eabi.lib : sprintf.c.obj (.text:_outs)
                  00009818    00000018     drivers_msp432p401x.aem4f : PWMTimerMSP432.oem4f (.text:corroborateDuty)
                  00009830    00000018     nortos_msp432p401x.aem4f : startup_msp432_ccs.oem4f (.text:resetISR)
                  00009848    00000018     rtsv7M4_T_le_v4SPD16_eabi.lib : strcmp.c.obj (.text:strcmp)
                  00009860    00000016     msp432p4xx_driverlib.lib : spi.o (.text:EUSCI_A_SPI_enable)
                  00009876    00000016                              : spi.o (.text:EUSCI_B_SPI_enable)
                  0000988c    00000016     grlib.a : context.obj (.text:Graphics_setForegroundColor)
                  000098a2    00000016             : display.obj (.text:Graphics_translateColorOnDisplay)
                  000098b8    00000016     nortos_msp432p401x.aem4f : SemaphoreP_nortos.oem4f (.text:SemaphoreP_create)
                  000098ce    00000016                              : SwiP_nortos.oem4f (.text:maxbit)
                  000098e4    00000016     rtsv7M4_T_le_v4SPD16_eabi.lib : strchr.c.obj (.text:strchr)
                  000098fa    00000002     --HOLE-- [fill = 0]
                  000098fc    00000014     drivers_msp432p401x.aem4f : PWM.oem4f (.text:PWM_Params_init)
                  00009910    00000014                               : PowerMSP432.oem4f (.text:Power_idleFunc)
                  00009924    00000014                               : SPI.oem4f (.text:SPI_Params_init)
                  00009938    00000014     nortos_msp432p401x.aem4f : SwiP_nortos.oem4f (.text:SwiP_handleHwi)
                  0000994c    00000014                              : TimerPMSP432_nortos.oem4f (.text:TimerP_getCount)
                  00009960    00000014     main_nortos.obj (.text:clear)
                  00009974    00000014     drivers_msp432p401x.aem4f : UARTMSP432.oem4f (.text:clearTXCPTIFG)
                  00009988    00000014     rtsv7M4_T_le_v4SPD16_eabi.lib : strcpy.c.obj (.text:strcpy)
                  0000999c    00000014                                   : strlen.c.obj (.text:strlen)
                  000099b0    00000012     grlib.a : context.obj (.text:Graphics_clearDisplay)
                  000099c2    00000012     nortos_msp432p401x.aem4f : HwiPMSP432_nortos.oem4f (.text:HwiP_Params_init)
                  000099d4    00000012     drivers_msp432p401x.aem4f : RingBuf.oem4f (.text:RingBuf_construct)
                  000099e6    00000012     rtsv7M4_T_le_v4SPD16_eabi.lib : wcslen.c.obj (.text:wcslen)
                  000099f8    00000010     nortos_msp432p401x.aem4f : ClockPTimer_nortos.oem4f (.text:ClockP_Params_init)
                  00009a08    00000010                              : ClockPTimer_nortos.oem4f (.text:ClockP_delete)
                  00009a18    00000010                              : HwiPMSP432_nortos.oem4f (.text:HwiP_disable)
                  00009a28    00000010     msp432p4xx_driverlib.lib : interrupt.o (.text:Interrupt_disableMaster)
                  00009a38    00000010                              : interrupt.o (.text:Interrupt_enableMaster)
                  00009a48    00000010     drivers_msp432p401x.aem4f : PowerMSP432.oem4f (.text:PowerMSP432_getNumPerfLevels)
                  00009a58    00000010                               : PowerMSP432.oem4f (.text:Power_disablePolicy)
                  00009a68    00000010                               : PowerMSP432.oem4f (.text:Power_enablePolicy)
                  00009a78    00000010     nortos_msp432p401x.aem4f : SemaphoreP_nortos.oem4f (.text:SemaphoreP_Params_init)
                  00009a88    00000010                              : SwiP_nortos.oem4f (.text:SwiP_Params_init)
                  00009a98    00000010     msp432p4xx_driverlib.lib : sysctl_a.o (.text:SysCtl_A_getNMISourceStatus)
                  00009aa8    00000010                              : sysctl.o (.text:SysCtl_getNMISourceStatus)
                  00009ab8    00000010     nortos_msp432p401x.aem4f : TimerPMSP432_nortos.oem4f (.text:TimerP_Params_init)
                  00009ac8    00000010     drivers_msp432p401x.aem4f : Timer.oem4f (.text:Timer_Params_init)
                  00009ad8    00000010                               : UARTMSP432.oem4f (.text:readBlockingTimeout)
                  00009ae8    0000000e     nortos_msp432p401x.aem4f : QueueP_nortos.oem4f (.text:QueueP_empty)
                  00009af6    0000000e                              : QueueP_nortos.oem4f (.text:QueueP_remove)
                  00009b04    0000000e     pir.obj (.text:configPIR)
                  00009b12    0000000e     rtsv7M4_T_le_v4SPD16_eabi.lib : copy_decompress_none.c.obj (.text:decompress:none:__TI_decompress_none)
                  00009b20    0000000c     ti_drivers_config.obj (.text:Board_init)
                  00009b2c    0000000c     msp432p4xx_driverlib.lib : cpu.o (.text:CPU_cpsid)
                  00009b38    0000000c                              : cpu.o (.text:CPU_cpsie)
                  00009b44    0000000c     nortos_msp432p401x.aem4f : ClockPTimer_nortos.oem4f (.text:ClockP_doTick)
                  00009b50    0000000c     mfrc522.obj (.text:MFRC522_Reset)
                  00009b5c    0000000c     drivers_msp432p401x.aem4f : PowerMSP432.oem4f (.text:Power_getConstraintMask)
                  00009b68    0000000c                               : PowerMSP432.oem4f (.text:Power_getPerformanceLevel)
                  00009b74    0000000c     nortos_msp432p401x.aem4f : TimerPMSP432_nortos.oem4f (.text:TimerP_getFreq)
                  00009b80    0000000c                              : TimerPMSP432_nortos.oem4f (.text:TimerP_getMaxTicks)
                  00009b8c    0000000c     rtsv7M4_T_le_v4SPD16_eabi.lib : copy_zero_init.c.obj (.text:decompress:ZI:__TI_zero_init)
                  00009b98    0000000c     main_nortos.obj (.text:stop_timer)
                  00009ba4    0000000a     LcdDriver.obj (.text:Crystalfontz128x128_Flush)
                  00009bae    0000000a     drivers_msp432p401x.aem4f : PWM.oem4f (.text:PWM_setDuty)
                  00009bb8    0000000a                               : PWM.oem4f (.text:PWM_start)
                  00009bc2    0000000a                               : SPI.oem4f (.text:SPI_transfer)
                  00009bcc    0000000a                               : Timer.oem4f (.text:Timer_start)
                  00009bd6    0000000a                               : Timer.oem4f (.text:Timer_stop)
                  00009be0    0000000a                               : UART.oem4f (.text:UART_read)
                  00009bea    0000000a                               : UART.oem4f (.text:UART_write)
                  00009bf4    0000000a     rtsv7M4_T_le_v4SPD16_eabi.lib : sprintf.c.obj (.text:_outc)
                  00009bfe    0000000a     main_nortos.obj (.text:change_state)
                  00009c08    00000008     nortos_msp432p401x.aem4f : HwiPMSP432_nortos.oem4f (.text:HwiP_restore)
                  00009c10    00000008     rtsv7M4_T_le_v4SPD16_eabi.lib : errno.c.obj (.text:__aeabi_errno_addr)
                  00009c18    00000008     drivers_msp432p401x.aem4f : SPIMSP432DMA.oem4f (.text:blockingTransferCallback)
                  00009c20    00000008     rtsv7M4_T_le_v4SPD16_eabi.lib : memory.c.obj (.text:malloc)
                  00009c28    00000008     drivers_msp432p401x.aem4f : UARTMSP432.oem4f (.text:readSemCallback)
                  00009c30    00000008                               : UARTMSP432.oem4f (.text:txcptEnabledStatus)
                  00009c38    00000008                               : UARTMSP432.oem4f (.text:writeSemCallback)
                  00009c40    00000006     nortos_msp432p401x.aem4f : ClockPTimer_nortos.oem4f (.text:ClockP_stop)
                  00009c46    00000006     drivers_msp432p401x.aem4f : PWMTimerMSP432.oem4f (.text:PWMTimerMSP432_control)
                  00009c4c    00000006                               : PWMTimerMSP432.oem4f (.text:PWMTimerMSP432_setDutyAndPeriod)
                  00009c52    00000006     nortos_msp432p401x.aem4f : QueueP_nortos.oem4f (.text:QueueP_init)
                  00009c58    00000006     drivers_msp432p401x.aem4f : SPIMSP432DMA.oem4f (.text:SPIMSP432DMA_control)
                  00009c5e    00000006                               : TimerMSP432.oem4f (.text:TimerMSP432_control)
                  00009c64    00000004     msp432p4xx_driverlib.lib : cpu.o (.text:CPU_wfi)
                  00009c68    00000004     nortos_msp432p401x.aem4f : ClockPTimer_nortos.oem4f (.text:ClockP_isActive)
                  00009c6c    00000004                              : ClockPTimer_nortos.oem4f (.text:ClockP_setTimeout)
                  00009c70    00000004                              : HwiPMSP432_nortos.oem4f (.text:HwiP_clearInterrupt)
                  00009c74    00000004                              : HwiPMSP432_nortos.oem4f (.text:HwiP_disableInterrupt)
                  00009c78    00000004                              : HwiPMSP432_nortos.oem4f (.text:HwiP_enable)
                  00009c7c    00000004                              : HwiPMSP432_nortos.oem4f (.text:HwiP_enableInterrupt)
                  00009c80    00000004                              : HwiPMSP432_nortos.oem4f (.text:HwiP_post)
                  00009c84    00000004                              : QueueP_nortos.oem4f (.text:QueueP_head)
                  00009c88    00000004                              : QueueP_nortos.oem4f (.text:QueueP_next)
                  00009c8c    00000004     drivers_msp432p401x.aem4f : SPIMSP432DMA.oem4f (.text:SPIMSP432DMA_init)
                  00009c90    00000004     nortos_msp432p401x.aem4f : SemaphoreP_nortos.oem4f (.text:SemaphoreP_delete)
                  00009c94    00000004                              : TimerPMSP432_nortos.oem4f (.text:TimerP_setPeriod)
                  00009c98    00000004     rtsv7M4_T_le_v4SPD16_eabi.lib : printf.c.obj (.text:_outc)
                  00009c9c    00000004                                   : printf.c.obj (.text:_outs)
                  00009ca0    00000004                                   : pre_init.c.obj (.text:_system_pre_init)
                  00009ca4    00000004                                   : exit.c.obj (.text:abort:abort)

.const     0    00009ca8    000008ba     
                  00009ca8    000002f8     grlib.a : fontfixed6x8.obj (.const:.string:g_pucFontFixed6x8Data)
                  00009fa0    00000101     rtsv7M4_T_le_v4SPD16_eabi.lib : ctype.c.obj (.const:.string:_ctypes_)
                  0000a0a1    00000003     --HOLE-- [fill = 0]
                  0000a0a4    000000c8     grlib.a : fontfixed6x8.obj (.const:g_sFontFixed6x8)
                  0000a16c    00000050     msp432p4xx_driverlib.lib : interrupt.o (.const:g_pulRegs)
                  0000a1bc    00000050     drivers_msp432p401x.aem4f : TimerMSP432.oem4f (.const:timerADividers)
                  0000a20c    00000040     ti_drivers_config.obj (.const:uartMSP432Baudrates)
                  0000a24c    00000038     ti_drivers_config.obj (.const:PowerMSP432_config)
                  0000a284    00000030     msp432p4xx_driverlib.lib : gpio.o (.const:GPIO_PORT_TO_BASE)
                  0000a2b4    0000002c     ti_drivers_config.obj (.const:uartMSP432HWAttrs)
                  0000a2e0    00000028     drivers_msp432p401x.aem4f : UARTMSP432.oem4f (.const:UARTMSP432_fxnTable)
                  0000a308    00000024                               : PWMTimerMSP432.oem4f (.const:PWMTimerMSP432_fxnTable)
                  0000a32c    00000024                               : UART.oem4f (.const:UART_defaultParams)
                  0000a350    00000024     ti_drivers_config.obj (.const:spiMSP432DMAHWAttrs)
                  0000a374    00000020     drivers_msp432p401x.aem4f : SPI.oem4f (.const:SPI_defaultParams)
                  0000a394    00000020     ti_drivers_config.obj (.const:TimerMSP432HWAttrs)
                  0000a3b4    00000020     drivers_msp432p401x.aem4f : TimerMSP432.oem4f (.const:TimerMSP432_Timer_A_fxnTable)
                  0000a3d4    00000020     LcdDriver.obj (.const:g_sCrystalfontz128x128_funcs)
                  0000a3f4    00000020     drivers_msp432p401x.aem4f : UARTMSP432.oem4f (.const:staticFxnTable)
                  0000a414    0000001c     LcdDriver.obj (.const:$P$T0$1)
                  0000a430    00000018     ti_drivers_config.obj (.const:PWM_config)
                  0000a448    00000018     drivers_msp432p401x.aem4f : PWM.oem4f (.const:PWM_defaultParams)
                  0000a460    00000018                               : SPIMSP432DMA.oem4f (.const:SPIMSP432DMA_fxnTable)
                  0000a478    00000018     ti_drivers_config.obj (.const:Timer_config)
                  0000a490    00000014     ti_drivers_config.obj (.const:GPIOMSP432_config)
                  0000a4a4    00000010     nortos_msp432p401x.aem4f : SwiP_nortos.oem4f (.const:SwiP_defaultParams)
                  0000a4b4    00000010     drivers_msp432p401x.aem4f : PWMTimerMSP432.oem4f (.const:pwmTimerBaseAddr)
                  0000a4c4    00000010     ti_drivers_config.obj (.const:pwmTimerMSP432HWAttrs)
                  0000a4d4    0000000c     ti_drivers_config.obj (.const:SPI_config)
                  0000a4e0    0000000c     ti_drivers_config.obj (.const:UART_config)
                  0000a4ec    0000000c     drivers_msp432p401x.aem4f : Timer.oem4f (.const:defaultParams)
                  0000a4f8    0000000c                               : TimerMSP432.oem4f (.const:timer32Dividers)
                  0000a504    0000000c     ti_drivers_config.obj (.const:udmaMSP432HWAttrs)
                  0000a510    00000008     LcdDriver.obj (.const:$P$T1$2)
                  0000a518    00000008     ti_drivers_config.obj (.const:UDMAMSP432_config)
                  0000a520    00000008     drivers_msp432p401x.aem4f : SPIMSP432DMA.oem4f (.const:frameFormat)
                  0000a528    00000008     msp432p4xx_driverlib.lib : interrupt.o (.const:g_pulDisRegs)
                  0000a530    00000008                              : interrupt.o (.const:g_pulEnRegs)
                  0000a538    00000008                              : interrupt.o (.const:g_pulPendRegs)
                  0000a540    00000008                              : interrupt.o (.const:g_pulUnpendRegs)
                  0000a548    00000006     drivers_msp432p401x.aem4f : GPIOMSP432.oem4f (.const:.string:interruptType)
                  0000a54e    00000006                               : GPIOMSP432.oem4f (.const:.string:portInterruptIds)
                  0000a554    00000005                               : UARTMSP432.oem4f (.const:.string:parityTypes)
                  0000a559    00000001     --HOLE-- [fill = 0]
                  0000a55a    00000004                               : UARTMSP432.oem4f (.const:stopBits)
                  0000a55e    00000004     ti_drivers_config.obj (.const)

.cinit     0    0000a568    00000168     
                  0000a568    0000012e     (.cinit..data.load) [load image, compression = lzss]
                  0000a696    00000002     --HOLE-- [fill = 0]
                  0000a698    0000000c     (__TI_handler_table)
                  0000a6a4    00000004     --HOLE-- [fill = 0]
                  0000a6a8    00000008     (.cinit..bss.load) [load image, compression = zero_init]
                  0000a6b0    00000008     (.cinit..vtable.load) [load image, compression = zero_init]
                  0000a6b8    00000018     (__TI_cinit_table)

.init_array 
*          0    00000000    00000000     UNINITIALIZED

.intvecs   0    00000000    00000144     
                  00000000    00000144     nortos_msp432p401x.aem4f : startup_msp432_ccs.oem4f (.intvecs:retain)

.sysmem    0    20000000    00008000     UNINITIALIZED
                  20000000    00000010     rtsv7M4_T_le_v4SPD16_eabi.lib : memory.c.obj (.sysmem)
                  20000010    00007ff0     --HOLE--

.bss       0    20008000    000006a4     UNINITIALIZED
                  20008000    00000120     rtsv7M4_T_le_v4SPD16_eabi.lib : trgmsg.c.obj (.bss:_CIOBUF_)
                  20008120    000000a0     nortos_msp432p401x.aem4f : ClockPTimer_nortos.oem4f (.bss:ClockP_module)
                  200081c0    00000034     (.common:string)
                  200081f4    00000008     msp432p4xx_driverlib.lib : cs.o (.bss)
                  200081fc    00000004     drivers_msp432p401x.aem4f : GPIOMSP432.oem4f (.bss)
                  20008200    00000100     ti_drivers_config.obj (.bss:dmaControlTable)
                  20008300    000000a0     (.common:__TI_tmpnams)
                  200083a0    00000080     (.common:uartMSP432Objects)
                  20008420    00000068     (.common:timerMSP432Objects)
                  20008488    00000048     (.common:spiMSP432DMAObjects)
                  200084d0    00000030     drivers_msp432p401x.aem4f : GPIOMSP432.oem4f (.bss:gpioCallbackInfo)
                  20008500    00000024     (.common:uartParams)
                  20008524    00000020     nortos_msp432p401x.aem4f : SwiP_nortos.oem4f (.bss:SwiP_readyList)
                  20008544    00000020     drivers_msp432p401x.aem4f : UDMAMSP432.oem4f (.bss:hwiFxnArgs)
                  20008564    00000020                               : UDMAMSP432.oem4f (.bss:hwiFxnHandlers)
                  20008584    00000020     ti_drivers_config.obj (.bss:uartMSP432RingBuffer0)
                  200085a4    00000020     (.common:spiParams)
                  200085c4    0000001c     nortos_msp432p401x.aem4f : SwiP_nortos.oem4f (.bss:SwiP_hwiStruct)
                  200085e0    0000001c                              : TimerPMSP432_nortos.oem4f (.bss:TimerP_hwiStruct)
                  200085fc    0000001c     (.common:g_sContext)
                  20008618    00000018     (.common:pwmTimerMSP432Objects)
                  20008630    00000010     drivers_msp432p401x.aem4f : UDMAMSP432.oem4f (.bss:hwiHandles)
                  20008640    0000000d     nortos_msp432p401x.aem4f : SwiP_nortos.oem4f (.bss)
                  2000864d    00000001     (.common:Lcd_FlagRead)
                  2000864e    00000002     (.common:Lcd_ScreenHeigth)
                  20008650    00000008                              : ClockPTimer_nortos.oem4f (.bss:timerFreq)
                  20008658    00000008     (.common:cardID)
                  20008660    00000008     (.common:parmbuf)
                  20008668    00000004                              : ClockPTimer_nortos.oem4f (.bss)
                  2000866c    00000004                              : TimerPMSP432_nortos.oem4f (.bss)
                  20008670    00000004     drivers_msp432p401x.aem4f : TimerMSP432.oem4f (.bss:timerState)
                  20008674    00000004     (.common:failed)
                  20008678    00000004     (.common:passed)
                  2000867c    00000004     (.common:puk_enabled)
                  20008680    00000004     (.common:pwmHandleBuzzer)
                  20008684    00000004     (.common:pwmHandleServo)
                  20008688    00000004     (.common:spiHandle)
                  2000868c    00000004     (.common:timeOut)
                  20008690    00000004     (.common:timer_state)
                  20008694    00000004     (.common:timer_timeout)
                  20008698    00000004     (.common:uartHandle)
                  2000869c    00000002     (.common:Lcd_ScreenWidth)
                  2000869e    00000002     (.common:Lcd_TouchTrim)
                  200086a0    00000001     (.common:Lcd_FontSolid)
                  200086a1    00000001     (.common:Lcd_Orientation)
                  200086a2    00000001     (.common:Lcd_PenSolid)
                  200086a3    00000001     (.common:udmaMSP432Object)

.data      0    200086a4    00000699     UNINITIALIZED
                  200086a4    00000140     nortos_msp432p401x.aem4f : HwiPMSP432_nortos.oem4f (.data:HwiP_dispatchTable)
                  200087e4    00000140     drivers_msp432p401x.aem4f : PowerMSP432.oem4f (.data:PowerMSP432_perfLevels)
                  20008924    00000110                               : PWMTimerMSP432.oem4f (.data:pwmTimerStatus)
                  20008a34    000000f0     rtsv7M4_T_le_v4SPD16_eabi.lib : defs.c.obj (.data:_ftable)
                  20008b24    00000078                                   : host_device.c.obj (.data:_device)
                  20008b9c    00000050                                   : host_device.c.obj (.data:_stream)
                  20008bec    00000030     main_nortos.obj (.data:fsm)
                  20008c1c    0000002c     drivers_msp432p401x.aem4f : PowerMSP432.oem4f (.data:PowerMSP432_module)
                  20008c48    00000018     nfc.obj (.data:spiTransaction)
                  20008c60    00000018     drivers_msp432p401x.aem4f : TimerMSP432.oem4f (.data:upConfig)
                  20008c78    00000010                               : UDMAMSP432.oem4f (.data)
                  20008c88    00000010     LcdDriver.obj (.data:g_sCrystalfontz128x128)
                  20008c98    00000010     rtsv7M4_T_le_v4SPD16_eabi.lib : defs.c.obj (.data)
                  20008ca8    0000000c                                   : exit.c.obj (.data:$O1$$)
                  20008cb4    0000000c     nortos_msp432p401x.aem4f : ClockPTimer_nortos.oem4f (.data:ClockP_defaultParams)
                  20008cc0    0000000c                              : TimerPMSP432_nortos.oem4f (.data:TimerP_defaultParams)
                  20008ccc    0000000c     pin_pad.obj (.data:keymap)
                  20008cd8    0000000a     pin_pad.obj (.data:correctPass)
                  20008ce2    0000000a     pin_pad.obj (.data:secretCode)
                  20008cec    00000008     rtsv7M4_T_le_v4SPD16_eabi.lib : _lock.c.obj (.data:$O1$$)
                  20008cf4    00000008                                   : memory.c.obj (.data:$O1$$)
                  20008cfc    00000008     nortos_msp432p401x.aem4f : SemaphoreP_nortos.oem4f (.data:SemaphoreP_defaultParams)
                  20008d04    00000008     buzzer.obj (.data)
                  20008d0c    00000008     nortos_msp432p401x.aem4f : ClockPTimer_nortos.oem4f (.data)
                  20008d14    00000008                              : HwiPMSP432_nortos.oem4f (.data)
                  20008d1c    00000008     servo.obj (.data)
                  20008d24    00000004     ti_drivers_config.obj (.data:gpioCallbackFunctions)
                  20008d28    00000004     ti_drivers_config.obj (.data:gpioPinConfigs)
                  20008d2c    00000004     rtsv7M4_T_le_v4SPD16_eabi.lib : errno.c.obj (.data)
                  20008d30    00000003     nortos_msp432p401x.aem4f : SemaphoreP_nortos.oem4f (.data)
                  20008d33    00000002     drivers_msp432p401x.aem4f : GPIOMSP432.oem4f (.data)
                  20008d35    00000002     main_nortos.obj (.data)
                  20008d37    00000001     drivers_msp432p401x.aem4f : PWM.oem4f (.data)
                  20008d38    00000001                               : SPI.oem4f (.data)
                  20008d39    00000001                               : Timer.oem4f (.data)
                  20008d3a    00000001                               : UART.oem4f (.data)
                  20008d3b    00000001     nortos_msp432p401x.aem4f : SwiP_nortos.oem4f (.data)
                  20008d3c    00000001                              : TimerPMSP432_nortos.oem4f (.data)

.vtable    0    20009000    000000e8     UNINITIALIZED
                  20009000    000000e8     msp432p4xx_driverlib.lib : interrupt.o (.vtable)

.stack     0    2000f000    00001000     UNINITIALIZED
                  2000f000    00000004     rtsv7M4_T_le_v4SPD16_eabi.lib : boot_cortex_m.c.obj (.stack)
                  2000f004    00000ffc     --HOLE--

__llvm_prf_cnts 
*          0    20000000    00000000     UNINITIALIZED

.binit     0    00000000    00000000     

MODULE SUMMARY

       Module                       code    ro data   rw data
       ------                       ----    -------   -------
    ./
       main_nortos.obj              1330    0         408    
    +--+----------------------------+-------+---------+---------+
       Total:                       1330    0         408    
                                                             
    ./Modules/Buzzer/
       buzzer.obj                   156     0         24     
    +--+----------------------------+-------+---------+---------+
       Total:                       156     0         24     
                                                             
    ./Modules/NFC/
       mfrc522.obj                  1336    0         0      
       nfc.obj                      184     0         136    
    +--+----------------------------+-------+---------+---------+
       Total:                       1520    0         136    
                                                             
    ./Modules/PIR/
       pir.obj                      44      0         0      
    +--+----------------------------+-------+---------+---------+
       Total:                       44      0         0      
                                                             
    ./Modules/PinPad/
       LcdDriver.obj                1882    68        32     
       pin_pad.obj                  1466    0         64     
    +--+----------------------------+-------+---------+---------+
       Total:                       3348    68        96     
                                                             
    ./Modules/Servo/
       servo.obj                    164     0         24     
    +--+----------------------------+-------+---------+---------+
       Total:                       164     0         24     
                                                             
    ./Modules/UART/
       uart.obj                     244     0         0      
    +--+----------------------------+-------+---------+---------+
       Total:                       244     0         0      
                                                             
    ./syscfg/
       ti_drivers_config.obj        42      364       1250   
    +--+----------------------------+-------+---------+---------+
       Total:                       42      364       1250   
                                                             
    /home/mose/Desktop/Smart_Lock/simplelink_msp432p4_sdk_3_40_01_02/source/ti/devices/msp432p4xx/driverlib/ccs/msp432p4xx_driverlib.lib
       interrupt.o                  686     112       464    
       gpio.o                       544     48        0      
       spi.o                        400     0         0      
       sysctl_a.o                   64      0         0      
       pcm.o                        40      0         0      
       wdt_a.o                      36      0         0      
       cpu.o                        28      0         0      
    +--+----------------------------+-------+---------+---------+
       Total:                       1798    160       464    
                                                             
    /home/mose/Desktop/Smart_Lock/simplelink_msp432p4_sdk_3_40_01_02/source/ti/grlib/lib/ccs/m4/grlib.a
       string.obj                   1536    0         0      
       fontfixed6x8.obj             0       960       0      
       context.obj                  174     0         0      
       line.obj                     156     0         0      
       display.obj                  146     0         0      
    +--+----------------------------+-------+---------+---------+
       Total:                       2012    960       0      
                                                             
    /home/mose/Desktop/courses/Embedded/simplelink_msp432p4_sdk_3_40_01_02/kernel/nortos/lib/nortos_msp432p401x.aem4f
       ClockPTimer_nortos.oem4f     884     0         384    
       HwiPMSP432_nortos.oem4f      300     0         656    
       SwiP_nortos.oem4f            630     16        148    
       TimerPMSP432_nortos.oem4f    676     0         90     
       SemaphoreP_nortos.oem4f      378     0         22     
       startup_msp432_ccs.oem4f     32      324       0      
       QueueP_nortos.oem4f          100     0         0      
       PowerMSP432_nortos.oem4f     76      0         0      
    +--+----------------------------+-------+---------+---------+
       Total:                       3076    340       1300   
                                                             
    /home/mose/Desktop/courses/Embedded/simplelink_msp432p4_sdk_3_40_01_02/source/ti/devices/msp432p4xx/driverlib/ccs/msp432p4xx_driverlib.lib
       cs.o                         704     0         16     
       uart.o                       284     0         0      
       dma.o                        240     0         0      
       sysctl.o                     16      0         0      
    +--+----------------------------+-------+---------+---------+
       Total:                       1244    0         16     
                                                             
    /home/mose/Desktop/courses/Embedded/simplelink_msp432p4_sdk_3_40_01_02/source/ti/drivers/lib/drivers_msp432p401x.aem4f
       UARTMSP432.oem4f             3406    81        0      
       PowerMSP432.oem4f            2228    0         728    
       PWMTimerMSP432.oem4f         1992    52        544    
       TimerMSP432.oem4f            1806    124       56     
       SPIMSP432DMA.oem4f           1894    32        0      
       UDMAMSP432.oem4f             900     0         192    
       GPIOMSP432.oem4f             828     12        108    
       UART.oem4f                   176     36        2      
       PWM.oem4f                    172     24        2      
       SPI.oem4f                    162     32        2      
       RingBuf.oem4f                184     0         0      
       Timer.oem4f                  168     12        2      
       List.oem4f                   76      0         0      
    +--+----------------------------+-------+---------+---------+
       Total:                       13992   405       1636   
                                                             
    /home/mose/ti/ccs1250/ccs/tools/compiler/ti-cgt-arm_20.2.7.LTS/lib/rtsv7M4_T_le_v4SPD16_eabi.lib
       _printfi.c.obj               4851    0         0      
       defs.c.obj                   0       0         832    
       memory.c.obj                 672     0         16     
       trgmsg.c.obj                 108     0         576    
       fd_add_t2.asm.obj            438     0         0      
       host_device.c.obj            0       0         400    
       fd_div_t2.asm.obj            310     0         0      
       fputs.c.obj                  276     0         0      
       s_scalbn.c.obj               272     0         0      
       fd_cmp_t2.asm.obj            268     0         0      
       ctype.c.obj                  0       257       0      
       fd_mul_t2.asm.obj            252     0         0      
       setvbuf.c.obj                220     0         0      
       memcpy_t2.asm.obj            156     0         0      
       ull_div_t2.asm.obj           150     0         0      
       fputc.c.obj                  140     0         0      
       memset_t2.asm.obj            122     0         0      
       fclose.c.obj                 116     0         0      
       getdevice.c.obj              116     0         0      
       hostopen.c.obj               96      0         16     
       printf.c.obj                 112     0         0      
       hostrename.c.obj             108     0         0      
       copy_decompress_lzss.c.obj   104     0         0      
       hostlseek.c.obj              104     0         0      
       exit.c.obj                   76      0         24     
       fseek.c.obj                  100     0         0      
       s_frexp.c.obj                100     0         0      
       _io_perm.c.obj               98      0         0      
       sprintf.c.obj                98      0         0      
       close.c.obj                  92      0         0      
       hostread.c.obj               88      0         0      
       hostwrite.c.obj              88      0         0      
       _ltoa.c.obj                  84      0         0      
       atoi.c.obj                   76      0         0      
       fflush.c.obj                 76      0         0      
       fd_toi_t2.asm.obj            72      0         0      
       autoinit.c.obj               68      0         0      
       hostclose.c.obj              68      0         0      
       hostunlink.c.obj             68      0         0      
       strncpy.c.obj                54      0         0      
       boot_cortex_m.c.obj          52      0         0      
       fopen.c.obj                  52      0         0      
       i_tofd_t2.asm.obj            46      0         0      
       unlink.c.obj                 44      0         0      
       lseek.c.obj                  40      0         0      
       write.c.obj                  40      0         0      
       memchr.c.obj                 32      0         0      
       memccpy.c.obj                28      0         0      
       s_copysign.c.obj             26      0         0      
       strcmp.c.obj                 24      0         0      
       strchr.c.obj                 22      0         0      
       strcpy.c.obj                 20      0         0      
       strlen.c.obj                 20      0         0      
       _lock.c.obj                  2       0         16     
       wcslen.c.obj                 18      0         0      
       errno.c.obj                  8       0         8      
       copy_decompress_none.c.obj   14      0         0      
       copy_zero_init.c.obj         12      0         0      
       pre_init.c.obj               4       0         0      
       div0.asm.obj                 2       0         0      
    +--+----------------------------+-------+---------+---------+
       Total:                       10803   257       1888   
                                                             
       Heap:                        0       0         65536  
       Stack:                       0       0         8192   
       Linker Generated:            0       354       0      
    +--+----------------------------+-------+---------+---------+
       Grand Total:                 39773   2908      80970  


LINKER GENERATED COPY TABLES

__TI_cinit_table @ 0000a6b8 records: 3, size/record: 8, table size: 24
	.data: load addr=0000a568, load size=0000012e bytes, run addr=200086a4, run size=00000699 bytes, compression=lzss
	.bss: load addr=0000a6a8, load size=00000008 bytes, run addr=20008000, run size=000006a4 bytes, compression=zero_init
	.vtable: load addr=0000a6b0, load size=00000008 bytes, run addr=20009000, run size=000000e8 bytes, compression=zero_init


LINKER GENERATED HANDLER TABLE

__TI_handler_table @ 0000a698 records: 3, size/record: 4, table size: 12
	index: 0, handler: __TI_decompress_lzss
	index: 1, handler: __TI_decompress_none
	index: 2, handler: __TI_zero_init


GLOBAL SYMBOLS: SORTED ALPHABETICALLY BY Name 

address   name                                       
-------   ----                                       
00009b21  Board_init                                 
00002a4f  Board_initHook                             
00009ca5  C$$EXIT                                    
00008aef  C$$IO$$                                    
00009b2d  CPU_cpsid                                  
00009b39  CPU_cpsie                                  
00009c65  CPU_wfi                                    
00009485  CS_setExternalClockSourceFrequency         
000040ed  CS_startHFXTWithTimeout                    
000042b5  CS_startLFXTWithTimeout                    
000099f9  ClockP_Params_init                         
000094a5  ClockP_add                                 
00007fb1  ClockP_construct                           
00009689  ClockP_create                              
00009a09  ClockP_delete                              
0000973f  ClockP_destruct                            
00009b45  ClockP_doTick                              
000093ad  ClockP_getTicks                            
00009c69  ClockP_isActive                            
000093d1  ClockP_scheduleNextTick                    
00009c6d  ClockP_setTimeout                          
00006555  ClockP_start                               
00004d3d  ClockP_startup                             
00009c41  ClockP_stop                                
20008d10  ClockP_tickPeriod                          
0000684d  ClockP_walkQueueDynamic                    
000050bd  ClockP_workFuncDynamic                     
00003335  Crystalfontz128x128_Init                   
000030d1  Crystalfontz128x128_SetDrawFrame           
00007a5d  Crystalfontz128x128_SetOrientation         
00003ffd  DMA_setChannelTransfer                     
00009861  EUSCI_A_SPI_enable                         
00009757  EUSCI_A_SPI_getInterruptStatus             
00009877  EUSCI_B_SPI_enable                         
0000976f  EUSCI_B_SPI_getInterruptStatus             
0000a490  GPIOMSP432_config                          
00008cdd  GPIO_getInputPinValue                      
00006e05  GPIO_hwiIntFxn                             
00005169  GPIO_init                                  
00007699  GPIO_setAsInputPinWithPullDownResistor     
000076f1  GPIO_setAsInputPinWithPullUpResistor       
000085a1  GPIO_setAsOutputPin                        
000061a9  GPIO_setAsPeripheralModuleFunctionOutputPin
000074c1  GPIO_setCallback                           
00002a51  GPIO_setConfig                             
000090c1  GPIO_setOutputHighOnPin                    
000090e9  GPIO_setOutputLowOnPin                     
00009111  GPIO_toggleOutputOnPin                     
00007749  GPIO_write                                 
000099b1  Graphics_clearDisplay                      
000096a3  Graphics_clearDisplayOnDisplay             
00008b69  Graphics_drawHorizontalLineOnDisplay       
00005735  Graphics_drawLineH                         
00008ee5  Graphics_drawPixelOnDisplay                
00000b93  Graphics_drawString                        
00007ff9  Graphics_drawStringCentered                
00003f01  Graphics_getStringWidth                    
00007c01  Graphics_initContext                       
000096bd  Graphics_setBackgroundColor                
000096d7  Graphics_setFont                           
0000988d  Graphics_setForegroundColor                
000098a3  Graphics_translateColorOnDisplay           
00008d0d  HAL_LCD_PortInit                           
00008621  HAL_LCD_SpiInit                            
00008a19  HAL_LCD_writeCommand                       
00008f11  HAL_LCD_writeData                          
000081ed  HOSTclose                                  
00006e6d  HOSTlseek                                  
00007521  HOSTopen                                   
000077a1  HOSTread                                   
00006c55  HOSTrename                                 
00008231  HOSTunlink                                 
000077f9  HOSTwrite                                  
000099c3  HwiP_Params_init                           
00009c71  HwiP_clearInterrupt                        
00006a25  HwiP_construct                             
00009019  HwiP_create                                
00009787  HwiP_delete                                
00009a19  HwiP_disable                               
00009c75  HwiP_disableInterrupt                      
000093f5  HwiP_dispatch                              
00009c79  HwiP_enable                                
00009c7d  HwiP_enableInterrupt                       
000097a1  HwiP_inISR                                 
20008d14  HwiP_key                                   
00009c81  HwiP_post                                  
00009c09  HwiP_restore                               
20008d18  HwiP_swiPIntNum                            
000065d5  Interrupt_disableInterrupt                 
00009a29  Interrupt_disableMaster                    
00006655  Interrupt_enableInterrupt                  
00009a39  Interrupt_enableMaster                     
00006ed5  Interrupt_pendInterrupt                    
000075e1  Interrupt_registerInterrupt                
00007ab1  Interrupt_setPriority                      
00007851  Interrupt_unpendInterrupt                  
000095e1  Interrupt_unregisterInterrupt              
2000864d  Lcd_FlagRead                               
200086a0  Lcd_FontSolid                              
200086a1  Lcd_Orientation                            
200086a2  Lcd_PenSolid                               
2000864e  Lcd_ScreenHeigth                           
2000869c  Lcd_ScreenWidth                            
2000869e  Lcd_TouchTrim                              
000092c9  List_put                                   
000092ef  List_remove                                
000094c5  MFRC522_AntennaOn                          
00005eed  MFRC522_Anticoll                           
00005f79  MFRC522_CalculateCRC                       
00008c0b  MFRC522_Check                              
00009315  MFRC522_ClearBitMask                       
00008d3d  MFRC522_Halt                               
00008275  MFRC522_Init                               
00009043  MFRC522_ReadRegister                       
00008161  MFRC522_Request                            
00009b51  MFRC522_Reset                              
0000933b  MFRC522_SetBitMask                         
000026d5  MFRC522_ToCard                             
00009361  MFRC522_WriteRegister                      
00009c79  NoRTOS_start                               
00009139  PCM_gotoLPM0                               
00006231  PWMTimerMSP432_close                       
00009c47  PWMTimerMSP432_control                     
0000a308  PWMTimerMSP432_fxnTable                    
00003ffb  PWMTimerMSP432_init                        
00002125  PWMTimerMSP432_open                        
00005c0d  PWMTimerMSP432_setDuty                     
00009c4d  PWMTimerMSP432_setDutyAndPeriod            
000037cd  PWMTimerMSP432_setPeriod                   
0000644d  PWMTimerMSP432_start                       
00005411  PWMTimerMSP432_stop                        
000098fd  PWM_Params_init                            
0000a430  PWM_config                                 
0000a55e  PWM_count                                  
0000a448  PWM_defaultParams                          
000082b9  PWM_init                                   
00008661  PWM_open                                   
00009baf  PWM_setDuty                                
00009bb9  PWM_start                                  
0000a24c  PowerMSP432_config                         
00006f3d  PowerMSP432_getFreqs                       
00009a49  PowerMSP432_getNumPerfLevels               
00004987  PowerMSP432_initPolicy                     
20008c1c  PowerMSP432_module                         
200087e4  PowerMSP432_perfLevels                     
00008041  PowerMSP432_sleepPolicy                    
000050bb  PowerMSP432_updateFreqs                    
00009a59  Power_disablePolicy                        
00009a69  Power_enablePolicy                         
00009b5d  Power_getConstraintMask                    
00009b69  Power_getPerformanceLevel                  
00009911  Power_idleFunc                             
000057d1  Power_init                                 
00009161  Power_registerNotify                       
00008089  Power_releaseConstraint                    
00008a51  Power_setConstraint                        
000013d9  Power_sleep                                
000094e5  Power_unregisterNotify                     
00009ae9  QueueP_empty                               
000096f1  QueueP_get                                 
00009c85  QueueP_head                                
00009c53  QueueP_init                                
00009c89  QueueP_next                                
00009505  QueueP_put                                 
00009af7  QueueP_remove                              
000099d5  RingBuf_construct                          
000086a1  RingBuf_get                                
00009525  RingBuf_peek                               
000081a7  RingBuf_put                                
00007145  SPIMSP432DMA_close                         
00009c59  SPIMSP432DMA_control                       
0000a460  SPIMSP432DMA_fxnTable                      
00009c8d  SPIMSP432DMA_init                          
000019a1  SPIMSP432DMA_open                          
00003461  SPIMSP432DMA_transfer                      
00003b05  SPIMSP432DMA_transferCancel                
00009925  SPI_Params_init                            
00008e5d  SPI_ReadRegister                           
00007e35  SPI_SendByte                               
00008f3d  SPI_WriteRegister                          
0000a4d4  SPI_config                                 
0000a55f  SPI_count                                  
0000a374  SPI_defaultParams                          
000095fd  SPI_enableModule                           
00009189  SPI_getInterruptStatus                     
000082fd  SPI_init                                   
0000500b  SPI_initMaster                             
000086e1  SPI_open                                   
00009bc3  SPI_transfer                               
00009a79  SemaphoreP_Params_init                     
00007ca5  SemaphoreP_construct                       
000098b9  SemaphoreP_create                          
[...]
0000644b  UARTMSP432_init                            
0000644d  PWMTimerMSP432_start                       
00006555  ClockP_start                               
000065d5  Interrupt_disableInterrupt                 
00006655  Interrupt_enableInterrupt                  
000066d5  fn_DOOR_UNLOCKED                           
000067d1  __aeabi_memclr                             
000067d1  __aeabi_memclr4                            
000067d1  __aeabi_memclr8                            
000067d3  __aeabi_memset                             
000067d3  __aeabi_memset4                            
000067d3  __aeabi_memset8                            
000067d9  memset                                     
0000684b  _nop                                       
0000684d  ClockP_walkQueueDynamic                    
000068c5  TimerMSP432_allocateTimerResource          
0000693d  __TI_closefile                             
000069b1  fn_SYSTEM_LOCKED                           
00006a25  HwiP_construct                             
00006a95  UARTMSP432_writeCancel                     
00006b05  configBuzzer                               
00006c55  HOSTrename                                 
00006cc1  TimerP_getCurrentTick                      
00006d2d  fn_DOOR_OPEN                               
00006e03  clkFxn                                     
00006e05  GPIO_hwiIntFxn                             
00006e6d  HOSTlseek                                  
00006ed5  Interrupt_pendInterrupt                    
00006f3d  PowerMSP432_getFreqs                       
00006fa5  SwiP_post                                  
0000700d  __TI_decompress_lzss                       
000070dd  printf                                     
00007145  SPIMSP432DMA_close                         
000071a9  configServo                                
0000720d  configUART                                 
00007271  frexp                                      
00007271  frexpl                                     
000072d5  fseek                                      
00007339  readCardID                                 
0000739d  __TI_wrt_ok                                
000074c1  GPIO_setCallback                           
00007521  HOSTopen                                   
00007581  send_UART                                  
000075e1  Interrupt_registerInterrupt                
0000763d  close                                      
00007699  GPIO_setAsInputPinWithPullDownResistor     
000076f1  GPIO_setAsInputPinWithPullUpResistor       
00007749  GPIO_write                                 
000077a1  HOSTread                                   
000077f9  HOSTwrite                                  
00007851  Interrupt_unpendInterrupt                  
000078a9  TimerP_dynamicStub                         
00007a07  configKeyPad                               
00007a5d  Crystalfontz128x128_SetOrientation         
00007ab1  Interrupt_setPriority                      
00007b05  TimerMSP432_freeTimerResource              
00007b59  __TI_ltoa                                  
00007bad  configNFC                                  
00007c01  Graphics_initContext                       
00007ca5  SemaphoreP_construct                       
00007d95  concatstr                                  
00007de5  TimerMSP432_close                          
00007e35  SPI_SendByte                               
00007e81  __TI_doflush                               
00007ecd  atoi                                       
00007f19  configGraphic                              
00007fb1  ClockP_construct                           
00007ff9  Graphics_drawStringCentered                
00008000  __SYSMEM_SIZE                              
00008041  PowerMSP432_sleepPolicy                    
00008089  Power_releaseConstraint                    
000080d1  exit                                       
00008119  __aeabi_d2iz                               
00008161  MFRC522_Request                            
000081a7  RingBuf_put                                
000081ed  HOSTclose                                  
00008231  HOSTunlink                                 
00008275  MFRC522_Init                               
000082b9  PWM_init                                   
000082fd  SPI_init                                   
00008341  SemaphoreP_post                            
00008385  SwiP_restore                               
000083c9  TimerP_start                               
0000840d  Timer_init                                 
00008451  UART_init                                  
00008495  __TI_auto_init_nobinit_nopinit             
000084d9  getdevice                                  
0000851d  session_expired                            
000085a1  GPIO_setAsOutputPin                        
00008621  HAL_LCD_SpiInit                            
00008661  PWM_open                                   
000086a1  RingBuf_get                                
000086e1  SPI_open                                   
00008721  TimerP_setNextTick                         
00008761  Timer_open                                 
000087a1  UARTMSP432_read                            
000087e1  UART_open                                  
00008921  sprintf                                    
000089a1  TimerP_initDevice                          
000089dd  configureAll                               
00008a19  HAL_LCD_writeCommand                       
00008a51  Power_setConstraint                        
00008a89  TimerMSP432_getCount                       
00008ac1  __TI_writemsg                              
00008aef  C$$IO$$                                    
00008af9  main                                       
00008b69  Graphics_drawHorizontalLineOnDisplay       
00008b9f  UARTMSP432_readCancel                      
00008bd5  strncpy                                    
00008c0b  MFRC522_Check                              
00008c3f  __aeabi_idiv0                              
00008c3f  __aeabi_ldiv0                              
00008c41  __TI_cleanup                               
00008c75  __TI_readmsg                               
00008ca9  _c_int00_noargs                            
00008cdd  GPIO_getInputPinValue                      
00008d0d  HAL_LCD_PortInit                           
00008d3d  MFRC522_Halt                               
00008d6d  check_Answer                               
00008d9d  finddevice                                 
00008e5d  SPI_ReadRegister                           
00008e8b  __aeabi_i2d                                
00008ee5  Graphics_drawPixelOnDisplay                
00008f11  HAL_LCD_writeData                          
00008f3d  SPI_WriteRegister                          
00008f95  resetVariables                             
00008fc1  stopAlarm                                  
00008fed  remove                                     
00008fed  unlink                                     
00009019  HwiP_create                                
00009043  MFRC522_ReadRegister                       
000090c1  GPIO_setOutputHighOnPin                    
000090e9  GPIO_setOutputLowOnPin                     
00009111  GPIO_toggleOutputOnPin                     
00009139  PCM_gotoLPM0                               
00009161  Power_registerNotify                       
00009189  SPI_getInterruptStatus                     
00009251  lseek                                      
00009279  start_timer                                
000092a1  write                                      
000092c9  List_put                                   
000092ef  List_remove                                
00009315  MFRC522_ClearBitMask                       
0000933b  MFRC522_SetBitMask                         
00009361  MFRC522_WriteRegister                      
000093ad  ClockP_getTicks                            
000093d1  ClockP_scheduleNextTick                    
000093f5  HwiP_dispatch                              
00009419  WDT_A_holdTimer                            
0000943d  configPorts                                
00009461  fn_INIT                                    
00009485  CS_setExternalClockSourceFrequency         
000094a5  ClockP_add                                 
000094c5  MFRC522_AntennaOn                          
000094e5  Power_unregisterNotify                     
00009505  QueueP_put                                 
00009525  RingBuf_peek                               
00009545  closeDoor                                  
00009565  memchr                                     
00009585  openDoor                                   
000095c3  readPIR                                    
000095e1  Interrupt_unregisterInterrupt              
000095fd  SPI_enableModule                           
00009619  SwiP_disable                               
0000966d  memccpy                                    
00009689  ClockP_create                              
000096a3  Graphics_clearDisplayOnDisplay             
000096bd  Graphics_setBackgroundColor                
000096d7  Graphics_setFont                           
000096f1  QueueP_get                                 
0000970b  SemaphoreP_createBinary                    
00009725  copysign                                   
00009725  copysignl                                  
0000973f  ClockP_destruct                            
00009757  EUSCI_A_SPI_getInterruptStatus             
0000976f  EUSCI_B_SPI_getInterruptStatus             
00009787  HwiP_delete                                
000097a1  HwiP_inISR                                 
000097b9  SysCtl_A_disableNMISource                  
000097d1  SysCtl_A_enableNMISource                   
000097e9  UART_Params_init                           
00009831  resetISR                                   
00009849  strcmp                                     
00009861  EUSCI_A_SPI_enable                         
00009877  EUSCI_B_SPI_enable                         
0000988d  Graphics_setForegroundColor                
000098a3  Graphics_translateColorOnDisplay           
000098b9  SemaphoreP_create                          
000098e5  strchr                                     
000098fd  PWM_Params_init                            
00009911  Power_idleFunc                             
00009925  SPI_Params_init                            
00009961  clear                                      
00009989  strcpy                                     
0000999d  strlen                                     
000099b1  Graphics_clearDisplay                      
000099c3  HwiP_Params_init                           
000099d5  RingBuf_construct                          
000099e7  wcslen                                     
000099f9  ClockP_Params_init                         
00009a09  ClockP_delete                              
00009a19  HwiP_disable                               
00009a29  Interrupt_disableMaster                    
00009a39  Interrupt_enableMaster                     
00009a49  PowerMSP432_getNumPerfLevels               
00009a59  Power_disablePolicy                        
00009a69  Power_enablePolicy                         
00009a79  SemaphoreP_Params_init                     
00009a89  SwiP_Params_init                           
00009a99  SysCtl_A_getNMISourceStatus                
00009aa9  SysCtl_getNMISourceStatus                  
00009ab9  TimerP_Params_init                         
00009ac9  Timer_Params_init                          
00009ae9  QueueP_empty                               
00009af7  QueueP_remove                              
00009b05  configPIR                                  
00009b13  __TI_decompress_none                       
00009b21  Board_init                                 
00009b2d  CPU_cpsid                                  
00009b39  CPU_cpsie                                  
00009b45  ClockP_doTick                              
00009b51  MFRC522_Reset                              
00009b5d  Power_getConstraintMask                    
00009b69  Power_getPerformanceLevel                  
00009b75  TimerP_getFreq                             
00009b81  TimerP_getMaxTicks                         
00009b8d  __TI_zero_init                             
00009b99  stop_timer                                 
00009baf  PWM_setDuty                                
00009bb9  PWM_start                                  
00009bc3  SPI_transfer                               
00009bcd  Timer_start                                
00009bd7  Timer_stop                                 
00009be1  UART_read                                  
00009beb  UART_write                                 
00009bff  change_state                               
00009c09  HwiP_restore                               
00009c11  __aeabi_errno_addr                         
00009c21  malloc                                     
00009c41  ClockP_stop                                
00009c47  PWMTimerMSP432_control                     
00009c4d  PWMTimerMSP432_setDutyAndPeriod            
00009c53  QueueP_init                                
00009c59  SPIMSP432DMA_control                       
00009c5f  TimerMSP432_control                        
00009c65  CPU_wfi                                    
00009c69  ClockP_isActive                            
00009c6d  ClockP_setTimeout                          
00009c71  HwiP_clearInterrupt                        
00009c75  HwiP_disableInterrupt                      
00009c79  HwiP_enable                                
00009c79  NoRTOS_start                               
00009c7d  HwiP_enableInterrupt                       
00009c81  HwiP_post                                  
00009c85  QueueP_head                                
00009c89  QueueP_next                                
00009c8d  SPIMSP432DMA_init                          
00009c91  SemaphoreP_delete                          
00009c95  TimerP_setPeriod                           
00009ca1  _system_pre_init                           
00009ca5  C$$EXIT                                    
00009ca5  abort                                      
00009fa0  _ctypes_                                   
0000a0a4  g_sFontFixed6x8                            
0000a24c  PowerMSP432_config                         
0000a2e0  UARTMSP432_fxnTable                        
0000a308  PWMTimerMSP432_fxnTable                    
0000a32c  UART_defaultParams                         
0000a350  spiMSP432DMAHWAttrs                        
0000a374  SPI_defaultParams                          
0000a394  TimerMSP432HWAttrs                         
0000a3b4  TimerMSP432_Timer_A_fxnTable               
0000a3d4  g_sCrystalfontz128x128_funcs               
0000a430  PWM_config                                 
0000a448  PWM_defaultParams                          
0000a460  SPIMSP432DMA_fxnTable                      
0000a478  Timer_config                               
0000a490  GPIOMSP432_config                          
0000a4c4  pwmTimerMSP432HWAttrs                      
0000a4d4  SPI_config                                 
0000a4e0  UART_config                                
0000a504  udmaMSP432HWAttrs                          
0000a518  UDMAMSP432_config                          
0000a55e  PWM_count                                  
0000a55f  SPI_count                                  
0000a560  Timer_count                                
0000a561  UART_count                                 
0000a568  __TI_static_base__                         
0000a698  __TI_Handler_Table_Base                    
0000a6a4  __TI_Handler_Table_Limit                   
0000a6b8  __TI_CINIT_Base                            
0000a6d0  __TI_CINIT_Limit                           
20000000  __start___llvm_prf_cnts                    
20000000  __stop___llvm_prf_cnts                     
20000000  _sys_memory                                
20008000  __CIOBUF_                                  
200081c0  string                                     
20008300  __TI_tmpnams                               
200083a0  uartMSP432Objects                          
20008420  timerMSP432Objects                         
20008488  spiMSP432DMAObjects                        
20008500  uartParams                                 
200085a4  spiParams                                  
200085fc  g_sContext                                 
20008618  pwmTimerMSP432Objects                      
2000864d  Lcd_FlagRead                               
2000864e  Lcd_ScreenHeigth                           
20008658  cardID                                     
20008660  parmbuf                                    
20008674  failed                                     
20008678  passed                                     
2000867c  puk_enabled                                
20008680  pwmHandleBuzzer                            
20008684  pwmHandleServo                             
20008688  spiHandle                                  
2000868c  timeOut                                    
20008690  timer_state                                
20008694  timer_timeout                              
20008698  uartHandle                                 
2000869c  Lcd_ScreenWidth                            
2000869e  Lcd_TouchTrim                              
200086a0  Lcd_FontSolid                              
200086a1  Lcd_Orientation                            
200086a2  Lcd_PenSolid                               
200086a3  udmaMSP432Object                           
200087e4  PowerMSP432_perfLevels                     
20008a34  _ftable                                    
20008b24  _device                                    
20008b9c  _stream                                    
20008bec  fsm                                        
20008c1c  PowerMSP432_module                         
20008c48  spiTransaction                             
20008c88  g_sCrystalfontz128x128                     
20008c98  __TI_ft_end                                
20008c9c  __aeabi_stdin                              
20008ca0  __aeabi_stdout                             
20008ca4  __aeabi_stderr                             
20008ca8  __TI_cleanup_ptr                           
20008cac  __TI_dtors_ptr                             
20008cb0  __TI_enable_exit_profile_output            
20008ccc  keymap                                     
20008cd8  correctPass                                
20008ce2  secretCode                                 
20008cec  _lock                                      
20008cf0  _unlock                                    
20008cfc  SemaphoreP_defaultParams                   
20008d04  pwmPeriodBuzzer                            
20008d08  dutyCycleBuzzer                            
20008d10  ClockP_tickPeriod                          
20008d14  HwiP_key                                   
20008d18  HwiP_swiPIntNum                            
20008d1c  pwmPeriodServo                             
20008d20  dutyCycleServo                             
20008d24  gpioCallbackFunctions                      
20008d28  gpioPinConfigs                             
20008d2c  errno                                      
20008d35  current_state                              
20008d36  previous_state                             
20009000  g_pfnRAMVectors                            
2000f000  __stack                                    
20010000  __STACK_END                                
4000480c  WDTCTL_SYM                                 
ffffffff  __TI_pprof_out_hndl                        
ffffffff  __TI_prof_data_size                        
ffffffff  __TI_prof_data_start                       
ffffffff  __binit__                                  
ffffffff  __c_args__                                 
ffffffff  binit                                      
UNDEFED   __mpu_init                                 
UNDEFED   _system_post_cinit                         

[452 symbols]
