******************************************************************************
                  TI ARM Linker Unix v20.2.7                   
******************************************************************************
>> Linked Tue Nov 28 15:54:56 2023

OUTPUT FILE NAME:   <pwmled2_MSP_EXP432P401R_nortos_ccs.out>
ENTRY POINT SYMBOL: "resetISR"  address: 00002791


MEMORY CONFIGURATION

         name            origin    length      used     unused   attr    fill
----------------------  --------  ---------  --------  --------  ----  --------
  MAIN                  00000000   00040000  00002b9b  0003d465  R  X
  INFO                  00200000   00004000  00000000  00004000  R  X
  SRAM_CODE             01000000   00010000  0000961a  000069e6  RW X
  SRAM_DATA             20000000   00010000  0000961a  000069e6  RW  


SEGMENT ALLOCATION MAP

run origin  load origin   length   init length attrs members
----------  ----------- ---------- ----------- ----- -------
00000000    00000000    00002ba0   00002ba0    r-x
  00000000    00000000    00000144   00000144    r-- .intvecs
  00000144    00000144    0000287a   0000287a    r-x .text
  000029c0    000029c0    0000011d   0000011d    r-- .const
  00002ae0    00002ae0    000000c0   000000c0    r-- .cinit
20000000    20000000    00008534   00000000    rw-
  20000000    20000000    00008000   00000000    rw- .sysmem
  20008000    20008000    000003f6   00000000    rw- .data
  200083f8    200083f8    0000013c   00000000    rw- .bss
20008800    20008800    000000e8   00000000    rw-
  20008800    20008800    000000e8   00000000    rw- .vtable
2000f000    2000f000    00001000   00000000    rw-
  2000f000    2000f000    00001000   00000000    rw- .stack


SECTION ALLOCATION MAP

 output                                  attributes/
section   page    origin      length       input sections
--------  ----  ----------  ----------   ----------------
.text      0    00000144    0000287a     
                  00000144    000002f8     drivers_msp432p401x.aem4f : PowerMSP432.oem4f (.text:Power_sleep)
                  0000043c    00000288                               : PowerMSP432.oem4f (.text:initPerfControl)
                  000006c4    00000208                               : PWMTimerMSP432.oem4f (.text:PWMTimerMSP432_open)
                  000008cc    00000114                               : PWMTimerMSP432.oem4f (.text:PWMTimerMSP432_setPeriod)
                  000009e0    00000100     rtsv7M4_T_le_v4SPD16_eabi.lib : memory.c.obj (.text:aligned_alloc)
                  00000ae0    000000e4     msp432p4xx_driverlib.lib : cs.o (.text:CS_startHFXTWithTimeout)
                  00000bc4    000000e4     rtsv7M4_T_le_v4SPD16_eabi.lib : memory.c.obj (.text:free)
                  00000ca8    000000e0     msp432p4xx_driverlib.lib : cs.o (.text:CS_startLFXTWithTimeout)
                  00000d88    000000e0     nortos_msp432p401x.aem4f : TimerPMSP432_nortos.oem4f (.text:TimerP_construct)
                  00000e68    000000dc     msp432p4xx_driverlib.lib : cs.o (.text:_CSGetHFXTFrequency)
                  00000f44    000000d8     nortos_msp432p401x.aem4f : SwiP_nortos.oem4f (.text:SwiP_construct)
                  0000101c    000000bc     pwmled2.obj (.text:mainThread)
                  000010d8    000000b4     nortos_msp432p401x.aem4f : ClockPTimer_nortos.oem4f (.text:ClockP_startup)
                  0000118c    000000ac                              : ClockPTimer_nortos.oem4f (.text:ClockP_workFuncDynamic)
                  00001238    000000a4     drivers_msp432p401x.aem4f : PWMTimerMSP432.oem4f (.text:PWMTimerMSP432_stop)
                  000012dc    000000a0     nortos_msp432p401x.aem4f : SemaphoreP_nortos.oem4f (.text:SemaphoreP_pend)
                  0000137c    0000009c     drivers_msp432p401x.aem4f : PowerMSP432.oem4f (.text:Power_init)
                  00001418    0000009c     nortos_msp432p401x.aem4f : SwiP_nortos.oem4f (.text:SwiP_dispatch)
                  000014b4    0000009c     rtsv7M4_T_le_v4SPD16_eabi.lib : memcpy_t2.asm.obj (.text)
                  00001550    00000096                                   : ull_div_t2.asm.obj (.text)
                  000015e6    00000002     ti_drivers_config.obj (.text:Board_initHook)
                  000015e8    00000094     drivers_msp432p401x.aem4f : PWMTimerMSP432.oem4f (.text:PWMTimerMSP432_setDuty)
                  0000167c    00000088                               : PWMTimerMSP432.oem4f (.text:PWMTimerMSP432_close)
                  00001704    00000084                               : PWMTimerMSP432.oem4f (.text:PWMTimerMSP432_start)
                  00001788    00000084                               : PowerMSP432.oem4f (.text:restartHFXT)
                  0000180c    00000080     nortos_msp432p401x.aem4f : ClockPTimer_nortos.oem4f (.text:ClockP_start)
                  0000188c    00000080     msp432p4xx_driverlib.lib : interrupt.o (.text:Interrupt_enableInterrupt)
                  0000190c    0000007c     drivers_msp432p401x.aem4f : PWMTimerMSP432.oem4f (.text:setConstraints)
                  00001988    00000078     nortos_msp432p401x.aem4f : ClockPTimer_nortos.oem4f (.text:ClockP_walkQueueDynamic)
                  00001a00    00000078     drivers_msp432p401x.aem4f : TimerMSP432.oem4f (.text:TimerMSP432_allocateTimerResource)
                  00001a78    00000070     nortos_msp432p401x.aem4f : HwiPMSP432_nortos.oem4f (.text:HwiP_construct)
                  00001ae8    00000070     rtsv7M4_T_le_v4SPD16_eabi.lib : memory.c.obj (.text:split)
                  00001b58    0000006c     nortos_msp432p401x.aem4f : TimerPMSP432_nortos.oem4f (.text:TimerP_getCurrentTick)
                  00001bc4    0000006a     drivers_msp432p401x.aem4f : PWMTimerMSP432.oem4f (.text:perfChangeNotifyFxn)
                  00001c2e    00000002                               : PWMTimerMSP432.oem4f (.text:PWMTimerMSP432_init)
                  00001c30    00000068     nortos_msp432p401x.aem4f : ClockPTimer_nortos.oem4f (.text:ClockP_usleep)
                  00001c98    00000068     msp432p4xx_driverlib.lib : interrupt.o (.text:Interrupt_pendInterrupt)
                  00001d00    00000068     drivers_msp432p401x.aem4f : PowerMSP432.oem4f (.text:PowerMSP432_getFreqs)
                  00001d68    00000068     nortos_msp432p401x.aem4f : SwiP_nortos.oem4f (.text:SwiP_post)
                  00001dd0    00000068     rtsv7M4_T_le_v4SPD16_eabi.lib : copy_decompress_lzss.c.obj (.text:decompress:lzss:__TI_decompress_lzss)
                  00001e38    00000068     drivers_msp432p401x.aem4f : PWMTimerMSP432.oem4f (.text:initHw)
                  00001ea0    0000005c     msp432p4xx_driverlib.lib : interrupt.o (.text:Interrupt_registerInterrupt)
                  00001efc    00000058     nortos_msp432p401x.aem4f : TimerPMSP432_nortos.oem4f (.text:TimerP_dynamicStub)
                  00001f54    00000054     msp432p4xx_driverlib.lib : interrupt.o (.text:Interrupt_setPriority)
                  00001fa8    00000054     drivers_msp432p401x.aem4f : TimerMSP432.oem4f (.text:TimerMSP432_freeTimerResource)
                  00001ffc    00000054     nortos_msp432p401x.aem4f : TimerPMSP432_nortos.oem4f (.text:TimerP_getCount64)
                  00002050    00000050                              : SemaphoreP_nortos.oem4f (.text:SemaphoreP_construct)
                  000020a0    00000048                              : PowerMSP432_nortos.oem4f (.text:PowerMSP432_sleepPolicy)
                  000020e8    00000048     drivers_msp432p401x.aem4f : PowerMSP432.oem4f (.text:Power_releaseConstraint)
                  00002130    00000044                               : PWM.oem4f (.text:PWM_init)
                  00002174    00000044     nortos_msp432p401x.aem4f : SwiP_nortos.oem4f (.text:SwiP_restore)
                  000021b8    00000044                              : TimerPMSP432_nortos.oem4f (.text:TimerP_start)
                  000021fc    00000044     rtsv7M4_T_le_v4SPD16_eabi.lib : autoinit.c.obj (.text:__TI_auto_init_nobinit_nopinit:__TI_auto_init_nobinit_nopinit)
                  00002240    00000040     drivers_msp432p401x.aem4f : PWM.oem4f (.text:PWM_open)
                  00002280    00000040     nortos_msp432p401x.aem4f : TimerPMSP432_nortos.oem4f (.text:TimerP_setNextTick)
                  000022c0    00000040     drivers_msp432p401x.aem4f : PWMTimerMSP432.oem4f (.text:getDutyCounts)
                  00002300    00000040                               : PWMTimerMSP432.oem4f (.text:getPeriodCounts)
                  00002340    0000003c     nortos_msp432p401x.aem4f : TimerPMSP432_nortos.oem4f (.text:TimerP_initDevice)
                  0000237c    00000038     drivers_msp432p401x.aem4f : PowerMSP432.oem4f (.text:Power_setConstraint)
                  000023b4    00000038                               : PowerMSP432.oem4f (.text:notify)
                  000023ec    00000034     rtsv7M4_T_le_v4SPD16_eabi.lib : boot_cortex_m.c.obj (.text:_c_int00_noargs:_c_int00_noargs)
                  00002420    00000030     drivers_msp432p401x.aem4f : PWMTimerMSP432.oem4f (.text:mapPin)
                  00002450    0000002a     nortos_msp432p401x.aem4f : HwiPMSP432_nortos.oem4f (.text:HwiP_create)
                  0000247a    00000002                              : PowerMSP432_nortos.oem4f (.text:PowerMSP432_initPolicy)
                  0000247c    00000028     drivers_msp432p401x.aem4f : PowerMSP432.oem4f (.text:Power_registerNotify)
                  000024a4    00000028                               : PowerMSP432.oem4f (.text:disableFaultCounter)
                  000024cc    00000028                               : PowerMSP432.oem4f (.text:disableHFXT)
                  000024f4    00000028     rtsv7M4_T_le_v4SPD16_eabi.lib : memory.c.obj (.text:free_list_insert)
                  0000251c    00000026     drivers_msp432p401x.aem4f : List.oem4f (.text:List_put)
                  00002542    00000026                               : List.oem4f (.text:List_remove)
                  00002568    00000026                               : PWMTimerMSP432.oem4f (.text:releaseConstraints)
                  0000258e    00000002     nortos_msp432p401x.aem4f : PowerMSP432_nortos.oem4f (.text:PowerMSP432_updateFreqs)
                  00002590    00000024                              : ClockPTimer_nortos.oem4f (.text:ClockP_getTicks)
                  000025b4    00000024                              : ClockPTimer_nortos.oem4f (.text:ClockP_scheduleNextTick)
                  000025d8    00000024                              : HwiPMSP432_nortos.oem4f (.text:HwiP_dispatch)
                  000025fc    00000024                              : ClockPTimer_nortos.oem4f (.text:sleepTicks)
                  00002620    00000020     msp432p4xx_driverlib.lib : cs.o (.text:CS_setExternalClockSourceFrequency)
                  00002640    00000020     nortos_msp432p401x.aem4f : ClockPTimer_nortos.oem4f (.text:ClockP_add)
                  00002660    00000020     drivers_msp432p401x.aem4f : PowerMSP432.oem4f (.text:Power_unregisterNotify)
                  00002680    00000020     nortos_msp432p401x.aem4f : QueueP_nortos.oem4f (.text:QueueP_put)
                  000026a0    0000001e     drivers_msp432p401x.aem4f : PWMTimerMSP432.oem4f (.text:corroboratePeriod)
                  000026be    00000002     nortos_msp432p401x.aem4f : SemaphoreP_nortos.oem4f (.text:SemaphoreP_destruct)
                  000026c0    0000001c                              : SwiP_nortos.oem4f (.text:SwiP_disable)
                  000026dc    0000001c     rtsv7M4_T_le_v4SPD16_eabi.lib : copy_zero_init.c.obj (.text:decompress:ZI:__TI_zero_init_nomemset:__TI_zero_init_nomemset)
                  000026f8    0000001c                                   : memory.c.obj (.text:free_list_remove)
                  00002714    0000001a     nortos_msp432p401x.aem4f : QueueP_nortos.oem4f (.text:QueueP_get)
                  0000272e    00000018                              : ClockPTimer_nortos.oem4f (.text:ClockP_destruct)
                  00002746    00000002     rtsv7M4_T_le_v4SPD16_eabi.lib : _lock.c.obj (.text:_nop)
                  00002748    00000018     msp432p4xx_driverlib.lib : sysctl_a.o (.text:SysCtl_A_disableNMISource)
                  00002760    00000018                              : sysctl_a.o (.text:SysCtl_A_enableNMISource)
                  00002778    00000018     drivers_msp432p401x.aem4f : PWMTimerMSP432.oem4f (.text:corroborateDuty)
                  00002790    00000018     nortos_msp432p401x.aem4f : startup_msp432_ccs.oem4f (.text:resetISR)
                  000027a8    00000016                              : SwiP_nortos.oem4f (.text:maxbit)
                  000027be    00000002                              : startup_msp432_ccs.oem4f (.text:busFaultISR)
                  000027c0    00000014     drivers_msp432p401x.aem4f : PWM.oem4f (.text:PWM_Params_init)
                  000027d4    00000014                               : PowerMSP432.oem4f (.text:Power_idleFunc)
                  000027e8    00000014     nortos_msp432p401x.aem4f : SwiP_nortos.oem4f (.text:SwiP_handleHwi)
                  000027fc    00000014                              : TimerPMSP432_nortos.oem4f (.text:TimerP_getCount)
                  00002810    00000012                              : HwiPMSP432_nortos.oem4f (.text:HwiP_Params_init)
                  00002822    00000012     main_nortos.obj (.text:main)
                  00002834    00000010     nortos_msp432p401x.aem4f : HwiPMSP432_nortos.oem4f (.text:HwiP_disable)
                  00002844    00000010     msp432p4xx_driverlib.lib : interrupt.o (.text:Interrupt_disableMaster)
                  00002854    00000010                              : interrupt.o (.text:Interrupt_enableMaster)
                  00002864    00000010     drivers_msp432p401x.aem4f : PowerMSP432.oem4f (.text:PowerMSP432_getNumPerfLevels)
                  00002874    00000010                               : PowerMSP432.oem4f (.text:Power_enablePolicy)
                  00002884    00000010     nortos_msp432p401x.aem4f : SemaphoreP_nortos.oem4f (.text:SemaphoreP_Params_init)
                  00002894    00000010                              : SwiP_nortos.oem4f (.text:SwiP_Params_init)
                  000028a4    00000010     msp432p4xx_driverlib.lib : sysctl_a.o (.text:SysCtl_A_getNMISourceStatus)
                  000028b4    00000010                              : sysctl.o (.text:SysCtl_getNMISourceStatus)
                  000028c4    00000010     nortos_msp432p401x.aem4f : TimerPMSP432_nortos.oem4f (.text:TimerP_Params_init)
                  000028d4    0000000e                              : QueueP_nortos.oem4f (.text:QueueP_empty)
                  000028e2    0000000e                              : QueueP_nortos.oem4f (.text:QueueP_remove)
                  000028f0    0000000e     rtsv7M4_T_le_v4SPD16_eabi.lib : copy_decompress_none.c.obj (.text:decompress:none:__TI_decompress_none)
                  000028fe    0000000c     ti_drivers_config.obj (.text:Board_init)
                  0000290a    0000000c     msp432p4xx_driverlib.lib : cpu.o (.text:CPU_cpsid)
                  00002916    0000000c                              : cpu.o (.text:CPU_cpsie)
                  00002922    00000002     nortos_msp432p401x.aem4f : SemaphoreP_nortos.oem4f (.text:clkFxn)
                  00002924    0000000c                              : ClockPTimer_nortos.oem4f (.text:ClockP_doTick)
                  00002930    0000000c     drivers_msp432p401x.aem4f : PowerMSP432.oem4f (.text:Power_getConstraintMask)
                  0000293c    0000000c                               : PowerMSP432.oem4f (.text:Power_getPerformanceLevel)
                  00002948    0000000c     nortos_msp432p401x.aem4f : TimerPMSP432_nortos.oem4f (.text:TimerP_getFreq)
                  00002954    0000000c                              : TimerPMSP432_nortos.oem4f (.text:TimerP_getMaxTicks)
                  00002960    0000000a     drivers_msp432p401x.aem4f : PWM.oem4f (.text:PWM_setDuty)
                  0000296a    0000000a                               : PWM.oem4f (.text:PWM_start)
                  00002974    00000008     nortos_msp432p401x.aem4f : HwiPMSP432_nortos.oem4f (.text:HwiP_restore)
                  0000297c    00000008     rtsv7M4_T_le_v4SPD16_eabi.lib : memory.c.obj (.text:malloc)
                  00002984    00000006     drivers_msp432p401x.aem4f : PWMTimerMSP432.oem4f (.text:PWMTimerMSP432_control)
                  0000298a    00000006                               : PWMTimerMSP432.oem4f (.text:PWMTimerMSP432_setDutyAndPeriod)
                  00002990    00000006     nortos_msp432p401x.aem4f : QueueP_nortos.oem4f (.text:QueueP_init)
                  00002996    00000004                              : ClockPTimer_nortos.oem4f (.text:ClockP_isActive)
                  0000299a    00000004                              : HwiPMSP432_nortos.oem4f (.text:HwiP_enable)
                  0000299e    00000004                              : HwiPMSP432_nortos.oem4f (.text:HwiP_post)
                  000029a2    00000004                              : QueueP_nortos.oem4f (.text:QueueP_head)
                  000029a6    00000004                              : QueueP_nortos.oem4f (.text:QueueP_next)
                  000029aa    00000004                              : TimerPMSP432_nortos.oem4f (.text:TimerP_setPeriod)
                  000029ae    00000004     rtsv7M4_T_le_v4SPD16_eabi.lib : pre_init.c.obj (.text:_system_pre_init)
                  000029b2    00000004                                   : exit.c.obj (.text:abort:abort)
                  000029b6    00000002     nortos_msp432p401x.aem4f : startup_msp432_ccs.oem4f (.text:defaultISR)
                  000029b8    00000002                              : startup_msp432_ccs.oem4f (.text:faultISR)
                  000029ba    00000002                              : startup_msp432_ccs.oem4f (.text:nmiISR)
                  000029bc    00000002     rtsv7M4_T_le_v4SPD16_eabi.lib : div0.asm.obj (.text)

.const     0    000029c0    0000011d     
                  000029c0    00000050     msp432p4xx_driverlib.lib : interrupt.o (.const:g_pulRegs)
                  00002a10    00000038     ti_drivers_config.obj (.const:PowerMSP432_config)
                  00002a48    00000024     drivers_msp432p401x.aem4f : PWMTimerMSP432.oem4f (.const:PWMTimerMSP432_fxnTable)
                  00002a6c    00000018     ti_drivers_config.obj (.const:PWM_config)
                  00002a84    00000018     drivers_msp432p401x.aem4f : PWM.oem4f (.const:PWM_defaultParams)
                  00002a9c    00000010     nortos_msp432p401x.aem4f : SwiP_nortos.oem4f (.const:SwiP_defaultParams)
                  00002aac    00000010     drivers_msp432p401x.aem4f : PWMTimerMSP432.oem4f (.const:pwmTimerBaseAddr)
                  00002abc    00000010     ti_drivers_config.obj (.const:pwmTimerMSP432HWAttrs)
                  00002acc    00000008     msp432p4xx_driverlib.lib : interrupt.o (.const:g_pulEnRegs)
                  00002ad4    00000008                              : interrupt.o (.const:g_pulPendRegs)
                  00002adc    00000001     ti_drivers_config.obj (.const)

.cinit     0    00002ae0    000000c0     
                  00002ae0    00000085     (.cinit..data.load) [load image, compression = lzss]
                  00002b65    00000003     --HOLE-- [fill = 0]
                  00002b68    0000000c     (__TI_handler_table)
                  00002b74    00000004     --HOLE-- [fill = 0]
                  00002b78    00000008     (.cinit..bss.load) [load image, compression = zero_init]
                  00002b80    00000008     (.cinit..vtable.load) [load image, compression = zero_init]
                  00002b88    00000018     (__TI_cinit_table)

.init_array 
*          0    00000000    00000000     UNINITIALIZED

.intvecs   0    00000000    00000144     
                  00000000    00000144     nortos_msp432p401x.aem4f : startup_msp432_ccs.oem4f (.intvecs:retain)

.sysmem    0    20000000    00008000     UNINITIALIZED
                  20000000    00000010     rtsv7M4_T_le_v4SPD16_eabi.lib : memory.c.obj (.sysmem)
                  20000010    00007ff0     --HOLE--

.data      0    20008000    000003f6     UNINITIALIZED
                  20008000    00000140     nortos_msp432p401x.aem4f : HwiPMSP432_nortos.oem4f (.data:HwiP_dispatchTable)
                  20008140    00000140     drivers_msp432p401x.aem4f : PowerMSP432.oem4f (.data:PowerMSP432_perfLevels)
                  20008280    00000110                               : PWMTimerMSP432.oem4f (.data:pwmTimerStatus)
                  20008390    0000002c                               : PowerMSP432.oem4f (.data:PowerMSP432_module)
                  200083bc    0000000c     nortos_msp432p401x.aem4f : TimerPMSP432_nortos.oem4f (.data:TimerP_defaultParams)
                  200083c8    00000008     rtsv7M4_T_le_v4SPD16_eabi.lib : _lock.c.obj (.data:$O1$$)
                  200083d0    00000008                                   : memory.c.obj (.data:$O1$$)
                  200083d8    00000008     nortos_msp432p401x.aem4f : SemaphoreP_nortos.oem4f (.data:SemaphoreP_defaultParams)
                  200083e0    00000008                              : ClockPTimer_nortos.oem4f (.data)
                  200083e8    00000008                              : HwiPMSP432_nortos.oem4f (.data)
                  200083f0    00000003                              : SemaphoreP_nortos.oem4f (.data)
                  200083f3    00000001     drivers_msp432p401x.aem4f : PWM.oem4f (.data)
                  200083f4    00000001     nortos_msp432p401x.aem4f : SwiP_nortos.oem4f (.data)
                  200083f5    00000001                              : TimerPMSP432_nortos.oem4f (.data)

.bss       0    200083f8    0000013c     UNINITIALIZED
                  200083f8    000000a0     nortos_msp432p401x.aem4f : ClockPTimer_nortos.oem4f (.bss:ClockP_module)
                  20008498    00000020                              : SwiP_nortos.oem4f (.bss:SwiP_readyList)
                  200084b8    0000001c                              : SwiP_nortos.oem4f (.bss:SwiP_hwiStruct)
                  200084d4    0000001c                              : TimerPMSP432_nortos.oem4f (.bss:TimerP_hwiStruct)
                  200084f0    00000018     (.common:pwmTimerMSP432Objects)
                  20008508    0000000d                              : SwiP_nortos.oem4f (.bss)
                  20008515    00000003     --HOLE--
                  20008518    00000008     msp432p4xx_driverlib.lib : cs.o (.bss)
                  20008520    00000008     nortos_msp432p401x.aem4f : ClockPTimer_nortos.oem4f (.bss:timerFreq)
                  20008528    00000004                              : ClockPTimer_nortos.oem4f (.bss)
                  2000852c    00000004                              : TimerPMSP432_nortos.oem4f (.bss)
                  20008530    00000004     drivers_msp432p401x.aem4f : TimerMSP432.oem4f (.bss:timerState)

.vtable    0    20008800    000000e8     UNINITIALIZED
                  20008800    000000e8     msp432p4xx_driverlib.lib : interrupt.o (.vtable)

.stack     0    2000f000    00001000     UNINITIALIZED
                  2000f000    00000004     rtsv7M4_T_le_v4SPD16_eabi.lib : boot_cortex_m.c.obj (.stack)
                  2000f004    00000ffc     --HOLE--

__llvm_prf_cnts 
*          0    20000000    00000000     UNINITIALIZED

.binit     0    00000000    00000000     

MODULE SUMMARY

       Module                       code    ro data   rw data
       ------                       ----    -------   -------
    ./
       pwmled2.obj                  188     0         0      
       main_nortos.obj              18      0         0      
    +--+----------------------------+-------+---------+---------+
       Total:                       206     0         0      
                                                             
    ./syscfg/
       ti_drivers_config.obj        14      97        48     
    +--+----------------------------+-------+---------+---------+
       Total:                       14      97        48     
                                                             
    /home/mose/Desktop/courses/Embedded/simplelink_msp432p4_sdk_3_40_01_02/kernel/nortos/lib/nortos_msp432p401x.aem4f
       ClockPTimer_nortos.oem4f     884     0         360    
       HwiPMSP432_nortos.oem4f      240     0         656    
       TimerPMSP432_nortos.oem4f    760     0         90     
       SwiP_nortos.oem4f            630     16        148    
       startup_msp432_ccs.oem4f     32      324       0      
       SemaphoreP_nortos.oem4f      260     0         22     
       QueueP_nortos.oem4f          100     0         0      
       PowerMSP432_nortos.oem4f     76      0         0      
    +--+----------------------------+-------+---------+---------+
       Total:                       2982    340       1276   
                                                             
    /home/mose/Desktop/courses/Embedded/simplelink_msp432p4_sdk_3_40_01_02/source/ti/devices/msp432p4xx/driverlib/ccs/msp432p4xx_driverlib.lib
       interrupt.o                  440     96        464    
       cs.o                         704     0         16     
       sysctl_a.o                   64      0         0      
       cpu.o                        24      0         0      
       sysctl.o                     16      0         0      
    +--+----------------------------+-------+---------+---------+
       Total:                       1248    96        480    
                                                             
    /home/mose/Desktop/courses/Embedded/simplelink_msp432p4_sdk_3_40_01_02/source/ti/drivers/lib/drivers_msp432p401x.aem4f
       PowerMSP432.oem4f            2212    0         728    
       PWMTimerMSP432.oem4f         1992    52        544    
       TimerMSP432.oem4f            204     0         8      
       PWM.oem4f                    172     24        2      
       List.oem4f                   76      0         0      
    +--+----------------------------+-------+---------+---------+
       Total:                       4656    76        1282   
                                                             
    /home/mose/ti/ccs1250/ccs/tools/compiler/ti-cgt-arm_20.2.7.LTS/lib/rtsv7M4_T_le_v4SPD16_eabi.lib
       memory.c.obj                 672     0         16     
       memcpy_t2.asm.obj            156     0         0      
       ull_div_t2.asm.obj           150     0         0      
       copy_decompress_lzss.c.obj   104     0         0      
       autoinit.c.obj               68      0         0      
       boot_cortex_m.c.obj          52      0         0      
       copy_zero_init.c.obj         28      0         0      
       _lock.c.obj                  2       0         16     
       copy_decompress_none.c.obj   14      0         0      
       exit.c.obj                   4       0         0      
       pre_init.c.obj               4       0         0      
       div0.asm.obj                 2       0         0      
    +--+----------------------------+-------+---------+---------+
       Total:                       1256    0         32     
                                                             
       Heap:                        0       0         65536  
       Stack:                       0       0         8192   
       Linker Generated:            0       185       0      
    +--+----------------------------+-------+---------+---------+
       Grand Total:                 10362   794       76846  


LINKER GENERATED COPY TABLES

__TI_cinit_table @ 00002b88 records: 3, size/record: 8, table size: 24
	.data: load addr=00002ae0, load size=00000085 bytes, run addr=20008000, run size=000003f6 bytes, compression=lzss
	.bss: load addr=00002b78, load size=00000008 bytes, run addr=200083f8, run size=0000013c bytes, compression=zero_init
	.vtable: load addr=00002b80, load size=00000008 bytes, run addr=20008800, run size=000000e8 bytes, compression=zero_init


LINKER GENERATED HANDLER TABLE

__TI_handler_table @ 00002b68 records: 3, size/record: 4, table size: 12
	index: 0, handler: __TI_decompress_lzss
	index: 1, handler: __TI_decompress_none
	index: 2, handler: __TI_zero_init


GLOBAL SYMBOLS: SORTED ALPHABETICALLY BY Name 

address   name                              
-------   ----                              
000028ff  Board_init                        
000015e7  Board_initHook                    
000029b3  C$$EXIT                           
0000290b  CPU_cpsid                         
00002917  CPU_cpsie                         
00002621  CS_setExternalClockSourceFrequency
00000ae1  CS_startHFXTWithTimeout           
00000ca9  CS_startLFXTWithTimeout           
00002641  ClockP_add                        
0000272f  ClockP_destruct                   
00002925  ClockP_doTick                     
00002591  ClockP_getTicks                   
00002997  ClockP_isActive                   
000025b5  ClockP_scheduleNextTick           
0000180d  ClockP_start                      
000010d9  ClockP_startup                    
200083e4  ClockP_tickPeriod                 
00001c31  ClockP_usleep                     
00001989  ClockP_walkQueueDynamic           
0000118d  ClockP_workFuncDynamic            
00002811  HwiP_Params_init                  
00001a79  HwiP_construct                    
00002451  HwiP_create                       
00002835  HwiP_disable                      
000025d9  HwiP_dispatch                     
0000299b  HwiP_enable                       
200083e8  HwiP_key                          
0000299f  HwiP_post                         
00002975  HwiP_restore                      
200083ec  HwiP_swiPIntNum                   
00002845  Interrupt_disableMaster           
0000188d  Interrupt_enableInterrupt         
00002855  Interrupt_enableMaster            
00001c99  Interrupt_pendInterrupt           
00001ea1  Interrupt_registerInterrupt       
00001f55  Interrupt_setPriority             
0000251d  List_put                          
00002543  List_remove                       
0000299b  NoRTOS_start                      
0000167d  PWMTimerMSP432_close              
00002985  PWMTimerMSP432_control            
00002a48  PWMTimerMSP432_fxnTable           
00001c2f  PWMTimerMSP432_init               
000006c5  PWMTimerMSP432_open               
000015e9  PWMTimerMSP432_setDuty            
0000298b  PWMTimerMSP432_setDutyAndPeriod   
000008cd  PWMTimerMSP432_setPeriod          
00001705  PWMTimerMSP432_start              
00001239  PWMTimerMSP432_stop               
000027c1  PWM_Params_init                   
00002a6c  PWM_config                        
00002adc  PWM_count                         
00002a84  PWM_defaultParams                 
00002131  PWM_init                          
00002241  PWM_open                          
00002961  PWM_setDuty                       
0000296b  PWM_start                         
00002a10  PowerMSP432_config                
00001d01  PowerMSP432_getFreqs              
00002865  PowerMSP432_getNumPerfLevels      
0000247b  PowerMSP432_initPolicy            
20008390  PowerMSP432_module                
20008140  PowerMSP432_perfLevels            
000020a1  PowerMSP432_sleepPolicy           
0000258f  PowerMSP432_updateFreqs           
00002875  Power_enablePolicy                
00002931  Power_getConstraintMask           
0000293d  Power_getPerformanceLevel         
000027d5  Power_idleFunc                    
0000137d  Power_init                        
0000247d  Power_registerNotify              
000020e9  Power_releaseConstraint           
0000237d  Power_setConstraint               
00000145  Power_sleep                       
00002661  Power_unregisterNotify            
000028d5  QueueP_empty                      
00002715  QueueP_get                        
000029a3  QueueP_head                       
00002991  QueueP_init                       
000029a7  QueueP_next                       
00002681  QueueP_put                        
000028e3  QueueP_remove                     
00002885  SemaphoreP_Params_init            
00002051  SemaphoreP_construct              
200083d8  SemaphoreP_defaultParams          
000026bf  SemaphoreP_destruct               
000012dd  SemaphoreP_pend                   
00002895  SwiP_Params_init                  
00000f45  SwiP_construct                    
000026c1  SwiP_disable                      
00001419  SwiP_dispatch                     
00001d69  SwiP_post                         
00002175  SwiP_restore                      
00002749  SysCtl_A_disableNMISource         
00002761  SysCtl_A_enableNMISource          
000028a5  SysCtl_A_getNMISourceStatus       
000028b5  SysCtl_getNMISourceStatus         
00001a01  TimerMSP432_allocateTimerResource 
00001fa9  TimerMSP432_freeTimerResource     
000028c5  TimerP_Params_init                
00000d89  TimerP_construct                  
00001efd  TimerP_dynamicStub                
00001ffd  TimerP_getCount64                 
00001b59  TimerP_getCurrentTick             
00002949  TimerP_getFreq                    
00002955  TimerP_getMaxTicks                
00002341  TimerP_initDevice                 
00002281  TimerP_setNextTick                
000029ab  TimerP_setPeriod                  
000021b9  TimerP_start                      
4000480c  WDTCTL_SYM                        
20010000  __STACK_END                       
00001000  __STACK_SIZE                      
00008000  __SYSMEM_SIZE                     
00002b88  __TI_CINIT_Base                   
00002ba0  __TI_CINIT_Limit                  
00002b68  __TI_Handler_Table_Base           
00002b74  __TI_Handler_Table_Limit          
000021fd  __TI_auto_init_nobinit_nopinit    
00001dd1  __TI_decompress_lzss              
000028f1  __TI_decompress_none              
ffffffff  __TI_pprof_out_hndl               
ffffffff  __TI_prof_data_size               
ffffffff  __TI_prof_data_start              
00002ae0  __TI_static_base__                
000026dd  __TI_zero_init_nomemset           
000029bd  __aeabi_idiv0                     
000029bd  __aeabi_ldiv0                     
000014b5  __aeabi_memcpy                    
000014b5  __aeabi_memcpy4                   
000014b5  __aeabi_memcpy8                   
00001551  __aeabi_uldivmod                  
ffffffff  __binit__                         
ffffffff  __c_args__                        
UNDEFED   __mpu_init                        
2000f000  __stack                           
20000000  __start___llvm_prf_cnts           
20000000  __stop___llvm_prf_cnts            
000023ed  _c_int00_noargs                   
200083c8  _lock                             
00002747  _nop                              
20000000  _sys_memory                       
UNDEFED   _system_post_cinit                
000029af  _system_pre_init                  
200083cc  _unlock                           
000029b3  abort                             
000009e1  aligned_alloc                     
ffffffff  binit                             
00002923  clkFxn                            
00000bc5  free                              
20008800  g_pfnRAMVectors                   
00000000  interruptVectors                  
00002823  main                              
0000101d  mainThread                        
0000297d  malloc                            
000009e1  memalign                          
000014b5  memcpy                            
00002abc  pwmTimerMSP432HWAttrs             
200084f0  pwmTimerMSP432Objects             
00002791  resetISR                          
00001c31  usleep                            


GLOBAL SYMBOLS: SORTED BY Symbol Address 

address   name                              
-------   ----                              
00000000  interruptVectors                  
00000145  Power_sleep                       
000006c5  PWMTimerMSP432_open               
000008cd  PWMTimerMSP432_setPeriod          
000009e1  aligned_alloc                     
000009e1  memalign                          
00000ae1  CS_startHFXTWithTimeout           
00000bc5  free                              
00000ca9  CS_startLFXTWithTimeout           
00000d89  TimerP_construct                  
00000f45  SwiP_construct                    
00001000  __STACK_SIZE                      
0000101d  mainThread                        
000010d9  ClockP_startup                    
0000118d  ClockP_workFuncDynamic            
00001239  PWMTimerMSP432_stop               
000012dd  SemaphoreP_pend                   
0000137d  Power_init                        
00001419  SwiP_dispatch                     
000014b5  __aeabi_memcpy                    
000014b5  __aeabi_memcpy4                   
000014b5  __aeabi_memcpy8                   
000014b5  memcpy                            
00001551  __aeabi_uldivmod                  
000015e7  Board_initHook                    
000015e9  PWMTimerMSP432_setDuty            
0000167d  PWMTimerMSP432_close              
00001705  PWMTimerMSP432_start              
0000180d  ClockP_start                      
0000188d  Interrupt_enableInterrupt         
00001989  ClockP_walkQueueDynamic           
00001a01  TimerMSP432_allocateTimerResource 
00001a79  HwiP_construct                    
00001b59  TimerP_getCurrentTick             
00001c2f  PWMTimerMSP432_init               
00001c31  ClockP_usleep                     
00001c31  usleep                            
00001c99  Interrupt_pendInterrupt           
00001d01  PowerMSP432_getFreqs              
00001d69  SwiP_post                         
00001dd1  __TI_decompress_lzss              
00001ea1  Interrupt_registerInterrupt       
00001efd  TimerP_dynamicStub                
00001f55  Interrupt_setPriority             
00001fa9  TimerMSP432_freeTimerResource     
00001ffd  TimerP_getCount64                 
00002051  SemaphoreP_construct              
000020a1  PowerMSP432_sleepPolicy           
000020e9  Power_releaseConstraint           
00002131  PWM_init                          
00002175  SwiP_restore                      
000021b9  TimerP_start                      
000021fd  __TI_auto_init_nobinit_nopinit    
00002241  PWM_open                          
00002281  TimerP_setNextTick                
00002341  TimerP_initDevice                 
0000237d  Power_setConstraint               
000023ed  _c_int00_noargs                   
00002451  HwiP_create                       
0000247b  PowerMSP432_initPolicy            
0000247d  Power_registerNotify              
0000251d  List_put                          
00002543  List_remove                       
0000258f  PowerMSP432_updateFreqs           
00002591  ClockP_getTicks                   
000025b5  ClockP_scheduleNextTick           
000025d9  HwiP_dispatch                     
00002621  CS_setExternalClockSourceFrequency
00002641  ClockP_add                        
00002661  Power_unregisterNotify            
00002681  QueueP_put                        
000026bf  SemaphoreP_destruct               
000026c1  SwiP_disable                      
000026dd  __TI_zero_init_nomemset           
00002715  QueueP_get                        
0000272f  ClockP_destruct                   
00002747  _nop                              
00002749  SysCtl_A_disableNMISource         
00002761  SysCtl_A_enableNMISource          
00002791  resetISR                          
000027c1  PWM_Params_init                   
000027d5  Power_idleFunc                    
00002811  HwiP_Params_init                  
00002823  main                              
00002835  HwiP_disable                      
00002845  Interrupt_disableMaster           
00002855  Interrupt_enableMaster            
00002865  PowerMSP432_getNumPerfLevels      
00002875  Power_enablePolicy                
00002885  SemaphoreP_Params_init            
00002895  SwiP_Params_init                  
000028a5  SysCtl_A_getNMISourceStatus       
000028b5  SysCtl_getNMISourceStatus         
000028c5  TimerP_Params_init                
000028d5  QueueP_empty                      
000028e3  QueueP_remove                     
000028f1  __TI_decompress_none              
000028ff  Board_init                        
0000290b  CPU_cpsid                         
00002917  CPU_cpsie                         
00002923  clkFxn                            
00002925  ClockP_doTick                     
00002931  Power_getConstraintMask           
0000293d  Power_getPerformanceLevel         
00002949  TimerP_getFreq                    
00002955  TimerP_getMaxTicks                
00002961  PWM_setDuty                       
0000296b  PWM_start                         
00002975  HwiP_restore                      
0000297d  malloc                            
00002985  PWMTimerMSP432_control            
0000298b  PWMTimerMSP432_setDutyAndPeriod   
00002991  QueueP_init                       
00002997  ClockP_isActive                   
0000299b  HwiP_enable                       
0000299b  NoRTOS_start                      
0000299f  HwiP_post                         
000029a3  QueueP_head                       
000029a7  QueueP_next                       
000029ab  TimerP_setPeriod                  
000029af  _system_pre_init                  
000029b3  C$$EXIT                           
000029b3  abort                             
000029bd  __aeabi_idiv0                     
000029bd  __aeabi_ldiv0                     
00002a10  PowerMSP432_config                
00002a48  PWMTimerMSP432_fxnTable           
00002a6c  PWM_config                        
00002a84  PWM_defaultParams                 
00002abc  pwmTimerMSP432HWAttrs             
00002adc  PWM_count                         
00002ae0  __TI_static_base__                
00002b68  __TI_Handler_Table_Base           
00002b74  __TI_Handler_Table_Limit          
00002b88  __TI_CINIT_Base                   
00002ba0  __TI_CINIT_Limit                  
00008000  __SYSMEM_SIZE                     
20000000  __start___llvm_prf_cnts           
20000000  __stop___llvm_prf_cnts            
20000000  _sys_memory                       
20008140  PowerMSP432_perfLevels            
20008390  PowerMSP432_module                
200083c8  _lock                             
200083cc  _unlock                           
200083d8  SemaphoreP_defaultParams          
200083e4  ClockP_tickPeriod                 
200083e8  HwiP_key                          
200083ec  HwiP_swiPIntNum                   
200084f0  pwmTimerMSP432Objects             
20008800  g_pfnRAMVectors                   
2000f000  __stack                           
20010000  __STACK_END                       
4000480c  WDTCTL_SYM                        
ffffffff  __TI_pprof_out_hndl               
ffffffff  __TI_prof_data_size               
ffffffff  __TI_prof_data_start              
ffffffff  __binit__                         
ffffffff  __c_args__                        
ffffffff  binit                             
UNDEFED   __mpu_init                        
UNDEFED   _system_post_cinit                

[161 symbols]
