******************************************************************************
                  TI ARM Linker Unix v20.2.7                   
******************************************************************************
>> Linked Tue Nov 28 16:52:08 2023

OUTPUT FILE NAME:   <servo2.out>
ENTRY POINT SYMBOL: "resetISR"  address: 000026c1


MEMORY CONFIGURATION

         name            origin    length      used     unused   attr    fill
----------------------  --------  ---------  --------  --------  ----  --------
  MAIN                  00000000   00040000  00002ab5  0003d54b  R  X
  INFO                  00200000   00004000  00000000  00004000  R  X
  SRAM_CODE             01000000   00010000  0000960e  000069f2  RW X
  SRAM_DATA             20000000   00010000  0000960e  000069f2  RW  


SEGMENT ALLOCATION MAP

run origin  load origin   length   init length attrs members
----------  ----------- ---------- ----------- ----- -------
00000000    00000000    00002ab8   00002ab8    r-x
  00000000    00000000    00000144   00000144    r-- .intvecs
  00000144    00000144    000027a8   000027a8    r-x .text
  000028ec    000028ec    00000109   00000109    r-- .const
  000029f8    000029f8    000000c0   000000c0    r-- .cinit
20000000    20000000    00008528   00000000    rw-
  20000000    20000000    00008000   00000000    rw- .sysmem
  20008000    20008000    000003f6   00000000    rw- .data
  200083f8    200083f8    00000130   00000000    rw- .bss
20008800    20008800    000000e8   00000000    rw-
  20008800    20008800    000000e8   00000000    rw- .vtable
2000f000    2000f000    00001000   00000000    rw-
  2000f000    2000f000    00001000   00000000    rw- .stack


SECTION ALLOCATION MAP

 output                                  attributes/
section   page    origin      length       input sections
--------  ----  ----------  ----------   ----------------
.text      0    00000144    000027a8     
                  00000144    000002f8     drivers_msp432p401x.aem4f : PowerMSP432.oem4f (.text:Power_sleep)
                  0000043c    00000288                               : PowerMSP432.oem4f (.text:initPerfControl)
                  000006c4    00000208                               : PWMTimerMSP432.oem4f (.text:PWMTimerMSP432_open)
                  000008cc    00000114                               : PWMTimerMSP432.oem4f (.text:PWMTimerMSP432_setPeriod)
                  000009e0    00000100     rtsv7M4_T_le_v4SPD16_eabi.lib : memory.c.obj (.text:aligned_alloc)
                  00000ae0    000000e4     msp432p4xx_driverlib.lib : cs.o (.text:CS_startHFXTWithTimeout)
                  00000bc4    000000e4     rtsv7M4_T_le_v4SPD16_eabi.lib : memory.c.obj (.text:free)
                  00000ca8    000000e0     msp432p4xx_driverlib.lib : cs.o (.text:CS_startLFXTWithTimeout)
                  00000d88    000000e0     nortos_msp432p401x.aem4f : TimerPMSP432_nortos.oem4f (.text:TimerP_construct)
                  00000e68    000000dc     msp432p4xx_driverlib.lib : cs.o (.text:_CSGetHFXTFrequency)
                  00000f44    000000d8     nortos_msp432p401x.aem4f : SwiP_nortos.oem4f (.text:SwiP_construct)
                  0000101c    000000b4                              : ClockPTimer_nortos.oem4f (.text:ClockP_startup)
                  000010d0    000000ac                              : ClockPTimer_nortos.oem4f (.text:ClockP_workFuncDynamic)
                  0000117c    000000a4     drivers_msp432p401x.aem4f : PWMTimerMSP432.oem4f (.text:PWMTimerMSP432_stop)
                  00001220    000000a0     nortos_msp432p401x.aem4f : SemaphoreP_nortos.oem4f (.text:SemaphoreP_pend)
                  000012c0    0000009c     drivers_msp432p401x.aem4f : PowerMSP432.oem4f (.text:Power_init)
                  0000135c    0000009c     nortos_msp432p401x.aem4f : SwiP_nortos.oem4f (.text:SwiP_dispatch)
                  000013f8    0000009c     rtsv7M4_T_le_v4SPD16_eabi.lib : memcpy_t2.asm.obj (.text)
                  00001494    00000096                                   : ull_div_t2.asm.obj (.text)
                  0000152a    00000002     ti_drivers_config.obj (.text:Board_initHook)
                  0000152c    00000094     drivers_msp432p401x.aem4f : PWMTimerMSP432.oem4f (.text:PWMTimerMSP432_setDuty)
                  000015c0    00000088                               : PWMTimerMSP432.oem4f (.text:PWMTimerMSP432_close)
                  00001648    00000084                               : PWMTimerMSP432.oem4f (.text:PWMTimerMSP432_start)
                  000016cc    00000084                               : PowerMSP432.oem4f (.text:restartHFXT)
                  00001750    00000080     nortos_msp432p401x.aem4f : ClockPTimer_nortos.oem4f (.text:ClockP_start)
                  000017d0    00000080     msp432p4xx_driverlib.lib : interrupt.o (.text:Interrupt_enableInterrupt)
                  00001850    0000007e     servo.obj (.text:mainThread)
                  000018ce    0000007c     drivers_msp432p401x.aem4f : PWMTimerMSP432.oem4f (.text:setConstraints)
                  0000194a    00000002                               : PWMTimerMSP432.oem4f (.text:PWMTimerMSP432_init)
                  0000194c    00000078     nortos_msp432p401x.aem4f : ClockPTimer_nortos.oem4f (.text:ClockP_walkQueueDynamic)
                  000019c4    00000078     drivers_msp432p401x.aem4f : TimerMSP432.oem4f (.text:TimerMSP432_allocateTimerResource)
                  00001a3c    00000070     nortos_msp432p401x.aem4f : HwiPMSP432_nortos.oem4f (.text:HwiP_construct)
                  00001aac    00000070     rtsv7M4_T_le_v4SPD16_eabi.lib : memory.c.obj (.text:split)
                  00001b1c    0000006c     nortos_msp432p401x.aem4f : TimerPMSP432_nortos.oem4f (.text:TimerP_getCurrentTick)
                  00001b88    0000006a     drivers_msp432p401x.aem4f : PWMTimerMSP432.oem4f (.text:perfChangeNotifyFxn)
                  00001bf2    00000002     nortos_msp432p401x.aem4f : PowerMSP432_nortos.oem4f (.text:PowerMSP432_initPolicy)
                  00001bf4    00000068     msp432p4xx_driverlib.lib : interrupt.o (.text:Interrupt_pendInterrupt)
                  00001c5c    00000068     drivers_msp432p401x.aem4f : PowerMSP432.oem4f (.text:PowerMSP432_getFreqs)
                  00001cc4    00000068     nortos_msp432p401x.aem4f : SwiP_nortos.oem4f (.text:SwiP_post)
                  00001d2c    00000068     rtsv7M4_T_le_v4SPD16_eabi.lib : copy_decompress_lzss.c.obj (.text:decompress:lzss:__TI_decompress_lzss)
                  00001d94    00000068     drivers_msp432p401x.aem4f : PWMTimerMSP432.oem4f (.text:initHw)
                  00001dfc    0000005c     msp432p4xx_driverlib.lib : interrupt.o (.text:Interrupt_registerInterrupt)
                  00001e58    00000058     nortos_msp432p401x.aem4f : TimerPMSP432_nortos.oem4f (.text:TimerP_dynamicStub)
                  00001eb0    00000054     msp432p4xx_driverlib.lib : interrupt.o (.text:Interrupt_setPriority)
                  00001f04    00000054     drivers_msp432p401x.aem4f : TimerMSP432.oem4f (.text:TimerMSP432_freeTimerResource)
                  00001f58    00000050     nortos_msp432p401x.aem4f : SemaphoreP_nortos.oem4f (.text:SemaphoreP_construct)
                  00001fa8    00000048                              : PowerMSP432_nortos.oem4f (.text:PowerMSP432_sleepPolicy)
                  00001ff0    00000048     drivers_msp432p401x.aem4f : PowerMSP432.oem4f (.text:Power_releaseConstraint)
                  00002038    00000044                               : PWM.oem4f (.text:PWM_init)
                  0000207c    00000044     nortos_msp432p401x.aem4f : SwiP_nortos.oem4f (.text:SwiP_restore)
                  000020c0    00000044                              : TimerPMSP432_nortos.oem4f (.text:TimerP_start)
                  00002104    00000044     rtsv7M4_T_le_v4SPD16_eabi.lib : autoinit.c.obj (.text:__TI_auto_init_nobinit_nopinit:__TI_auto_init_nobinit_nopinit)
                  00002148    00000040     drivers_msp432p401x.aem4f : PWM.oem4f (.text:PWM_open)
                  00002188    00000040     nortos_msp432p401x.aem4f : TimerPMSP432_nortos.oem4f (.text:TimerP_setNextTick)
                  000021c8    00000040     drivers_msp432p401x.aem4f : PWMTimerMSP432.oem4f (.text:getDutyCounts)
                  00002208    00000040                               : PWMTimerMSP432.oem4f (.text:getPeriodCounts)
                  00002248    0000003c     nortos_msp432p401x.aem4f : TimerPMSP432_nortos.oem4f (.text:TimerP_initDevice)
                  00002284    00000038     drivers_msp432p401x.aem4f : PowerMSP432.oem4f (.text:Power_setConstraint)
                  000022bc    00000038                               : PowerMSP432.oem4f (.text:notify)
                  000022f4    00000034     rtsv7M4_T_le_v4SPD16_eabi.lib : boot_cortex_m.c.obj (.text:_c_int00_noargs:_c_int00_noargs)
                  00002328    00000030     drivers_msp432p401x.aem4f : PWMTimerMSP432.oem4f (.text:mapPin)
                  00002358    0000002a     nortos_msp432p401x.aem4f : HwiPMSP432_nortos.oem4f (.text:HwiP_create)
                  00002382    00000002                              : PowerMSP432_nortos.oem4f (.text:PowerMSP432_updateFreqs)
                  00002384    00000028                              : ClockPTimer_nortos.oem4f (.text:ClockP_sleep)
                  000023ac    00000028     drivers_msp432p401x.aem4f : PowerMSP432.oem4f (.text:Power_registerNotify)
                  000023d4    00000028                               : PowerMSP432.oem4f (.text:disableFaultCounter)
                  000023fc    00000028                               : PowerMSP432.oem4f (.text:disableHFXT)
                  00002424    00000028     rtsv7M4_T_le_v4SPD16_eabi.lib : memory.c.obj (.text:free_list_insert)
                  0000244c    00000026     drivers_msp432p401x.aem4f : List.oem4f (.text:List_put)
                  00002472    00000026                               : List.oem4f (.text:List_remove)
                  00002498    00000026                               : PWMTimerMSP432.oem4f (.text:releaseConstraints)
                  000024be    00000002     nortos_msp432p401x.aem4f : SemaphoreP_nortos.oem4f (.text:SemaphoreP_destruct)
                  000024c0    00000024                              : ClockPTimer_nortos.oem4f (.text:ClockP_getTicks)
                  000024e4    00000024                              : ClockPTimer_nortos.oem4f (.text:ClockP_scheduleNextTick)
                  00002508    00000024                              : HwiPMSP432_nortos.oem4f (.text:HwiP_dispatch)
                  0000252c    00000024                              : ClockPTimer_nortos.oem4f (.text:sleepTicks)
                  00002550    00000020     msp432p4xx_driverlib.lib : cs.o (.text:CS_setExternalClockSourceFrequency)
                  00002570    00000020     nortos_msp432p401x.aem4f : ClockPTimer_nortos.oem4f (.text:ClockP_add)
                  00002590    00000020     drivers_msp432p401x.aem4f : PowerMSP432.oem4f (.text:Power_unregisterNotify)
                  000025b0    00000020     nortos_msp432p401x.aem4f : QueueP_nortos.oem4f (.text:QueueP_put)
                  000025d0    0000001e     drivers_msp432p401x.aem4f : PWMTimerMSP432.oem4f (.text:corroboratePeriod)
                  000025ee    00000002     rtsv7M4_T_le_v4SPD16_eabi.lib : _lock.c.obj (.text:_nop)
                  000025f0    0000001c     nortos_msp432p401x.aem4f : SwiP_nortos.oem4f (.text:SwiP_disable)
                  0000260c    0000001c     rtsv7M4_T_le_v4SPD16_eabi.lib : copy_zero_init.c.obj (.text:decompress:ZI:__TI_zero_init_nomemset:__TI_zero_init_nomemset)
                  00002628    0000001c                                   : memory.c.obj (.text:free_list_remove)
                  00002644    0000001a     nortos_msp432p401x.aem4f : QueueP_nortos.oem4f (.text:QueueP_get)
                  0000265e    00000018                              : ClockPTimer_nortos.oem4f (.text:ClockP_destruct)
                  00002676    00000002                              : startup_msp432_ccs.oem4f (.text:busFaultISR)
                  00002678    00000018     msp432p4xx_driverlib.lib : sysctl_a.o (.text:SysCtl_A_disableNMISource)
                  00002690    00000018                              : sysctl_a.o (.text:SysCtl_A_enableNMISource)
                  000026a8    00000018     drivers_msp432p401x.aem4f : PWMTimerMSP432.oem4f (.text:corroborateDuty)
                  000026c0    00000018     nortos_msp432p401x.aem4f : startup_msp432_ccs.oem4f (.text:resetISR)
                  000026d8    00000016                              : SwiP_nortos.oem4f (.text:maxbit)
                  000026ee    00000002                              : SemaphoreP_nortos.oem4f (.text:clkFxn)
                  000026f0    00000014     drivers_msp432p401x.aem4f : PWM.oem4f (.text:PWM_Params_init)
                  00002704    00000014                               : PowerMSP432.oem4f (.text:Power_idleFunc)
                  00002718    00000014     nortos_msp432p401x.aem4f : SwiP_nortos.oem4f (.text:SwiP_handleHwi)
                  0000272c    00000014                              : TimerPMSP432_nortos.oem4f (.text:TimerP_getCount)
                  00002740    00000012                              : HwiPMSP432_nortos.oem4f (.text:HwiP_Params_init)
                  00002752    00000012     main_nortos.obj (.text:main)
                  00002764    00000010     nortos_msp432p401x.aem4f : HwiPMSP432_nortos.oem4f (.text:HwiP_disable)
                  00002774    00000010     msp432p4xx_driverlib.lib : interrupt.o (.text:Interrupt_disableMaster)
                  00002784    00000010                              : interrupt.o (.text:Interrupt_enableMaster)
                  00002794    00000010     drivers_msp432p401x.aem4f : PowerMSP432.oem4f (.text:PowerMSP432_getNumPerfLevels)
                  000027a4    00000010                               : PowerMSP432.oem4f (.text:Power_enablePolicy)
                  000027b4    00000010     nortos_msp432p401x.aem4f : SemaphoreP_nortos.oem4f (.text:SemaphoreP_Params_init)
                  000027c4    00000010                              : SwiP_nortos.oem4f (.text:SwiP_Params_init)
                  000027d4    00000010     msp432p4xx_driverlib.lib : sysctl_a.o (.text:SysCtl_A_getNMISourceStatus)
                  000027e4    00000010                              : sysctl.o (.text:SysCtl_getNMISourceStatus)
                  000027f4    00000010     nortos_msp432p401x.aem4f : TimerPMSP432_nortos.oem4f (.text:TimerP_Params_init)
                  00002804    0000000e                              : QueueP_nortos.oem4f (.text:QueueP_empty)
                  00002812    0000000e                              : QueueP_nortos.oem4f (.text:QueueP_remove)
                  00002820    0000000e     rtsv7M4_T_le_v4SPD16_eabi.lib : copy_decompress_none.c.obj (.text:decompress:none:__TI_decompress_none)
                  0000282e    0000000c     ti_drivers_config.obj (.text:Board_init)
                  0000283a    0000000c     msp432p4xx_driverlib.lib : cpu.o (.text:CPU_cpsid)
                  00002846    0000000c                              : cpu.o (.text:CPU_cpsie)
                  00002852    00000002     nortos_msp432p401x.aem4f : startup_msp432_ccs.oem4f (.text:defaultISR)
                  00002854    0000000c                              : ClockPTimer_nortos.oem4f (.text:ClockP_doTick)
                  00002860    0000000c     drivers_msp432p401x.aem4f : PowerMSP432.oem4f (.text:Power_getConstraintMask)
                  0000286c    0000000c                               : PowerMSP432.oem4f (.text:Power_getPerformanceLevel)
                  00002878    0000000c     nortos_msp432p401x.aem4f : TimerPMSP432_nortos.oem4f (.text:TimerP_getFreq)
                  00002884    0000000c                              : TimerPMSP432_nortos.oem4f (.text:TimerP_getMaxTicks)
                  00002890    0000000a     drivers_msp432p401x.aem4f : PWM.oem4f (.text:PWM_setDuty)
                  0000289a    0000000a                               : PWM.oem4f (.text:PWM_start)
                  000028a4    00000008     nortos_msp432p401x.aem4f : HwiPMSP432_nortos.oem4f (.text:HwiP_restore)
                  000028ac    00000008     rtsv7M4_T_le_v4SPD16_eabi.lib : memory.c.obj (.text:malloc)
                  000028b4    00000006     drivers_msp432p401x.aem4f : PWMTimerMSP432.oem4f (.text:PWMTimerMSP432_control)
                  000028ba    00000006                               : PWMTimerMSP432.oem4f (.text:PWMTimerMSP432_setDutyAndPeriod)
                  000028c0    00000006     nortos_msp432p401x.aem4f : QueueP_nortos.oem4f (.text:QueueP_init)
                  000028c6    00000004                              : ClockPTimer_nortos.oem4f (.text:ClockP_isActive)
                  000028ca    00000004                              : HwiPMSP432_nortos.oem4f (.text:HwiP_enable)
                  000028ce    00000004                              : HwiPMSP432_nortos.oem4f (.text:HwiP_post)
                  000028d2    00000004                              : QueueP_nortos.oem4f (.text:QueueP_head)
                  000028d6    00000004                              : QueueP_nortos.oem4f (.text:QueueP_next)
                  000028da    00000004                              : TimerPMSP432_nortos.oem4f (.text:TimerP_setPeriod)
                  000028de    00000004     rtsv7M4_T_le_v4SPD16_eabi.lib : pre_init.c.obj (.text:_system_pre_init)
                  000028e2    00000004                                   : exit.c.obj (.text:abort:abort)
                  000028e6    00000002     nortos_msp432p401x.aem4f : startup_msp432_ccs.oem4f (.text:faultISR)
                  000028e8    00000002                              : startup_msp432_ccs.oem4f (.text:nmiISR)
                  000028ea    00000002     rtsv7M4_T_le_v4SPD16_eabi.lib : div0.asm.obj (.text)

.const     0    000028ec    00000109     
                  000028ec    00000050     msp432p4xx_driverlib.lib : interrupt.o (.const:g_pulRegs)
                  0000293c    00000038     ti_drivers_config.obj (.const:PowerMSP432_config)
                  00002974    00000024     drivers_msp432p401x.aem4f : PWMTimerMSP432.oem4f (.const:PWMTimerMSP432_fxnTable)
                  00002998    00000018                               : PWM.oem4f (.const:PWM_defaultParams)
                  000029b0    00000010     nortos_msp432p401x.aem4f : SwiP_nortos.oem4f (.const:SwiP_defaultParams)
                  000029c0    00000010     drivers_msp432p401x.aem4f : PWMTimerMSP432.oem4f (.const:pwmTimerBaseAddr)
                  000029d0    0000000c     ti_drivers_config.obj (.const:PWM_config)
                  000029dc    00000008     msp432p4xx_driverlib.lib : interrupt.o (.const:g_pulEnRegs)
                  000029e4    00000008                              : interrupt.o (.const:g_pulPendRegs)
                  000029ec    00000008     ti_drivers_config.obj (.const:pwmTimerMSP432HWAttrs)
                  000029f4    00000001     ti_drivers_config.obj (.const)

.cinit     0    000029f8    000000c0     
                  000029f8    00000086     (.cinit..data.load) [load image, compression = lzss]
                  00002a7e    00000002     --HOLE-- [fill = 0]
                  00002a80    0000000c     (__TI_handler_table)
                  00002a8c    00000004     --HOLE-- [fill = 0]
                  00002a90    00000008     (.cinit..bss.load) [load image, compression = zero_init]
                  00002a98    00000008     (.cinit..vtable.load) [load image, compression = zero_init]
                  00002aa0    00000018     (__TI_cinit_table)

.init_array 
*          0    00000000    00000000     UNINITIALIZED

.intvecs   0    00000000    00000144     
                  00000000    00000144     nortos_msp432p401x.aem4f : startup_msp432_ccs.oem4f (.intvecs:retain)

.sysmem    0    20000000    00008000     UNINITIALIZED
                  20000000    00000010     rtsv7M4_T_le_v4SPD16_eabi.lib : memory.c.obj (.sysmem)
                  20000010    00007ff0     --HOLE--

.data      0    20008000    000003f6     UNINITIALIZED
                  20008000    00000140     nortos_msp432p401x.aem4f : HwiPMSP432_nortos.oem4f (.data:HwiP_dispatchTable)
                  20008140    00000140     drivers_msp432p401x.aem4f : PowerMSP432.oem4f (.data:PowerMSP432_perfLevels)
                  20008280    00000110                               : PWMTimerMSP432.oem4f (.data:pwmTimerStatus)
                  20008390    0000002c                               : PowerMSP432.oem4f (.data:PowerMSP432_module)
                  200083bc    0000000c     nortos_msp432p401x.aem4f : TimerPMSP432_nortos.oem4f (.data:TimerP_defaultParams)
                  200083c8    00000008     rtsv7M4_T_le_v4SPD16_eabi.lib : _lock.c.obj (.data:$O1$$)
                  200083d0    00000008                                   : memory.c.obj (.data:$O1$$)
                  200083d8    00000008     nortos_msp432p401x.aem4f : SemaphoreP_nortos.oem4f (.data:SemaphoreP_defaultParams)
                  200083e0    00000008                              : ClockPTimer_nortos.oem4f (.data)
                  200083e8    00000008                              : HwiPMSP432_nortos.oem4f (.data)
                  200083f0    00000003                              : SemaphoreP_nortos.oem4f (.data)
                  200083f3    00000001     drivers_msp432p401x.aem4f : PWM.oem4f (.data)
                  200083f4    00000001     nortos_msp432p401x.aem4f : SwiP_nortos.oem4f (.data)
                  200083f5    00000001                              : TimerPMSP432_nortos.oem4f (.data)

.bss       0    200083f8    00000130     UNINITIALIZED
                  200083f8    000000a0     nortos_msp432p401x.aem4f : ClockPTimer_nortos.oem4f (.bss:ClockP_module)
                  20008498    00000020                              : SwiP_nortos.oem4f (.bss:SwiP_readyList)
                  200084b8    0000001c                              : SwiP_nortos.oem4f (.bss:SwiP_hwiStruct)
                  200084d4    0000001c                              : TimerPMSP432_nortos.oem4f (.bss:TimerP_hwiStruct)
                  200084f0    0000000d                              : SwiP_nortos.oem4f (.bss)
                  200084fd    00000003     --HOLE--
                  20008500    0000000c     (.common:pwmTimerMSP432Objects)
                  2000850c    00000008     msp432p4xx_driverlib.lib : cs.o (.bss)
                  20008514    00000008     nortos_msp432p401x.aem4f : ClockPTimer_nortos.oem4f (.bss:timerFreq)
                  2000851c    00000004                              : ClockPTimer_nortos.oem4f (.bss)
                  20008520    00000004                              : TimerPMSP432_nortos.oem4f (.bss)
                  20008524    00000004     drivers_msp432p401x.aem4f : TimerMSP432.oem4f (.bss:timerState)

.vtable    0    20008800    000000e8     UNINITIALIZED
                  20008800    000000e8     msp432p4xx_driverlib.lib : interrupt.o (.vtable)

.stack     0    2000f000    00001000     UNINITIALIZED
                  2000f000    00000004     rtsv7M4_T_le_v4SPD16_eabi.lib : boot_cortex_m.c.obj (.stack)
                  2000f004    00000ffc     --HOLE--

__llvm_prf_cnts 
*          0    20000000    00000000     UNINITIALIZED

.binit     0    00000000    00000000     

MODULE SUMMARY

       Module                       code    ro data   rw data
       ------                       ----    -------   -------
    ./
       servo.obj                    126     0         0      
       main_nortos.obj              18      0         0      
    +--+----------------------------+-------+---------+---------+
       Total:                       144     0         0      
                                                             
    ./syscfg/
       ti_drivers_config.obj        14      77        24     
    +--+----------------------------+-------+---------+---------+
       Total:                       14      77        24     
                                                             
    /home/mose/Desktop/courses/Embedded/simplelink_msp432p4_sdk_3_40_01_02/kernel/nortos/lib/nortos_msp432p401x.aem4f
       ClockPTimer_nortos.oem4f     820     0         360    
       HwiPMSP432_nortos.oem4f      240     0         656    
       SwiP_nortos.oem4f            630     16        148    
       TimerPMSP432_nortos.oem4f    676     0         90     
       startup_msp432_ccs.oem4f     32      324       0      
       SemaphoreP_nortos.oem4f      260     0         22     
       QueueP_nortos.oem4f          100     0         0      
       PowerMSP432_nortos.oem4f     76      0         0      
    +--+----------------------------+-------+---------+---------+
       Total:                       2834    340       1276   
                                                             
    /home/mose/Desktop/courses/Embedded/simplelink_msp432p4_sdk_3_40_01_02/source/ti/devices/msp432p4xx/driverlib/ccs/msp432p4xx_driverlib.lib
       interrupt.o                  440     96        464    
       cs.o                         704     0         16     
       sysctl_a.o                   64      0         0      
       cpu.o                        24      0         0      
       sysctl.o                     16      0         0      
    +--+----------------------------+-------+---------+---------+
       Total:                       1248    96        480    
                                                             
    /home/mose/Desktop/courses/Embedded/simplelink_msp432p4_sdk_3_40_01_02/source/ti/drivers/lib/drivers_msp432p401x.aem4f
       PowerMSP432.oem4f            2212    0         728    
       PWMTimerMSP432.oem4f         1992    52        544    
       TimerMSP432.oem4f            204     0         8      
       PWM.oem4f                    172     24        2      
       List.oem4f                   76      0         0      
    +--+----------------------------+-------+---------+---------+
       Total:                       4656    76        1282   
                                                             
    /home/mose/ti/ccs1250/ccs/tools/compiler/ti-cgt-arm_20.2.7.LTS/lib/rtsv7M4_T_le_v4SPD16_eabi.lib
       memory.c.obj                 672     0         16     
       memcpy_t2.asm.obj            156     0         0      
       ull_div_t2.asm.obj           150     0         0      
       copy_decompress_lzss.c.obj   104     0         0      
       autoinit.c.obj               68      0         0      
       boot_cortex_m.c.obj          52      0         0      
       copy_zero_init.c.obj         28      0         0      
       _lock.c.obj                  2       0         16     
       copy_decompress_none.c.obj   14      0         0      
       exit.c.obj                   4       0         0      
       pre_init.c.obj               4       0         0      
       div0.asm.obj                 2       0         0      
    +--+----------------------------+-------+---------+---------+
       Total:                       1256    0         32     
                                                             
       Heap:                        0       0         65536  
       Stack:                       0       0         8192   
       Linker Generated:            0       186       0      
    +--+----------------------------+-------+---------+---------+
       Grand Total:                 10152   775       76822  


LINKER GENERATED COPY TABLES

__TI_cinit_table @ 00002aa0 records: 3, size/record: 8, table size: 24
	.data: load addr=000029f8, load size=00000086 bytes, run addr=20008000, run size=000003f6 bytes, compression=lzss
	.bss: load addr=00002a90, load size=00000008 bytes, run addr=200083f8, run size=00000130 bytes, compression=zero_init
	.vtable: load addr=00002a98, load size=00000008 bytes, run addr=20008800, run size=000000e8 bytes, compression=zero_init


LINKER GENERATED HANDLER TABLE

__TI_handler_table @ 00002a80 records: 3, size/record: 4, table size: 12
	index: 0, handler: __TI_decompress_lzss
	index: 1, handler: __TI_decompress_none
	index: 2, handler: __TI_zero_init


GLOBAL SYMBOLS: SORTED ALPHABETICALLY BY Name 

address   name                              
-------   ----                              
0000282f  Board_init                        
0000152b  Board_initHook                    
000028e3  C$$EXIT                           
0000283b  CPU_cpsid                         
00002847  CPU_cpsie                         
00002551  CS_setExternalClockSourceFrequency
00000ae1  CS_startHFXTWithTimeout           
00000ca9  CS_startLFXTWithTimeout           
00002571  ClockP_add                        
0000265f  ClockP_destruct                   
00002855  ClockP_doTick                     
000024c1  ClockP_getTicks                   
000028c7  ClockP_isActive                   
000024e5  ClockP_scheduleNextTick           
00002385  ClockP_sleep                      
00001751  ClockP_start                      
0000101d  ClockP_startup                    
200083e4  ClockP_tickPeriod                 
0000194d  ClockP_walkQueueDynamic           
000010d1  ClockP_workFuncDynamic            
00002741  HwiP_Params_init                  
00001a3d  HwiP_construct                    
00002359  HwiP_create                       
00002765  HwiP_disable                      
00002509  HwiP_dispatch                     
000028cb  HwiP_enable                       
200083e8  HwiP_key                          
000028cf  HwiP_post                         
000028a5  HwiP_restore                      
200083ec  HwiP_swiPIntNum                   
00002775  Interrupt_disableMaster           
000017d1  Interrupt_enableInterrupt         
00002785  Interrupt_enableMaster            
00001bf5  Interrupt_pendInterrupt           
00001dfd  Interrupt_registerInterrupt       
00001eb1  Interrupt_setPriority             
0000244d  List_put                          
00002473  List_remove                       
000028cb  NoRTOS_start                      
000015c1  PWMTimerMSP432_close              
000028b5  PWMTimerMSP432_control            
00002974  PWMTimerMSP432_fxnTable           
0000194b  PWMTimerMSP432_init               
000006c5  PWMTimerMSP432_open               
0000152d  PWMTimerMSP432_setDuty            
000028bb  PWMTimerMSP432_setDutyAndPeriod   
000008cd  PWMTimerMSP432_setPeriod          
00001649  PWMTimerMSP432_start              
0000117d  PWMTimerMSP432_stop               
000026f1  PWM_Params_init                   
000029d0  PWM_config                        
000029f4  PWM_count                         
00002998  PWM_defaultParams                 
00002039  PWM_init                          
00002149  PWM_open                          
00002891  PWM_setDuty                       
0000289b  PWM_start                         
0000293c  PowerMSP432_config                
00001c5d  PowerMSP432_getFreqs              
00002795  PowerMSP432_getNumPerfLevels      
00001bf3  PowerMSP432_initPolicy            
20008390  PowerMSP432_module                
20008140  PowerMSP432_perfLevels            
00001fa9  PowerMSP432_sleepPolicy           
00002383  PowerMSP432_updateFreqs           
000027a5  Power_enablePolicy                
00002861  Power_getConstraintMask           
0000286d  Power_getPerformanceLevel         
00002705  Power_idleFunc                    
000012c1  Power_init                        
000023ad  Power_registerNotify              
00001ff1  Power_releaseConstraint           
00002285  Power_setConstraint               
00000145  Power_sleep                       
00002591  Power_unregisterNotify            
00002805  QueueP_empty                      
00002645  QueueP_get                        
000028d3  QueueP_head                       
000028c1  QueueP_init                       
000028d7  QueueP_next                       
000025b1  QueueP_put                        
00002813  QueueP_remove                     
000027b5  SemaphoreP_Params_init            
00001f59  SemaphoreP_construct              
200083d8  SemaphoreP_defaultParams          
000024bf  SemaphoreP_destruct               
00001221  SemaphoreP_pend                   
000027c5  SwiP_Params_init                  
00000f45  SwiP_construct                    
000025f1  SwiP_disable                      
0000135d  SwiP_dispatch                     
00001cc5  SwiP_post                         
0000207d  SwiP_restore                      
00002679  SysCtl_A_disableNMISource         
00002691  SysCtl_A_enableNMISource          
000027d5  SysCtl_A_getNMISourceStatus       
000027e5  SysCtl_getNMISourceStatus         
000019c5  TimerMSP432_allocateTimerResource 
00001f05  TimerMSP432_freeTimerResource     
000027f5  TimerP_Params_init                
00000d89  TimerP_construct                  
00001e59  TimerP_dynamicStub                
00001b1d  TimerP_getCurrentTick             
00002879  TimerP_getFreq                    
00002885  TimerP_getMaxTicks                
00002249  TimerP_initDevice                 
00002189  TimerP_setNextTick                
000028db  TimerP_setPeriod                  
000020c1  TimerP_start                      
4000480c  WDTCTL_SYM                        
20010000  __STACK_END                       
00001000  __STACK_SIZE                      
00008000  __SYSMEM_SIZE                     
00002aa0  __TI_CINIT_Base                   
00002ab8  __TI_CINIT_Limit                  
00002a80  __TI_Handler_Table_Base           
00002a8c  __TI_Handler_Table_Limit          
00002105  __TI_auto_init_nobinit_nopinit    
00001d2d  __TI_decompress_lzss              
00002821  __TI_decompress_none              
ffffffff  __TI_pprof_out_hndl               
ffffffff  __TI_prof_data_size               
ffffffff  __TI_prof_data_start              
000029f8  __TI_static_base__                
0000260d  __TI_zero_init_nomemset           
000028eb  __aeabi_idiv0                     
000028eb  __aeabi_ldiv0                     
000013f9  __aeabi_memcpy                    
000013f9  __aeabi_memcpy4                   
000013f9  __aeabi_memcpy8                   
00001495  __aeabi_uldivmod                  
ffffffff  __binit__                         
ffffffff  __c_args__                        
UNDEFED   __mpu_init                        
2000f000  __stack                           
20000000  __start___llvm_prf_cnts           
20000000  __stop___llvm_prf_cnts            
000022f5  _c_int00_noargs                   
200083c8  _lock                             
000025ef  _nop                              
20000000  _sys_memory                       
UNDEFED   _system_post_cinit                
000028df  _system_pre_init                  
200083cc  _unlock                           
000028e3  abort                             
000009e1  aligned_alloc                     
ffffffff  binit                             
000026ef  clkFxn                            
00000bc5  free                              
20008800  g_pfnRAMVectors                   
00000000  interruptVectors                  
00002753  main                              
00001851  mainThread                        
000028ad  malloc                            
000009e1  memalign                          
000013f9  memcpy                            
000029ec  pwmTimerMSP432HWAttrs             
20008500  pwmTimerMSP432Objects             
000026c1  resetISR                          
00002385  sleep                             


GLOBAL SYMBOLS: SORTED BY Symbol Address 

address   name                              
-------   ----                              
00000000  interruptVectors                  
00000145  Power_sleep                       
000006c5  PWMTimerMSP432_open               
000008cd  PWMTimerMSP432_setPeriod          
000009e1  aligned_alloc                     
000009e1  memalign                          
00000ae1  CS_startHFXTWithTimeout           
00000bc5  free                              
00000ca9  CS_startLFXTWithTimeout           
00000d89  TimerP_construct                  
00000f45  SwiP_construct                    
00001000  __STACK_SIZE                      
0000101d  ClockP_startup                    
000010d1  ClockP_workFuncDynamic            
0000117d  PWMTimerMSP432_stop               
00001221  SemaphoreP_pend                   
000012c1  Power_init                        
0000135d  SwiP_dispatch                     
000013f9  __aeabi_memcpy                    
000013f9  __aeabi_memcpy4                   
000013f9  __aeabi_memcpy8                   
000013f9  memcpy                            
00001495  __aeabi_uldivmod                  
0000152b  Board_initHook                    
0000152d  PWMTimerMSP432_setDuty            
000015c1  PWMTimerMSP432_close              
00001649  PWMTimerMSP432_start              
00001751  ClockP_start                      
000017d1  Interrupt_enableInterrupt         
00001851  mainThread                        
0000194b  PWMTimerMSP432_init               
0000194d  ClockP_walkQueueDynamic           
000019c5  TimerMSP432_allocateTimerResource 
00001a3d  HwiP_construct                    
00001b1d  TimerP_getCurrentTick             
00001bf3  PowerMSP432_initPolicy            
00001bf5  Interrupt_pendInterrupt           
00001c5d  PowerMSP432_getFreqs              
00001cc5  SwiP_post                         
00001d2d  __TI_decompress_lzss              
00001dfd  Interrupt_registerInterrupt       
00001e59  TimerP_dynamicStub                
00001eb1  Interrupt_setPriority             
00001f05  TimerMSP432_freeTimerResource     
00001f59  SemaphoreP_construct              
00001fa9  PowerMSP432_sleepPolicy           
00001ff1  Power_releaseConstraint           
00002039  PWM_init                          
0000207d  SwiP_restore                      
000020c1  TimerP_start                      
00002105  __TI_auto_init_nobinit_nopinit    
00002149  PWM_open                          
00002189  TimerP_setNextTick                
00002249  TimerP_initDevice                 
00002285  Power_setConstraint               
000022f5  _c_int00_noargs                   
00002359  HwiP_create                       
00002383  PowerMSP432_updateFreqs           
00002385  ClockP_sleep                      
00002385  sleep                             
000023ad  Power_registerNotify              
0000244d  List_put                          
00002473  List_remove                       
000024bf  SemaphoreP_destruct               
000024c1  ClockP_getTicks                   
000024e5  ClockP_scheduleNextTick           
00002509  HwiP_dispatch                     
00002551  CS_setExternalClockSourceFrequency
00002571  ClockP_add                        
00002591  Power_unregisterNotify            
000025b1  QueueP_put                        
000025ef  _nop                              
000025f1  SwiP_disable                      
0000260d  __TI_zero_init_nomemset           
00002645  QueueP_get                        
0000265f  ClockP_destruct                   
00002679  SysCtl_A_disableNMISource         
00002691  SysCtl_A_enableNMISource          
000026c1  resetISR                          
000026ef  clkFxn                            
000026f1  PWM_Params_init                   
00002705  Power_idleFunc                    
00002741  HwiP_Params_init                  
00002753  main                              
00002765  HwiP_disable                      
00002775  Interrupt_disableMaster           
00002785  Interrupt_enableMaster            
00002795  PowerMSP432_getNumPerfLevels      
000027a5  Power_enablePolicy                
000027b5  SemaphoreP_Params_init            
000027c5  SwiP_Params_init                  
000027d5  SysCtl_A_getNMISourceStatus       
000027e5  SysCtl_getNMISourceStatus         
000027f5  TimerP_Params_init                
00002805  QueueP_empty                      
00002813  QueueP_remove                     
00002821  __TI_decompress_none              
0000282f  Board_init                        
0000283b  CPU_cpsid                         
00002847  CPU_cpsie                         
00002855  ClockP_doTick                     
00002861  Power_getConstraintMask           
0000286d  Power_getPerformanceLevel         
00002879  TimerP_getFreq                    
00002885  TimerP_getMaxTicks                
00002891  PWM_setDuty                       
0000289b  PWM_start                         
000028a5  HwiP_restore                      
000028ad  malloc                            
000028b5  PWMTimerMSP432_control            
000028bb  PWMTimerMSP432_setDutyAndPeriod   
000028c1  QueueP_init                       
000028c7  ClockP_isActive                   
000028cb  HwiP_enable                       
000028cb  NoRTOS_start                      
000028cf  HwiP_post                         
000028d3  QueueP_head                       
000028d7  QueueP_next                       
000028db  TimerP_setPeriod                  
000028df  _system_pre_init                  
000028e3  C$$EXIT                           
000028e3  abort                             
000028eb  __aeabi_idiv0                     
000028eb  __aeabi_ldiv0                     
0000293c  PowerMSP432_config                
00002974  PWMTimerMSP432_fxnTable           
00002998  PWM_defaultParams                 
000029d0  PWM_config                        
000029ec  pwmTimerMSP432HWAttrs             
000029f4  PWM_count                         
000029f8  __TI_static_base__                
00002a80  __TI_Handler_Table_Base           
00002a8c  __TI_Handler_Table_Limit          
00002aa0  __TI_CINIT_Base                   
00002ab8  __TI_CINIT_Limit                  
00008000  __SYSMEM_SIZE                     
20000000  __start___llvm_prf_cnts           
20000000  __stop___llvm_prf_cnts            
20000000  _sys_memory                       
20008140  PowerMSP432_perfLevels            
20008390  PowerMSP432_module                
200083c8  _lock                             
200083cc  _unlock                           
200083d8  SemaphoreP_defaultParams          
200083e4  ClockP_tickPeriod                 
200083e8  HwiP_key                          
200083ec  HwiP_swiPIntNum                   
20008500  pwmTimerMSP432Objects             
20008800  g_pfnRAMVectors                   
2000f000  __stack                           
20010000  __STACK_END                       
4000480c  WDTCTL_SYM                        
ffffffff  __TI_pprof_out_hndl               
ffffffff  __TI_prof_data_size               
ffffffff  __TI_prof_data_start              
ffffffff  __binit__                         
ffffffff  __c_args__                        
ffffffff  binit                             
UNDEFED   __mpu_init                        
UNDEFED   _system_post_cinit                

[160 symbols]
