<?xml version="1.0" encoding="ISO-8859-1" ?>
<link_info>
   <banner>TI ARM Linker Unix v20.2.7.LTS</banner>
   <copyright>Copyright (c) 1996-2018 Texas Instruments Incorporated</copyright>
   <link_time>0x6565ff40</link_time>
   <link_errors>0x0</link_errors>
   <output_file>pwmled2_MSP_EXP432P401R_nortos_ccs.out</output_file>
   <entry_point>
      <name>resetISR</name>
      <address>0x2791</address>
   </entry_point>
   <input_file_list>
      <input_file id="fl-2">
         <path>./</path>
         <kind>object</kind>
         <file>main_nortos.obj</file>
         <name>main_nortos.obj</name>
      </input_file>
      <input_file id="fl-3">
         <path>./</path>
         <kind>object</kind>
         <file>pwmled2.obj</file>
         <name>pwmled2.obj</name>
      </input_file>
      <input_file id="fl-4">
         <path>./syscfg/</path>
         <kind>object</kind>
         <file>ti_drivers_config.obj</file>
         <name>ti_drivers_config.obj</name>
      </input_file>
      <input_file id="fl-f">
         <kind>object</kind>
         <file>&lt;internal&gt;</file>
         <name>&lt;internal&gt;</name>
      </input_file>
      <input_file id="fl-10">
         <path>/home/mose/Desktop/courses/Embedded/simplelink_msp432p4_sdk_3_40_01_02/source/ti/drivers/lib/</path>
         <kind>archive</kind>
         <file>drivers_msp432p401x.aem4f</file>
         <name>PowerMSP432.oem4f</name>
      </input_file>
      <input_file id="fl-11">
         <path>/home/mose/Desktop/courses/Embedded/simplelink_msp432p4_sdk_3_40_01_02/source/ti/drivers/lib/</path>
         <kind>archive</kind>
         <file>drivers_msp432p401x.aem4f</file>
         <name>PWM.oem4f</name>
      </input_file>
      <input_file id="fl-12">
         <path>/home/mose/Desktop/courses/Embedded/simplelink_msp432p4_sdk_3_40_01_02/source/ti/drivers/lib/</path>
         <kind>archive</kind>
         <file>drivers_msp432p401x.aem4f</file>
         <name>PWMTimerMSP432.oem4f</name>
      </input_file>
      <input_file id="fl-13">
         <path>/home/mose/Desktop/courses/Embedded/simplelink_msp432p4_sdk_3_40_01_02/source/ti/drivers/lib/</path>
         <kind>archive</kind>
         <file>drivers_msp432p401x.aem4f</file>
         <name>TimerMSP432.oem4f</name>
      </input_file>
      <input_file id="fl-14">
         <path>/home/mose/Desktop/courses/Embedded/simplelink_msp432p4_sdk_3_40_01_02/source/ti/drivers/lib/</path>
         <kind>archive</kind>
         <file>drivers_msp432p401x.aem4f</file>
         <name>List.oem4f</name>
      </input_file>
      <input_file id="fl-15">
         <path>/home/mose/Desktop/courses/Embedded/simplelink_msp432p4_sdk_3_40_01_02/kernel/nortos/lib/</path>
         <kind>archive</kind>
         <file>nortos_msp432p401x.aem4f</file>
         <name>posix_sleep.oem4f</name>
      </input_file>
      <input_file id="fl-16">
         <path>/home/mose/Desktop/courses/Embedded/simplelink_msp432p4_sdk_3_40_01_02/kernel/nortos/lib/</path>
         <kind>archive</kind>
         <file>nortos_msp432p401x.aem4f</file>
         <name>NoRTOS.oem4f</name>
      </input_file>
      <input_file id="fl-17">
         <path>/home/mose/Desktop/courses/Embedded/simplelink_msp432p4_sdk_3_40_01_02/kernel/nortos/lib/</path>
         <kind>archive</kind>
         <file>nortos_msp432p401x.aem4f</file>
         <name>SemaphoreP_nortos.oem4f</name>
      </input_file>
      <input_file id="fl-18">
         <path>/home/mose/Desktop/courses/Embedded/simplelink_msp432p4_sdk_3_40_01_02/kernel/nortos/lib/</path>
         <kind>archive</kind>
         <file>nortos_msp432p401x.aem4f</file>
         <name>PowerMSP432_nortos.oem4f</name>
      </input_file>
      <input_file id="fl-19">
         <path>/home/mose/Desktop/courses/Embedded/simplelink_msp432p4_sdk_3_40_01_02/kernel/nortos/lib/</path>
         <kind>archive</kind>
         <file>nortos_msp432p401x.aem4f</file>
         <name>ClockPTimer_nortos.oem4f</name>
      </input_file>
      <input_file id="fl-1a">
         <path>/home/mose/Desktop/courses/Embedded/simplelink_msp432p4_sdk_3_40_01_02/kernel/nortos/lib/</path>
         <kind>archive</kind>
         <file>nortos_msp432p401x.aem4f</file>
         <name>TimerPMSP432_nortos.oem4f</name>
      </input_file>
      <input_file id="fl-1b">
         <path>/home/mose/Desktop/courses/Embedded/simplelink_msp432p4_sdk_3_40_01_02/kernel/nortos/lib/</path>
         <kind>archive</kind>
         <file>nortos_msp432p401x.aem4f</file>
         <name>HwiPMSP432_nortos.oem4f</name>
      </input_file>
      <input_file id="fl-1c">
         <path>/home/mose/Desktop/courses/Embedded/simplelink_msp432p4_sdk_3_40_01_02/kernel/nortos/lib/</path>
         <kind>archive</kind>
         <file>nortos_msp432p401x.aem4f</file>
         <name>startup_msp432_ccs.oem4f</name>
      </input_file>
      <input_file id="fl-1d">
         <path>/home/mose/Desktop/courses/Embedded/simplelink_msp432p4_sdk_3_40_01_02/kernel/nortos/lib/</path>
         <kind>archive</kind>
         <file>nortos_msp432p401x.aem4f</file>
         <name>QueueP_nortos.oem4f</name>
      </input_file>
      <input_file id="fl-1e">
         <path>/home/mose/Desktop/courses/Embedded/simplelink_msp432p4_sdk_3_40_01_02/kernel/nortos/lib/</path>
         <kind>archive</kind>
         <file>nortos_msp432p401x.aem4f</file>
         <name>SwiP_nortos.oem4f</name>
      </input_file>
      <input_file id="fl-1f">
         <path>/home/mose/Desktop/courses/Embedded/simplelink_msp432p4_sdk_3_40_01_02/source/ti/devices/msp432p4xx/driverlib/ccs/</path>
         <kind>archive</kind>
         <file>msp432p4xx_driverlib.lib</file>
         <name>cs.o</name>
      </input_file>
      <input_file id="fl-20">
         <path>/home/mose/Desktop/courses/Embedded/simplelink_msp432p4_sdk_3_40_01_02/source/ti/devices/msp432p4xx/driverlib/ccs/</path>
         <kind>archive</kind>
         <file>msp432p4xx_driverlib.lib</file>
         <name>interrupt.o</name>
      </input_file>
      <input_file id="fl-21">
         <path>/home/mose/Desktop/courses/Embedded/simplelink_msp432p4_sdk_3_40_01_02/source/ti/devices/msp432p4xx/driverlib/ccs/</path>
         <kind>archive</kind>
         <file>msp432p4xx_driverlib.lib</file>
         <name>sysctl.o</name>
      </input_file>
      <input_file id="fl-22">
         <path>/home/mose/Desktop/courses/Embedded/simplelink_msp432p4_sdk_3_40_01_02/source/ti/devices/msp432p4xx/driverlib/ccs/</path>
         <kind>archive</kind>
         <file>msp432p4xx_driverlib.lib</file>
         <name>sysctl_a.o</name>
      </input_file>
      <input_file id="fl-23">
         <path>/home/mose/Desktop/courses/Embedded/simplelink_msp432p4_sdk_3_40_01_02/source/ti/devices/msp432p4xx/driverlib/ccs/</path>
         <kind>archive</kind>
         <file>msp432p4xx_driverlib.lib</file>
         <name>cpu.o</name>
      </input_file>
      <input_file id="fl-d9">
         <path>/home/mose/ti/ccs1250/ccs/tools/compiler/ti-cgt-arm_20.2.7.LTS/lib/</path>
         <kind>archive</kind>
         <file>rtsv7M4_T_le_v4SPD16_eabi.lib</file>
         <name>memcpy_t2.asm.obj</name>
      </input_file>
      <input_file id="fl-da">
         <path>/home/mose/ti/ccs1250/ccs/tools/compiler/ti-cgt-arm_20.2.7.LTS/lib/</path>
         <kind>archive</kind>
         <file>rtsv7M4_T_le_v4SPD16_eabi.lib</file>
         <name>ull_div_t2.asm.obj</name>
      </input_file>
      <input_file id="fl-db">
         <path>/home/mose/ti/ccs1250/ccs/tools/compiler/ti-cgt-arm_20.2.7.LTS/lib/</path>
         <kind>archive</kind>
         <file>rtsv7M4_T_le_v4SPD16_eabi.lib</file>
         <name>copy_zero_init.c.obj</name>
      </input_file>
      <input_file id="fl-dc">
         <path>/home/mose/ti/ccs1250/ccs/tools/compiler/ti-cgt-arm_20.2.7.LTS/lib/</path>
         <kind>archive</kind>
         <file>rtsv7M4_T_le_v4SPD16_eabi.lib</file>
         <name>copy_decompress_none.c.obj</name>
      </input_file>
      <input_file id="fl-dd">
         <path>/home/mose/ti/ccs1250/ccs/tools/compiler/ti-cgt-arm_20.2.7.LTS/lib/</path>
         <kind>archive</kind>
         <file>rtsv7M4_T_le_v4SPD16_eabi.lib</file>
         <name>copy_decompress_lzss.c.obj</name>
      </input_file>
      <input_file id="fl-de">
         <path>/home/mose/ti/ccs1250/ccs/tools/compiler/ti-cgt-arm_20.2.7.LTS/lib/</path>
         <kind>archive</kind>
         <file>rtsv7M4_T_le_v4SPD16_eabi.lib</file>
         <name>memory.c.obj</name>
      </input_file>
      <input_file id="fl-df">
         <path>/home/mose/ti/ccs1250/ccs/tools/compiler/ti-cgt-arm_20.2.7.LTS/lib/</path>
         <kind>archive</kind>
         <file>rtsv7M4_T_le_v4SPD16_eabi.lib</file>
         <name>boot_cortex_m.c.obj</name>
      </input_file>
      <input_file id="fl-e0">
         <path>/home/mose/ti/ccs1250/ccs/tools/compiler/ti-cgt-arm_20.2.7.LTS/lib/</path>
         <kind>archive</kind>
         <file>rtsv7M4_T_le_v4SPD16_eabi.lib</file>
         <name>div0.asm.obj</name>
      </input_file>
      <input_file id="fl-e1">
         <path>/home/mose/ti/ccs1250/ccs/tools/compiler/ti-cgt-arm_20.2.7.LTS/lib/</path>
         <kind>archive</kind>
         <file>rtsv7M4_T_le_v4SPD16_eabi.lib</file>
         <name>memset_t2.asm.obj</name>
      </input_file>
      <input_file id="fl-e2">
         <path>/home/mose/ti/ccs1250/ccs/tools/compiler/ti-cgt-arm_20.2.7.LTS/lib/</path>
         <kind>archive</kind>
         <file>rtsv7M4_T_le_v4SPD16_eabi.lib</file>
         <name>autoinit.c.obj</name>
      </input_file>
      <input_file id="fl-e3">
         <path>/home/mose/ti/ccs1250/ccs/tools/compiler/ti-cgt-arm_20.2.7.LTS/lib/</path>
         <kind>archive</kind>
         <file>rtsv7M4_T_le_v4SPD16_eabi.lib</file>
         <name>pre_init.c.obj</name>
      </input_file>
      <input_file id="fl-e4">
         <path>/home/mose/ti/ccs1250/ccs/tools/compiler/ti-cgt-arm_20.2.7.LTS/lib/</path>
         <kind>archive</kind>
         <file>rtsv7M4_T_le_v4SPD16_eabi.lib</file>
         <name>cpy_tbl.c.obj</name>
      </input_file>
      <input_file id="fl-e5">
         <path>/home/mose/ti/ccs1250/ccs/tools/compiler/ti-cgt-arm_20.2.7.LTS/lib/</path>
         <kind>archive</kind>
         <file>rtsv7M4_T_le_v4SPD16_eabi.lib</file>
         <name>exit.c.obj</name>
      </input_file>
      <input_file id="fl-e6">
         <path>/home/mose/ti/ccs1250/ccs/tools/compiler/ti-cgt-arm_20.2.7.LTS/lib/</path>
         <kind>archive</kind>
         <file>rtsv7M4_T_le_v4SPD16_eabi.lib</file>
         <name>_lock.c.obj</name>
      </input_file>
      <input_file id="fl-e7">
         <path>/home/mose/ti/ccs1250/ccs/tools/compiler/ti-cgt-arm_20.2.7.LTS/lib/</path>
         <kind>archive</kind>
         <file>rtsv7M4_T_le_v4SPD16_eabi.lib</file>
         <name>args_main.c.obj</name>
      </input_file>
   </input_file_list>
   <object_component_list>
      <object_component id="oc-3fc">
         <name>.text:Power_sleep</name>
         <load_address>0x144</load_address>
         <run_address>0x144</run_address>
         <size>0x2f8</size>
         <input_file_ref idref="fl-10"/>
      </object_component>
      <object_component id="oc-1f9">
         <name>.text:initPerfControl</name>
         <load_address>0x43c</load_address>
         <run_address>0x43c</run_address>
         <size>0x288</size>
         <input_file_ref idref="fl-10"/>
      </object_component>
      <object_component id="oc-41b">
         <name>.text:PWMTimerMSP432_open</name>
         <load_address>0x6c4</load_address>
         <run_address>0x6c4</run_address>
         <size>0x208</size>
         <input_file_ref idref="fl-12"/>
      </object_component>
      <object_component id="oc-427">
         <name>.text:PWMTimerMSP432_setPeriod</name>
         <load_address>0x8cc</load_address>
         <run_address>0x8cc</run_address>
         <size>0x114</size>
         <input_file_ref idref="fl-12"/>
      </object_component>
      <object_component id="oc-3bc">
         <name>.text:aligned_alloc</name>
         <load_address>0x9e0</load_address>
         <run_address>0x9e0</run_address>
         <size>0x100</size>
         <input_file_ref idref="fl-de"/>
      </object_component>
      <object_component id="oc-2af">
         <name>.text:CS_startHFXTWithTimeout</name>
         <load_address>0xae0</load_address>
         <run_address>0xae0</run_address>
         <size>0xe4</size>
         <input_file_ref idref="fl-1f"/>
      </object_component>
      <object_component id="oc-2d3">
         <name>.text:free</name>
         <load_address>0xbc4</load_address>
         <run_address>0xbc4</run_address>
         <size>0xe4</size>
         <input_file_ref idref="fl-de"/>
      </object_component>
      <object_component id="oc-2b5">
         <name>.text:CS_startLFXTWithTimeout</name>
         <load_address>0xca8</load_address>
         <run_address>0xca8</run_address>
         <size>0xe0</size>
         <input_file_ref idref="fl-1f"/>
      </object_component>
      <object_component id="oc-314">
         <name>.text:TimerP_construct</name>
         <load_address>0xd88</load_address>
         <run_address>0xd88</run_address>
         <size>0xe0</size>
         <input_file_ref idref="fl-1a"/>
      </object_component>
      <object_component id="oc-3a2">
         <name>.text:_CSGetHFXTFrequency</name>
         <load_address>0xe68</load_address>
         <run_address>0xe68</run_address>
         <size>0xdc</size>
         <input_file_ref idref="fl-1f"/>
      </object_component>
      <object_component id="oc-308">
         <name>.text:SwiP_construct</name>
         <load_address>0xf44</load_address>
         <run_address>0xf44</run_address>
         <size>0xd8</size>
         <input_file_ref idref="fl-1e"/>
      </object_component>
      <object_component id="oc-11c">
         <name>.text:mainThread</name>
         <load_address>0x101c</load_address>
         <run_address>0x101c</run_address>
         <size>0xbc</size>
         <input_file_ref idref="fl-3"/>
      </object_component>
      <object_component id="oc-237">
         <name>.text:ClockP_startup</name>
         <load_address>0x10d8</load_address>
         <run_address>0x10d8</run_address>
         <size>0xb4</size>
         <input_file_ref idref="fl-19"/>
      </object_component>
      <object_component id="oc-326">
         <name>.text:ClockP_workFuncDynamic</name>
         <load_address>0x118c</load_address>
         <run_address>0x118c</run_address>
         <size>0xac</size>
         <input_file_ref idref="fl-19"/>
      </object_component>
      <object_component id="oc-439">
         <name>.text:PWMTimerMSP432_stop</name>
         <load_address>0x1238</load_address>
         <run_address>0x1238</run_address>
         <size>0xa4</size>
         <input_file_ref idref="fl-12"/>
      </object_component>
      <object_component id="oc-34e">
         <name>.text:SemaphoreP_pend</name>
         <load_address>0x12dc</load_address>
         <run_address>0x12dc</run_address>
         <size>0xa0</size>
         <input_file_ref idref="fl-17"/>
      </object_component>
      <object_component id="oc-192">
         <name>.text:Power_init</name>
         <load_address>0x137c</load_address>
         <run_address>0x137c</run_address>
         <size>0x9c</size>
         <input_file_ref idref="fl-10"/>
      </object_component>
      <object_component id="oc-5b1">
         <name>.text:SwiP_dispatch</name>
         <load_address>0x1418</load_address>
         <run_address>0x1418</run_address>
         <size>0x9c</size>
         <input_file_ref idref="fl-1e"/>
      </object_component>
      <object_component id="oc-3a">
         <name>.text</name>
         <load_address>0x14b4</load_address>
         <run_address>0x14b4</run_address>
         <size>0x9c</size>
         <input_file_ref idref="fl-d9"/>
      </object_component>
      <object_component id="oc-5c4">
         <name>.text</name>
         <load_address>0x1550</load_address>
         <run_address>0x1550</run_address>
         <size>0x96</size>
         <input_file_ref idref="fl-da"/>
      </object_component>
      <object_component id="oc-198">
         <name>.text:Board_initHook</name>
         <load_address>0x15e6</load_address>
         <run_address>0x15e6</run_address>
         <size>0x2</size>
         <input_file_ref idref="fl-4"/>
      </object_component>
      <object_component id="oc-421">
         <name>.text:PWMTimerMSP432_setDuty</name>
         <load_address>0x15e8</load_address>
         <run_address>0x15e8</run_address>
         <size>0x94</size>
         <input_file_ref idref="fl-12"/>
      </object_component>
      <object_component id="oc-409">
         <name>.text:PWMTimerMSP432_close</name>
         <load_address>0x167c</load_address>
         <run_address>0x167c</run_address>
         <size>0x88</size>
         <input_file_ref idref="fl-12"/>
      </object_component>
      <object_component id="oc-433">
         <name>.text:PWMTimerMSP432_start</name>
         <load_address>0x1704</load_address>
         <run_address>0x1704</run_address>
         <size>0x84</size>
         <input_file_ref idref="fl-12"/>
      </object_component>
      <object_component id="oc-516">
         <name>.text:restartHFXT</name>
         <load_address>0x1788</load_address>
         <run_address>0x1788</run_address>
         <size>0x84</size>
         <input_file_ref idref="fl-10"/>
      </object_component>
      <object_component id="oc-4ba">
         <name>.text:ClockP_start</name>
         <load_address>0x180c</load_address>
         <run_address>0x180c</run_address>
         <size>0x80</size>
         <input_file_ref idref="fl-19"/>
      </object_component>
      <object_component id="oc-3cf">
         <name>.text:Interrupt_enableInterrupt</name>
         <load_address>0x188c</load_address>
         <run_address>0x188c</run_address>
         <size>0x80</size>
         <input_file_ref idref="fl-20"/>
      </object_component>
      <object_component id="oc-56f">
         <name>.text:setConstraints</name>
         <load_address>0x190c</load_address>
         <run_address>0x190c</run_address>
         <size>0x7c</size>
         <input_file_ref idref="fl-12"/>
      </object_component>
      <object_component id="oc-48b">
         <name>.text:ClockP_walkQueueDynamic</name>
         <load_address>0x1988</load_address>
         <run_address>0x1988</run_address>
         <size>0x78</size>
         <input_file_ref idref="fl-19"/>
      </object_component>
      <object_component id="oc-569">
         <name>.text:TimerMSP432_allocateTimerResource</name>
         <load_address>0x1a00</load_address>
         <run_address>0x1a00</run_address>
         <size>0x78</size>
         <input_file_ref idref="fl-13"/>
      </object_component>
      <object_component id="oc-2cd">
         <name>.text:HwiP_construct</name>
         <load_address>0x1a78</load_address>
         <run_address>0x1a78</run_address>
         <size>0x70</size>
         <input_file_ref idref="fl-1b"/>
      </object_component>
      <object_component id="oc-4e5">
         <name>.text:split</name>
         <load_address>0x1ae8</load_address>
         <run_address>0x1ae8</run_address>
         <size>0x70</size>
         <input_file_ref idref="fl-de"/>
      </object_component>
      <object_component id="oc-485">
         <name>.text:TimerP_getCurrentTick</name>
         <load_address>0x1b58</load_address>
         <run_address>0x1b58</run_address>
         <size>0x6c</size>
         <input_file_ref idref="fl-1a"/>
      </object_component>
      <object_component id="oc-58d">
         <name>.text:perfChangeNotifyFxn</name>
         <load_address>0x1bc4</load_address>
         <run_address>0x1bc4</run_address>
         <size>0x6a</size>
         <input_file_ref idref="fl-12"/>
      </object_component>
      <object_component id="oc-415">
         <name>.text:PWMTimerMSP432_init</name>
         <load_address>0x1c2e</load_address>
         <run_address>0x1c2e</run_address>
         <size>0x2</size>
         <input_file_ref idref="fl-12"/>
      </object_component>
      <object_component id="oc-1c4">
         <name>.text:ClockP_usleep</name>
         <load_address>0x1c30</load_address>
         <run_address>0x1c30</run_address>
         <size>0x68</size>
         <input_file_ref idref="fl-19"/>
      </object_component>
      <object_component id="oc-624">
         <name>.text:Interrupt_pendInterrupt</name>
         <load_address>0x1c98</load_address>
         <run_address>0x1c98</run_address>
         <size>0x68</size>
         <input_file_ref idref="fl-20"/>
      </object_component>
      <object_component id="oc-54b">
         <name>.text:PowerMSP432_getFreqs</name>
         <load_address>0x1d00</load_address>
         <run_address>0x1d00</run_address>
         <size>0x68</size>
         <input_file_ref idref="fl-10"/>
      </object_component>
      <object_component id="oc-498">
         <name>.text:SwiP_post</name>
         <load_address>0x1d68</load_address>
         <run_address>0x1d68</run_address>
         <size>0x68</size>
         <input_file_ref idref="fl-1e"/>
      </object_component>
      <object_component id="oc-12">
         <name>.text:decompress:lzss:__TI_decompress_lzss</name>
         <load_address>0x1dd0</load_address>
         <run_address>0x1dd0</run_address>
         <size>0x68</size>
         <input_file_ref idref="fl-dd"/>
      </object_component>
      <object_component id="oc-581">
         <name>.text:initHw</name>
         <load_address>0x1e38</load_address>
         <run_address>0x1e38</run_address>
         <size>0x68</size>
         <input_file_ref idref="fl-12"/>
      </object_component>
      <object_component id="oc-3c3">
         <name>.text:Interrupt_registerInterrupt</name>
         <load_address>0x1ea0</load_address>
         <run_address>0x1ea0</run_address>
         <size>0x5c</size>
         <input_file_ref idref="fl-20"/>
      </object_component>
      <object_component id="oc-479">
         <name>.text:TimerP_dynamicStub</name>
         <load_address>0x1efc</load_address>
         <run_address>0x1efc</run_address>
         <size>0x58</size>
         <input_file_ref idref="fl-1a"/>
      </object_component>
      <object_component id="oc-3c9">
         <name>.text:Interrupt_setPriority</name>
         <load_address>0x1f54</load_address>
         <run_address>0x1f54</run_address>
         <size>0x54</size>
         <input_file_ref idref="fl-20"/>
      </object_component>
      <object_component id="oc-530">
         <name>.text:TimerMSP432_freeTimerResource</name>
         <load_address>0x1fa8</load_address>
         <run_address>0x1fa8</run_address>
         <size>0x54</size>
         <input_file_ref idref="fl-13"/>
      </object_component>
      <object_component id="oc-23d">
         <name>.text:TimerP_getCount64</name>
         <load_address>0x1ffc</load_address>
         <run_address>0x1ffc</run_address>
         <size>0x54</size>
         <input_file_ref idref="fl-1a"/>
      </object_component>
      <object_component id="oc-348">
         <name>.text:SemaphoreP_construct</name>
         <load_address>0x2050</load_address>
         <run_address>0x2050</run_address>
         <size>0x50</size>
         <input_file_ref idref="fl-17"/>
      </object_component>
      <object_component id="oc-2e2">
         <name>.text:PowerMSP432_sleepPolicy</name>
         <load_address>0x20a0</load_address>
         <run_address>0x20a0</run_address>
         <size>0x48</size>
         <input_file_ref idref="fl-18"/>
      </object_component>
      <object_component id="oc-57b">
         <name>.text:Power_releaseConstraint</name>
         <load_address>0x20e8</load_address>
         <run_address>0x20e8</run_address>
         <size>0x48</size>
         <input_file_ref idref="fl-10"/>
      </object_component>
      <object_component id="oc-1a6">
         <name>.text:PWM_init</name>
         <load_address>0x2130</load_address>
         <run_address>0x2130</run_address>
         <size>0x44</size>
         <input_file_ref idref="fl-11"/>
      </object_component>
      <object_component id="oc-402">
         <name>.text:SwiP_restore</name>
         <load_address>0x2174</load_address>
         <run_address>0x2174</run_address>
         <size>0x44</size>
         <input_file_ref idref="fl-1e"/>
      </object_component>
      <object_component id="oc-46d">
         <name>.text:TimerP_start</name>
         <load_address>0x21b8</load_address>
         <run_address>0x21b8</run_address>
         <size>0x44</size>
         <input_file_ref idref="fl-1a"/>
      </object_component>
      <object_component id="oc-12f">
         <name>.text:__TI_auto_init_nobinit_nopinit:__TI_auto_init_nobinit_nopinit</name>
         <load_address>0x21fc</load_address>
         <run_address>0x21fc</run_address>
         <size>0x44</size>
         <input_file_ref idref="fl-e2"/>
      </object_component>
      <object_component id="oc-1b2">
         <name>.text:PWM_open</name>
         <load_address>0x2240</load_address>
         <run_address>0x2240</run_address>
         <size>0x40</size>
         <input_file_ref idref="fl-11"/>
      </object_component>
      <object_component id="oc-5d7">
         <name>.text:TimerP_setNextTick</name>
         <load_address>0x2280</load_address>
         <run_address>0x2280</run_address>
         <size>0x40</size>
         <input_file_ref idref="fl-1a"/>
      </object_component>
      <object_component id="oc-557">
         <name>.text:getDutyCounts</name>
         <load_address>0x22c0</load_address>
         <run_address>0x22c0</run_address>
         <size>0x40</size>
         <input_file_ref idref="fl-12"/>
      </object_component>
      <object_component id="oc-551">
         <name>.text:getPeriodCounts</name>
         <load_address>0x2300</load_address>
         <run_address>0x2300</run_address>
         <size>0x40</size>
         <input_file_ref idref="fl-12"/>
      </object_component>
      <object_component id="oc-461">
         <name>.text:TimerP_initDevice</name>
         <load_address>0x2340</load_address>
         <run_address>0x2340</run_address>
         <size>0x3c</size>
         <input_file_ref idref="fl-1a"/>
      </object_component>
      <object_component id="oc-53f">
         <name>.text:Power_setConstraint</name>
         <load_address>0x237c</load_address>
         <run_address>0x237c</run_address>
         <size>0x38</size>
         <input_file_ref idref="fl-10"/>
      </object_component>
      <object_component id="oc-50a">
         <name>.text:notify</name>
         <load_address>0x23b4</load_address>
         <run_address>0x23b4</run_address>
         <size>0x38</size>
         <input_file_ref idref="fl-10"/>
      </object_component>
      <object_component id="oc-a8">
         <name>.text:_c_int00_noargs:_c_int00_noargs</name>
         <load_address>0x23ec</load_address>
         <run_address>0x23ec</run_address>
         <size>0x34</size>
         <input_file_ref idref="fl-df"/>
      </object_component>
      <object_component id="oc-536">
         <name>.text:mapPin</name>
         <load_address>0x2420</load_address>
         <run_address>0x2420</run_address>
         <size>0x30</size>
         <input_file_ref idref="fl-12"/>
      </object_component>
      <object_component id="oc-205">
         <name>.text:HwiP_create</name>
         <load_address>0x2450</load_address>
         <run_address>0x2450</run_address>
         <size>0x2a</size>
         <input_file_ref idref="fl-1b"/>
      </object_component>
      <object_component id="oc-2dc">
         <name>.text:PowerMSP432_initPolicy</name>
         <load_address>0x247a</load_address>
         <run_address>0x247a</run_address>
         <size>0x2</size>
         <input_file_ref idref="fl-18"/>
      </object_component>
      <object_component id="oc-575">
         <name>.text:Power_registerNotify</name>
         <load_address>0x247c</load_address>
         <run_address>0x247c</run_address>
         <size>0x28</size>
         <input_file_ref idref="fl-10"/>
      </object_component>
      <object_component id="oc-2a9">
         <name>.text:disableFaultCounter</name>
         <load_address>0x24a4</load_address>
         <run_address>0x24a4</run_address>
         <size>0x28</size>
         <input_file_ref idref="fl-10"/>
      </object_component>
      <object_component id="oc-510">
         <name>.text:disableHFXT</name>
         <load_address>0x24cc</load_address>
         <run_address>0x24cc</run_address>
         <size>0x28</size>
         <input_file_ref idref="fl-10"/>
      </object_component>
      <object_component id="oc-3e8">
         <name>.text:free_list_insert</name>
         <load_address>0x24f4</load_address>
         <run_address>0x24f4</run_address>
         <size>0x28</size>
         <input_file_ref idref="fl-de"/>
      </object_component>
      <object_component id="oc-648">
         <name>.text:List_put</name>
         <load_address>0x251c</load_address>
         <run_address>0x251c</run_address>
         <size>0x26</size>
         <input_file_ref idref="fl-14"/>
      </object_component>
      <object_component id="oc-62c">
         <name>.text:List_remove</name>
         <load_address>0x2542</load_address>
         <run_address>0x2542</run_address>
         <size>0x26</size>
         <input_file_ref idref="fl-14"/>
      </object_component>
      <object_component id="oc-524">
         <name>.text:releaseConstraints</name>
         <load_address>0x2568</load_address>
         <run_address>0x2568</run_address>
         <size>0x26</size>
         <input_file_ref idref="fl-12"/>
      </object_component>
      <object_component id="oc-2bb">
         <name>.text:PowerMSP432_updateFreqs</name>
         <load_address>0x258e</load_address>
         <run_address>0x258e</run_address>
         <size>0x2</size>
         <input_file_ref idref="fl-18"/>
      </object_component>
      <object_component id="oc-5f8">
         <name>.text:ClockP_getTicks</name>
         <load_address>0x2590</load_address>
         <run_address>0x2590</run_address>
         <size>0x24</size>
         <input_file_ref idref="fl-19"/>
      </object_component>
      <object_component id="oc-491">
         <name>.text:ClockP_scheduleNextTick</name>
         <load_address>0x25b4</load_address>
         <run_address>0x25b4</run_address>
         <size>0x24</size>
         <input_file_ref idref="fl-19"/>
      </object_component>
      <object_component id="oc-3d5">
         <name>.text:HwiP_dispatch</name>
         <load_address>0x25d8</load_address>
         <run_address>0x25d8</run_address>
         <size>0x24</size>
         <input_file_ref idref="fl-1b"/>
      </object_component>
      <object_component id="oc-243">
         <name>.text:sleepTicks</name>
         <load_address>0x25fc</load_address>
         <run_address>0x25fc</run_address>
         <size>0x24</size>
         <input_file_ref idref="fl-19"/>
      </object_component>
      <object_component id="oc-2a3">
         <name>.text:CS_setExternalClockSourceFrequency</name>
         <load_address>0x2620</load_address>
         <run_address>0x2620</run_address>
         <size>0x20</size>
         <input_file_ref idref="fl-1f"/>
      </object_component>
      <object_component id="oc-4b4">
         <name>.text:ClockP_add</name>
         <load_address>0x2640</load_address>
         <run_address>0x2640</run_address>
         <size>0x20</size>
         <input_file_ref idref="fl-19"/>
      </object_component>
      <object_component id="oc-52a">
         <name>.text:Power_unregisterNotify</name>
         <load_address>0x2660</load_address>
         <run_address>0x2660</run_address>
         <size>0x20</size>
         <input_file_ref idref="fl-10"/>
      </object_component>
      <object_component id="oc-5de">
         <name>.text:QueueP_put</name>
         <load_address>0x2680</load_address>
         <run_address>0x2680</run_address>
         <size>0x20</size>
         <input_file_ref idref="fl-1d"/>
      </object_component>
      <object_component id="oc-55d">
         <name>.text:corroboratePeriod</name>
         <load_address>0x26a0</load_address>
         <run_address>0x26a0</run_address>
         <size>0x1e</size>
         <input_file_ref idref="fl-12"/>
      </object_component>
      <object_component id="oc-354">
         <name>.text:SemaphoreP_destruct</name>
         <load_address>0x26be</load_address>
         <run_address>0x26be</run_address>
         <size>0x2</size>
         <input_file_ref idref="fl-17"/>
      </object_component>
      <object_component id="oc-3f0">
         <name>.text:SwiP_disable</name>
         <load_address>0x26c0</load_address>
         <run_address>0x26c0</run_address>
         <size>0x1c</size>
         <input_file_ref idref="fl-1e"/>
      </object_component>
      <object_component id="oc-46">
         <name>.text:decompress:ZI:__TI_zero_init_nomemset:__TI_zero_init_nomemset</name>
         <load_address>0x26dc</load_address>
         <run_address>0x26dc</run_address>
         <size>0x1c</size>
         <input_file_ref idref="fl-db"/>
      </object_component>
      <object_component id="oc-3e2">
         <name>.text:free_list_remove</name>
         <load_address>0x26f8</load_address>
         <run_address>0x26f8</run_address>
         <size>0x1c</size>
         <input_file_ref idref="fl-de"/>
      </object_component>
      <object_component id="oc-65c">
         <name>.text:QueueP_get</name>
         <load_address>0x2714</load_address>
         <run_address>0x2714</run_address>
         <size>0x1a</size>
         <input_file_ref idref="fl-1d"/>
      </object_component>
      <object_component id="oc-4cc">
         <name>.text:ClockP_destruct</name>
         <load_address>0x272e</load_address>
         <run_address>0x272e</run_address>
         <size>0x18</size>
         <input_file_ref idref="fl-19"/>
      </object_component>
      <object_component id="oc-26c">
         <name>.text:_nop</name>
         <load_address>0x2746</load_address>
         <run_address>0x2746</run_address>
         <size>0x2</size>
         <input_file_ref idref="fl-e6"/>
      </object_component>
      <object_component id="oc-39c">
         <name>.text:SysCtl_A_disableNMISource</name>
         <load_address>0x2748</load_address>
         <run_address>0x2748</run_address>
         <size>0x18</size>
         <input_file_ref idref="fl-22"/>
      </object_component>
      <object_component id="oc-3a8">
         <name>.text:SysCtl_A_enableNMISource</name>
         <load_address>0x2760</load_address>
         <run_address>0x2760</run_address>
         <size>0x18</size>
         <input_file_ref idref="fl-22"/>
      </object_component>
      <object_component id="oc-563">
         <name>.text:corroborateDuty</name>
         <load_address>0x2778</load_address>
         <run_address>0x2778</run_address>
         <size>0x18</size>
         <input_file_ref idref="fl-12"/>
      </object_component>
      <object_component id="oc-1f">
         <name>.text:resetISR</name>
         <load_address>0x2790</load_address>
         <run_address>0x2790</run_address>
         <size>0x18</size>
         <input_file_ref idref="fl-1c"/>
      </object_component>
      <object_component id="oc-656">
         <name>.text:maxbit</name>
         <load_address>0x27a8</load_address>
         <run_address>0x27a8</run_address>
         <size>0x16</size>
         <input_file_ref idref="fl-1e"/>
      </object_component>
      <object_component id="oc-6c">
         <name>.text:busFaultISR</name>
         <load_address>0x27be</load_address>
         <run_address>0x27be</run_address>
         <size>0x2</size>
         <input_file_ref idref="fl-1c"/>
      </object_component>
      <object_component id="oc-1ac">
         <name>.text:PWM_Params_init</name>
         <load_address>0x27c0</load_address>
         <run_address>0x27c0</run_address>
         <size>0x14</size>
         <input_file_ref idref="fl-11"/>
      </object_component>
      <object_component id="oc-673">
         <name>.text:Power_idleFunc</name>
         <load_address>0x27d4</load_address>
         <run_address>0x27d4</run_address>
         <size>0x14</size>
         <input_file_ref idref="fl-10"/>
      </object_component>
      <object_component id="oc-456">
         <name>.text:SwiP_handleHwi</name>
         <load_address>0x27e8</load_address>
         <run_address>0x27e8</run_address>
         <size>0x14</size>
         <input_file_ref idref="fl-1e"/>
      </object_component>
      <object_component id="oc-340">
         <name>.text:TimerP_getCount</name>
         <load_address>0x27fc</load_address>
         <run_address>0x27fc</run_address>
         <size>0x14</size>
         <input_file_ref idref="fl-1a"/>
      </object_component>
      <object_component id="oc-1ff">
         <name>.text:HwiP_Params_init</name>
         <load_address>0x2810</load_address>
         <run_address>0x2810</run_address>
         <size>0x12</size>
         <input_file_ref idref="fl-1b"/>
      </object_component>
      <object_component id="oc-f6">
         <name>.text:main</name>
         <load_address>0x2822</load_address>
         <run_address>0x2822</run_address>
         <size>0x12</size>
         <input_file_ref idref="fl-2"/>
      </object_component>
      <object_component id="oc-21a">
         <name>.text:HwiP_disable</name>
         <load_address>0x2834</load_address>
         <run_address>0x2834</run_address>
         <size>0x10</size>
         <input_file_ref idref="fl-1b"/>
      </object_component>
      <object_component id="oc-52">
         <name>.text:Interrupt_disableMaster</name>
         <load_address>0x2844</load_address>
         <run_address>0x2844</run_address>
         <size>0x10</size>
         <input_file_ref idref="fl-20"/>
      </object_component>
      <object_component id="oc-19f">
         <name>.text:Interrupt_enableMaster</name>
         <load_address>0x2854</load_address>
         <run_address>0x2854</run_address>
         <size>0x10</size>
         <input_file_ref idref="fl-20"/>
      </object_component>
      <object_component id="oc-641">
         <name>.text:PowerMSP432_getNumPerfLevels</name>
         <load_address>0x2864</load_address>
         <run_address>0x2864</run_address>
         <size>0x10</size>
         <input_file_ref idref="fl-10"/>
      </object_component>
      <object_component id="oc-4c0">
         <name>.text:Power_enablePolicy</name>
         <load_address>0x2874</load_address>
         <run_address>0x2874</run_address>
         <size>0x10</size>
         <input_file_ref idref="fl-10"/>
      </object_component>
      <object_component id="oc-4a9">
         <name>.text:SemaphoreP_Params_init</name>
         <load_address>0x2884</load_address>
         <run_address>0x2884</run_address>
         <size>0x10</size>
         <input_file_ref idref="fl-17"/>
      </object_component>
      <object_component id="oc-302">
         <name>.text:SwiP_Params_init</name>
         <load_address>0x2894</load_address>
         <run_address>0x2894</run_address>
         <size>0x10</size>
         <input_file_ref idref="fl-1e"/>
      </object_component>
      <object_component id="oc-396">
         <name>.text:SysCtl_A_getNMISourceStatus</name>
         <load_address>0x28a4</load_address>
         <run_address>0x28a4</run_address>
         <size>0x10</size>
         <input_file_ref idref="fl-22"/>
      </object_component>
      <object_component id="oc-61d">
         <name>.text:SysCtl_getNMISourceStatus</name>
         <load_address>0x28b4</load_address>
         <run_address>0x28b4</run_address>
         <size>0x10</size>
         <input_file_ref idref="fl-21"/>
      </object_component>
      <object_component id="oc-30e">
         <name>.text:TimerP_Params_init</name>
         <load_address>0x28c4</load_address>
         <run_address>0x28c4</run_address>
         <size>0x10</size>
         <input_file_ref idref="fl-1a"/>
      </object_component>
      <object_component id="oc-662">
         <name>.text:QueueP_empty</name>
         <load_address>0x28d4</load_address>
         <run_address>0x28d4</run_address>
         <size>0xe</size>
         <input_file_ref idref="fl-1d"/>
      </object_component>
      <object_component id="oc-601">
         <name>.text:QueueP_remove</name>
         <load_address>0x28e2</load_address>
         <run_address>0x28e2</run_address>
         <size>0xe</size>
         <input_file_ref idref="fl-1d"/>
      </object_component>
      <object_component id="oc-18">
         <name>.text:decompress:none:__TI_decompress_none</name>
         <load_address>0x28f0</load_address>
         <run_address>0x28f0</run_address>
         <size>0xe</size>
         <input_file_ref idref="fl-dc"/>
      </object_component>
      <object_component id="oc-110">
         <name>.text:Board_init</name>
         <load_address>0x28fe</load_address>
         <run_address>0x28fe</run_address>
         <size>0xc</size>
         <input_file_ref idref="fl-4"/>
      </object_component>
      <object_component id="oc-96">
         <name>.text:CPU_cpsid</name>
         <load_address>0x290a</load_address>
         <run_address>0x290a</run_address>
         <size>0xc</size>
         <input_file_ref idref="fl-23"/>
      </object_component>
      <object_component id="oc-213">
         <name>.text:CPU_cpsie</name>
         <load_address>0x2916</load_address>
         <run_address>0x2916</run_address>
         <size>0xc</size>
         <input_file_ref idref="fl-23"/>
      </object_component>
      <object_component id="oc-4d2">
         <name>.text:clkFxn</name>
         <load_address>0x2922</load_address>
         <run_address>0x2922</run_address>
         <size>0x2</size>
         <input_file_ref idref="fl-17"/>
      </object_component>
      <object_component id="oc-32c">
         <name>.text:ClockP_doTick</name>
         <load_address>0x2924</load_address>
         <run_address>0x2924</run_address>
         <size>0xc</size>
         <input_file_ref idref="fl-19"/>
      </object_component>
      <object_component id="oc-3f6">
         <name>.text:Power_getConstraintMask</name>
         <load_address>0x2930</load_address>
         <run_address>0x2930</run_address>
         <size>0xc</size>
         <input_file_ref idref="fl-10"/>
      </object_component>
      <object_component id="oc-545">
         <name>.text:Power_getPerformanceLevel</name>
         <load_address>0x293c</load_address>
         <run_address>0x293c</run_address>
         <size>0xc</size>
         <input_file_ref idref="fl-10"/>
      </object_component>
      <object_component id="oc-320">
         <name>.text:TimerP_getFreq</name>
         <load_address>0x2948</load_address>
         <run_address>0x2948</run_address>
         <size>0xc</size>
         <input_file_ref idref="fl-1a"/>
      </object_component>
      <object_component id="oc-31a">
         <name>.text:TimerP_getMaxTicks</name>
         <load_address>0x2954</load_address>
         <run_address>0x2954</run_address>
         <size>0xc</size>
         <input_file_ref idref="fl-1a"/>
      </object_component>
      <object_component id="oc-1be">
         <name>.text:PWM_setDuty</name>
         <load_address>0x2960</load_address>
         <run_address>0x2960</run_address>
         <size>0xa</size>
         <input_file_ref idref="fl-11"/>
      </object_component>
      <object_component id="oc-1b8">
         <name>.text:PWM_start</name>
         <load_address>0x296a</load_address>
         <run_address>0x296a</run_address>
         <size>0xa</size>
         <input_file_ref idref="fl-11"/>
      </object_component>
      <object_component id="oc-220">
         <name>.text:HwiP_restore</name>
         <load_address>0x2974</load_address>
         <run_address>0x2974</run_address>
         <size>0x8</size>
         <input_file_ref idref="fl-1b"/>
      </object_component>
      <object_component id="oc-2c7">
         <name>.text:malloc</name>
         <load_address>0x297c</load_address>
         <run_address>0x297c</run_address>
         <size>0x8</size>
         <input_file_ref idref="fl-de"/>
      </object_component>
      <object_component id="oc-40f">
         <name>.text:PWMTimerMSP432_control</name>
         <load_address>0x2984</load_address>
         <run_address>0x2984</run_address>
         <size>0x6</size>
         <input_file_ref idref="fl-12"/>
      </object_component>
      <object_component id="oc-42d">
         <name>.text:PWMTimerMSP432_setDutyAndPeriod</name>
         <load_address>0x298a</load_address>
         <run_address>0x298a</run_address>
         <size>0x6</size>
         <input_file_ref idref="fl-12"/>
      </object_component>
      <object_component id="oc-2fc">
         <name>.text:QueueP_init</name>
         <load_address>0x2990</load_address>
         <run_address>0x2990</run_address>
         <size>0x6</size>
         <input_file_ref idref="fl-1d"/>
      </object_component>
      <object_component id="oc-4c6">
         <name>.text:ClockP_isActive</name>
         <load_address>0x2996</load_address>
         <run_address>0x2996</run_address>
         <size>0x4</size>
         <input_file_ref idref="fl-19"/>
      </object_component>
      <object_component id="oc-116">
         <name>.text:HwiP_enable</name>
         <load_address>0x299a</load_address>
         <run_address>0x299a</run_address>
         <size>0x4</size>
         <input_file_ref idref="fl-1b"/>
      </object_component>
      <object_component id="oc-51d">
         <name>.text:HwiP_post</name>
         <load_address>0x299e</load_address>
         <run_address>0x299e</run_address>
         <size>0x4</size>
         <input_file_ref idref="fl-1b"/>
      </object_component>
      <object_component id="oc-5ca">
         <name>.text:QueueP_head</name>
         <load_address>0x29a2</load_address>
         <run_address>0x29a2</run_address>
         <size>0x4</size>
         <input_file_ref idref="fl-1d"/>
      </object_component>
      <object_component id="oc-5d0">
         <name>.text:QueueP_next</name>
         <load_address>0x29a6</load_address>
         <run_address>0x29a6</run_address>
         <size>0x4</size>
         <input_file_ref idref="fl-1d"/>
      </object_component>
      <object_component id="oc-467">
         <name>.text:TimerP_setPeriod</name>
         <load_address>0x29aa</load_address>
         <run_address>0x29aa</run_address>
         <size>0x4</size>
         <input_file_ref idref="fl-1a"/>
      </object_component>
      <object_component id="oc-f0">
         <name>.text:_system_pre_init</name>
         <load_address>0x29ae</load_address>
         <run_address>0x29ae</run_address>
         <size>0x4</size>
         <input_file_ref idref="fl-e3"/>
      </object_component>
      <object_component id="oc-123">
         <name>.text:abort:abort</name>
         <load_address>0x29b2</load_address>
         <run_address>0x29b2</run_address>
         <size>0x4</size>
         <input_file_ref idref="fl-e5"/>
      </object_component>
      <object_component id="oc-66">
         <name>.text:defaultISR</name>
         <load_address>0x29b6</load_address>
         <run_address>0x29b6</run_address>
         <size>0x2</size>
         <input_file_ref idref="fl-1c"/>
      </object_component>
      <object_component id="oc-60">
         <name>.text:faultISR</name>
         <load_address>0x29b8</load_address>
         <run_address>0x29b8</run_address>
         <size>0x2</size>
         <input_file_ref idref="fl-1c"/>
      </object_component>
      <object_component id="oc-5a">
         <name>.text:nmiISR</name>
         <load_address>0x29ba</load_address>
         <run_address>0x29ba</run_address>
         <size>0x2</size>
         <input_file_ref idref="fl-1c"/>
      </object_component>
      <object_component id="oc-669">
         <name>.text</name>
         <load_address>0x29bc</load_address>
         <run_address>0x29bc</run_address>
         <size>0x2</size>
         <input_file_ref idref="fl-e0"/>
      </object_component>
      <object_component id="oc-4f4">
         <name>.const:g_pulRegs</name>
         <load_address>0x29c0</load_address>
         <run_address>0x29c0</run_address>
         <size>0x50</size>
         <input_file_ref idref="fl-20"/>
      </object_component>
      <object_component id="oc-20e">
         <name>.const:PowerMSP432_config</name>
         <load_address>0x2a10</load_address>
         <run_address>0x2a10</run_address>
         <size>0x38</size>
         <input_file_ref idref="fl-4"/>
      </object_component>
      <object_component id="oc-2f1">
         <name>.const:PWMTimerMSP432_fxnTable</name>
         <load_address>0x2a48</load_address>
         <run_address>0x2a48</run_address>
         <size>0x24</size>
         <input_file_ref idref="fl-12"/>
      </object_component>
      <object_component id="oc-22c">
         <name>.const:PWM_config</name>
         <load_address>0x2a6c</load_address>
         <run_address>0x2a6c</run_address>
         <size>0x18</size>
         <input_file_ref idref="fl-4"/>
      </object_component>
      <object_component id="oc-230">
         <name>.const:PWM_defaultParams</name>
         <load_address>0x2a84</load_address>
         <run_address>0x2a84</run_address>
         <size>0x18</size>
         <input_file_ref idref="fl-11"/>
      </object_component>
      <object_component id="oc-445">
         <name>.const:SwiP_defaultParams</name>
         <load_address>0x2a9c</load_address>
         <run_address>0x2a9c</run_address>
         <size>0x10</size>
         <input_file_ref idref="fl-1e"/>
      </object_component>
      <object_component id="oc-58a">
         <name>.const:pwmTimerBaseAddr</name>
         <load_address>0x2aac</load_address>
         <run_address>0x2aac</run_address>
         <size>0x10</size>
         <input_file_ref idref="fl-12"/>
      </object_component>
      <object_component id="oc-2f5">
         <name>.const:pwmTimerMSP432HWAttrs</name>
         <load_address>0x2abc</load_address>
         <run_address>0x2abc</run_address>
         <size>0x10</size>
         <input_file_ref idref="fl-4"/>
      </object_component>
      <object_component id="oc-4f8">
         <name>.const:g_pulEnRegs</name>
         <load_address>0x2acc</load_address>
         <run_address>0x2acc</run_address>
         <size>0x8</size>
         <input_file_ref idref="fl-20"/>
      </object_component>
      <object_component id="oc-67f">
         <name>.const:g_pulPendRegs</name>
         <load_address>0x2ad4</load_address>
         <run_address>0x2ad4</run_address>
         <size>0x8</size>
         <input_file_ref idref="fl-20"/>
      </object_component>
      <object_component id="oc-229">
         <name>.const</name>
         <load_address>0x2adc</load_address>
         <run_address>0x2adc</run_address>
         <size>0x1</size>
         <input_file_ref idref="fl-4"/>
      </object_component>
      <object_component id="oc-6d3">
         <name>.cinit..data.load</name>
         <load_address>0x2ae0</load_address>
         <run_address>0x2ae0</run_address>
         <size>0x85</size>
      </object_component>
      <object_component id="oc-6d1">
         <name>__TI_handler_table</name>
         <load_address>0x2b68</load_address>
         <run_address>0x2b68</run_address>
         <size>0xc</size>
      </object_component>
      <object_component id="oc-6d4">
         <name>.cinit..bss.load</name>
         <load_address>0x2b78</load_address>
         <run_address>0x2b78</run_address>
         <size>0x8</size>
      </object_component>
      <object_component id="oc-6d5">
         <name>.cinit..vtable.load</name>
         <load_address>0x2b80</load_address>
         <run_address>0x2b80</run_address>
         <size>0x8</size>
      </object_component>
      <object_component id="oc-6d2">
         <name>__TI_cinit_table</name>
         <load_address>0x2b88</load_address>
         <run_address>0x2b88</run_address>
         <size>0x18</size>
      </object_component>
      <object_component id="oc-20b">
         <name>.data:PowerMSP432_module</name>
         <load_address>0x20008390</load_address>
         <run_address>0x20008390</run_address>
         <size>0x2c</size>
         <input_file_ref idref="fl-10"/>
      </object_component>
      <object_component id="oc-2c1">
         <name>.data:PowerMSP432_perfLevels</name>
         <load_address>0x20008140</load_address>
         <run_address>0x20008140</run_address>
         <size>0x140</size>
         <input_file_ref idref="fl-10"/>
      </object_component>
      <object_component id="oc-226">
         <name>.data</name>
         <load_address>0x200083f3</load_address>
         <run_address>0x200083f3</run_address>
         <size>0x1</size>
         <input_file_ref idref="fl-11"/>
      </object_component>
      <object_component id="oc-587">
         <name>.data:pwmTimerStatus</name>
         <load_address>0x20008280</load_address>
         <run_address>0x20008280</run_address>
         <size>0x110</size>
         <input_file_ref idref="fl-12"/>
      </object_component>
      <object_component id="oc-4af">
         <name>.data</name>
         <load_address>0x200083f0</load_address>
         <run_address>0x200083f0</run_address>
         <size>0x3</size>
         <input_file_ref idref="fl-17"/>
      </object_component>
      <object_component id="oc-5e5">
         <name>.data:SemaphoreP_defaultParams</name>
         <load_address>0x200083d8</load_address>
         <run_address>0x200083d8</run_address>
         <size>0x8</size>
         <input_file_ref idref="fl-17"/>
      </object_component>
      <object_component id="oc-24f">
         <name>.data</name>
         <load_address>0x200083e0</load_address>
         <run_address>0x200083e0</run_address>
         <size>0x8</size>
         <input_file_ref idref="fl-19"/>
      </object_component>
      <object_component id="oc-473">
         <name>.data</name>
         <load_address>0x200083f5</load_address>
         <run_address>0x200083f5</run_address>
         <size>0x1</size>
         <input_file_ref idref="fl-1a"/>
      </object_component>
      <object_component id="oc-45d">
         <name>.data:TimerP_defaultParams</name>
         <load_address>0x200083bc</load_address>
         <run_address>0x200083bc</run_address>
         <size>0xc</size>
         <input_file_ref idref="fl-1a"/>
      </object_component>
      <object_component id="oc-3de">
         <name>.data:HwiP_dispatchTable</name>
         <load_address>0x20008000</load_address>
         <run_address>0x20008000</run_address>
         <size>0x140</size>
         <input_file_ref idref="fl-1b"/>
      </object_component>
      <object_component id="oc-3db">
         <name>.data</name>
         <load_address>0x200083e8</load_address>
         <run_address>0x200083e8</run_address>
         <size>0x8</size>
         <input_file_ref idref="fl-1b"/>
      </object_component>
      <object_component id="oc-44a">
         <name>.data</name>
         <load_address>0x200083f4</load_address>
         <run_address>0x200083f4</run_address>
         <size>0x1</size>
         <input_file_ref idref="fl-1e"/>
      </object_component>
      <object_component id="oc-4eb">
         <name>.data:$O1$$</name>
         <load_address>0x200083d0</load_address>
         <run_address>0x200083d0</run_address>
         <size>0x8</size>
         <input_file_ref idref="fl-de"/>
      </object_component>
      <object_component id="oc-1da">
         <name>.data:$O1$$</name>
         <load_address>0x200083c8</load_address>
         <run_address>0x200083c8</run_address>
         <size>0x8</size>
         <input_file_ref idref="fl-e6"/>
      </object_component>
      <object_component id="oc-633">
         <name>.bss:timerState</name>
         <uninitialized>true</uninitialized>
         <run_address>0x20008530</run_address>
         <size>0x4</size>
         <input_file_ref idref="fl-13"/>
      </object_component>
      <object_component id="oc-249">
         <name>.bss:ClockP_module</name>
         <uninitialized>true</uninitialized>
         <run_address>0x200083f8</run_address>
         <size>0xa0</size>
         <input_file_ref idref="fl-19"/>
      </object_component>
      <object_component id="oc-332">
         <name>.bss:timerFreq</name>
         <uninitialized>true</uninitialized>
         <run_address>0x20008520</run_address>
         <size>0x8</size>
         <input_file_ref idref="fl-19"/>
      </object_component>
      <object_component id="oc-24c">
         <name>.bss</name>
         <uninitialized>true</uninitialized>
         <run_address>0x20008528</run_address>
         <size>0x4</size>
         <input_file_ref idref="fl-19"/>
      </object_component>
      <object_component id="oc-47f">
         <name>.bss</name>
         <uninitialized>true</uninitialized>
         <run_address>0x2000852c</run_address>
         <size>0x4</size>
         <input_file_ref idref="fl-1a"/>
      </object_component>
      <object_component id="oc-476">
         <name>.bss:TimerP_hwiStruct</name>
         <uninitialized>true</uninitialized>
         <run_address>0x200084d4</run_address>
         <size>0x1c</size>
         <input_file_ref idref="fl-1a"/>
      </object_component>
      <object_component id="oc-450">
         <name>.bss</name>
         <uninitialized>true</uninitialized>
         <run_address>0x20008508</run_address>
         <size>0xd</size>
         <input_file_ref idref="fl-1e"/>
      </object_component>
      <object_component id="oc-453">
         <name>.bss:SwiP_hwiStruct</name>
         <uninitialized>true</uninitialized>
         <run_address>0x200084b8</run_address>
         <size>0x1c</size>
         <input_file_ref idref="fl-1e"/>
      </object_component>
      <object_component id="oc-44d">
         <name>.bss:SwiP_readyList</name>
         <uninitialized>true</uninitialized>
         <run_address>0x20008498</run_address>
         <size>0x20</size>
         <input_file_ref idref="fl-1e"/>
      </object_component>
      <object_component id="oc-391">
         <name>.bss</name>
         <uninitialized>true</uninitialized>
         <run_address>0x20008518</run_address>
         <size>0x8</size>
         <input_file_ref idref="fl-1f"/>
      </object_component>
      <object_component id="oc-2f4">
         <name>.common:pwmTimerMSP432Objects</name>
         <uninitialized>true</uninitialized>
         <run_address>0x200084f0</run_address>
         <size>0x18</size>
      </object_component>
      <object_component id="oc-29">
         <name>.sysmem</name>
         <uninitialized>true</uninitialized>
         <run_address>0x20000000</run_address>
         <size>0x10</size>
         <input_file_ref idref="fl-de"/>
      </object_component>
      <object_component id="oc-6d8">
         <name>.sysmem</name>
         <uninitialized>true</uninitialized>
         <run_address>0x20000000</run_address>
         <size>0x0</size>
      </object_component>
      <object_component id="oc-2c">
         <name>.stack</name>
         <uninitialized>true</uninitialized>
         <run_address>0x2000f000</run_address>
         <size>0x4</size>
         <input_file_ref idref="fl-df"/>
      </object_component>
      <object_component id="oc-6d7">
         <name>.stack</name>
         <uninitialized>true</uninitialized>
         <run_address>0x2000f000</run_address>
         <size>0x0</size>
      </object_component>
      <object_component id="oc-26">
         <name>.intvecs:retain</name>
         <load_address>0x0</load_address>
         <run_address>0x0</run_address>
         <size>0x144</size>
         <input_file_ref idref="fl-1c"/>
      </object_component>
      <object_component id="oc-4ef">
         <name>.vtable</name>
         <uninitialized>true</uninitialized>
         <run_address>0x20008800</run_address>
         <size>0xe8</size>
         <input_file_ref idref="fl-20"/>
      </object_component>
      <object_component id="oc-37c">
         <name>.debug_info</name>
         <load_address>0x0</load_address>
         <run_address>0x0</run_address>
         <size>0x2fc</size>
         <input_file_ref idref="fl-2"/>
      </object_component>
      <object_component id="oc-f7">
         <name>.debug_info</name>
         <load_address>0x2fc</load_address>
         <run_address>0x2fc</run_address>
         <size>0x166</size>
         <input_file_ref idref="fl-2"/>
      </object_component>
      <object_component id="oc-25b">
         <name>.debug_info</name>
         <load_address>0x462</load_address>
         <run_address>0x462</run_address>
         <size>0x26b</size>
         <input_file_ref idref="fl-2"/>
      </object_component>
      <object_component id="oc-35">
         <name>.debug_info</name>
         <load_address>0x6cd</load_address>
         <run_address>0x6cd</run_address>
         <size>0x84</size>
         <input_file_ref idref="fl-2"/>
      </object_component>
      <object_component id="oc-265">
         <name>.debug_info</name>
         <load_address>0x751</load_address>
         <run_address>0x751</run_address>
         <size>0x2a4</size>
         <input_file_ref idref="fl-2"/>
      </object_component>
      <object_component id="oc-256">
         <name>.debug_info</name>
         <load_address>0x9f5</load_address>
         <run_address>0x9f5</run_address>
         <size>0xef</size>
         <input_file_ref idref="fl-2"/>
      </object_component>
      <object_component id="oc-1d1">
         <name>.debug_info</name>
         <load_address>0xae4</load_address>
         <run_address>0xae4</run_address>
         <size>0xbb</size>
         <input_file_ref idref="fl-2"/>
      </object_component>
      <object_component id="oc-5a4">
         <name>.debug_info</name>
         <load_address>0xb9f</load_address>
         <run_address>0xb9f</run_address>
         <size>0x53</size>
         <input_file_ref idref="fl-2"/>
      </object_component>
      <object_component id="oc-1cb">
         <name>.debug_info</name>
         <load_address>0xbf2</load_address>
         <run_address>0xbf2</run_address>
         <size>0x423</size>
         <input_file_ref idref="fl-3"/>
      </object_component>
      <object_component id="oc-11d">
         <name>.debug_info</name>
         <load_address>0x1015</load_address>
         <run_address>0x1015</run_address>
         <size>0x27a</size>
         <input_file_ref idref="fl-3"/>
      </object_component>
      <object_component id="oc-1cc">
         <name>.debug_info</name>
         <load_address>0x128f</load_address>
         <run_address>0x128f</run_address>
         <size>0x30f</size>
         <input_file_ref idref="fl-3"/>
      </object_component>
      <object_component id="oc-260">
         <name>.debug_info</name>
         <load_address>0x159e</load_address>
         <run_address>0x159e</run_address>
         <size>0x53</size>
         <input_file_ref idref="fl-3"/>
      </object_component>
      <object_component id="oc-1f7">
         <name>.debug_info</name>
         <load_address>0x15f1</load_address>
         <run_address>0x15f1</run_address>
         <size>0x79d</size>
         <input_file_ref idref="fl-4"/>
      </object_component>
      <object_component id="oc-2f6">
         <name>.debug_info</name>
         <load_address>0x1d8e</load_address>
         <run_address>0x1d8e</run_address>
         <size>0x127</size>
         <input_file_ref idref="fl-4"/>
      </object_component>
      <object_component id="oc-22d">
         <name>.debug_info</name>
         <load_address>0x1eb5</load_address>
         <run_address>0x1eb5</run_address>
         <size>0x111</size>
         <input_file_ref idref="fl-4"/>
      </object_component>
      <object_component id="oc-22a">
         <name>.debug_info</name>
         <load_address>0x1fc6</load_address>
         <run_address>0x1fc6</run_address>
         <size>0x10f</size>
         <input_file_ref idref="fl-4"/>
      </object_component>
      <object_component id="oc-20f">
         <name>.debug_info</name>
         <load_address>0x20d5</load_address>
         <run_address>0x20d5</run_address>
         <size>0x121</size>
         <input_file_ref idref="fl-4"/>
      </object_component>
      <object_component id="oc-199">
         <name>.debug_info</name>
         <load_address>0x21f6</load_address>
         <run_address>0x21f6</run_address>
         <size>0x165</size>
         <input_file_ref idref="fl-4"/>
      </object_component>
      <object_component id="oc-111">
         <name>.debug_info</name>
         <load_address>0x235b</load_address>
         <run_address>0x235b</run_address>
         <size>0x183</size>
         <input_file_ref idref="fl-4"/>
      </object_component>
      <object_component id="oc-38c">
         <name>.debug_info</name>
         <load_address>0x24de</load_address>
         <run_address>0x24de</run_address>
         <size>0xb6</size>
         <input_file_ref idref="fl-4"/>
      </object_component>
      <object_component id="oc-28f">
         <name>.debug_info</name>
         <load_address>0x2594</load_address>
         <run_address>0x2594</run_address>
         <size>0x1cf</size>
         <input_file_ref idref="fl-4"/>
      </object_component>
      <object_component id="oc-294">
         <name>.debug_info</name>
         <load_address>0x2763</load_address>
         <run_address>0x2763</run_address>
         <size>0x4dc</size>
         <input_file_ref idref="fl-4"/>
      </object_component>
      <object_component id="oc-181">
         <name>.debug_info</name>
         <load_address>0x2c3f</load_address>
         <run_address>0x2c3f</run_address>
         <size>0xa1</size>
         <input_file_ref idref="fl-4"/>
      </object_component>
      <object_component id="oc-29e">
         <name>.debug_info</name>
         <load_address>0x2ce0</load_address>
         <run_address>0x2ce0</run_address>
         <size>0x1028</size>
         <input_file_ref idref="fl-4"/>
      </object_component>
      <object_component id="oc-299">
         <name>.debug_info</name>
         <load_address>0x3d08</load_address>
         <run_address>0x3d08</run_address>
         <size>0x37e2</size>
         <input_file_ref idref="fl-4"/>
      </object_component>
      <object_component id="oc-9d">
         <name>.debug_info</name>
         <load_address>0x74ea</load_address>
         <run_address>0x74ea</run_address>
         <size>0x8b</size>
         <input_file_ref idref="fl-4"/>
      </object_component>
      <object_component id="oc-109">
         <name>.debug_info</name>
         <load_address>0x7575</load_address>
         <run_address>0x7575</run_address>
         <size>0x947</size>
         <input_file_ref idref="fl-10"/>
      </object_component>
      <object_component id="oc-20c">
         <name>.debug_info</name>
         <load_address>0x7ebc</load_address>
         <run_address>0x7ebc</run_address>
         <size>0x121</size>
         <input_file_ref idref="fl-10"/>
      </object_component>
      <object_component id="oc-2c2">
         <name>.debug_info</name>
         <load_address>0x7fdd</load_address>
         <run_address>0x7fdd</run_address>
         <size>0x129</size>
         <input_file_ref idref="fl-10"/>
      </object_component>
      <object_component id="oc-52b">
         <name>.debug_info</name>
         <load_address>0x8106</load_address>
         <run_address>0x8106</run_address>
         <size>0x1eb</size>
         <input_file_ref idref="fl-10"/>
      </object_component>
      <object_component id="oc-50b">
         <name>.debug_info</name>
         <load_address>0x82f1</load_address>
         <run_address>0x82f1</run_address>
         <size>0x1cd</size>
         <input_file_ref idref="fl-10"/>
      </object_component>
      <object_component id="oc-511">
         <name>.debug_info</name>
         <load_address>0x84be</load_address>
         <run_address>0x84be</run_address>
         <size>0x170</size>
         <input_file_ref idref="fl-10"/>
      </object_component>
      <object_component id="oc-517">
         <name>.debug_info</name>
         <load_address>0x862e</load_address>
         <run_address>0x862e</run_address>
         <size>0x1aa</size>
         <input_file_ref idref="fl-10"/>
      </object_component>
      <object_component id="oc-3fd">
         <name>.debug_info</name>
         <load_address>0x87d8</load_address>
         <run_address>0x87d8</run_address>
         <size>0x515</size>
         <input_file_ref idref="fl-10"/>
      </object_component>
      <object_component id="oc-3f7">
         <name>.debug_info</name>
         <load_address>0x8ced</load_address>
         <run_address>0x8ced</run_address>
         <size>0x170</size>
         <input_file_ref idref="fl-10"/>
      </object_component>
      <object_component id="oc-2aa">
         <name>.debug_info</name>
         <load_address>0x8e5d</load_address>
         <run_address>0x8e5d</run_address>
         <size>0x185</size>
         <input_file_ref idref="fl-10"/>
      </object_component>
      <object_component id="oc-540">
         <name>.debug_info</name>
         <load_address>0x8fe2</load_address>
         <run_address>0x8fe2</run_address>
         <size>0x1eb</size>
         <input_file_ref idref="fl-10"/>
      </object_component>
      <object_component id="oc-57c">
         <name>.debug_info</name>
         <load_address>0x91cd</load_address>
         <run_address>0x91cd</run_address>
         <size>0x20f</size>
         <input_file_ref idref="fl-10"/>
      </object_component>
      <object_component id="oc-576">
         <name>.debug_info</name>
         <load_address>0x93dc</load_address>
         <run_address>0x93dc</run_address>
         <size>0x274</size>
         <input_file_ref idref="fl-10"/>
      </object_component>
      <object_component id="oc-1fa">
         <name>.debug_info</name>
         <load_address>0x9650</load_address>
         <run_address>0x9650</run_address>
         <size>0x353</size>
         <input_file_ref idref="fl-10"/>
      </object_component>
      <object_component id="oc-193">
         <name>.debug_info</name>
         <load_address>0x99a3</load_address>
         <run_address>0x99a3</run_address>
         <size>0x1c6</size>
         <input_file_ref idref="fl-10"/>
      </object_component>
      <object_component id="oc-674">
         <name>.debug_info</name>
         <load_address>0x9b69</load_address>
         <run_address>0x9b69</run_address>
         <size>0x161</size>
         <input_file_ref idref="fl-10"/>
      </object_component>
      <object_component id="oc-546">
         <name>.debug_info</name>
         <load_address>0x9cca</load_address>
         <run_address>0x9cca</run_address>
         <size>0x174</size>
         <input_file_ref idref="fl-10"/>
      </object_component>
      <object_component id="oc-4c1">
         <name>.debug_info</name>
         <load_address>0x9e3e</load_address>
         <run_address>0x9e3e</run_address>
         <size>0x162</size>
         <input_file_ref idref="fl-10"/>
      </object_component>
      <object_component id="oc-642">
         <name>.debug_info</name>
         <load_address>0x9fa0</load_address>
         <run_address>0x9fa0</run_address>
         <size>0x17a</size>
         <input_file_ref idref="fl-10"/>
      </object_component>
      <object_component id="oc-54c">
         <name>.debug_info</name>
         <load_address>0xa11a</load_address>
         <run_address>0xa11a</run_address>
         <size>0x1f4</size>
         <input_file_ref idref="fl-10"/>
      </object_component>
      <object_component id="oc-188">
         <name>.debug_info</name>
         <load_address>0xa30e</load_address>
         <run_address>0xa30e</run_address>
         <size>0xf8</size>
         <input_file_ref idref="fl-10"/>
      </object_component>
      <object_component id="oc-172">
         <name>.debug_info</name>
         <load_address>0xa406</load_address>
         <run_address>0xa406</run_address>
         <size>0x4dc</size>
         <input_file_ref idref="fl-10"/>
      </object_component>
      <object_component id="oc-168">
         <name>.debug_info</name>
         <load_address>0xa8e2</load_address>
         <run_address>0xa8e2</run_address>
         <size>0xb6</size>
         <input_file_ref idref="fl-10"/>
      </object_component>
      <object_component id="oc-18d">
         <name>.debug_info</name>
         <load_address>0xa998</load_address>
         <run_address>0xa998</run_address>
         <size>0x37e2</size>
         <input_file_ref idref="fl-10"/>
      </object_component>
      <object_component id="oc-cf">
         <name>.debug_info</name>
         <load_address>0xe17a</load_address>
         <run_address>0xe17a</run_address>
         <size>0x26b</size>
         <input_file_ref idref="fl-10"/>
      </object_component>
      <object_component id="oc-c5">
         <name>.debug_info</name>
         <load_address>0xe3e5</load_address>
         <run_address>0xe3e5</run_address>
         <size>0x1028</size>
         <input_file_ref idref="fl-10"/>
      </object_component>
      <object_component id="oc-10a">
         <name>.debug_info</name>
         <load_address>0xf40d</load_address>
         <run_address>0xf40d</run_address>
         <size>0x297</size>
         <input_file_ref idref="fl-10"/>
      </object_component>
      <object_component id="oc-163">
         <name>.debug_info</name>
         <load_address>0xf6a4</load_address>
         <run_address>0xf6a4</run_address>
         <size>0xef</size>
         <input_file_ref idref="fl-10"/>
      </object_component>
      <object_component id="oc-ca">
         <name>.debug_info</name>
         <load_address>0xf793</load_address>
         <run_address>0xf793</run_address>
         <size>0xbb</size>
         <input_file_ref idref="fl-10"/>
      </object_component>
      <object_component id="oc-1f6">
         <name>.debug_info</name>
         <load_address>0xf84e</load_address>
         <run_address>0xf84e</run_address>
         <size>0x424</size>
         <input_file_ref idref="fl-11"/>
      </object_component>
      <object_component id="oc-231">
         <name>.debug_info</name>
         <load_address>0xfc72</load_address>
         <run_address>0xfc72</run_address>
         <size>0x111</size>
         <input_file_ref idref="fl-11"/>
      </object_component>
      <object_component id="oc-227">
         <name>.debug_info</name>
         <load_address>0xfd83</load_address>
         <run_address>0xfd83</run_address>
         <size>0x108</size>
         <input_file_ref idref="fl-11"/>
      </object_component>
      <object_component id="oc-1b9">
         <name>.debug_info</name>
         <load_address>0xfe8b</load_address>
         <run_address>0xfe8b</run_address>
         <size>0x154</size>
         <input_file_ref idref="fl-11"/>
      </object_component>
      <object_component id="oc-1bf">
         <name>.debug_info</name>
         <load_address>0xffdf</load_address>
         <run_address>0xffdf</run_address>
         <size>0x16d</size>
         <input_file_ref idref="fl-11"/>
      </object_component>
      <object_component id="oc-1b3">
         <name>.debug_info</name>
         <load_address>0x1014c</load_address>
         <run_address>0x1014c</run_address>
         <size>0x191</size>
         <input_file_ref idref="fl-11"/>
      </object_component>
      <object_component id="oc-1a7">
         <name>.debug_info</name>
         <load_address>0x102dd</load_address>
         <run_address>0x102dd</run_address>
         <size>0x15d</size>
         <input_file_ref idref="fl-11"/>
      </object_component>
      <object_component id="oc-1ad">
         <name>.debug_info</name>
         <load_address>0x1043a</load_address>
         <run_address>0x1043a</run_address>
         <size>0x144</size>
         <input_file_ref idref="fl-11"/>
      </object_component>
      <object_component id="oc-16d">
         <name>.debug_info</name>
         <load_address>0x1057e</load_address>
         <run_address>0x1057e</run_address>
         <size>0x30f</size>
         <input_file_ref idref="fl-11"/>
      </object_component>
      <object_component id="oc-36d">
         <name>.debug_info</name>
         <load_address>0x1088d</load_address>
         <run_address>0x1088d</run_address>
         <size>0x110</size>
         <input_file_ref idref="fl-11"/>
      </object_component>
      <object_component id="oc-108">
         <name>.debug_info</name>
         <load_address>0x1099d</load_address>
         <run_address>0x1099d</run_address>
         <size>0xa56</size>
         <input_file_ref idref="fl-12"/>
      </object_component>
      <object_component id="oc-2f2">
         <name>.debug_info</name>
         <load_address>0x113f3</load_address>
         <run_address>0x113f3</run_address>
         <size>0x12c</size>
         <input_file_ref idref="fl-12"/>
      </object_component>
      <object_component id="oc-58b">
         <name>.debug_info</name>
         <load_address>0x1151f</load_address>
         <run_address>0x1151f</run_address>
         <size>0x11d</size>
         <input_file_ref idref="fl-12"/>
      </object_component>
      <object_component id="oc-588">
         <name>.debug_info</name>
         <load_address>0x1163c</load_address>
         <run_address>0x1163c</run_address>
         <size>0x119</size>
         <input_file_ref idref="fl-12"/>
      </object_component>
      <object_component id="oc-552">
         <name>.debug_info</name>
         <load_address>0x11755</load_address>
         <run_address>0x11755</run_address>
         <size>0x20a</size>
         <input_file_ref idref="fl-12"/>
      </object_component>
      <object_component id="oc-42e">
         <name>.debug_info</name>
         <load_address>0x1195f</load_address>
         <run_address>0x1195f</run_address>
         <size>0x1d2</size>
         <input_file_ref idref="fl-12"/>
      </object_component>
      <object_component id="oc-55e">
         <name>.debug_info</name>
         <load_address>0x11b31</load_address>
         <run_address>0x11b31</run_address>
         <size>0x1df</size>
         <input_file_ref idref="fl-12"/>
      </object_component>
      <object_component id="oc-525">
         <name>.debug_info</name>
         <load_address>0x11d10</load_address>
         <run_address>0x11d10</run_address>
         <size>0x1cc</size>
         <input_file_ref idref="fl-12"/>
      </object_component>
      <object_component id="oc-570">
         <name>.debug_info</name>
         <load_address>0x11edc</load_address>
         <run_address>0x11edc</run_address>
         <size>0x32f</size>
         <input_file_ref idref="fl-12"/>
      </object_component>
      <object_component id="oc-558">
         <name>.debug_info</name>
         <load_address>0x1220b</load_address>
         <run_address>0x1220b</run_address>
         <size>0x258</size>
         <input_file_ref idref="fl-12"/>
      </object_component>
      <object_component id="oc-564">
         <name>.debug_info</name>
         <load_address>0x12463</load_address>
         <run_address>0x12463</run_address>
         <size>0x1c0</size>
         <input_file_ref idref="fl-12"/>
      </object_component>
      <object_component id="oc-537">
         <name>.debug_info</name>
         <load_address>0x12623</load_address>
         <run_address>0x12623</run_address>
         <size>0x1c4</size>
         <input_file_ref idref="fl-12"/>
      </object_component>
      <object_component id="oc-416">
         <name>.debug_info</name>
         <load_address>0x127e7</load_address>
         <run_address>0x127e7</run_address>
         <size>0x17c</size>
         <input_file_ref idref="fl-12"/>
      </object_component>
      <object_component id="oc-410">
         <name>.debug_info</name>
         <load_address>0x12963</load_address>
         <run_address>0x12963</run_address>
         <size>0x1a4</size>
         <input_file_ref idref="fl-12"/>
      </object_component>
[...]
      </symbol>
      <symbol id="sm-212">
         <name>Power_enablePolicy</name>
         <value>0x2875</value>
         <object_component_ref idref="oc-4c0"/>
      </symbol>
      <symbol id="sm-213">
         <name>Power_setConstraint</name>
         <value>0x237d</value>
         <object_component_ref idref="oc-53f"/>
      </symbol>
      <symbol id="sm-214">
         <name>PowerMSP432_perfLevels</name>
         <value>0x20008140</value>
         <object_component_ref idref="oc-2c1"/>
      </symbol>
      <symbol id="sm-267">
         <name>PWM_Params_init</name>
         <value>0x27c1</value>
         <object_component_ref idref="oc-1ac"/>
      </symbol>
      <symbol id="sm-268">
         <name>PWM_setDuty</name>
         <value>0x2961</value>
         <object_component_ref idref="oc-1be"/>
      </symbol>
      <symbol id="sm-269">
         <name>PWM_start</name>
         <value>0x296b</value>
         <object_component_ref idref="oc-1b8"/>
      </symbol>
      <symbol id="sm-26a">
         <name>PWM_open</name>
         <value>0x2241</value>
         <object_component_ref idref="oc-1b2"/>
      </symbol>
      <symbol id="sm-26b">
         <name>PWM_defaultParams</name>
         <value>0x2a84</value>
         <object_component_ref idref="oc-230"/>
      </symbol>
      <symbol id="sm-26c">
         <name>PWM_init</name>
         <value>0x2131</value>
         <object_component_ref idref="oc-1a6"/>
      </symbol>
      <symbol id="sm-385">
         <name>PWMTimerMSP432_control</name>
         <value>0x2985</value>
         <object_component_ref idref="oc-40f"/>
      </symbol>
      <symbol id="sm-386">
         <name>PWMTimerMSP432_setDuty</name>
         <value>0x15e9</value>
         <object_component_ref idref="oc-421"/>
      </symbol>
      <symbol id="sm-387">
         <name>PWMTimerMSP432_fxnTable</name>
         <value>0x2a48</value>
         <object_component_ref idref="oc-2f1"/>
      </symbol>
      <symbol id="sm-388">
         <name>PWMTimerMSP432_open</name>
         <value>0x6c5</value>
         <object_component_ref idref="oc-41b"/>
      </symbol>
      <symbol id="sm-389">
         <name>PWMTimerMSP432_setDutyAndPeriod</name>
         <value>0x298b</value>
         <object_component_ref idref="oc-42d"/>
      </symbol>
      <symbol id="sm-38a">
         <name>PWMTimerMSP432_start</name>
         <value>0x1705</value>
         <object_component_ref idref="oc-433"/>
      </symbol>
      <symbol id="sm-38b">
         <name>PWMTimerMSP432_init</name>
         <value>0x1c2f</value>
         <object_component_ref idref="oc-415"/>
      </symbol>
      <symbol id="sm-38c">
         <name>PWMTimerMSP432_setPeriod</name>
         <value>0x8cd</value>
         <object_component_ref idref="oc-427"/>
      </symbol>
      <symbol id="sm-38d">
         <name>PWMTimerMSP432_close</name>
         <value>0x167d</value>
         <object_component_ref idref="oc-409"/>
      </symbol>
      <symbol id="sm-38e">
         <name>PWMTimerMSP432_stop</name>
         <value>0x1239</value>
         <object_component_ref idref="oc-439"/>
      </symbol>
      <symbol id="sm-3c0">
         <name>TimerMSP432_allocateTimerResource</name>
         <value>0x1a01</value>
         <object_component_ref idref="oc-569"/>
      </symbol>
      <symbol id="sm-3c1">
         <name>TimerMSP432_freeTimerResource</name>
         <value>0x1fa9</value>
         <object_component_ref idref="oc-530"/>
      </symbol>
      <symbol id="sm-3d9">
         <name>List_remove</name>
         <value>0x2543</value>
         <object_component_ref idref="oc-62c"/>
      </symbol>
      <symbol id="sm-3da">
         <name>List_put</name>
         <value>0x251d</value>
         <object_component_ref idref="oc-648"/>
      </symbol>
      <symbol id="sm-441">
         <name>SemaphoreP_defaultParams</name>
         <value>0x200083d8</value>
         <object_component_ref idref="oc-5e5"/>
      </symbol>
      <symbol id="sm-442">
         <name>SemaphoreP_construct</name>
         <value>0x2051</value>
         <object_component_ref idref="oc-348"/>
      </symbol>
      <symbol id="sm-443">
         <name>SemaphoreP_destruct</name>
         <value>0x26bf</value>
         <object_component_ref idref="oc-354"/>
      </symbol>
      <symbol id="sm-444">
         <name>SemaphoreP_pend</name>
         <value>0x12dd</value>
         <object_component_ref idref="oc-34e"/>
      </symbol>
      <symbol id="sm-445">
         <name>SemaphoreP_Params_init</name>
         <value>0x2885</value>
         <object_component_ref idref="oc-4a9"/>
      </symbol>
      <symbol id="sm-446">
         <name>clkFxn</name>
         <value>0x2923</value>
         <object_component_ref idref="oc-4d2"/>
      </symbol>
      <symbol id="sm-46f">
         <name>PowerMSP432_initPolicy</name>
         <value>0x247b</value>
         <object_component_ref idref="oc-2dc"/>
      </symbol>
      <symbol id="sm-470">
         <name>PowerMSP432_updateFreqs</name>
         <value>0x258f</value>
         <object_component_ref idref="oc-2bb"/>
      </symbol>
      <symbol id="sm-471">
         <name>PowerMSP432_sleepPolicy</name>
         <value>0x20a1</value>
         <object_component_ref idref="oc-2e2"/>
      </symbol>
      <symbol id="sm-52c">
         <name>ClockP_doTick</name>
         <value>0x2925</value>
         <object_component_ref idref="oc-32c"/>
      </symbol>
      <symbol id="sm-52d">
         <name>ClockP_startup</name>
         <value>0x10d9</value>
         <object_component_ref idref="oc-237"/>
      </symbol>
      <symbol id="sm-52e">
         <name>ClockP_scheduleNextTick</name>
         <value>0x25b5</value>
         <object_component_ref idref="oc-491"/>
      </symbol>
      <symbol id="sm-52f">
         <name>ClockP_tickPeriod</name>
         <value>0x200083e4</value>
         <object_component_ref idref="oc-24f"/>
      </symbol>
      <symbol id="sm-530">
         <name>ClockP_usleep</name>
         <value>0x1c31</value>
         <object_component_ref idref="oc-1c4"/>
      </symbol>
      <symbol id="sm-531">
         <name>ClockP_workFuncDynamic</name>
         <value>0x118d</value>
         <object_component_ref idref="oc-326"/>
      </symbol>
      <symbol id="sm-532">
         <name>ClockP_walkQueueDynamic</name>
         <value>0x1989</value>
         <object_component_ref idref="oc-48b"/>
      </symbol>
      <symbol id="sm-533">
         <name>ClockP_destruct</name>
         <value>0x272f</value>
         <object_component_ref idref="oc-4cc"/>
      </symbol>
      <symbol id="sm-534">
         <name>ClockP_start</name>
         <value>0x180d</value>
         <object_component_ref idref="oc-4ba"/>
      </symbol>
      <symbol id="sm-535">
         <name>ClockP_isActive</name>
         <value>0x2997</value>
         <object_component_ref idref="oc-4c6"/>
      </symbol>
      <symbol id="sm-536">
         <name>ClockP_getTicks</name>
         <value>0x2591</value>
         <object_component_ref idref="oc-5f8"/>
      </symbol>
      <symbol id="sm-537">
         <name>ClockP_add</name>
         <value>0x2641</value>
         <object_component_ref idref="oc-4b4"/>
      </symbol>
      <symbol id="sm-5d6">
         <name>TimerP_setNextTick</name>
         <value>0x2281</value>
         <object_component_ref idref="oc-5d7"/>
      </symbol>
      <symbol id="sm-5d7">
         <name>TimerP_getCurrentTick</name>
         <value>0x1b59</value>
         <object_component_ref idref="oc-485"/>
      </symbol>
      <symbol id="sm-5d8">
         <name>TimerP_setPeriod</name>
         <value>0x29ab</value>
         <object_component_ref idref="oc-467"/>
      </symbol>
      <symbol id="sm-5d9">
         <name>TimerP_getCount64</name>
         <value>0x1ffd</value>
         <object_component_ref idref="oc-23d"/>
      </symbol>
      <symbol id="sm-5da">
         <name>TimerP_dynamicStub</name>
         <value>0x1efd</value>
         <object_component_ref idref="oc-479"/>
      </symbol>
      <symbol id="sm-5db">
         <name>TimerP_getMaxTicks</name>
         <value>0x2955</value>
         <object_component_ref idref="oc-31a"/>
      </symbol>
      <symbol id="sm-5dc">
         <name>TimerP_construct</name>
         <value>0xd89</value>
         <object_component_ref idref="oc-314"/>
      </symbol>
      <symbol id="sm-5dd">
         <name>TimerP_getFreq</name>
         <value>0x2949</value>
         <object_component_ref idref="oc-320"/>
      </symbol>
      <symbol id="sm-5de">
         <name>TimerP_initDevice</name>
         <value>0x2341</value>
         <object_component_ref idref="oc-461"/>
      </symbol>
      <symbol id="sm-5df">
         <name>TimerP_start</name>
         <value>0x21b9</value>
         <object_component_ref idref="oc-46d"/>
      </symbol>
      <symbol id="sm-5e0">
         <name>TimerP_Params_init</name>
         <value>0x28c5</value>
         <object_component_ref idref="oc-30e"/>
      </symbol>
      <symbol id="sm-648">
         <name>HwiP_construct</name>
         <value>0x1a79</value>
         <object_component_ref idref="oc-2cd"/>
      </symbol>
      <symbol id="sm-649">
         <name>HwiP_dispatch</name>
         <value>0x25d9</value>
         <object_component_ref idref="oc-3d5"/>
      </symbol>
      <symbol id="sm-64a">
         <name>HwiP_swiPIntNum</name>
         <value>0x200083ec</value>
         <object_component_ref idref="oc-3db"/>
      </symbol>
      <symbol id="sm-64b">
         <name>HwiP_Params_init</name>
         <value>0x2811</value>
         <object_component_ref idref="oc-1ff"/>
      </symbol>
      <symbol id="sm-64c">
         <name>HwiP_disable</name>
         <value>0x2835</value>
         <object_component_ref idref="oc-21a"/>
      </symbol>
      <symbol id="sm-64d">
         <name>HwiP_key</name>
         <value>0x200083e8</value>
         <object_component_ref idref="oc-3db"/>
      </symbol>
      <symbol id="sm-64e">
         <name>HwiP_create</name>
         <value>0x2451</value>
         <object_component_ref idref="oc-205"/>
      </symbol>
      <symbol id="sm-64f">
         <name>HwiP_post</name>
         <value>0x299f</value>
         <object_component_ref idref="oc-51d"/>
      </symbol>
      <symbol id="sm-650">
         <name>HwiP_enable</name>
         <value>0x299b</value>
         <object_component_ref idref="oc-116"/>
      </symbol>
      <symbol id="sm-651">
         <name>HwiP_restore</name>
         <value>0x2975</value>
         <object_component_ref idref="oc-220"/>
      </symbol>
      <symbol id="sm-68e">
         <name>resetISR</name>
         <value>0x2791</value>
         <object_component_ref idref="oc-1f"/>
      </symbol>
      <symbol id="sm-68f">
         <name>interruptVectors</name>
         <value>0x0</value>
         <object_component_ref idref="oc-26"/>
      </symbol>
      <symbol id="sm-6cc">
         <name>QueueP_next</name>
         <value>0x29a7</value>
         <object_component_ref idref="oc-5d0"/>
      </symbol>
      <symbol id="sm-6cd">
         <name>QueueP_put</name>
         <value>0x2681</value>
         <object_component_ref idref="oc-5de"/>
      </symbol>
      <symbol id="sm-6ce">
         <name>QueueP_remove</name>
         <value>0x28e3</value>
         <object_component_ref idref="oc-601"/>
      </symbol>
      <symbol id="sm-6cf">
         <name>QueueP_head</name>
         <value>0x29a3</value>
         <object_component_ref idref="oc-5ca"/>
      </symbol>
      <symbol id="sm-6d0">
         <name>QueueP_init</name>
         <value>0x2991</value>
         <object_component_ref idref="oc-2fc"/>
      </symbol>
      <symbol id="sm-6d1">
         <name>QueueP_empty</name>
         <value>0x28d5</value>
         <object_component_ref idref="oc-662"/>
      </symbol>
      <symbol id="sm-6d2">
         <name>QueueP_get</name>
         <value>0x2715</value>
         <object_component_ref idref="oc-65c"/>
      </symbol>
      <symbol id="sm-771">
         <name>SwiP_disable</name>
         <value>0x26c1</value>
         <object_component_ref idref="oc-3f0"/>
      </symbol>
      <symbol id="sm-772">
         <name>SwiP_restore</name>
         <value>0x2175</value>
         <object_component_ref idref="oc-402"/>
      </symbol>
      <symbol id="sm-773">
         <name>SwiP_construct</name>
         <value>0xf45</value>
         <object_component_ref idref="oc-308"/>
      </symbol>
      <symbol id="sm-774">
         <name>SwiP_Params_init</name>
         <value>0x2895</value>
         <object_component_ref idref="oc-302"/>
      </symbol>
      <symbol id="sm-775">
         <name>SwiP_post</name>
         <value>0x1d69</value>
         <object_component_ref idref="oc-498"/>
      </symbol>
      <symbol id="sm-776">
         <name>SwiP_dispatch</name>
         <value>0x1419</value>
         <object_component_ref idref="oc-5b1"/>
      </symbol>
      <symbol id="sm-7ef">
         <name>CS_setExternalClockSourceFrequency</name>
         <value>0x2621</value>
         <object_component_ref idref="oc-2a3"/>
      </symbol>
      <symbol id="sm-7f0">
         <name>CS_startHFXTWithTimeout</name>
         <value>0xae1</value>
         <object_component_ref idref="oc-2af"/>
      </symbol>
      <symbol id="sm-7f1">
         <name>CS_startLFXTWithTimeout</name>
         <value>0xca9</value>
         <object_component_ref idref="oc-2b5"/>
      </symbol>
      <symbol id="sm-85a">
         <name>Interrupt_disableMaster</name>
         <value>0x2845</value>
         <object_component_ref idref="oc-52"/>
      </symbol>
      <symbol id="sm-85b">
         <name>Interrupt_setPriority</name>
         <value>0x1f55</value>
         <object_component_ref idref="oc-3c9"/>
      </symbol>
      <symbol id="sm-85c">
         <name>Interrupt_enableMaster</name>
         <value>0x2855</value>
         <object_component_ref idref="oc-19f"/>
      </symbol>
      <symbol id="sm-85d">
         <name>Interrupt_enableInterrupt</name>
         <value>0x188d</value>
         <object_component_ref idref="oc-3cf"/>
      </symbol>
      <symbol id="sm-85e">
         <name>Interrupt_registerInterrupt</name>
         <value>0x1ea1</value>
         <object_component_ref idref="oc-3c3"/>
      </symbol>
      <symbol id="sm-85f">
         <name>g_pfnRAMVectors</name>
         <value>0x20008800</value>
         <object_component_ref idref="oc-4ef"/>
      </symbol>
      <symbol id="sm-860">
         <name>Interrupt_pendInterrupt</name>
         <value>0x1c99</value>
         <object_component_ref idref="oc-624"/>
      </symbol>
      <symbol id="sm-86c">
         <name>SysCtl_getNMISourceStatus</name>
         <value>0x28b5</value>
         <object_component_ref idref="oc-61d"/>
      </symbol>
      <symbol id="sm-88c">
         <name>SysCtl_A_enableNMISource</name>
         <value>0x2761</value>
         <object_component_ref idref="oc-3a8"/>
      </symbol>
      <symbol id="sm-88d">
         <name>SysCtl_A_getNMISourceStatus</name>
         <value>0x28a5</value>
         <object_component_ref idref="oc-396"/>
      </symbol>
      <symbol id="sm-88e">
         <name>SysCtl_A_disableNMISource</name>
         <value>0x2749</value>
         <object_component_ref idref="oc-39c"/>
      </symbol>
      <symbol id="sm-8a0">
         <name>CPU_cpsie</name>
         <value>0x2917</value>
         <object_component_ref idref="oc-213"/>
      </symbol>
      <symbol id="sm-8a1">
         <name>CPU_cpsid</name>
         <value>0x290b</value>
         <object_component_ref idref="oc-96"/>
      </symbol>
      <symbol id="sm-8bc">
         <name>memcpy</name>
         <value>0x14b5</value>
         <object_component_ref idref="oc-3a"/>
      </symbol>
      <symbol id="sm-8bd">
         <name>__aeabi_memcpy</name>
         <value>0x14b5</value>
         <object_component_ref idref="oc-3a"/>
      </symbol>
      <symbol id="sm-8be">
         <name>__aeabi_memcpy8</name>
         <value>0x14b5</value>
         <object_component_ref idref="oc-3a"/>
      </symbol>
      <symbol id="sm-8bf">
         <name>__aeabi_memcpy4</name>
         <value>0x14b5</value>
         <object_component_ref idref="oc-3a"/>
      </symbol>
      <symbol id="sm-8cc">
         <name>__aeabi_uldivmod</name>
         <value>0x1551</value>
         <object_component_ref idref="oc-5c4"/>
      </symbol>
      <symbol id="sm-8e5">
         <name>__TI_zero_init_nomemset</name>
         <value>0x26dd</value>
         <object_component_ref idref="oc-46"/>
      </symbol>
      <symbol id="sm-8fc">
         <name>__TI_decompress_none</name>
         <value>0x28f1</value>
         <object_component_ref idref="oc-18"/>
      </symbol>
      <symbol id="sm-91f">
         <name>__TI_decompress_lzss</name>
         <value>0x1dd1</value>
         <object_component_ref idref="oc-12"/>
      </symbol>
      <symbol id="sm-9a8">
         <name>_sys_memory</name>
         <value>0x20000000</value>
         <object_component_ref idref="oc-29"/>
      </symbol>
      <symbol id="sm-9a9">
         <name>free</name>
         <value>0xbc5</value>
         <object_component_ref idref="oc-2d3"/>
      </symbol>
      <symbol id="sm-9aa">
         <name>memalign</name>
         <value>0x9e1</value>
         <object_component_ref idref="oc-3bc"/>
      </symbol>
      <symbol id="sm-9ab">
         <name>malloc</name>
         <value>0x297d</value>
         <object_component_ref idref="oc-2c7"/>
      </symbol>
      <symbol id="sm-9ac">
         <name>aligned_alloc</name>
         <value>0x9e1</value>
         <object_component_ref idref="oc-3bc"/>
      </symbol>
      <symbol id="sm-9bf">
         <name>__stack</name>
         <value>0x2000f000</value>
         <object_component_ref idref="oc-2c"/>
      </symbol>
      <symbol id="sm-9c0">
         <name>_c_int00_noargs</name>
         <value>0x23ed</value>
         <object_component_ref idref="oc-a8"/>
      </symbol>
      <symbol id="sm-9ca">
         <name>__aeabi_idiv0</name>
         <value>0x29bd</value>
         <object_component_ref idref="oc-669"/>
      </symbol>
      <symbol id="sm-9cb">
         <name>__aeabi_ldiv0</name>
         <value>0x29bd</value>
         <object_component_ref idref="oc-669"/>
      </symbol>
      <symbol id="sm-9f4">
         <name>__TI_auto_init_nobinit_nopinit</name>
         <value>0x21fd</value>
         <object_component_ref idref="oc-12f"/>
      </symbol>
      <symbol id="sm-9fe">
         <name>_system_pre_init</name>
         <value>0x29af</value>
         <object_component_ref idref="oc-f0"/>
      </symbol>
      <symbol id="sm-a0a">
         <name>C$$EXIT</name>
         <value>0x29b3</value>
         <object_component_ref idref="oc-123"/>
      </symbol>
      <symbol id="sm-a0b">
         <name>abort</name>
         <value>0x29b3</value>
         <object_component_ref idref="oc-123"/>
      </symbol>
      <symbol id="sm-a20">
         <name>_nop</name>
         <value>0x2747</value>
         <object_component_ref idref="oc-26c"/>
      </symbol>
      <symbol id="sm-a21">
         <name>_lock</name>
         <value>0x200083c8</value>
         <object_component_ref idref="oc-1da"/>
      </symbol>
      <symbol id="sm-a22">
         <name>_unlock</name>
         <value>0x200083cc</value>
         <object_component_ref idref="oc-1da"/>
      </symbol>
      <symbol id="sm-a24">
         <name>__TI_static_base__</name>
         <value>0x2ae0</value>
      </symbol>
      <symbol id="sm-a27">
         <name>__mpu_init</name>
         <value>0x0</value>
      </symbol>
      <symbol id="sm-a28">
         <name>_system_post_cinit</name>
         <value>0x0</value>
      </symbol>
      <symbol id="sm-a29">
         <name>usleep</name>
         <value>0x1c31</value>
      </symbol>
      <symbol id="sm-a2a">
         <name>NoRTOS_start</name>
         <value>0x299b</value>
      </symbol>
   </symbol_table>
   <title>Link successful</title>
</link_info>
