******************************************************************************
                  TI ARM Linker PC v20.2.7                     
******************************************************************************
>> Linked Fri Feb 16 14:07:38 2024

OUTPUT FILE NAME:   <servo2.out>
ENTRY POINT SYMBOL: "resetISR"  address: 0000147d


MEMORY CONFIGURATION

         name            origin    length      used     unused   attr    fill
----------------------  --------  ---------  --------  --------  ----  --------
  MAIN                  00000000   00040000  00001780  0003e880  R  X
  INFO                  00200000   00004000  00000000  00004000  R  X
  SRAM_CODE             01000000   00010000  0000939a  00006c66  RW X
  SRAM_DATA             20000000   00010000  0000939a  00006c66  RW  


SEGMENT ALLOCATION MAP

run origin  load origin   length   init length attrs members
----------  ----------- ---------- ----------- ----- -------
00000000    00000000    00001780   00001780    r-x
  00000000    00000000    00000144   00000144    r-- .intvecs
  00000144    00000144    00001514   00001514    r-x .text
  00001658    00001658    000000c8   000000c8    r-- .const
  00001720    00001720    00000060   00000060    r-- .cinit
20000000    20000000    000082b8   00000000    rw-
  20000000    20000000    00008000   00000000    rw- .sysmem
  20008000    20008000    0000019a   00000000    rw- .data
  200081a0    200081a0    00000118   00000000    rw- .bss
20008400    20008400    000000e8   00000000    rw-
  20008400    20008400    000000e8   00000000    rw- .vtable
2000f000    2000f000    00001000   00000000    rw-
  2000f000    2000f000    00001000   00000000    rw- .stack


SECTION ALLOCATION MAP

 output                                  attributes/
section   page    origin      length       input sections
--------  ----  ----------  ----------   ----------------
.text      0    00000144    00001514     
                  00000144    0000015c     msp432p4xx_driverlib.lib : pcm.o (.text:__PCM_setPowerModeAdvanced)
                  000002a0    0000011c                              : uart.o (.text:UART_initModule)
                  000003bc    00000108                              : pcm.o (.text:__PCM_setCoreVoltageLevelAdvanced)
                  000004c4    000000e0     nortos_msp432p401x.aem4f : TimerPMSP432_nortos.oem4f (.text:TimerP_construct)
                  000005a4    000000d8                              : SwiP_nortos.oem4f (.text:SwiP_construct)
                  0000067c    000000b4                              : ClockPTimer_nortos.oem4f (.text:ClockP_startup)
                  00000730    000000ac                              : ClockPTimer_nortos.oem4f (.text:ClockP_workFuncDynamic)
                  000007dc    000000a0                              : SemaphoreP_nortos.oem4f (.text:SemaphoreP_pend)
                  0000087c    0000009c                              : SwiP_nortos.oem4f (.text:SwiP_dispatch)
                  00000918    0000009c     rtsv7M4_T_le_v4SPD16_eabi.lib : memcpy_t2.asm.obj (.text)
                  000009b4    00000096                                   : ull_div_t2.asm.obj (.text)
                  00000a4a    00000002     nortos_msp432p401x.aem4f : SemaphoreP_nortos.oem4f (.text:SemaphoreP_destruct)
                  00000a4c    00000088     msp432p4xx_driverlib.lib : gpio.o (.text:GPIO_setAsPeripheralModuleFunctionInputPin)
                  00000ad4    00000084     main_nortos.obj (.text:main)
                  00000b58    00000080     nortos_msp432p401x.aem4f : ClockPTimer_nortos.oem4f (.text:ClockP_start)
                  00000bd8    00000080     msp432p4xx_driverlib.lib : interrupt.o (.text:Interrupt_enableInterrupt)
                  00000c58    00000078     nortos_msp432p401x.aem4f : ClockPTimer_nortos.oem4f (.text:ClockP_walkQueueDynamic)
                  00000cd0    00000070                              : HwiPMSP432_nortos.oem4f (.text:HwiP_construct)
                  00000d40    0000006c                              : TimerPMSP432_nortos.oem4f (.text:TimerP_getCurrentTick)
                  00000dac    00000068     msp432p4xx_driverlib.lib : interrupt.o (.text:Interrupt_pendInterrupt)
                  00000e14    00000068     nortos_msp432p401x.aem4f : SwiP_nortos.oem4f (.text:SwiP_post)
                  00000e7c    00000068     rtsv7M4_T_le_v4SPD16_eabi.lib : copy_decompress_lzss.c.obj (.text:decompress:lzss:__TI_decompress_lzss)
                  00000ee4    0000005e     msp432p4xx_driverlib.lib : pcm.o (.text:PCM_getCoreVoltageLevel)
                  00000f42    00000002     nortos_msp432p401x.aem4f : startup_msp432_ccs.oem4f (.text:busFaultISR)
                  00000f44    0000005c     msp432p4xx_driverlib.lib : interrupt.o (.text:Interrupt_registerInterrupt)
                  00000fa0    0000005a                              : pcm.o (.text:PCM_getPowerMode)
                  00000ffa    00000002     nortos_msp432p401x.aem4f : SemaphoreP_nortos.oem4f (.text:clkFxn)
                  00000ffc    00000058                              : TimerPMSP432_nortos.oem4f (.text:TimerP_dynamicStub)
                  00001054    00000054     msp432p4xx_driverlib.lib : interrupt.o (.text:Interrupt_setPriority)
                  000010a8    00000050     nortos_msp432p401x.aem4f : SemaphoreP_nortos.oem4f (.text:SemaphoreP_construct)
                  000010f8    00000048     msp432p4xx_driverlib.lib : flash.o (.text:FlashCtl_setWaitState)
                  00001140    00000044     nortos_msp432p401x.aem4f : TimerPMSP432_nortos.oem4f (.text:TimerP_start)
                  00001184    00000044     rtsv7M4_T_le_v4SPD16_eabi.lib : autoinit.c.obj (.text:__TI_auto_init_nobinit_nopinit:__TI_auto_init_nobinit_nopinit)
                  000011c8    00000040     nortos_msp432p401x.aem4f : TimerPMSP432_nortos.oem4f (.text:TimerP_setNextTick)
                  00001208    0000003c                              : TimerPMSP432_nortos.oem4f (.text:TimerP_initDevice)
                  00001244    00000034     msp432p4xx_driverlib.lib : cs.o (.text:CS_setDCOCenteredFrequency)
                  00001278    00000034                              : uart.o (.text:UART_transmitData)
                  000012ac    00000034     rtsv7M4_T_le_v4SPD16_eabi.lib : boot_cortex_m.c.obj (.text:_c_int00_noargs:_c_int00_noargs)
                  000012e0    00000030     msp432p4xx_driverlib.lib : uart.o (.text:UART_enableInterrupt)
                  00001310    00000028     nortos_msp432p401x.aem4f : ClockPTimer_nortos.oem4f (.text:ClockP_sleep)
                  00001338    00000024                              : ClockPTimer_nortos.oem4f (.text:ClockP_getTicks)
                  0000135c    00000024                              : ClockPTimer_nortos.oem4f (.text:ClockP_scheduleNextTick)
                  00001380    00000024                              : HwiPMSP432_nortos.oem4f (.text:HwiP_dispatch)
                  000013a4    00000024     msp432p4xx_driverlib.lib : wdt_a.o (.text:WDT_A_holdTimer)
                  000013c8    00000024     nortos_msp432p401x.aem4f : ClockPTimer_nortos.oem4f (.text:sleepTicks)
                  000013ec    00000020                              : ClockPTimer_nortos.oem4f (.text:ClockP_add)
                  0000140c    00000020                              : QueueP_nortos.oem4f (.text:QueueP_put)
                  0000142c    0000001c     rtsv7M4_T_le_v4SPD16_eabi.lib : copy_zero_init.c.obj (.text:decompress:ZI:__TI_zero_init_nomemset:__TI_zero_init_nomemset)
                  00001448    0000001a     nortos_msp432p401x.aem4f : QueueP_nortos.oem4f (.text:QueueP_get)
                  00001462    00000018                              : ClockPTimer_nortos.oem4f (.text:ClockP_destruct)
                  0000147a    00000002                              : startup_msp432_ccs.oem4f (.text:defaultISR)
                  0000147c    00000018                              : startup_msp432_ccs.oem4f (.text:resetISR)
                  00001494    00000016     msp432p4xx_driverlib.lib : uart.o (.text:UART_enableModule)
                  000014aa    00000016     nortos_msp432p401x.aem4f : SwiP_nortos.oem4f (.text:maxbit)
                  000014c0    00000014     msp432p4xx_driverlib.lib : pcm.o (.text:PCM_getPowerState)
                  000014d4    00000014     drivers_msp432p401x.aem4f : PowerMSP432.oem4f (.text:Power_idleFunc)
                  000014e8    00000014     nortos_msp432p401x.aem4f : SwiP_nortos.oem4f (.text:SwiP_handleHwi)
                  000014fc    00000014                              : TimerPMSP432_nortos.oem4f (.text:TimerP_getCount)
                  00001510    00000012                              : HwiPMSP432_nortos.oem4f (.text:HwiP_Params_init)
                  00001522    00000010                              : HwiPMSP432_nortos.oem4f (.text:HwiP_disable)
                  00001532    00000010     msp432p4xx_driverlib.lib : interrupt.o (.text:Interrupt_disableMaster)
                  00001542    00000010                              : interrupt.o (.text:Interrupt_enableMaster)
                  00001552    00000002     nortos_msp432p401x.aem4f : startup_msp432_ccs.oem4f (.text:faultISR)
                  00001554    00000010     msp432p4xx_driverlib.lib : interrupt.o (.text:Interrupt_enableSleepOnIsrExit)
                  00001564    00000010                              : pcm.o (.text:PCM_setCoreVoltageLevel)
                  00001574    00000010                              : pcm.o (.text:PCM_setPowerMode)
                  00001584    00000010     drivers_msp432p401x.aem4f : PowerMSP432.oem4f (.text:Power_enablePolicy)
                  00001594    00000010     nortos_msp432p401x.aem4f : SemaphoreP_nortos.oem4f (.text:SemaphoreP_Params_init)
                  000015a4    00000010                              : SwiP_nortos.oem4f (.text:SwiP_Params_init)
                  000015b4    00000010                              : TimerPMSP432_nortos.oem4f (.text:TimerP_Params_init)
                  000015c4    0000000e                              : QueueP_nortos.oem4f (.text:QueueP_empty)
                  000015d2    0000000e                              : QueueP_nortos.oem4f (.text:QueueP_remove)
                  000015e0    0000000e     rtsv7M4_T_le_v4SPD16_eabi.lib : copy_decompress_none.c.obj (.text:decompress:none:__TI_decompress_none)
                  000015ee    0000000c     msp432p4xx_driverlib.lib : cpu.o (.text:CPU_cpsid)
                  000015fa    0000000c                              : cpu.o (.text:CPU_cpsie)
                  00001606    00000002     nortos_msp432p401x.aem4f : startup_msp432_ccs.oem4f (.text:nmiISR)
                  00001608    0000000c                              : ClockPTimer_nortos.oem4f (.text:ClockP_doTick)
                  00001614    0000000c                              : TimerPMSP432_nortos.oem4f (.text:TimerP_getFreq)
                  00001620    0000000c                              : TimerPMSP432_nortos.oem4f (.text:TimerP_getMaxTicks)
                  0000162c    00000008                              : HwiPMSP432_nortos.oem4f (.text:HwiP_restore)
                  00001634    00000006                              : QueueP_nortos.oem4f (.text:QueueP_init)
                  0000163a    00000004                              : ClockPTimer_nortos.oem4f (.text:ClockP_isActive)
                  0000163e    00000004                              : HwiPMSP432_nortos.oem4f (.text:HwiP_post)
                  00001642    00000004                              : QueueP_nortos.oem4f (.text:QueueP_head)
                  00001646    00000004                              : QueueP_nortos.oem4f (.text:QueueP_next)
                  0000164a    00000004                              : TimerPMSP432_nortos.oem4f (.text:TimerP_setPeriod)
                  0000164e    00000004     rtsv7M4_T_le_v4SPD16_eabi.lib : pre_init.c.obj (.text:_system_pre_init)
                  00001652    00000004                                   : exit.c.obj (.text:abort:abort)
                  00001656    00000002                                   : div0.asm.obj (.text)

.const     0    00001658    000000c8     
                  00001658    00000050     msp432p4xx_driverlib.lib : interrupt.o (.const:g_pulRegs)
                  000016a8    00000030                              : gpio.o (.const:GPIO_PORT_TO_BASE)
                  000016d8    00000028     main_nortos.obj (.const:uartConfig)
                  00001700    00000010     nortos_msp432p401x.aem4f : SwiP_nortos.oem4f (.const:SwiP_defaultParams)
                  00001710    00000008     msp432p4xx_driverlib.lib : interrupt.o (.const:g_pulEnRegs)
                  00001718    00000008                              : interrupt.o (.const:g_pulPendRegs)

.cinit     0    00001720    00000060     
                  00001720    00000026     (.cinit..data.load) [load image, compression = lzss]
                  00001746    00000002     --HOLE-- [fill = 0]
                  00001748    0000000c     (__TI_handler_table)
                  00001754    00000004     --HOLE-- [fill = 0]
                  00001758    00000008     (.cinit..bss.load) [load image, compression = zero_init]
                  00001760    00000008     (.cinit..vtable.load) [load image, compression = zero_init]
                  00001768    00000018     (__TI_cinit_table)

.init_array 
*          0    00000000    00000000     UNINITIALIZED

.intvecs   0    00000000    00000144     
                  00000000    00000144     nortos_msp432p401x.aem4f : startup_msp432_ccs.oem4f (.intvecs:retain)

.sysmem    0    20000000    00008000     UNINITIALIZED
                  20000000    00000010     rtsv7M4_T_le_v4SPD16_eabi.lib : memory.c.obj (.sysmem)
                  20000010    00007ff0     --HOLE--

.data      0    20008000    0000019a     UNINITIALIZED
                  20008000    00000140     nortos_msp432p401x.aem4f : HwiPMSP432_nortos.oem4f (.data:HwiP_dispatchTable)
                  20008140    0000002c     drivers_msp432p401x.aem4f : PowerMSP432.oem4f (.data:PowerMSP432_module)
                  2000816c    0000000c     nortos_msp432p401x.aem4f : TimerPMSP432_nortos.oem4f (.data:TimerP_defaultParams)
                  20008178    00000008                              : SemaphoreP_nortos.oem4f (.data:SemaphoreP_defaultParams)
                  20008180    00000008                              : ClockPTimer_nortos.oem4f (.data)
                  20008188    00000008                              : HwiPMSP432_nortos.oem4f (.data)
                  20008190    00000005     main_nortos.obj (.data:data)
                  20008195    00000003     nortos_msp432p401x.aem4f : SemaphoreP_nortos.oem4f (.data)
                  20008198    00000001                              : SwiP_nortos.oem4f (.data)
                  20008199    00000001                              : TimerPMSP432_nortos.oem4f (.data)

.bss       0    200081a0    00000118     UNINITIALIZED
                  200081a0    000000a0     nortos_msp432p401x.aem4f : ClockPTimer_nortos.oem4f (.bss:ClockP_module)
                  20008240    00000020                              : SwiP_nortos.oem4f (.bss:SwiP_readyList)
                  20008260    0000001c                              : SwiP_nortos.oem4f (.bss:SwiP_hwiStruct)
                  2000827c    0000001c                              : TimerPMSP432_nortos.oem4f (.bss:TimerP_hwiStruct)
                  20008298    0000000d                              : SwiP_nortos.oem4f (.bss)
                  200082a5    00000003     --HOLE--
                  200082a8    00000008                              : ClockPTimer_nortos.oem4f (.bss:timerFreq)
                  200082b0    00000004                              : ClockPTimer_nortos.oem4f (.bss)
                  200082b4    00000004                              : TimerPMSP432_nortos.oem4f (.bss)

.vtable    0    20008400    000000e8     UNINITIALIZED
                  20008400    000000e8     msp432p4xx_driverlib.lib : interrupt.o (.vtable)

.stack     0    2000f000    00001000     UNINITIALIZED
                  2000f000    00000004     rtsv7M4_T_le_v4SPD16_eabi.lib : boot_cortex_m.c.obj (.stack)
                  2000f004    00000ffc     --HOLE--

__llvm_prf_cnts 
*          0    20000000    00000000     UNINITIALIZED

.binit     0    00000000    00000000     

MODULE SUMMARY

       Module                       code   ro data   rw data
       ------                       ----   -------   -------
    .\
       main_nortos.obj              132    40        10     
    +--+----------------------------+------+---------+---------+
       Total:                       132    40        10     
                                                            
    C:/Users/gabri/Desktop/CCS_library/simplelink_msp432p4_sdk_3_40_01_02/simplelink_msp432p4_sdk_3_40_01_02/kernel/nortos/lib/nortos_msp432p401x.aem4f
       ClockPTimer_nortos.oem4f     820    0         360    
       HwiPMSP432_nortos.oem4f      194    0         656    
       TimerPMSP432_nortos.oem4f    676    0         90     
       SwiP_nortos.oem4f            534    16        148    
       startup_msp432_ccs.oem4f     32     324       0      
       SemaphoreP_nortos.oem4f      260    0         22     
       QueueP_nortos.oem4f          100    0         0      
    +--+----------------------------+------+---------+---------+
       Total:                       2616   340       1276   
                                                            
    C:/Users/gabri/Desktop/CCS_library/simplelink_msp432p4_sdk_3_40_01_02/simplelink_msp432p4_sdk_3_40_01_02/source/ti/devices/msp432p4xx/driverlib/ccs/msp432p4xx_driverlib.lib
       interrupt.o                  456    96        464    
       pcm.o                        848    0         0      
       uart.o                       406    0         0      
       gpio.o                       136    48        0      
       flash.o                      72     0         0      
       cs.o                         52     0         0      
       wdt_a.o                      36     0         0      
       cpu.o                        24     0         0      
    +--+----------------------------+------+---------+---------+
       Total:                       2030   144       464    
                                                            
    C:/Users/gabri/Desktop/CCS_library/simplelink_msp432p4_sdk_3_40_01_02/simplelink_msp432p4_sdk_3_40_01_02/source/ti/drivers/lib/drivers_msp432p401x.aem4f
       PowerMSP432.oem4f            36     0         88     
    +--+----------------------------+------+---------+---------+
       Total:                       36     0         88     
                                                            
    C:\ti\ccs1240\ccs\tools\compiler\ti-cgt-arm_20.2.7.LTS\lib\rtsv7M4_T_le_v4SPD16_eabi.lib
       memcpy_t2.asm.obj            156    0         0      
       ull_div_t2.asm.obj           150    0         0      
       copy_decompress_lzss.c.obj   104    0         0      
       autoinit.c.obj               68     0         0      
       boot_cortex_m.c.obj          52     0         0      
       copy_zero_init.c.obj         28     0         0      
       copy_decompress_none.c.obj   14     0         0      
       exit.c.obj                   4      0         0      
       pre_init.c.obj               4      0         0      
       div0.asm.obj                 2      0         0      
    +--+----------------------------+------+---------+---------+
       Total:                       582    0         0      
                                                            
       Heap:                        0      0         65536  
       Stack:                       0      0         8192   
       Linker Generated:            0      90        0      
    +--+----------------------------+------+---------+---------+
       Grand Total:                 5396   614       75566  


LINKER GENERATED COPY TABLES

__TI_cinit_table @ 00001768 records: 3, size/record: 8, table size: 24
	.data: load addr=00001720, load size=00000026 bytes, run addr=20008000, run size=0000019a bytes, compression=lzss
	.bss: load addr=00001758, load size=00000008 bytes, run addr=200081a0, run size=00000118 bytes, compression=zero_init
	.vtable: load addr=00001760, load size=00000008 bytes, run addr=20008400, run size=000000e8 bytes, compression=zero_init


LINKER GENERATED HANDLER TABLE

__TI_handler_table @ 00001748 records: 3, size/record: 4, table size: 12
	index: 0, handler: __TI_decompress_lzss
	index: 1, handler: __TI_decompress_none
	index: 2, handler: __TI_zero_init


GLOBAL SYMBOLS: SORTED ALPHABETICALLY BY Name 

address   name                                      
-------   ----                                      
00001653  C$$EXIT                                   
000015ef  CPU_cpsid                                 
000015fb  CPU_cpsie                                 
00001245  CS_setDCOCenteredFrequency                
000013ed  ClockP_add                                
00001463  ClockP_destruct                           
00001609  ClockP_doTick                             
00001339  ClockP_getTicks                           
0000163b  ClockP_isActive                           
0000135d  ClockP_scheduleNextTick                   
00001311  ClockP_sleep                              
00000b59  ClockP_start                              
0000067d  ClockP_startup                            
20008184  ClockP_tickPeriod                         
00000c59  ClockP_walkQueueDynamic                   
00000731  ClockP_workFuncDynamic                    
000010f9  FlashCtl_setWaitState                     
00000a4d  GPIO_setAsPeripheralModuleFunctionInputPin
00001511  HwiP_Params_init                          
00000cd1  HwiP_construct                            
00001523  HwiP_disable                              
00001381  HwiP_dispatch                             
20008188  HwiP_key                                  
0000163f  HwiP_post                                 
0000162d  HwiP_restore                              
2000818c  HwiP_swiPIntNum                           
00001533  Interrupt_disableMaster                   
00000bd9  Interrupt_enableInterrupt                 
00001543  Interrupt_enableMaster                    
00001555  Interrupt_enableSleepOnIsrExit            
00000dad  Interrupt_pendInterrupt                   
00000f45  Interrupt_registerInterrupt               
00001055  Interrupt_setPriority                     
00000ee5  PCM_getCoreVoltageLevel                   
00000fa1  PCM_getPowerMode                          
000014c1  PCM_getPowerState                         
00001565  PCM_setCoreVoltageLevel                   
00001575  PCM_setPowerMode                          
20008140  PowerMSP432_module                        
00001585  Power_enablePolicy                        
000014d5  Power_idleFunc                            
000015c5  QueueP_empty                              
00001449  QueueP_get                                
00001643  QueueP_head                               
00001635  QueueP_init                               
00001647  QueueP_next                               
0000140d  QueueP_put                                
000015d3  QueueP_remove                             
00001595  SemaphoreP_Params_init                    
000010a9  SemaphoreP_construct                      
20008178  SemaphoreP_defaultParams                  
00000a4b  SemaphoreP_destruct                       
000007dd  SemaphoreP_pend                           
000015a5  SwiP_Params_init                          
000005a5  SwiP_construct                            
0000087d  SwiP_dispatch                             
00000e15  SwiP_post                                 
000015b5  TimerP_Params_init                        
000004c5  TimerP_construct                          
00000ffd  TimerP_dynamicStub                        
00000d41  TimerP_getCurrentTick                     
00001615  TimerP_getFreq                            
00001621  TimerP_getMaxTicks                        
00001209  TimerP_initDevice                         
000011c9  TimerP_setNextTick                        
0000164b  TimerP_setPeriod                          
00001141  TimerP_start                              
000012e1  UART_enableInterrupt                      
00001495  UART_enableModule                         
000002a1  UART_initModule                           
00001279  UART_transmitData                         
4000480c  WDTCTL_SYM                                
000013a5  WDT_A_holdTimer                           
20010000  __STACK_END                               
00001000  __STACK_SIZE                              
00008000  __SYSMEM_SIZE                             
00001768  __TI_CINIT_Base                           
00001780  __TI_CINIT_Limit                          
00001748  __TI_Handler_Table_Base                   
00001754  __TI_Handler_Table_Limit                  
00001185  __TI_auto_init_nobinit_nopinit            
00000e7d  __TI_decompress_lzss                      
000015e1  __TI_decompress_none                      
ffffffff  __TI_pprof_out_hndl                       
ffffffff  __TI_prof_data_size                       
ffffffff  __TI_prof_data_start                      
00001720  __TI_static_base__                        
0000142d  __TI_zero_init_nomemset                   
00001657  __aeabi_idiv0                             
00001657  __aeabi_ldiv0                             
00000919  __aeabi_memcpy                            
00000919  __aeabi_memcpy4                           
00000919  __aeabi_memcpy8                           
000009b5  __aeabi_uldivmod                          
ffffffff  __binit__                                 
ffffffff  __c_args__                                
UNDEFED   __mpu_init                                
2000f000  __stack                                   
20000000  __start___llvm_prf_cnts                   
20000000  __stop___llvm_prf_cnts                    
000012ad  _c_int00_noargs                           
20000000  _sys_memory                               
UNDEFED   _system_post_cinit                        
0000164f  _system_pre_init                          
00001653  abort                                     
ffffffff  binit                                     
00000ffb  clkFxn                                    
20008190  data                                      
20008400  g_pfnRAMVectors                           
00000000  interruptVectors                          
00000ad5  main                                      
00000919  memcpy                                    
0000147d  resetISR                                  
00001311  sleep                                     
000016d8  uartConfig                                


GLOBAL SYMBOLS: SORTED BY Symbol Address 

address   name                                      
-------   ----                                      
00000000  interruptVectors                          
000002a1  UART_initModule                           
000004c5  TimerP_construct                          
000005a5  SwiP_construct                            
0000067d  ClockP_startup                            
00000731  ClockP_workFuncDynamic                    
000007dd  SemaphoreP_pend                           
0000087d  SwiP_dispatch                             
00000919  __aeabi_memcpy                            
00000919  __aeabi_memcpy4                           
00000919  __aeabi_memcpy8                           
00000919  memcpy                                    
000009b5  __aeabi_uldivmod                          
00000a4b  SemaphoreP_destruct                       
00000a4d  GPIO_setAsPeripheralModuleFunctionInputPin
00000ad5  main                                      
00000b59  ClockP_start                              
00000bd9  Interrupt_enableInterrupt                 
00000c59  ClockP_walkQueueDynamic                   
00000cd1  HwiP_construct                            
00000d41  TimerP_getCurrentTick                     
00000dad  Interrupt_pendInterrupt                   
00000e15  SwiP_post                                 
00000e7d  __TI_decompress_lzss                      
00000ee5  PCM_getCoreVoltageLevel                   
00000f45  Interrupt_registerInterrupt               
00000fa1  PCM_getPowerMode                          
00000ffb  clkFxn                                    
00000ffd  TimerP_dynamicStub                        
00001000  __STACK_SIZE                              
00001055  Interrupt_setPriority                     
000010a9  SemaphoreP_construct                      
000010f9  FlashCtl_setWaitState                     
00001141  TimerP_start                              
00001185  __TI_auto_init_nobinit_nopinit            
000011c9  TimerP_setNextTick                        
00001209  TimerP_initDevice                         
00001245  CS_setDCOCenteredFrequency                
00001279  UART_transmitData                         
000012ad  _c_int00_noargs                           
000012e1  UART_enableInterrupt                      
00001311  ClockP_sleep                              
00001311  sleep                                     
00001339  ClockP_getTicks                           
0000135d  ClockP_scheduleNextTick                   
00001381  HwiP_dispatch                             
000013a5  WDT_A_holdTimer                           
000013ed  ClockP_add                                
0000140d  QueueP_put                                
0000142d  __TI_zero_init_nomemset                   
00001449  QueueP_get                                
00001463  ClockP_destruct                           
0000147d  resetISR                                  
00001495  UART_enableModule                         
000014c1  PCM_getPowerState                         
000014d5  Power_idleFunc                            
00001511  HwiP_Params_init                          
00001523  HwiP_disable                              
00001533  Interrupt_disableMaster                   
00001543  Interrupt_enableMaster                    
00001555  Interrupt_enableSleepOnIsrExit            
00001565  PCM_setCoreVoltageLevel                   
00001575  PCM_setPowerMode                          
00001585  Power_enablePolicy                        
00001595  SemaphoreP_Params_init                    
000015a5  SwiP_Params_init                          
000015b5  TimerP_Params_init                        
000015c5  QueueP_empty                              
000015d3  QueueP_remove                             
000015e1  __TI_decompress_none                      
000015ef  CPU_cpsid                                 
000015fb  CPU_cpsie                                 
00001609  ClockP_doTick                             
00001615  TimerP_getFreq                            
00001621  TimerP_getMaxTicks                        
0000162d  HwiP_restore                              
00001635  QueueP_init                               
0000163b  ClockP_isActive                           
0000163f  HwiP_post                                 
00001643  QueueP_head                               
00001647  QueueP_next                               
0000164b  TimerP_setPeriod                          
0000164f  _system_pre_init                          
00001653  C$$EXIT                                   
00001653  abort                                     
00001657  __aeabi_idiv0                             
00001657  __aeabi_ldiv0                             
000016d8  uartConfig                                
00001720  __TI_static_base__                        
00001748  __TI_Handler_Table_Base                   
00001754  __TI_Handler_Table_Limit                  
00001768  __TI_CINIT_Base                           
00001780  __TI_CINIT_Limit                          
00008000  __SYSMEM_SIZE                             
20000000  __start___llvm_prf_cnts                   
20000000  __stop___llvm_prf_cnts                    
20000000  _sys_memory                               
20008140  PowerMSP432_module                        
20008178  SemaphoreP_defaultParams                  
20008184  ClockP_tickPeriod                         
20008188  HwiP_key                                  
2000818c  HwiP_swiPIntNum                           
20008190  data                                      
20008400  g_pfnRAMVectors                           
2000f000  __stack                                   
20010000  __STACK_END                               
4000480c  WDTCTL_SYM                                
ffffffff  __TI_pprof_out_hndl                       
ffffffff  __TI_prof_data_size                       
ffffffff  __TI_prof_data_start                      
ffffffff  __binit__                                 
ffffffff  __c_args__                                
ffffffff  binit                                     
UNDEFED   __mpu_init                                
UNDEFED   _system_post_cinit                        

[115 symbols]
