******************************************************************************
                  TI ARM Linker Unix v20.2.7                   
******************************************************************************
>> Linked Tue Feb 20 19:18:01 2024

OUTPUT FILE NAME:   <smart_lock3.out>
ENTRY POINT SYMBOL: "resetISR"  address: 00009845


MEMORY CONFIGURATION

         name            origin    length      used     unused   attr    fill
----------------------  --------  ---------  --------  --------  ----  --------
  MAIN                  00000000   00040000  0000a6d6  0003592a  R  X
  INFO                  00200000   00004000  00000000  00004000  R  X
  SRAM_CODE             01000000   00010000  00009e19  000061e7  RW X
  SRAM_DATA             20000000   00010000  00009e19  000061e7  RW  


SEGMENT ALLOCATION MAP

run origin  load origin   length   init length attrs members
----------  ----------- ---------- ----------- ----- -------
00000000    00000000    0000a6d8   0000a6d8    r-x
  00000000    00000000    00000144   00000144    r-- .intvecs
  00000144    00000144    00009b78   00009b78    r-x .text
  00009cbc    00009cbc    000008ba   000008ba    r-- .const
  0000a578    0000a578    00000160   00000160    r-- .cinit
20000000    20000000    00008d31   00000000    rw-
  20000000    20000000    00008000   00000000    rw- .sysmem
  20008000    20008000    000006a0   00000000    rw- .bss
  200086a0    200086a0    00000691   00000000    rw- .data
20009000    20009000    000000e8   00000000    rw-
  20009000    20009000    000000e8   00000000    rw- .vtable
2000f000    2000f000    00001000   00000000    rw-
  2000f000    2000f000    00001000   00000000    rw- .stack


SECTION ALLOCATION MAP

 output                                  attributes/
section   page    origin      length       input sections
--------  ----  ----------  ----------   ----------------
.text      0    00000144    00009b78     
                  00000144    00000a4e     rtsv7M4_T_le_v4SPD16_eabi.lib : _printfi.c.obj (.text:__TI_printfi)
                  00000b92    0000047e     grlib.a : string.obj (.text:Graphics_drawString)
                  00001010    000003e4     pin_pad.obj (.text:checkPinPad)
                  000013f4    000002f8     drivers_msp432p401x.aem4f : PowerMSP432.oem4f (.text:Power_sleep)
                  000016ec    000002d0                               : UARTMSP432.oem4f (.text:UARTMSP432_open)
                  000019bc    0000028c                               : SPIMSP432DMA.oem4f (.text:SPIMSP432DMA_open)
                  00001c48    00000288                               : PowerMSP432.oem4f (.text:initPerfControl)
                  00001ed0    00000270     rtsv7M4_T_le_v4SPD16_eabi.lib : _printfi.c.obj (.text:_pconv_a)
                  00002140    00000208     drivers_msp432p401x.aem4f : PWMTimerMSP432.oem4f (.text:PWMTimerMSP432_open)
                  00002348    000001d8     LcdDriver.obj (.text:Crystalfontz128x128_PixelDrawMultiple)
                  00002520    000001d0     rtsv7M4_T_le_v4SPD16_eabi.lib : _printfi.c.obj (.text:_pconv_g)
                  000026f0    000001c4     mfrc522.obj (.text:MFRC522_ToCard)
                  000028b4    000001b6     rtsv7M4_T_le_v4SPD16_eabi.lib : fd_add_t2.asm.obj (.text)
                  00002a6a    00000002     ti_drivers_config.obj (.text:Board_initHook)
                  00002a6c    00000170     drivers_msp432p401x.aem4f : GPIOMSP432.oem4f (.text:GPIO_setConfig)
                  00002bdc    00000150     pin_pad.obj (.text:getKey)
                  00002d2c    0000014c     drivers_msp432p401x.aem4f : TimerMSP432.oem4f (.text:TimerMSP432_open)
                  00002e78    0000013c     rtsv7M4_T_le_v4SPD16_eabi.lib : _printfi.c.obj (.text:_pconv_e)
                  00002fb4    00000136                                   : fd_div_t2.asm.obj (.text)
                  000030ea    00000002     msp432p4xx_driverlib.lib : interrupt.o (.text:IntDefaultHandler)
                  000030ec    00000134     LcdDriver.obj (.text:Crystalfontz128x128_SetDrawFrame)
                  00003220    00000130     drivers_msp432p401x.aem4f : UDMAMSP432.oem4f (.text:setupInterrupt)
                  00003350    0000012c     LcdDriver.obj (.text:Crystalfontz128x128_Init)
                  0000347c    0000012c     drivers_msp432p401x.aem4f : SPIMSP432DMA.oem4f (.text:SPIMSP432DMA_transfer)
                  000035a8    00000128     main_nortos.obj (.text:fn_DOOR_LOCKED)
                  000036d0    00000124     rtsv7M4_T_le_v4SPD16_eabi.lib : _printfi.c.obj (.text:fcvt)
                  000037f4    0000011c     msp432p4xx_driverlib.lib : uart.o (.text:UART_initModule)
                  00003910    00000114     drivers_msp432p401x.aem4f : PWMTimerMSP432.oem4f (.text:PWMTimerMSP432_setPeriod)
                  00003a24    00000114     rtsv7M4_T_le_v4SPD16_eabi.lib : fputs.c.obj (.text:fputs)
                  00003b38    00000110                                   : s_scalbn.c.obj (.text:scalbn)
                  00003c48    00000104     drivers_msp432p401x.aem4f : SPIMSP432DMA.oem4f (.text:SPIMSP432DMA_transferCancel)
                  00003d4c    00000100     rtsv7M4_T_le_v4SPD16_eabi.lib : memory.c.obj (.text:aligned_alloc)
                  00003e4c    000000fc     drivers_msp432p401x.aem4f : SPIMSP432DMA.oem4f (.text:configDMA)
                  00003f48    000000fc     rtsv7M4_T_le_v4SPD16_eabi.lib : fd_mul_t2.asm.obj (.text)
                  00004044    000000fa     grlib.a : string.obj (.text:Graphics_getStringWidth)
                  0000413e    00000002     drivers_msp432p401x.aem4f : PWMTimerMSP432.oem4f (.text:PWMTimerMSP432_init)
                  00004140    000000f0     msp432p4xx_driverlib.lib : dma.o (.text:DMA_setChannelTransfer)
                  00004230    000000e4                              : cs.o (.text:CS_startHFXTWithTimeout)
                  00004314    000000e4     rtsv7M4_T_le_v4SPD16_eabi.lib : memory.c.obj (.text:free)
                  000043f8    000000e0     msp432p4xx_driverlib.lib : cs.o (.text:CS_startLFXTWithTimeout)
                  000044d8    000000e0     nortos_msp432p401x.aem4f : TimerPMSP432_nortos.oem4f (.text:TimerP_construct)
                  000045b8    000000dc     drivers_msp432p401x.aem4f : UARTMSP432.oem4f (.text:UARTMSP432_readPolling)
                  00004694    000000dc                               : UDMAMSP432.oem4f (.text:UDMAMSP432_close)
                  00004770    000000dc     msp432p4xx_driverlib.lib : cs.o (.text:_CSGetHFXTFrequency)
                  0000484c    000000dc     rtsv7M4_T_le_v4SPD16_eabi.lib : setvbuf.c.obj (.text:setvbuf)
                  00004928    000000d8     nortos_msp432p401x.aem4f : SwiP_nortos.oem4f (.text:SwiP_construct)
                  00004a00    000000ca     drivers_msp432p401x.aem4f : UARTMSP432.oem4f (.text:UARTMSP432_hwiIntFxn)
                  00004aca    00000002     nortos_msp432p401x.aem4f : PowerMSP432_nortos.oem4f (.text:PowerMSP432_initPolicy)
                  00004acc    000000c8     drivers_msp432p401x.aem4f : TimerMSP432.oem4f (.text:TimerMSP432_start)
                  00004b94    000000bc                               : TimerMSP432.oem4f (.text:TimerMSP432_setPeriod)
                  00004c50    000000b8                               : UARTMSP432.oem4f (.text:initHw)
                  00004d08    000000b8                               : UARTMSP432.oem4f (.text:readTaskCallback)
                  00004dc0    000000b4     nortos_msp432p401x.aem4f : ClockPTimer_nortos.oem4f (.text:ClockP_startup)
                  00004e74    000000b4     drivers_msp432p401x.aem4f : UARTMSP432.oem4f (.text:UARTMSP432_control)
                  00004f28    000000b4                               : UARTMSP432.oem4f (.text:UARTMSP432_writePolling)
                  00004fdc    000000b4     main_nortos.obj (.text:fn_PIN_ENABLED)
                  00005090    000000b1     rtsv7M4_T_le_v4SPD16_eabi.lib : _printfi.c.obj (.text:_ltostr)
                  00005141    00000001     --HOLE-- [fill = 0]
                  00005142    000000b0     msp432p4xx_driverlib.lib : spi.o (.text:SPI_initMaster)
                  000051f2    00000002     nortos_msp432p401x.aem4f : PowerMSP432_nortos.oem4f (.text:PowerMSP432_updateFreqs)
                  000051f4    000000ac                              : ClockPTimer_nortos.oem4f (.text:ClockP_workFuncDynamic)
                  000052a0    000000ac     drivers_msp432p401x.aem4f : GPIOMSP432.oem4f (.text:GPIO_init)
                  0000534c    000000a8                               : UARTMSP432.oem4f (.text:UARTMSP432_write)
                  000053f4    000000a8                               : UARTMSP432.oem4f (.text:readTaskBlocking)
                  0000549c    000000a4                               : PWMTimerMSP432.oem4f (.text:PWMTimerMSP432_stop)
                  00005540    000000a4                               : TimerMSP432.oem4f (.text:initTimerHardware)
                  000055e4    000000a0     nortos_msp432p401x.aem4f : SemaphoreP_nortos.oem4f (.text:SemaphoreP_pend)
                  00005684    000000a0     drivers_msp432p401x.aem4f : UARTMSP432.oem4f (.text:readIsrTextCallback)
                  00005724    0000009c     LcdDriver.obj (.text:Crystalfontz128x128_RectFill)
                  000057c0    0000009c     grlib.a : line.obj (.text:Graphics_drawLineH)
                  0000585c    0000009c     drivers_msp432p401x.aem4f : PowerMSP432.oem4f (.text:Power_init)
                  000058f8    0000009c     nortos_msp432p401x.aem4f : SwiP_nortos.oem4f (.text:SwiP_dispatch)
                  00005994    0000009c     rtsv7M4_T_le_v4SPD16_eabi.lib : memcpy_t2.asm.obj (.text)
                  00005a30    0000009c     drivers_msp432p401x.aem4f : TimerMSP432.oem4f (.text:setT32TickCount)
                  00005acc    0000009c                               : TimerMSP432.oem4f (.text:setTATickCount)
                  00005b68    00000098     main_nortos.obj (.text:configTimer)
                  00005c00    00000098     main_nortos.obj (.text:fn_DOOR_OPEN)
                  00005c98    00000096     rtsv7M4_T_le_v4SPD16_eabi.lib : ull_div_t2.asm.obj (.text)
                  00005d2e    00000002     drivers_msp432p401x.aem4f : TimerMSP432.oem4f (.text:TimerMSP432_init)
                  00005d30    00000094                               : PWMTimerMSP432.oem4f (.text:PWMTimerMSP432_setDuty)
                  00005dc4    00000094                               : UDMAMSP432.oem4f (.text:UDMAMSP432_init)
                  00005e58    00000094                               : UDMAMSP432.oem4f (.text:UDMAMSP432_open)
                  00005eec    00000092                               : UARTMSP432.oem4f (.text:UARTMSP432_close)
                  00005f7e    00000092                               : UARTMSP432.oem4f (.text:writeData)
                  00006010    0000008c     mfrc522.obj (.text:MFRC522_Anticoll)
                  0000609c    0000008c     mfrc522.obj (.text:MFRC522_CalculateCRC)
                  00006128    0000008c     drivers_msp432p401x.aem4f : TimerMSP432.oem4f (.text:TimerMSP432_stop)
                  000061b4    0000008c     rtsv7M4_T_le_v4SPD16_eabi.lib : fputc.c.obj (.text:fputc)
                  00006240    0000008c     drivers_msp432p401x.aem4f : UARTMSP432.oem4f (.text:readIsrTextBlocking)
                  000062cc    00000088     msp432p4xx_driverlib.lib : gpio.o (.text:GPIO_setAsPeripheralModuleFunctionOutputPin)
                  00006354    00000088     drivers_msp432p401x.aem4f : PWMTimerMSP432.oem4f (.text:PWMTimerMSP432_close)
                  000063dc    00000086     rtsv7M4_T_le_v4SPD16_eabi.lib : fd_cmp_t2.asm.obj (.text:__aeabi_cdcmple)
                  00006462    00000086                                   : fd_cmp_t2.asm.obj (.text:__aeabi_cdrcmple)
                  000064e8    00000086     drivers_msp432p401x.aem4f : SPIMSP432DMA.oem4f (.text:initHw)
                  0000656e    00000002                               : UARTMSP432.oem4f (.text:UARTMSP432_init)
                  00006570    00000084                               : PWMTimerMSP432.oem4f (.text:PWMTimerMSP432_start)
                  000065f4    00000084                               : PowerMSP432.oem4f (.text:restartHFXT)
                  00006678    00000080     nortos_msp432p401x.aem4f : ClockPTimer_nortos.oem4f (.text:ClockP_start)
                  000066f8    00000080     msp432p4xx_driverlib.lib : interrupt.o (.text:Interrupt_disableInterrupt)
                  00006778    00000080                              : interrupt.o (.text:Interrupt_enableInterrupt)
                  000067f8    0000007c     main_nortos.obj (.text:fn_DOOR_UNLOCKED)
                  00006874    0000007c     drivers_msp432p401x.aem4f : PWMTimerMSP432.oem4f (.text:setConstraints)
                  000068f0    0000007a     rtsv7M4_T_le_v4SPD16_eabi.lib : memset_t2.asm.obj (.text)
                  0000696a    00000002                                   : _lock.c.obj (.text:_nop)
                  0000696c    00000078     nortos_msp432p401x.aem4f : ClockPTimer_nortos.oem4f (.text:ClockP_walkQueueDynamic)
                  000069e4    00000078     drivers_msp432p401x.aem4f : TimerMSP432.oem4f (.text:TimerMSP432_allocateTimerResource)
                  00006a5c    00000074     rtsv7M4_T_le_v4SPD16_eabi.lib : fclose.c.obj (.text:__TI_closefile)
                  00006ad0    00000070     nortos_msp432p401x.aem4f : HwiPMSP432_nortos.oem4f (.text:HwiP_construct)
                  00006b40    00000070     drivers_msp432p401x.aem4f : UARTMSP432.oem4f (.text:UARTMSP432_writeCancel)
                  00006bb0    00000070     rtsv7M4_T_le_v4SPD16_eabi.lib : memory.c.obj (.text:split)
                  00006c20    0000006e                                   : _printfi.c.obj (.text:_mcpy)
                  00006c8e    00000002     nortos_msp432p401x.aem4f : startup_msp432_ccs.oem4f (.text:busFaultISR)
                  00006c90    0000006c     rtsv7M4_T_le_v4SPD16_eabi.lib : hostrename.c.obj (.text:HOSTrename)
                  00006cfc    0000006c     nortos_msp432p401x.aem4f : TimerPMSP432_nortos.oem4f (.text:TimerP_getCurrentTick)
                  00006d68    0000006c     main_nortos.obj (.text:fn_SYSTEM_LOCKED)
                  00006dd4    0000006a     drivers_msp432p401x.aem4f : PWMTimerMSP432.oem4f (.text:perfChangeNotifyFxn)
                  00006e3e    00000002     nortos_msp432p401x.aem4f : SemaphoreP_nortos.oem4f (.text:clkFxn)
                  00006e40    00000068     drivers_msp432p401x.aem4f : GPIOMSP432.oem4f (.text:GPIO_hwiIntFxn)
                  00006ea8    00000068     rtsv7M4_T_le_v4SPD16_eabi.lib : hostlseek.c.obj (.text:HOSTlseek)
                  00006f10    00000068     msp432p4xx_driverlib.lib : interrupt.o (.text:Interrupt_pendInterrupt)
                  00006f78    00000068     drivers_msp432p401x.aem4f : PowerMSP432.oem4f (.text:PowerMSP432_getFreqs)
                  00006fe0    00000068     nortos_msp432p401x.aem4f : SwiP_nortos.oem4f (.text:SwiP_post)
                  00007048    00000068     rtsv7M4_T_le_v4SPD16_eabi.lib : copy_decompress_lzss.c.obj (.text:decompress:lzss:__TI_decompress_lzss)
                  000070b0    00000068     drivers_msp432p401x.aem4f : PWMTimerMSP432.oem4f (.text:initHw)
                  00007118    00000068     rtsv7M4_T_le_v4SPD16_eabi.lib : printf.c.obj (.text:printf)
                  00007180    00000064     drivers_msp432p401x.aem4f : SPIMSP432DMA.oem4f (.text:SPIMSP432DMA_close)
                  000071e4    00000064     servo.obj (.text:configServo)
                  00007248    00000064     uart.obj (.text:configUART)
                  000072ac    00000064     rtsv7M4_T_le_v4SPD16_eabi.lib : s_frexp.c.obj (.text:frexp)
                  00007310    00000064                                   : fseek.c.obj (.text:fseek)
                  00007374    00000064     nfc.obj (.text:readCardID)
                  000073d8    00000062     rtsv7M4_T_le_v4SPD16_eabi.lib : _io_perm.c.obj (.text:__TI_wrt_ok)
                  0000743a    00000060     LcdDriver.obj (.text:Crystalfontz128x128_LineDrawH)
                  0000749a    00000060     LcdDriver.obj (.text:Crystalfontz128x128_LineDrawV)
                  000074fa    00000002     nortos_msp432p401x.aem4f : startup_msp432_ccs.oem4f (.text:defaultISR)
                  000074fc    00000060     drivers_msp432p401x.aem4f : GPIOMSP432.oem4f (.text:GPIO_setCallback)
                  0000755c    00000060     rtsv7M4_T_le_v4SPD16_eabi.lib : hostopen.c.obj (.text:HOSTopen)
                  000075bc    00000060     uart.obj (.text:send_UART)
                  0000761c    0000005c     msp432p4xx_driverlib.lib : interrupt.o (.text:Interrupt_registerInterrupt)
                  00007678    0000005c     rtsv7M4_T_le_v4SPD16_eabi.lib : close.c.obj (.text:close)
                  000076d4    00000058     msp432p4xx_driverlib.lib : gpio.o (.text:GPIO_setAsInputPinWithPullDownResistor)
                  0000772c    00000058                              : gpio.o (.text:GPIO_setAsInputPinWithPullUpResistor)
                  00007784    00000058     drivers_msp432p401x.aem4f : GPIOMSP432.oem4f (.text:GPIO_write)
                  000077dc    00000058     rtsv7M4_T_le_v4SPD16_eabi.lib : hostread.c.obj (.text:HOSTread)
                  00007834    00000058                                   : hostwrite.c.obj (.text:HOSTwrite)
                  0000788c    00000058     msp432p4xx_driverlib.lib : interrupt.o (.text:Interrupt_unpendInterrupt)
                  000078e4    00000058     nortos_msp432p401x.aem4f : TimerPMSP432_nortos.oem4f (.text:TimerP_dynamicStub)
                  0000793c    00000058     drivers_msp432p401x.aem4f : UARTMSP432.oem4f (.text:readIsrBinaryBlocking)
                  00007994    00000058                               : SPIMSP432DMA.oem4f (.text:spiHwiFxn)
                  000079ec    00000056     rtsv7M4_T_le_v4SPD16_eabi.lib : _printfi.c.obj (.text:_pconv_f)
                  00007a42    00000056     pin_pad.obj (.text:configKeyPad)
                  00007a98    00000054     LcdDriver.obj (.text:Crystalfontz128x128_SetOrientation)
                  00007aec    00000054     msp432p4xx_driverlib.lib : interrupt.o (.text:Interrupt_setPriority)
                  00007b40    00000054     drivers_msp432p401x.aem4f : TimerMSP432.oem4f (.text:TimerMSP432_freeTimerResource)
                  00007b94    00000054     rtsv7M4_T_le_v4SPD16_eabi.lib : _ltoa.c.obj (.text:__TI_ltoa)
                  00007be8    00000054     nfc.obj (.text:configNFC)
                  00007c3c    00000052     grlib.a : context.obj (.text:Graphics_initContext)
                  00007c8e    00000052     rtsv7M4_T_le_v4SPD16_eabi.lib : _printfi.c.obj (.text:_ecpy)
                  00007ce0    00000050     nortos_msp432p401x.aem4f : SemaphoreP_nortos.oem4f (.text:SemaphoreP_construct)
                  00007d30    00000050     drivers_msp432p401x.aem4f : TimerMSP432.oem4f (.text:TimerMSP432_hwiIntFunction)
                  00007d80    00000050                               : UDMAMSP432.oem4f (.text:UDMAMSP432_hwiFxn)
                  00007dd0    00000050     main_nortos.obj (.text:concatstr)
                  00007e20    0000004e     drivers_msp432p401x.aem4f : TimerMSP432.oem4f (.text:TimerMSP432_close)
                  00007e6e    00000002     nortos_msp432p401x.aem4f : startup_msp432_ccs.oem4f (.text:faultISR)
                  00007e70    0000004c     mfrc522.obj (.text:SPI_SendByte)
                  00007ebc    0000004c     rtsv7M4_T_le_v4SPD16_eabi.lib : fflush.c.obj (.text:__TI_doflush)
                  00007f08    0000004c                                   : atoi.c.obj (.text:atoi)
                  00007f54    0000004c     pin_pad.obj (.text:configGraphic)
                  00007fa0    0000004c     drivers_msp432p401x.aem4f : UARTMSP432.oem4f (.text:readIsrBinaryCallback)
                  00007fec    00000048     nortos_msp432p401x.aem4f : ClockPTimer_nortos.oem4f (.text:ClockP_construct)
                  00008034    00000048     grlib.a : string.obj (.text:Graphics_drawStringCentered)
                  0000807c    00000048     nortos_msp432p401x.aem4f : PowerMSP432_nortos.oem4f (.text:PowerMSP432_sleepPolicy)
                  000080c4    00000048     drivers_msp432p401x.aem4f : PowerMSP432.oem4f (.text:Power_releaseConstraint)
                  0000810c    00000048     rtsv7M4_T_le_v4SPD16_eabi.lib : exit.c.obj (.text:exit)
                  00008154    00000048                                   : fd_toi_t2.asm.obj (.text)
                  0000819c    00000046     mfrc522.obj (.text:MFRC522_Request)
                  000081e2    00000046     drivers_msp432p401x.aem4f : RingBuf.oem4f (.text:RingBuf_put)
                  00008228    00000044     rtsv7M4_T_le_v4SPD16_eabi.lib : hostclose.c.obj (.text:HOSTclose)
                  0000826c    00000044                                   : hostunlink.c.obj (.text:HOSTunlink)
                  000082b0    00000044     mfrc522.obj (.text:MFRC522_Init)
                  000082f4    00000044     drivers_msp432p401x.aem4f : PWM.oem4f (.text:PWM_init)
                  00008338    00000044                               : SPI.oem4f (.text:SPI_init)
                  0000837c    00000044     nortos_msp432p401x.aem4f : SemaphoreP_nortos.oem4f (.text:SemaphoreP_post)
                  000083c0    00000044                              : SwiP_nortos.oem4f (.text:SwiP_restore)
                  00008404    00000044                              : TimerPMSP432_nortos.oem4f (.text:TimerP_start)
                  00008448    00000044     drivers_msp432p401x.aem4f : Timer.oem4f (.text:Timer_init)
                  0000848c    00000044                               : UART.oem4f (.text:UART_init)
                  000084d0    00000044     rtsv7M4_T_le_v4SPD16_eabi.lib : autoinit.c.obj (.text:__TI_auto_init_nobinit_nopinit:__TI_auto_init_nobinit_nopinit)
                  00008514    00000044                                   : getdevice.c.obj (.text:getdevice)
                  00008558    00000044     main_nortos.obj (.text:session_expired)
                  0000859c    00000040     LcdDriver.obj (.text:Crystalfontz128x128_PixelDraw)
                  000085dc    00000040     msp432p4xx_driverlib.lib : gpio.o (.text:GPIO_setAsOutputPin)
                  0000861c    00000040     grlib.a : string.obj (.text:Graphics_getNumberOfLeadingZeros)
                  0000865c    00000040     LcdDriver.obj (.text:HAL_LCD_SpiInit)
                  0000869c    00000040     drivers_msp432p401x.aem4f : PWM.oem4f (.text:PWM_open)
                  000086dc    00000040                               : RingBuf.oem4f (.text:RingBuf_get)
                  0000871c    00000040                               : SPI.oem4f (.text:SPI_open)
                  0000875c    00000040     nortos_msp432p401x.aem4f : TimerPMSP432_nortos.oem4f (.text:TimerP_setNextTick)
                  0000879c    00000040     drivers_msp432p401x.aem4f : Timer.oem4f (.text:Timer_open)
                  000087dc    00000040                               : UARTMSP432.oem4f (.text:UARTMSP432_read)
                  0000881c    00000040                               : UART.oem4f (.text:UART_open)
                  0000885c    00000040                               : PWMTimerMSP432.oem4f (.text:getDutyCounts)
                  0000889c    00000040                               : PWMTimerMSP432.oem4f (.text:getPeriodCounts)
                  000088dc    00000040     msp432p4xx_driverlib.lib : spi.o (.text:is_A_Module)
                  0000891c    00000040     drivers_msp432p401x.aem4f : UARTMSP432.oem4f (.text:perfChangeNotifyFxn)
                  0000895c    00000040     rtsv7M4_T_le_v4SPD16_eabi.lib : sprintf.c.obj (.text:sprintf)
                  0000899c    0000003e                                   : _printfi.c.obj (.text:_fcpy)
                  000089da    00000002     nortos_msp432p401x.aem4f : startup_msp432_ccs.oem4f (.text:nmiISR)
                  000089dc    0000003c                              : TimerPMSP432_nortos.oem4f (.text:TimerP_initDevice)
                  00008a18    00000038     LcdDriver.obj (.text:HAL_LCD_writeCommand)
                  00008a50    00000038     drivers_msp432p401x.aem4f : PowerMSP432.oem4f (.text:Power_setConstraint)
                  00008a88    00000038                               : TimerMSP432.oem4f (.text:TimerMSP432_getCount)
                  00008ac0    00000038     rtsv7M4_T_le_v4SPD16_eabi.lib : trgmsg.c.obj (.text:__TI_writemsg)
                  00008af8    00000038     main_nortos.obj (.text:main)
                  00008b30    00000038     drivers_msp432p401x.aem4f : PowerMSP432.oem4f (.text:notify)
                  00008b68    00000036     grlib.a : display.obj (.text:Graphics_drawHorizontalLineOnDisplay)
                  00008b9e    00000036     drivers_msp432p401x.aem4f : UARTMSP432.oem4f (.text:UARTMSP432_readCancel)
                  00008bd4    00000036     main_nortos.obj (.text:configureAll)
                  00008c0a    00000036     rtsv7M4_T_le_v4SPD16_eabi.lib : strncpy.c.obj (.text:strncpy)
                  00008c40    00000034     mfrc522.obj (.text:MFRC522_Check)
                  00008c74    00000034     rtsv7M4_T_le_v4SPD16_eabi.lib : fopen.c.obj (.text:__TI_cleanup)
                  00008ca8    00000034                                   : trgmsg.c.obj (.text:__TI_readmsg)
                  00008cdc    00000034                                   : boot_cortex_m.c.obj (.text:_c_int00_noargs:_c_int00_noargs)
                  00008d10    00000030     msp432p4xx_driverlib.lib : gpio.o (.text:GPIO_getInputPinValue)
                  00008d40    00000030     LcdDriver.obj (.text:HAL_LCD_PortInit)
                  00008d70    00000030     mfrc522.obj (.text:MFRC522_Halt)
                  00008da0    00000030     uart.obj (.text:check_Answer)
                  00008dd0    00000030     rtsv7M4_T_le_v4SPD16_eabi.lib : getdevice.c.obj (.text:finddevice)
                  00008e00    00000030     main_nortos.obj (.text:fn_INIT)
                  00008e30    00000030     drivers_msp432p401x.aem4f : PWMTimerMSP432.oem4f (.text:mapPin)
                  00008e60    00000030                               : SPIMSP432DMA.oem4f (.text:mapPin)
                  00008e90    00000030                               : UARTMSP432.oem4f (.text:mapPin)
                  00008ec0    0000002e     mfrc522.obj (.text:SPI_ReadRegister)
                  00008eee    0000002e     rtsv7M4_T_le_v4SPD16_eabi.lib : i_tofd_t2.asm.obj (.text)
                  00008f1c    0000002c     LcdDriver.obj (.text:Crystalfontz128x128_ClearScreen)
                  00008f48    0000002c     grlib.a : display.obj (.text:Graphics_drawPixelOnDisplay)
                  00008f74    0000002c     LcdDriver.obj (.text:HAL_LCD_writeData)
                  00008fa0    0000002c     mfrc522.obj (.text:SPI_WriteRegister)
                  00008fcc    0000002c     drivers_msp432p401x.aem4f : TimerMSP432.oem4f (.text:perfChangeNotifyFxn)
                  00008ff8    0000002c     main_nortos.obj (.text:resetVariables)
                  00009024    0000002c     rtsv7M4_T_le_v4SPD16_eabi.lib : unlink.c.obj (.text:unlink)
                  00009050    0000002a     nortos_msp432p401x.aem4f : HwiPMSP432_nortos.oem4f (.text:HwiP_create)
                  0000907a    0000002a     mfrc522.obj (.text:MFRC522_ReadRegister)
                  000090a4    0000002a     drivers_msp432p401x.aem4f : SPIMSP432DMA.oem4f (.text:perfChangeNotifyFxn)
                  000090ce    00000028     LcdDriver.obj (.text:Crystalfontz128x128_ColorTranslate)
                  000090f6    00000002     rtsv7M4_T_le_v4SPD16_eabi.lib : div0.asm.obj (.text)
                  000090f8    00000028     msp432p4xx_driverlib.lib : gpio.o (.text:GPIO_setOutputHighOnPin)
                  00009120    00000028                              : gpio.o (.text:GPIO_setOutputLowOnPin)
                  00009148    00000028                              : gpio.o (.text:GPIO_toggleOutputOnPin)
                  00009170    00000028                              : pcm.o (.text:PCM_gotoLPM0)
                  00009198    00000028     drivers_msp432p401x.aem4f : PowerMSP432.oem4f (.text:Power_registerNotify)
                  000091c0    00000028     msp432p4xx_driverlib.lib : spi.o (.text:SPI_getInterruptStatus)
                  000091e8    00000028     drivers_msp432p401x.aem4f : PowerMSP432.oem4f (.text:disableFaultCounter)
                  00009210    00000028                               : PowerMSP432.oem4f (.text:disableHFXT)
                  00009238    00000028                               : UARTMSP432.oem4f (.text:findBaudDividerIndex)
                  00009260    00000028     rtsv7M4_T_le_v4SPD16_eabi.lib : memory.c.obj (.text:free_list_insert)
                  00009288    00000028                                   : lseek.c.obj (.text:lseek)
                  000092b0    00000028     main_nortos.obj (.text:start_timer)
                  000092d8    00000028     rtsv7M4_T_le_v4SPD16_eabi.lib : write.c.obj (.text:write)
                  00009300    00000026     drivers_msp432p401x.aem4f : List.oem4f (.text:List_put)
                  00009326    00000026                               : List.oem4f (.text:List_remove)
                  0000934c    00000026     mfrc522.obj (.text:MFRC522_ClearBitMask)
                  00009372    00000026     mfrc522.obj (.text:MFRC522_SetBitMask)
                  00009398    00000026     mfrc522.obj (.text:MFRC522_WriteRegister)
                  000093be    00000026     drivers_msp432p401x.aem4f : PWMTimerMSP432.oem4f (.text:releaseConstraints)
                  000093e4    00000024     nortos_msp432p401x.aem4f : ClockPTimer_nortos.oem4f (.text:ClockP_getTicks)
                  00009408    00000024                              : ClockPTimer_nortos.oem4f (.text:ClockP_scheduleNextTick)
                  0000942c    00000024                              : HwiPMSP432_nortos.oem4f (.text:HwiP_dispatch)
                  00009450    00000024     msp432p4xx_driverlib.lib : wdt_a.o (.text:WDT_A_holdTimer)
                  00009474    00000024     main_nortos.obj (.text:configPorts)
                  00009498    00000020     msp432p4xx_driverlib.lib : cs.o (.text:CS_setExternalClockSourceFrequency)
                  000094b8    00000020     nortos_msp432p401x.aem4f : ClockPTimer_nortos.oem4f (.text:ClockP_add)
                  000094d8    00000020     mfrc522.obj (.text:MFRC522_AntennaOn)
                  000094f8    00000020     drivers_msp432p401x.aem4f : PowerMSP432.oem4f (.text:Power_unregisterNotify)
                  00009518    00000020     nortos_msp432p401x.aem4f : QueueP_nortos.oem4f (.text:QueueP_put)
                  00009538    00000020     drivers_msp432p401x.aem4f : RingBuf.oem4f (.text:RingBuf_peek)
                  00009558    00000020     servo.obj (.text:closeDoor)
                  00009578    00000020     rtsv7M4_T_le_v4SPD16_eabi.lib : memchr.c.obj (.text:memchr)
                  00009598    00000020     servo.obj (.text:openDoor)
                  000095b8    0000001e     drivers_msp432p401x.aem4f : PWMTimerMSP432.oem4f (.text:corroboratePeriod)
                  000095d6    0000001e     pir.obj (.text:readPIR)
                  000095f4    0000001c     msp432p4xx_driverlib.lib : interrupt.o (.text:Interrupt_unregisterInterrupt)
                  00009610    0000001c                              : spi.o (.text:SPI_enableModule)
                  0000962c    0000001c     nortos_msp432p401x.aem4f : SwiP_nortos.oem4f (.text:SwiP_disable)
                  00009648    0000001c     ti_drivers_config.obj (.text:dmaErrorFxn)
                  00009664    0000001c     rtsv7M4_T_le_v4SPD16_eabi.lib : memory.c.obj (.text:free_list_remove)
                  00009680    0000001c                                   : memccpy.c.obj (.text:memccpy)
                  0000969c    0000001a     nortos_msp432p401x.aem4f : ClockPTimer_nortos.oem4f (.text:ClockP_create)
                  000096b6    0000001a     grlib.a : display.obj (.text:Graphics_clearDisplayOnDisplay)
                  000096d0    0000001a             : context.obj (.text:Graphics_setBackgroundColor)
                  000096ea    0000001a             : context.obj (.text:Graphics_setFont)
                  00009704    0000001a     nortos_msp432p401x.aem4f : QueueP_nortos.oem4f (.text:QueueP_get)
                  0000971e    0000001a                              : SemaphoreP_nortos.oem4f (.text:SemaphoreP_createBinary)
                  00009738    0000001a     rtsv7M4_T_le_v4SPD16_eabi.lib : s_copysign.c.obj (.text:copysign)
                  00009752    00000018     nortos_msp432p401x.aem4f : ClockPTimer_nortos.oem4f (.text:ClockP_destruct)
                  0000976a    00000018     msp432p4xx_driverlib.lib : spi.o (.text:EUSCI_A_SPI_getInterruptStatus)
                  00009782    00000018                              : spi.o (.text:EUSCI_B_SPI_getInterruptStatus)
                  0000979a    00000018     nortos_msp432p401x.aem4f : HwiPMSP432_nortos.oem4f (.text:HwiP_delete)
                  000097b2    00000002     --HOLE-- [fill = 0]
                  000097b4    00000018                              : HwiPMSP432_nortos.oem4f (.text:HwiP_inISR)
                  000097cc    00000018     msp432p4xx_driverlib.lib : sysctl_a.o (.text:SysCtl_A_disableNMISource)
                  000097e4    00000018                              : sysctl_a.o (.text:SysCtl_A_enableNMISource)
                  000097fc    00000018     drivers_msp432p401x.aem4f : UART.oem4f (.text:UART_Params_init)
                  00009814    00000018     rtsv7M4_T_le_v4SPD16_eabi.lib : sprintf.c.obj (.text:_outs)
                  0000982c    00000018     drivers_msp432p401x.aem4f : PWMTimerMSP432.oem4f (.text:corroborateDuty)
                  00009844    00000018     nortos_msp432p401x.aem4f : startup_msp432_ccs.oem4f (.text:resetISR)
                  0000985c    00000018     rtsv7M4_T_le_v4SPD16_eabi.lib : strcmp.c.obj (.text:strcmp)
                  00009874    00000016     msp432p4xx_driverlib.lib : spi.o (.text:EUSCI_A_SPI_enable)
                  0000988a    00000016                              : spi.o (.text:EUSCI_B_SPI_enable)
                  000098a0    00000016     grlib.a : context.obj (.text:Graphics_setForegroundColor)
                  000098b6    00000016             : display.obj (.text:Graphics_translateColorOnDisplay)
                  000098cc    00000016     nortos_msp432p401x.aem4f : SemaphoreP_nortos.oem4f (.text:SemaphoreP_create)
                  000098e2    00000016                              : SwiP_nortos.oem4f (.text:maxbit)
                  000098f8    00000016     rtsv7M4_T_le_v4SPD16_eabi.lib : strchr.c.obj (.text:strchr)
                  0000990e    00000002     --HOLE-- [fill = 0]
                  00009910    00000014     drivers_msp432p401x.aem4f : PWM.oem4f (.text:PWM_Params_init)
                  00009924    00000014                               : PowerMSP432.oem4f (.text:Power_idleFunc)
                  00009938    00000014                               : SPI.oem4f (.text:SPI_Params_init)
                  0000994c    00000014     nortos_msp432p401x.aem4f : SwiP_nortos.oem4f (.text:SwiP_handleHwi)
                  00009960    00000014                              : TimerPMSP432_nortos.oem4f (.text:TimerP_getCount)
                  00009974    00000014     main_nortos.obj (.text:clear)
                  00009988    00000014     drivers_msp432p401x.aem4f : UARTMSP432.oem4f (.text:clearTXCPTIFG)
                  0000999c    00000014     rtsv7M4_T_le_v4SPD16_eabi.lib : strcpy.c.obj (.text:strcpy)
                  000099b0    00000014                                   : strlen.c.obj (.text:strlen)
                  000099c4    00000012     grlib.a : context.obj (.text:Graphics_clearDisplay)
                  000099d6    00000012     nortos_msp432p401x.aem4f : HwiPMSP432_nortos.oem4f (.text:HwiP_Params_init)
                  000099e8    00000012     drivers_msp432p401x.aem4f : RingBuf.oem4f (.text:RingBuf_construct)
                  000099fa    00000012     rtsv7M4_T_le_v4SPD16_eabi.lib : wcslen.c.obj (.text:wcslen)
                  00009a0c    00000010     nortos_msp432p401x.aem4f : ClockPTimer_nortos.oem4f (.text:ClockP_Params_init)
                  00009a1c    00000010                              : ClockPTimer_nortos.oem4f (.text:ClockP_delete)
                  00009a2c    00000010                              : HwiPMSP432_nortos.oem4f (.text:HwiP_disable)
                  00009a3c    00000010     msp432p4xx_driverlib.lib : interrupt.o (.text:Interrupt_disableMaster)
                  00009a4c    00000010                              : interrupt.o (.text:Interrupt_enableMaster)
                  00009a5c    00000010     drivers_msp432p401x.aem4f : PowerMSP432.oem4f (.text:PowerMSP432_getNumPerfLevels)
                  00009a6c    00000010                               : PowerMSP432.oem4f (.text:Power_disablePolicy)
                  00009a7c    00000010                               : PowerMSP432.oem4f (.text:Power_enablePolicy)
                  00009a8c    00000010     nortos_msp432p401x.aem4f : SemaphoreP_nortos.oem4f (.text:SemaphoreP_Params_init)
                  00009a9c    00000010                              : SwiP_nortos.oem4f (.text:SwiP_Params_init)
                  00009aac    00000010     msp432p4xx_driverlib.lib : sysctl_a.o (.text:SysCtl_A_getNMISourceStatus)
                  00009abc    00000010                              : sysctl.o (.text:SysCtl_getNMISourceStatus)
                  00009acc    00000010     nortos_msp432p401x.aem4f : TimerPMSP432_nortos.oem4f (.text:TimerP_Params_init)
                  00009adc    00000010     drivers_msp432p401x.aem4f : Timer.oem4f (.text:Timer_Params_init)
                  00009aec    00000010                               : UARTMSP432.oem4f (.text:readBlockingTimeout)
                  00009afc    0000000e     nortos_msp432p401x.aem4f : QueueP_nortos.oem4f (.text:QueueP_empty)
                  00009b0a    0000000e                              : QueueP_nortos.oem4f (.text:QueueP_remove)
                  00009b18    0000000e     pir.obj (.text:configPIR)
                  00009b26    0000000e     rtsv7M4_T_le_v4SPD16_eabi.lib : copy_decompress_none.c.obj (.text:decompress:none:__TI_decompress_none)
                  00009b34    0000000c     ti_drivers_config.obj (.text:Board_init)
                  00009b40    0000000c     msp432p4xx_driverlib.lib : cpu.o (.text:CPU_cpsid)
                  00009b4c    0000000c                              : cpu.o (.text:CPU_cpsie)
                  00009b58    0000000c     nortos_msp432p401x.aem4f : ClockPTimer_nortos.oem4f (.text:ClockP_doTick)
                  00009b64    0000000c     mfrc522.obj (.text:MFRC522_Reset)
                  00009b70    0000000c     drivers_msp432p401x.aem4f : PowerMSP432.oem4f (.text:Power_getConstraintMask)
                  00009b7c    0000000c                               : PowerMSP432.oem4f (.text:Power_getPerformanceLevel)
                  00009b88    0000000c     nortos_msp432p401x.aem4f : TimerPMSP432_nortos.oem4f (.text:TimerP_getFreq)
                  00009b94    0000000c                              : TimerPMSP432_nortos.oem4f (.text:TimerP_getMaxTicks)
                  00009ba0    0000000c     rtsv7M4_T_le_v4SPD16_eabi.lib : copy_zero_init.c.obj (.text:decompress:ZI:__TI_zero_init)
                  00009bac    0000000c     main_nortos.obj (.text:stop_timer)
                  00009bb8    0000000a     LcdDriver.obj (.text:Crystalfontz128x128_Flush)
                  00009bc2    0000000a     drivers_msp432p401x.aem4f : PWM.oem4f (.text:PWM_setDuty)
                  00009bcc    0000000a                               : PWM.oem4f (.text:PWM_start)
                  00009bd6    0000000a                               : SPI.oem4f (.text:SPI_transfer)
                  00009be0    0000000a                               : Timer.oem4f (.text:Timer_start)
                  00009bea    0000000a                               : Timer.oem4f (.text:Timer_stop)
                  00009bf4    0000000a                               : UART.oem4f (.text:UART_read)
                  00009bfe    0000000a                               : UART.oem4f (.text:UART_write)
                  00009c08    0000000a     rtsv7M4_T_le_v4SPD16_eabi.lib : sprintf.c.obj (.text:_outc)
                  00009c12    0000000a     main_nortos.obj (.text:change_state)
                  00009c1c    00000008     nortos_msp432p401x.aem4f : HwiPMSP432_nortos.oem4f (.text:HwiP_restore)
                  00009c24    00000008     rtsv7M4_T_le_v4SPD16_eabi.lib : errno.c.obj (.text:__aeabi_errno_addr)
                  00009c2c    00000008     drivers_msp432p401x.aem4f : SPIMSP432DMA.oem4f (.text:blockingTransferCallback)
                  00009c34    00000008     rtsv7M4_T_le_v4SPD16_eabi.lib : memory.c.obj (.text:malloc)
                  00009c3c    00000008     drivers_msp432p401x.aem4f : UARTMSP432.oem4f (.text:readSemCallback)
                  00009c44    00000008                               : UARTMSP432.oem4f (.text:txcptEnabledStatus)
                  00009c4c    00000008                               : UARTMSP432.oem4f (.text:writeSemCallback)
                  00009c54    00000006     nortos_msp432p401x.aem4f : ClockPTimer_nortos.oem4f (.text:ClockP_stop)
                  00009c5a    00000006     drivers_msp432p401x.aem4f : PWMTimerMSP432.oem4f (.text:PWMTimerMSP432_control)
                  00009c60    00000006                               : PWMTimerMSP432.oem4f (.text:PWMTimerMSP432_setDutyAndPeriod)
                  00009c66    00000006     nortos_msp432p401x.aem4f : QueueP_nortos.oem4f (.text:QueueP_init)
                  00009c6c    00000006     drivers_msp432p401x.aem4f : SPIMSP432DMA.oem4f (.text:SPIMSP432DMA_control)
                  00009c72    00000006                               : TimerMSP432.oem4f (.text:TimerMSP432_control)
                  00009c78    00000004     msp432p4xx_driverlib.lib : cpu.o (.text:CPU_wfi)
                  00009c7c    00000004     nortos_msp432p401x.aem4f : ClockPTimer_nortos.oem4f (.text:ClockP_isActive)
                  00009c80    00000004                              : ClockPTimer_nortos.oem4f (.text:ClockP_setTimeout)
                  00009c84    00000004                              : HwiPMSP432_nortos.oem4f (.text:HwiP_clearInterrupt)
                  00009c88    00000004                              : HwiPMSP432_nortos.oem4f (.text:HwiP_disableInterrupt)
                  00009c8c    00000004                              : HwiPMSP432_nortos.oem4f (.text:HwiP_enable)
                  00009c90    00000004                              : HwiPMSP432_nortos.oem4f (.text:HwiP_enableInterrupt)
                  00009c94    00000004                              : HwiPMSP432_nortos.oem4f (.text:HwiP_post)
                  00009c98    00000004                              : QueueP_nortos.oem4f (.text:QueueP_head)
                  00009c9c    00000004                              : QueueP_nortos.oem4f (.text:QueueP_next)
                  00009ca0    00000004     drivers_msp432p401x.aem4f : SPIMSP432DMA.oem4f (.text:SPIMSP432DMA_init)
                  00009ca4    00000004     nortos_msp432p401x.aem4f : SemaphoreP_nortos.oem4f (.text:SemaphoreP_delete)
                  00009ca8    00000004                              : TimerPMSP432_nortos.oem4f (.text:TimerP_setPeriod)
                  00009cac    00000004     rtsv7M4_T_le_v4SPD16_eabi.lib : printf.c.obj (.text:_outc)
                  00009cb0    00000004                                   : printf.c.obj (.text:_outs)
                  00009cb4    00000004                                   : pre_init.c.obj (.text:_system_pre_init)
                  00009cb8    00000004                                   : exit.c.obj (.text:abort:abort)

.const     0    00009cbc    000008ba     
                  00009cbc    000002f8     grlib.a : fontfixed6x8.obj (.const:.string:g_pucFontFixed6x8Data)
                  00009fb4    00000101     rtsv7M4_T_le_v4SPD16_eabi.lib : ctype.c.obj (.const:.string:_ctypes_)
                  0000a0b5    00000003     --HOLE-- [fill = 0]
                  0000a0b8    000000c8     grlib.a : fontfixed6x8.obj (.const:g_sFontFixed6x8)
                  0000a180    00000050     msp432p4xx_driverlib.lib : interrupt.o (.const:g_pulRegs)
                  0000a1d0    00000050     drivers_msp432p401x.aem4f : TimerMSP432.oem4f (.const:timerADividers)
                  0000a220    00000040     ti_drivers_config.obj (.const:uartMSP432Baudrates)
                  0000a260    00000038     ti_drivers_config.obj (.const:PowerMSP432_config)
                  0000a298    00000030     msp432p4xx_driverlib.lib : gpio.o (.const:GPIO_PORT_TO_BASE)
                  0000a2c8    0000002c     ti_drivers_config.obj (.const:uartMSP432HWAttrs)
                  0000a2f4    00000028     drivers_msp432p401x.aem4f : UARTMSP432.oem4f (.const:UARTMSP432_fxnTable)
                  0000a31c    00000024                               : PWMTimerMSP432.oem4f (.const:PWMTimerMSP432_fxnTable)
                  0000a340    00000024                               : UART.oem4f (.const:UART_defaultParams)
                  0000a364    00000024     ti_drivers_config.obj (.const:spiMSP432DMAHWAttrs)
                  0000a388    00000020     drivers_msp432p401x.aem4f : SPI.oem4f (.const:SPI_defaultParams)
                  0000a3a8    00000020     ti_drivers_config.obj (.const:TimerMSP432HWAttrs)
                  0000a3c8    00000020     drivers_msp432p401x.aem4f : TimerMSP432.oem4f (.const:TimerMSP432_Timer_A_fxnTable)
                  0000a3e8    00000020     LcdDriver.obj (.const:g_sCrystalfontz128x128_funcs)
                  0000a408    00000020     drivers_msp432p401x.aem4f : UARTMSP432.oem4f (.const:staticFxnTable)
                  0000a428    0000001c     LcdDriver.obj (.const:$P$T0$1)
                  0000a444    00000018     ti_drivers_config.obj (.const:PWM_config)
                  0000a45c    00000018     drivers_msp432p401x.aem4f : PWM.oem4f (.const:PWM_defaultParams)
                  0000a474    00000018                               : SPIMSP432DMA.oem4f (.const:SPIMSP432DMA_fxnTable)
                  0000a48c    00000018     ti_drivers_config.obj (.const:Timer_config)
                  0000a4a4    00000014     ti_drivers_config.obj (.const:GPIOMSP432_config)
                  0000a4b8    00000010     nortos_msp432p401x.aem4f : SwiP_nortos.oem4f (.const:SwiP_defaultParams)
                  0000a4c8    00000010     drivers_msp432p401x.aem4f : PWMTimerMSP432.oem4f (.const:pwmTimerBaseAddr)
                  0000a4d8    00000010     ti_drivers_config.obj (.const:pwmTimerMSP432HWAttrs)
                  0000a4e8    0000000c     ti_drivers_config.obj (.const:SPI_config)
                  0000a4f4    0000000c     ti_drivers_config.obj (.const:UART_config)
                  0000a500    0000000c     drivers_msp432p401x.aem4f : Timer.oem4f (.const:defaultParams)
                  0000a50c    0000000c                               : TimerMSP432.oem4f (.const:timer32Dividers)
                  0000a518    0000000c     ti_drivers_config.obj (.const:udmaMSP432HWAttrs)
                  0000a524    00000008     LcdDriver.obj (.const:$P$T1$2)
                  0000a52c    00000008     ti_drivers_config.obj (.const:UDMAMSP432_config)
                  0000a534    00000008     drivers_msp432p401x.aem4f : SPIMSP432DMA.oem4f (.const:frameFormat)
                  0000a53c    00000008     msp432p4xx_driverlib.lib : interrupt.o (.const:g_pulDisRegs)
                  0000a544    00000008                              : interrupt.o (.const:g_pulEnRegs)
                  0000a54c    00000008                              : interrupt.o (.const:g_pulPendRegs)
                  0000a554    00000008                              : interrupt.o (.const:g_pulUnpendRegs)
                  0000a55c    00000006     drivers_msp432p401x.aem4f : GPIOMSP432.oem4f (.const:.string:interruptType)
                  0000a562    00000006                               : GPIOMSP432.oem4f (.const:.string:portInterruptIds)
                  0000a568    00000005                               : UARTMSP432.oem4f (.const:.string:parityTypes)
                  0000a56d    00000001     --HOLE-- [fill = 0]
                  0000a56e    00000004                               : UARTMSP432.oem4f (.const:stopBits)
                  0000a572    00000004     ti_drivers_config.obj (.const)

.cinit     0    0000a578    00000160     
                  0000a578    00000125     (.cinit..data.load) [load image, compression = lzss]
                  0000a69d    00000003     --HOLE-- [fill = 0]
                  0000a6a0    0000000c     (__TI_handler_table)
                  0000a6ac    00000004     --HOLE-- [fill = 0]
                  0000a6b0    00000008     (.cinit..bss.load) [load image, compression = zero_init]
                  0000a6b8    00000008     (.cinit..vtable.load) [load image, compression = zero_init]
                  0000a6c0    00000018     (__TI_cinit_table)

.init_array 
*          0    00000000    00000000     UNINITIALIZED

.intvecs   0    00000000    00000144     
                  00000000    00000144     nortos_msp432p401x.aem4f : startup_msp432_ccs.oem4f (.intvecs:retain)

.sysmem    0    20000000    00008000     UNINITIALIZED
                  20000000    00000010     rtsv7M4_T_le_v4SPD16_eabi.lib : memory.c.obj (.sysmem)
                  20000010    00007ff0     --HOLE--

.bss       0    20008000    000006a0     UNINITIALIZED
                  20008000    00000120     rtsv7M4_T_le_v4SPD16_eabi.lib : trgmsg.c.obj (.bss:_CIOBUF_)
                  20008120    000000a0     nortos_msp432p401x.aem4f : ClockPTimer_nortos.oem4f (.bss:ClockP_module)
                  200081c0    00000034     (.common:string)
                  200081f4    00000008     msp432p4xx_driverlib.lib : cs.o (.bss)
                  200081fc    00000004     drivers_msp432p401x.aem4f : GPIOMSP432.oem4f (.bss)
                  20008200    00000100     ti_drivers_config.obj (.bss:dmaControlTable)
                  20008300    000000a0     (.common:__TI_tmpnams)
                  200083a0    00000080     (.common:uartMSP432Objects)
                  20008420    00000068     (.common:timerMSP432Objects)
                  20008488    00000048     (.common:spiMSP432DMAObjects)
                  200084d0    00000030     drivers_msp432p401x.aem4f : GPIOMSP432.oem4f (.bss:gpioCallbackInfo)
                  20008500    00000024     (.common:uartParams)
                  20008524    00000020     nortos_msp432p401x.aem4f : SwiP_nortos.oem4f (.bss:SwiP_readyList)
                  20008544    00000020     drivers_msp432p401x.aem4f : UDMAMSP432.oem4f (.bss:hwiFxnArgs)
                  20008564    00000020                               : UDMAMSP432.oem4f (.bss:hwiFxnHandlers)
                  20008584    00000020     ti_drivers_config.obj (.bss:uartMSP432RingBuffer0)
                  200085a4    00000020     (.common:spiParams)
                  200085c4    0000001c     nortos_msp432p401x.aem4f : SwiP_nortos.oem4f (.bss:SwiP_hwiStruct)
                  200085e0    0000001c                              : TimerPMSP432_nortos.oem4f (.bss:TimerP_hwiStruct)
                  200085fc    0000001c     (.common:g_sContext)
                  20008618    00000018     (.common:pwmTimerMSP432Objects)
                  20008630    00000010     drivers_msp432p401x.aem4f : UDMAMSP432.oem4f (.bss:hwiHandles)
                  20008640    0000000d     nortos_msp432p401x.aem4f : SwiP_nortos.oem4f (.bss)
                  2000864d    00000001     (.common:Lcd_FlagRead)
                  2000864e    00000002     (.common:Lcd_ScreenHeigth)
                  20008650    00000008                              : ClockPTimer_nortos.oem4f (.bss:timerFreq)
                  20008658    00000008     (.common:cardID)
                  20008660    00000008     (.common:parmbuf)
                  20008668    00000004                              : ClockPTimer_nortos.oem4f (.bss)
                  2000866c    00000004                              : TimerPMSP432_nortos.oem4f (.bss)
                  20008670    00000004     drivers_msp432p401x.aem4f : TimerMSP432.oem4f (.bss:timerState)
                  20008674    00000004     (.common:failed)
                  20008678    00000004     (.common:passed)
                  2000867c    00000004     (.common:puk_enabled)
                  20008680    00000004     (.common:pwmHandleServo)
                  20008684    00000004     (.common:spiHandle)
                  20008688    00000004     (.common:timeOut)
                  2000868c    00000004     (.common:timer_state)
                  20008690    00000004     (.common:timer_timeout)
                  20008694    00000004     (.common:uartHandle)
                  20008698    00000002     (.common:Lcd_ScreenWidth)
                  2000869a    00000002     (.common:Lcd_TouchTrim)
                  2000869c    00000001     (.common:Lcd_FontSolid)
                  2000869d    00000001     (.common:Lcd_Orientation)
                  2000869e    00000001     (.common:Lcd_PenSolid)
                  2000869f    00000001     (.common:udmaMSP432Object)

.data      0    200086a0    00000691     UNINITIALIZED
                  200086a0    00000140     nortos_msp432p401x.aem4f : HwiPMSP432_nortos.oem4f (.data:HwiP_dispatchTable)
                  200087e0    00000140     drivers_msp432p401x.aem4f : PowerMSP432.oem4f (.data:PowerMSP432_perfLevels)
                  20008920    00000110                               : PWMTimerMSP432.oem4f (.data:pwmTimerStatus)
                  20008a30    000000f0     rtsv7M4_T_le_v4SPD16_eabi.lib : defs.c.obj (.data:_ftable)
                  20008b20    00000078                                   : host_device.c.obj (.data:_device)
                  20008b98    00000050                                   : host_device.c.obj (.data:_stream)
                  20008be8    00000030     main_nortos.obj (.data:fsm)
                  20008c18    0000002c     drivers_msp432p401x.aem4f : PowerMSP432.oem4f (.data:PowerMSP432_module)
                  20008c44    00000018     nfc.obj (.data:spiTransaction)
                  20008c5c    00000018     drivers_msp432p401x.aem4f : TimerMSP432.oem4f (.data:upConfig)
                  20008c74    00000010                               : UDMAMSP432.oem4f (.data)
                  20008c84    00000010     LcdDriver.obj (.data:g_sCrystalfontz128x128)
                  20008c94    00000010     rtsv7M4_T_le_v4SPD16_eabi.lib : defs.c.obj (.data)
                  20008ca4    0000000c                                   : exit.c.obj (.data:$O1$$)
                  20008cb0    0000000c     nortos_msp432p401x.aem4f : ClockPTimer_nortos.oem4f (.data:ClockP_defaultParams)
                  20008cbc    0000000c                              : TimerPMSP432_nortos.oem4f (.data:TimerP_defaultParams)
                  20008cc8    0000000c     pin_pad.obj (.data:keymap)
                  20008cd4    0000000a     pin_pad.obj (.data:correctPass)
                  20008cde    0000000a     pin_pad.obj (.data:secretCode)
                  20008ce8    00000008     rtsv7M4_T_le_v4SPD16_eabi.lib : _lock.c.obj (.data:$O1$$)
                  20008cf0    00000008                                   : memory.c.obj (.data:$O1$$)
                  20008cf8    00000008     nortos_msp432p401x.aem4f : SemaphoreP_nortos.oem4f (.data:SemaphoreP_defaultParams)
                  20008d00    00000008                              : ClockPTimer_nortos.oem4f (.data)
                  20008d08    00000008                              : HwiPMSP432_nortos.oem4f (.data)
                  20008d10    00000008     servo.obj (.data)
                  20008d18    00000004     ti_drivers_config.obj (.data:gpioCallbackFunctions)
                  20008d1c    00000004     ti_drivers_config.obj (.data:gpioPinConfigs)
                  20008d20    00000004     rtsv7M4_T_le_v4SPD16_eabi.lib : errno.c.obj (.data)
                  20008d24    00000003     nortos_msp432p401x.aem4f : SemaphoreP_nortos.oem4f (.data)
                  20008d27    00000002     drivers_msp432p401x.aem4f : GPIOMSP432.oem4f (.data)
                  20008d29    00000002     main_nortos.obj (.data)
                  20008d2b    00000001     drivers_msp432p401x.aem4f : PWM.oem4f (.data)
                  20008d2c    00000001                               : SPI.oem4f (.data)
                  20008d2d    00000001                               : Timer.oem4f (.data)
                  20008d2e    00000001                               : UART.oem4f (.data)
                  20008d2f    00000001     nortos_msp432p401x.aem4f : SwiP_nortos.oem4f (.data)
                  20008d30    00000001                              : TimerPMSP432_nortos.oem4f (.data)

.vtable    0    20009000    000000e8     UNINITIALIZED
                  20009000    000000e8     msp432p4xx_driverlib.lib : interrupt.o (.vtable)

.stack     0    2000f000    00001000     UNINITIALIZED
                  2000f000    00000004     rtsv7M4_T_le_v4SPD16_eabi.lib : boot_cortex_m.c.obj (.stack)
                  2000f004    00000ffc     --HOLE--

__llvm_prf_cnts 
*          0    20000000    00000000     UNINITIALIZED

.binit     0    00000000    00000000     

MODULE SUMMARY

       Module                       code    ro data   rw data
       ------                       ----    -------   -------
    ./
       main_nortos.obj              1480    0         408    
    +--+----------------------------+-------+---------+---------+
       Total:                       1480    0         408    
                                                             
    ./Modules/NFC/
       mfrc522.obj                  1336    0         0      
       nfc.obj                      184     0         136    
    +--+----------------------------+-------+---------+---------+
       Total:                       1520    0         136    
                                                             
    ./Modules/PIR/
       pir.obj                      44      0         0      
    +--+----------------------------+-------+---------+---------+
       Total:                       44      0         0      
                                                             
    ./Modules/PinPad/
       LcdDriver.obj                1882    68        32     
       pin_pad.obj                  1494    0         64     
    +--+----------------------------+-------+---------+---------+
       Total:                       3376    68        96     
                                                             
    ./Modules/Servo/
       servo.obj                    164     0         24     
    +--+----------------------------+-------+---------+---------+
       Total:                       164     0         24     
                                                             
    ./Modules/UART/
       uart.obj                     244     0         0      
    +--+----------------------------+-------+---------+---------+
       Total:                       244     0         0      
                                                             
    ./syscfg/
       ti_drivers_config.obj        42      364       1250   
    +--+----------------------------+-------+---------+---------+
       Total:                       42      364       1250   
                                                             
    /home/mose/Desktop/Smart_Lock/simplelink_msp432p4_sdk_3_40_01_02/source/ti/devices/msp432p4xx/driverlib/ccs/msp432p4xx_driverlib.lib
       interrupt.o                  686     112       464    
       gpio.o                       544     48        0      
       spi.o                        400     0         0      
       sysctl_a.o                   64      0         0      
       pcm.o                        40      0         0      
       wdt_a.o                      36      0         0      
       cpu.o                        28      0         0      
    +--+----------------------------+-------+---------+---------+
       Total:                       1798    160       464    
                                                             
    /home/mose/Desktop/Smart_Lock/simplelink_msp432p4_sdk_3_40_01_02/source/ti/grlib/lib/ccs/m4/grlib.a
       string.obj                   1536    0         0      
       fontfixed6x8.obj             0       960       0      
       context.obj                  174     0         0      
       line.obj                     156     0         0      
       display.obj                  146     0         0      
    +--+----------------------------+-------+---------+---------+
       Total:                       2012    960       0      
                                                             
    /home/mose/Desktop/courses/Embedded/simplelink_msp432p4_sdk_3_40_01_02/kernel/nortos/lib/nortos_msp432p401x.aem4f
       ClockPTimer_nortos.oem4f     884     0         384    
       HwiPMSP432_nortos.oem4f      300     0         656    
       SwiP_nortos.oem4f            630     16        148    
       TimerPMSP432_nortos.oem4f    676     0         90     
       SemaphoreP_nortos.oem4f      378     0         22     
       startup_msp432_ccs.oem4f     32      324       0      
       QueueP_nortos.oem4f          100     0         0      
       PowerMSP432_nortos.oem4f     76      0         0      
    +--+----------------------------+-------+---------+---------+
       Total:                       3076    340       1300   
                                                             
    /home/mose/Desktop/courses/Embedded/simplelink_msp432p4_sdk_3_40_01_02/source/ti/devices/msp432p4xx/driverlib/ccs/msp432p4xx_driverlib.lib
       cs.o                         704     0         16     
       uart.o                       284     0         0      
       dma.o                        240     0         0      
       sysctl.o                     16      0         0      
    +--+----------------------------+-------+---------+---------+
       Total:                       1244    0         16     
                                                             
    /home/mose/Desktop/courses/Embedded/simplelink_msp432p4_sdk_3_40_01_02/source/ti/drivers/lib/drivers_msp432p401x.aem4f
       UARTMSP432.oem4f             3406    81        0      
       PowerMSP432.oem4f            2228    0         728    
       PWMTimerMSP432.oem4f         1992    52        544    
       TimerMSP432.oem4f            1806    124       56     
       SPIMSP432DMA.oem4f           1894    32        0      
       UDMAMSP432.oem4f             900     0         192    
       GPIOMSP432.oem4f             828     12        108    
       UART.oem4f                   176     36        2      
       PWM.oem4f                    172     24        2      
       SPI.oem4f                    162     32        2      
       RingBuf.oem4f                184     0         0      
       Timer.oem4f                  168     12        2      
       List.oem4f                   76      0         0      
    +--+----------------------------+-------+---------+---------+
       Total:                       13992   405       1636   
                                                             
    /home/mose/ti/ccs1250/ccs/tools/compiler/ti-cgt-arm_20.2.7.LTS/lib/rtsv7M4_T_le_v4SPD16_eabi.lib
       _printfi.c.obj               4851    0         0      
       defs.c.obj                   0       0         832    
       memory.c.obj                 672     0         16     
       trgmsg.c.obj                 108     0         576    
       fd_add_t2.asm.obj            438     0         0      
       host_device.c.obj            0       0         400    
       fd_div_t2.asm.obj            310     0         0      
       fputs.c.obj                  276     0         0      
       s_scalbn.c.obj               272     0         0      
       fd_cmp_t2.asm.obj            268     0         0      
       ctype.c.obj                  0       257       0      
       fd_mul_t2.asm.obj            252     0         0      
       setvbuf.c.obj                220     0         0      
       memcpy_t2.asm.obj            156     0         0      
       ull_div_t2.asm.obj           150     0         0      
       fputc.c.obj                  140     0         0      
       memset_t2.asm.obj            122     0         0      
       fclose.c.obj                 116     0         0      
       getdevice.c.obj              116     0         0      
       hostopen.c.obj               96      0         16     
       printf.c.obj                 112     0         0      
       hostrename.c.obj             108     0         0      
       copy_decompress_lzss.c.obj   104     0         0      
       hostlseek.c.obj              104     0         0      
       exit.c.obj                   76      0         24     
       fseek.c.obj                  100     0         0      
       s_frexp.c.obj                100     0         0      
       _io_perm.c.obj               98      0         0      
       sprintf.c.obj                98      0         0      
       close.c.obj                  92      0         0      
       hostread.c.obj               88      0         0      
       hostwrite.c.obj              88      0         0      
       _ltoa.c.obj                  84      0         0      
       atoi.c.obj                   76      0         0      
       fflush.c.obj                 76      0         0      
       fd_toi_t2.asm.obj            72      0         0      
       autoinit.c.obj               68      0         0      
       hostclose.c.obj              68      0         0      
       hostunlink.c.obj             68      0         0      
       strncpy.c.obj                54      0         0      
       boot_cortex_m.c.obj          52      0         0      
       fopen.c.obj                  52      0         0      
       i_tofd_t2.asm.obj            46      0         0      
       unlink.c.obj                 44      0         0      
       lseek.c.obj                  40      0         0      
       write.c.obj                  40      0         0      
       memchr.c.obj                 32      0         0      
       memccpy.c.obj                28      0         0      
       s_copysign.c.obj             26      0         0      
       strcmp.c.obj                 24      0         0      
       strchr.c.obj                 22      0         0      
       strcpy.c.obj                 20      0         0      
       strlen.c.obj                 20      0         0      
       _lock.c.obj                  2       0         16     
       wcslen.c.obj                 18      0         0      
       errno.c.obj                  8       0         8      
       copy_decompress_none.c.obj   14      0         0      
       copy_zero_init.c.obj         12      0         0      
       pre_init.c.obj               4       0         0      
       div0.asm.obj                 2       0         0      
    +--+----------------------------+-------+---------+---------+
       Total:                       10803   257       1888   
                                                             
       Heap:                        0       0         65536  
       Stack:                       0       0         8192   
       Linker Generated:            0       345       0      
    +--+----------------------------+-------+---------+---------+
       Grand Total:                 39795   2899      80946  


LINKER GENERATED COPY TABLES

__TI_cinit_table @ 0000a6c0 records: 3, size/record: 8, table size: 24
	.data: load addr=0000a578, load size=00000125 bytes, run addr=200086a0, run size=00000691 bytes, compression=lzss
	.bss: load addr=0000a6b0, load size=00000008 bytes, run addr=20008000, run size=000006a0 bytes, compression=zero_init
	.vtable: load addr=0000a6b8, load size=00000008 bytes, run addr=20009000, run size=000000e8 bytes, compression=zero_init


LINKER GENERATED HANDLER TABLE

__TI_handler_table @ 0000a6a0 records: 3, size/record: 4, table size: 12
	index: 0, handler: __TI_decompress_lzss
	index: 1, handler: __TI_decompress_none
	index: 2, handler: __TI_zero_init


GLOBAL SYMBOLS: SORTED ALPHABETICALLY BY Name 

address   name                                       
-------   ----                                       
00009b35  Board_init                                 
00002a6b  Board_initHook                             
00009cb9  C$$EXIT                                    
00008aef  C$$IO$$                                    
00009b41  CPU_cpsid                                  
00009b4d  CPU_cpsie                                  
00009c79  CPU_wfi                                    
00009499  CS_setExternalClockSourceFrequency         
00004231  CS_startHFXTWithTimeout                    
000043f9  CS_startLFXTWithTimeout                    
00009a0d  ClockP_Params_init                         
000094b9  ClockP_add                                 
00007fed  ClockP_construct                           
0000969d  ClockP_create                              
00009a1d  ClockP_delete                              
00009753  ClockP_destruct                            
00009b59  ClockP_doTick                              
000093e5  ClockP_getTicks                            
00009c7d  ClockP_isActive                            
00009409  ClockP_scheduleNextTick                    
00009c81  ClockP_setTimeout                          
00006679  ClockP_start                               
00004dc1  ClockP_startup                             
00009c55  ClockP_stop                                
20008d04  ClockP_tickPeriod                          
0000696d  ClockP_walkQueueDynamic                    
000051f5  ClockP_workFuncDynamic                     
00003351  Crystalfontz128x128_Init                   
000030ed  Crystalfontz128x128_SetDrawFrame           
00007a99  Crystalfontz128x128_SetOrientation         
00004141  DMA_setChannelTransfer                     
00009875  EUSCI_A_SPI_enable                         
0000976b  EUSCI_A_SPI_getInterruptStatus             
0000988b  EUSCI_B_SPI_enable                         
00009783  EUSCI_B_SPI_getInterruptStatus             
0000a4a4  GPIOMSP432_config                          
00008d11  GPIO_getInputPinValue                      
00006e41  GPIO_hwiIntFxn                             
000052a1  GPIO_init                                  
000076d5  GPIO_setAsInputPinWithPullDownResistor     
0000772d  GPIO_setAsInputPinWithPullUpResistor       
000085dd  GPIO_setAsOutputPin                        
000062cd  GPIO_setAsPeripheralModuleFunctionOutputPin
000074fd  GPIO_setCallback                           
00002a6d  GPIO_setConfig                             
000090f9  GPIO_setOutputHighOnPin                    
00009121  GPIO_setOutputLowOnPin                     
00009149  GPIO_toggleOutputOnPin                     
00007785  GPIO_write                                 
000099c5  Graphics_clearDisplay                      
000096b7  Graphics_clearDisplayOnDisplay             
00008b69  Graphics_drawHorizontalLineOnDisplay       
000057c1  Graphics_drawLineH                         
00008f49  Graphics_drawPixelOnDisplay                
00000b93  Graphics_drawString                        
00008035  Graphics_drawStringCentered                
00004045  Graphics_getStringWidth                    
00007c3d  Graphics_initContext                       
000096d1  Graphics_setBackgroundColor                
000096eb  Graphics_setFont                           
000098a1  Graphics_setForegroundColor                
000098b7  Graphics_translateColorOnDisplay           
00008d41  HAL_LCD_PortInit                           
0000865d  HAL_LCD_SpiInit                            
00008a19  HAL_LCD_writeCommand                       
00008f75  HAL_LCD_writeData                          
00008229  HOSTclose                                  
00006ea9  HOSTlseek                                  
0000755d  HOSTopen                                   
000077dd  HOSTread                                   
00006c91  HOSTrename                                 
0000826d  HOSTunlink                                 
00007835  HOSTwrite                                  
000099d7  HwiP_Params_init                           
00009c85  HwiP_clearInterrupt                        
00006ad1  HwiP_construct                             
00009051  HwiP_create                                
0000979b  HwiP_delete                                
00009a2d  HwiP_disable                               
00009c89  HwiP_disableInterrupt                      
0000942d  HwiP_dispatch                              
00009c8d  HwiP_enable                                
00009c91  HwiP_enableInterrupt                       
000097b5  HwiP_inISR                                 
20008d08  HwiP_key                                   
00009c95  HwiP_post                                  
00009c1d  HwiP_restore                               
20008d0c  HwiP_swiPIntNum                            
000066f9  Interrupt_disableInterrupt                 
00009a3d  Interrupt_disableMaster                    
00006779  Interrupt_enableInterrupt                  
00009a4d  Interrupt_enableMaster                     
00006f11  Interrupt_pendInterrupt                    
0000761d  Interrupt_registerInterrupt                
00007aed  Interrupt_setPriority                      
0000788d  Interrupt_unpendInterrupt                  
000095f5  Interrupt_unregisterInterrupt              
2000864d  Lcd_FlagRead                               
2000869c  Lcd_FontSolid                              
2000869d  Lcd_Orientation                            
2000869e  Lcd_PenSolid                               
2000864e  Lcd_ScreenHeigth                           
20008698  Lcd_ScreenWidth                            
2000869a  Lcd_TouchTrim                              
00009301  List_put                                   
00009327  List_remove                                
000094d9  MFRC522_AntennaOn                          
00006011  MFRC522_Anticoll                           
0000609d  MFRC522_CalculateCRC                       
00008c41  MFRC522_Check                              
0000934d  MFRC522_ClearBitMask                       
00008d71  MFRC522_Halt                               
000082b1  MFRC522_Init                               
0000907b  MFRC522_ReadRegister                       
0000819d  MFRC522_Request                            
00009b65  MFRC522_Reset                              
00009373  MFRC522_SetBitMask                         
000026f1  MFRC522_ToCard                             
00009399  MFRC522_WriteRegister                      
00009c8d  NoRTOS_start                               
00009171  PCM_gotoLPM0                               
00006355  PWMTimerMSP432_close                       
00009c5b  PWMTimerMSP432_control                     
0000a31c  PWMTimerMSP432_fxnTable                    
0000413f  PWMTimerMSP432_init                        
00002141  PWMTimerMSP432_open                        
00005d31  PWMTimerMSP432_setDuty                     
00009c61  PWMTimerMSP432_setDutyAndPeriod            
00003911  PWMTimerMSP432_setPeriod                   
00006571  PWMTimerMSP432_start                       
0000549d  PWMTimerMSP432_stop                        
00009911  PWM_Params_init                            
0000a444  PWM_config                                 
0000a572  PWM_count                                  
0000a45c  PWM_defaultParams                          
000082f5  PWM_init                                   
0000869d  PWM_open                                   
00009bc3  PWM_setDuty                                
00009bcd  PWM_start                                  
0000a260  PowerMSP432_config                         
00006f79  PowerMSP432_getFreqs                       
00009a5d  PowerMSP432_getNumPerfLevels               
00004acb  PowerMSP432_initPolicy                     
20008c18  PowerMSP432_module                         
200087e0  PowerMSP432_perfLevels                     
0000807d  PowerMSP432_sleepPolicy                    
000051f3  PowerMSP432_updateFreqs                    
00009a6d  Power_disablePolicy                        
00009a7d  Power_enablePolicy                         
00009b71  Power_getConstraintMask                    
00009b7d  Power_getPerformanceLevel                  
00009925  Power_idleFunc                             
0000585d  Power_init                                 
00009199  Power_registerNotify                       
000080c5  Power_releaseConstraint                    
00008a51  Power_setConstraint                        
000013f5  Power_sleep                                
000094f9  Power_unregisterNotify                     
00009afd  QueueP_empty                               
00009705  QueueP_get                                 
00009c99  QueueP_head                                
00009c67  QueueP_init                                
00009c9d  QueueP_next                                
00009519  QueueP_put                                 
00009b0b  QueueP_remove                              
000099e9  RingBuf_construct                          
000086dd  RingBuf_get                                
00009539  RingBuf_peek                               
000081e3  RingBuf_put                                
00007181  SPIMSP432DMA_close                         
00009c6d  SPIMSP432DMA_control                       
0000a474  SPIMSP432DMA_fxnTable                      
00009ca1  SPIMSP432DMA_init                          
000019bd  SPIMSP432DMA_open                          
0000347d  SPIMSP432DMA_transfer                      
00003c49  SPIMSP432DMA_transferCancel                
00009939  SPI_Params_init                            
00008ec1  SPI_ReadRegister                           
00007e71  SPI_SendByte                               
00008fa1  SPI_WriteRegister                          
0000a4e8  SPI_config                                 
0000a573  SPI_count                                  
0000a388  SPI_defaultParams                          
00009611  SPI_enableModule                           
000091c1  SPI_getInterruptStatus                     
00008339  SPI_init                                   
00005143  SPI_initMaster                             
0000871d  SPI_open                                   
00009bd7  SPI_transfer                               
00009a8d  SemaphoreP_Params_init                     
00007ce1  SemaphoreP_construct                       
000098cd  SemaphoreP_create                          
0000971f  SemaphoreP_createBinary                    
20008cf8  SemaphoreP_defaultParams                   
00009ca5  SemaphoreP_delete                          
000055e5  SemaphoreP_pend                            
0000837d  SemaphoreP_post                            
00009a9d  SwiP_Params_init                           
00004929  SwiP_construct                             
0000962d  SwiP_disable                               
000058f9  SwiP_dispatch                              
00006fe1  SwiP_post                                  
000083c1  SwiP_restore                               
[...]
000061b5  putc                                       
000062cd  GPIO_setAsPeripheralModuleFunctionOutputPin
00006355  PWMTimerMSP432_close                       
000063dd  __aeabi_cdcmpeq                            
000063dd  __aeabi_cdcmple                            
00006463  __aeabi_cdrcmple                           
0000656f  UARTMSP432_init                            
00006571  PWMTimerMSP432_start                       
00006679  ClockP_start                               
000066f9  Interrupt_disableInterrupt                 
00006779  Interrupt_enableInterrupt                  
000067f9  fn_DOOR_UNLOCKED                           
000068f1  __aeabi_memclr                             
000068f1  __aeabi_memclr4                            
000068f1  __aeabi_memclr8                            
000068f3  __aeabi_memset                             
000068f3  __aeabi_memset4                            
000068f3  __aeabi_memset8                            
000068f9  memset                                     
0000696b  _nop                                       
0000696d  ClockP_walkQueueDynamic                    
000069e5  TimerMSP432_allocateTimerResource          
00006a5d  __TI_closefile                             
00006ad1  HwiP_construct                             
00006b41  UARTMSP432_writeCancel                     
00006c91  HOSTrename                                 
00006cfd  TimerP_getCurrentTick                      
00006d69  fn_SYSTEM_LOCKED                           
00006e3f  clkFxn                                     
00006e41  GPIO_hwiIntFxn                             
00006ea9  HOSTlseek                                  
00006f11  Interrupt_pendInterrupt                    
00006f79  PowerMSP432_getFreqs                       
00006fe1  SwiP_post                                  
00007049  __TI_decompress_lzss                       
00007119  printf                                     
00007181  SPIMSP432DMA_close                         
000071e5  configServo                                
00007249  configUART                                 
000072ad  frexp                                      
000072ad  frexpl                                     
00007311  fseek                                      
00007375  readCardID                                 
000073d9  __TI_wrt_ok                                
000074fd  GPIO_setCallback                           
0000755d  HOSTopen                                   
000075bd  send_UART                                  
0000761d  Interrupt_registerInterrupt                
00007679  close                                      
000076d5  GPIO_setAsInputPinWithPullDownResistor     
0000772d  GPIO_setAsInputPinWithPullUpResistor       
00007785  GPIO_write                                 
000077dd  HOSTread                                   
00007835  HOSTwrite                                  
0000788d  Interrupt_unpendInterrupt                  
000078e5  TimerP_dynamicStub                         
00007a43  configKeyPad                               
00007a99  Crystalfontz128x128_SetOrientation         
00007aed  Interrupt_setPriority                      
00007b41  TimerMSP432_freeTimerResource              
00007b95  __TI_ltoa                                  
00007be9  configNFC                                  
00007c3d  Graphics_initContext                       
00007ce1  SemaphoreP_construct                       
00007dd1  concatstr                                  
00007e21  TimerMSP432_close                          
00007e71  SPI_SendByte                               
00007ebd  __TI_doflush                               
00007f09  atoi                                       
00007f55  configGraphic                              
00007fed  ClockP_construct                           
00008000  __SYSMEM_SIZE                              
00008035  Graphics_drawStringCentered                
0000807d  PowerMSP432_sleepPolicy                    
000080c5  Power_releaseConstraint                    
0000810d  exit                                       
00008155  __aeabi_d2iz                               
0000819d  MFRC522_Request                            
000081e3  RingBuf_put                                
00008229  HOSTclose                                  
0000826d  HOSTunlink                                 
000082b1  MFRC522_Init                               
000082f5  PWM_init                                   
00008339  SPI_init                                   
0000837d  SemaphoreP_post                            
000083c1  SwiP_restore                               
00008405  TimerP_start                               
00008449  Timer_init                                 
0000848d  UART_init                                  
000084d1  __TI_auto_init_nobinit_nopinit             
00008515  getdevice                                  
00008559  session_expired                            
000085dd  GPIO_setAsOutputPin                        
0000865d  HAL_LCD_SpiInit                            
0000869d  PWM_open                                   
000086dd  RingBuf_get                                
0000871d  SPI_open                                   
0000875d  TimerP_setNextTick                         
0000879d  Timer_open                                 
000087dd  UARTMSP432_read                            
0000881d  UART_open                                  
0000895d  sprintf                                    
000089dd  TimerP_initDevice                          
00008a19  HAL_LCD_writeCommand                       
00008a51  Power_setConstraint                        
00008a89  TimerMSP432_getCount                       
00008ac1  __TI_writemsg                              
00008aef  C$$IO$$                                    
00008af9  main                                       
00008b69  Graphics_drawHorizontalLineOnDisplay       
00008b9f  UARTMSP432_readCancel                      
00008bd5  configureAll                               
00008c0b  strncpy                                    
00008c41  MFRC522_Check                              
00008c75  __TI_cleanup                               
00008ca9  __TI_readmsg                               
00008cdd  _c_int00_noargs                            
00008d11  GPIO_getInputPinValue                      
00008d41  HAL_LCD_PortInit                           
00008d71  MFRC522_Halt                               
00008da1  check_Answer                               
00008dd1  finddevice                                 
00008e01  fn_INIT                                    
00008ec1  SPI_ReadRegister                           
00008eef  __aeabi_i2d                                
00008f49  Graphics_drawPixelOnDisplay                
00008f75  HAL_LCD_writeData                          
00008fa1  SPI_WriteRegister                          
00008ff9  resetVariables                             
00009025  remove                                     
00009025  unlink                                     
00009051  HwiP_create                                
0000907b  MFRC522_ReadRegister                       
000090f7  __aeabi_idiv0                              
000090f7  __aeabi_ldiv0                              
000090f9  GPIO_setOutputHighOnPin                    
00009121  GPIO_setOutputLowOnPin                     
00009149  GPIO_toggleOutputOnPin                     
00009171  PCM_gotoLPM0                               
00009199  Power_registerNotify                       
000091c1  SPI_getInterruptStatus                     
00009289  lseek                                      
000092b1  start_timer                                
000092d9  write                                      
00009301  List_put                                   
00009327  List_remove                                
0000934d  MFRC522_ClearBitMask                       
00009373  MFRC522_SetBitMask                         
00009399  MFRC522_WriteRegister                      
000093e5  ClockP_getTicks                            
00009409  ClockP_scheduleNextTick                    
0000942d  HwiP_dispatch                              
00009451  WDT_A_holdTimer                            
00009475  configPorts                                
00009499  CS_setExternalClockSourceFrequency         
000094b9  ClockP_add                                 
000094d9  MFRC522_AntennaOn                          
000094f9  Power_unregisterNotify                     
00009519  QueueP_put                                 
00009539  RingBuf_peek                               
00009559  closeDoor                                  
00009579  memchr                                     
00009599  openDoor                                   
000095d7  readPIR                                    
000095f5  Interrupt_unregisterInterrupt              
00009611  SPI_enableModule                           
0000962d  SwiP_disable                               
00009681  memccpy                                    
0000969d  ClockP_create                              
000096b7  Graphics_clearDisplayOnDisplay             
000096d1  Graphics_setBackgroundColor                
000096eb  Graphics_setFont                           
00009705  QueueP_get                                 
0000971f  SemaphoreP_createBinary                    
00009739  copysign                                   
00009739  copysignl                                  
00009753  ClockP_destruct                            
0000976b  EUSCI_A_SPI_getInterruptStatus             
00009783  EUSCI_B_SPI_getInterruptStatus             
0000979b  HwiP_delete                                
000097b5  HwiP_inISR                                 
000097cd  SysCtl_A_disableNMISource                  
000097e5  SysCtl_A_enableNMISource                   
000097fd  UART_Params_init                           
00009845  resetISR                                   
0000985d  strcmp                                     
00009875  EUSCI_A_SPI_enable                         
0000988b  EUSCI_B_SPI_enable                         
000098a1  Graphics_setForegroundColor                
000098b7  Graphics_translateColorOnDisplay           
000098cd  SemaphoreP_create                          
000098f9  strchr                                     
00009911  PWM_Params_init                            
00009925  Power_idleFunc                             
00009939  SPI_Params_init                            
00009975  clear                                      
0000999d  strcpy                                     
000099b1  strlen                                     
000099c5  Graphics_clearDisplay                      
000099d7  HwiP_Params_init                           
000099e9  RingBuf_construct                          
000099fb  wcslen                                     
00009a0d  ClockP_Params_init                         
00009a1d  ClockP_delete                              
00009a2d  HwiP_disable                               
00009a3d  Interrupt_disableMaster                    
00009a4d  Interrupt_enableMaster                     
00009a5d  PowerMSP432_getNumPerfLevels               
00009a6d  Power_disablePolicy                        
00009a7d  Power_enablePolicy                         
00009a8d  SemaphoreP_Params_init                     
00009a9d  SwiP_Params_init                           
00009aad  SysCtl_A_getNMISourceStatus                
00009abd  SysCtl_getNMISourceStatus                  
00009acd  TimerP_Params_init                         
00009add  Timer_Params_init                          
00009afd  QueueP_empty                               
00009b0b  QueueP_remove                              
00009b19  configPIR                                  
00009b27  __TI_decompress_none                       
00009b35  Board_init                                 
00009b41  CPU_cpsid                                  
00009b4d  CPU_cpsie                                  
00009b59  ClockP_doTick                              
00009b65  MFRC522_Reset                              
00009b71  Power_getConstraintMask                    
00009b7d  Power_getPerformanceLevel                  
00009b89  TimerP_getFreq                             
00009b95  TimerP_getMaxTicks                         
00009ba1  __TI_zero_init                             
00009bad  stop_timer                                 
00009bc3  PWM_setDuty                                
00009bcd  PWM_start                                  
00009bd7  SPI_transfer                               
00009be1  Timer_start                                
00009beb  Timer_stop                                 
00009bf5  UART_read                                  
00009bff  UART_write                                 
00009c13  change_state                               
00009c1d  HwiP_restore                               
00009c25  __aeabi_errno_addr                         
00009c35  malloc                                     
00009c55  ClockP_stop                                
00009c5b  PWMTimerMSP432_control                     
00009c61  PWMTimerMSP432_setDutyAndPeriod            
00009c67  QueueP_init                                
00009c6d  SPIMSP432DMA_control                       
00009c73  TimerMSP432_control                        
00009c79  CPU_wfi                                    
00009c7d  ClockP_isActive                            
00009c81  ClockP_setTimeout                          
00009c85  HwiP_clearInterrupt                        
00009c89  HwiP_disableInterrupt                      
00009c8d  HwiP_enable                                
00009c8d  NoRTOS_start                               
00009c91  HwiP_enableInterrupt                       
00009c95  HwiP_post                                  
00009c99  QueueP_head                                
00009c9d  QueueP_next                                
00009ca1  SPIMSP432DMA_init                          
00009ca5  SemaphoreP_delete                          
00009ca9  TimerP_setPeriod                           
00009cb5  _system_pre_init                           
00009cb9  C$$EXIT                                    
00009cb9  abort                                      
00009fb4  _ctypes_                                   
0000a0b8  g_sFontFixed6x8                            
0000a260  PowerMSP432_config                         
0000a2f4  UARTMSP432_fxnTable                        
0000a31c  PWMTimerMSP432_fxnTable                    
0000a340  UART_defaultParams                         
0000a364  spiMSP432DMAHWAttrs                        
0000a388  SPI_defaultParams                          
0000a3a8  TimerMSP432HWAttrs                         
0000a3c8  TimerMSP432_Timer_A_fxnTable               
0000a3e8  g_sCrystalfontz128x128_funcs               
0000a444  PWM_config                                 
0000a45c  PWM_defaultParams                          
0000a474  SPIMSP432DMA_fxnTable                      
0000a48c  Timer_config                               
0000a4a4  GPIOMSP432_config                          
0000a4d8  pwmTimerMSP432HWAttrs                      
0000a4e8  SPI_config                                 
0000a4f4  UART_config                                
0000a518  udmaMSP432HWAttrs                          
0000a52c  UDMAMSP432_config                          
0000a572  PWM_count                                  
0000a573  SPI_count                                  
0000a574  Timer_count                                
0000a575  UART_count                                 
0000a578  __TI_static_base__                         
0000a6a0  __TI_Handler_Table_Base                    
0000a6ac  __TI_Handler_Table_Limit                   
0000a6c0  __TI_CINIT_Base                            
0000a6d8  __TI_CINIT_Limit                           
20000000  __start___llvm_prf_cnts                    
20000000  __stop___llvm_prf_cnts                     
20000000  _sys_memory                                
20008000  __CIOBUF_                                  
200081c0  string                                     
20008300  __TI_tmpnams                               
200083a0  uartMSP432Objects                          
20008420  timerMSP432Objects                         
20008488  spiMSP432DMAObjects                        
20008500  uartParams                                 
200085a4  spiParams                                  
200085fc  g_sContext                                 
20008618  pwmTimerMSP432Objects                      
2000864d  Lcd_FlagRead                               
2000864e  Lcd_ScreenHeigth                           
20008658  cardID                                     
20008660  parmbuf                                    
20008674  failed                                     
20008678  passed                                     
2000867c  puk_enabled                                
20008680  pwmHandleServo                             
20008684  spiHandle                                  
20008688  timeOut                                    
2000868c  timer_state                                
20008690  timer_timeout                              
20008694  uartHandle                                 
20008698  Lcd_ScreenWidth                            
2000869a  Lcd_TouchTrim                              
2000869c  Lcd_FontSolid                              
2000869d  Lcd_Orientation                            
2000869e  Lcd_PenSolid                               
2000869f  udmaMSP432Object                           
200087e0  PowerMSP432_perfLevels                     
20008a30  _ftable                                    
20008b20  _device                                    
20008b98  _stream                                    
20008be8  fsm                                        
20008c18  PowerMSP432_module                         
20008c44  spiTransaction                             
20008c84  g_sCrystalfontz128x128                     
20008c94  __TI_ft_end                                
20008c98  __aeabi_stdin                              
20008c9c  __aeabi_stdout                             
20008ca0  __aeabi_stderr                             
20008ca4  __TI_cleanup_ptr                           
20008ca8  __TI_dtors_ptr                             
20008cac  __TI_enable_exit_profile_output            
20008cc8  keymap                                     
20008cd4  correctPass                                
20008cde  secretCode                                 
20008ce8  _lock                                      
20008cec  _unlock                                    
20008cf8  SemaphoreP_defaultParams                   
20008d04  ClockP_tickPeriod                          
20008d08  HwiP_key                                   
20008d0c  HwiP_swiPIntNum                            
20008d10  pwmPeriodServo                             
20008d14  dutyCycleServo                             
20008d18  gpioCallbackFunctions                      
20008d1c  gpioPinConfigs                             
20008d20  errno                                      
20008d29  current_state                              
20008d2a  previous_state                             
20009000  g_pfnRAMVectors                            
2000f000  __stack                                    
20010000  __STACK_END                                
4000480c  WDTCTL_SYM                                 
ffffffff  __TI_pprof_out_hndl                        
ffffffff  __TI_prof_data_size                        
ffffffff  __TI_prof_data_start                       
ffffffff  __binit__                                  
ffffffff  __c_args__                                 
ffffffff  binit                                      
UNDEFED   __mpu_init                                 
UNDEFED   _system_post_cinit                         

[447 symbols]
