******************************************************************************
                  TI ARM Linker Unix v20.2.7                   
******************************************************************************
>> Linked Wed Nov 29 11:25:38 2023

OUTPUT FILE NAME:   <servo2.out>
ENTRY POINT SYMBOL: "resetISR"  address: 0000282d


MEMORY CONFIGURATION

         name            origin    length      used     unused   attr    fill
----------------------  --------  ---------  --------  --------  ----  --------
  MAIN                  00000000   00040000  00002c23  0003d3dd  R  X
  INFO                  00200000   00004000  00000000  00004000  R  X
  SRAM_CODE             01000000   00010000  0000961a  000069e6  RW X
  SRAM_DATA             20000000   00010000  0000961a  000069e6  RW  


SEGMENT ALLOCATION MAP

run origin  load origin   length   init length attrs members
----------  ----------- ---------- ----------- ----- -------
00000000    00000000    00002c28   00002c28    r-x
  00000000    00000000    00000144   00000144    r-- .intvecs
  00000144    00000144    00002902   00002902    r-x .text
  00002a48    00002a48    0000011d   0000011d    r-- .const
  00002b68    00002b68    000000c0   000000c0    r-- .cinit
20000000    20000000    00008534   00000000    rw-
  20000000    20000000    00008000   00000000    rw- .sysmem
  20008000    20008000    000003f6   00000000    rw- .data
  200083f8    200083f8    0000013c   00000000    rw- .bss
20008800    20008800    000000e8   00000000    rw-
  20008800    20008800    000000e8   00000000    rw- .vtable
2000f000    2000f000    00001000   00000000    rw-
  2000f000    2000f000    00001000   00000000    rw- .stack


SECTION ALLOCATION MAP

 output                                  attributes/
section   page    origin      length       input sections
--------  ----  ----------  ----------   ----------------
.text      0    00000144    00002902     
                  00000144    000002f8     drivers_msp432p401x.aem4f : PowerMSP432.oem4f (.text:Power_sleep)
                  0000043c    00000288                               : PowerMSP432.oem4f (.text:initPerfControl)
                  000006c4    00000208                               : PWMTimerMSP432.oem4f (.text:PWMTimerMSP432_open)
                  000008cc    00000114                               : PWMTimerMSP432.oem4f (.text:PWMTimerMSP432_setPeriod)
                  000009e0    00000100     rtsv7M4_T_le_v4SPD16_eabi.lib : memory.c.obj (.text:aligned_alloc)
                  00000ae0    000000e4     msp432p4xx_driverlib.lib : cs.o (.text:CS_startHFXTWithTimeout)
                  00000bc4    000000e4     rtsv7M4_T_le_v4SPD16_eabi.lib : memory.c.obj (.text:free)
                  00000ca8    000000e0     msp432p4xx_driverlib.lib : cs.o (.text:CS_startLFXTWithTimeout)
                  00000d88    000000e0     nortos_msp432p401x.aem4f : TimerPMSP432_nortos.oem4f (.text:TimerP_construct)
                  00000e68    000000dc     msp432p4xx_driverlib.lib : cs.o (.text:_CSGetHFXTFrequency)
                  00000f44    000000d8     nortos_msp432p401x.aem4f : SwiP_nortos.oem4f (.text:SwiP_construct)
                  0000101c    000000b4                              : ClockPTimer_nortos.oem4f (.text:ClockP_startup)
                  000010d0    000000ac                              : ClockPTimer_nortos.oem4f (.text:ClockP_workFuncDynamic)
                  0000117c    000000a4     drivers_msp432p401x.aem4f : PWMTimerMSP432.oem4f (.text:PWMTimerMSP432_stop)
                  00001220    000000a0     nortos_msp432p401x.aem4f : SemaphoreP_nortos.oem4f (.text:SemaphoreP_pend)
                  000012c0    0000009c     drivers_msp432p401x.aem4f : PowerMSP432.oem4f (.text:Power_init)
                  0000135c    0000009c     nortos_msp432p401x.aem4f : SwiP_nortos.oem4f (.text:SwiP_dispatch)
                  000013f8    0000009c     rtsv7M4_T_le_v4SPD16_eabi.lib : memcpy_t2.asm.obj (.text)
                  00001494    00000098     buzzer.obj (.text:mainThreadBuzzer)
                  0000152c    00000096     rtsv7M4_T_le_v4SPD16_eabi.lib : ull_div_t2.asm.obj (.text)
                  000015c2    00000002     ti_drivers_config.obj (.text:Board_initHook)
                  000015c4    00000094     drivers_msp432p401x.aem4f : PWMTimerMSP432.oem4f (.text:PWMTimerMSP432_setDuty)
                  00001658    00000088                               : PWMTimerMSP432.oem4f (.text:PWMTimerMSP432_close)
                  000016e0    00000084                               : PWMTimerMSP432.oem4f (.text:PWMTimerMSP432_start)
                  00001764    00000084                               : PowerMSP432.oem4f (.text:restartHFXT)
                  000017e8    00000080     nortos_msp432p401x.aem4f : ClockPTimer_nortos.oem4f (.text:ClockP_start)
                  00001868    00000080     msp432p4xx_driverlib.lib : interrupt.o (.text:Interrupt_enableInterrupt)
                  000018e8    0000007e     servo.obj (.text:mainThreadServo)
                  00001966    0000007c     drivers_msp432p401x.aem4f : PWMTimerMSP432.oem4f (.text:setConstraints)
                  000019e2    00000002                               : PWMTimerMSP432.oem4f (.text:PWMTimerMSP432_init)
                  000019e4    00000078     nortos_msp432p401x.aem4f : ClockPTimer_nortos.oem4f (.text:ClockP_walkQueueDynamic)
                  00001a5c    00000078     drivers_msp432p401x.aem4f : TimerMSP432.oem4f (.text:TimerMSP432_allocateTimerResource)
                  00001ad4    00000070     nortos_msp432p401x.aem4f : HwiPMSP432_nortos.oem4f (.text:HwiP_construct)
                  00001b44    00000070     rtsv7M4_T_le_v4SPD16_eabi.lib : memory.c.obj (.text:split)
                  00001bb4    0000006c     nortos_msp432p401x.aem4f : TimerPMSP432_nortos.oem4f (.text:TimerP_getCurrentTick)
                  00001c20    0000006a     drivers_msp432p401x.aem4f : PWMTimerMSP432.oem4f (.text:perfChangeNotifyFxn)
                  00001c8a    00000002     nortos_msp432p401x.aem4f : PowerMSP432_nortos.oem4f (.text:PowerMSP432_initPolicy)
                  00001c8c    00000068                              : ClockPTimer_nortos.oem4f (.text:ClockP_usleep)
                  00001cf4    00000068     msp432p4xx_driverlib.lib : interrupt.o (.text:Interrupt_pendInterrupt)
                  00001d5c    00000068     drivers_msp432p401x.aem4f : PowerMSP432.oem4f (.text:PowerMSP432_getFreqs)
                  00001dc4    00000068     nortos_msp432p401x.aem4f : SwiP_nortos.oem4f (.text:SwiP_post)
                  00001e2c    00000068     rtsv7M4_T_le_v4SPD16_eabi.lib : copy_decompress_lzss.c.obj (.text:decompress:lzss:__TI_decompress_lzss)
                  00001e94    00000068     drivers_msp432p401x.aem4f : PWMTimerMSP432.oem4f (.text:initHw)
                  00001efc    0000005c     msp432p4xx_driverlib.lib : interrupt.o (.text:Interrupt_registerInterrupt)
                  00001f58    00000058     nortos_msp432p401x.aem4f : TimerPMSP432_nortos.oem4f (.text:TimerP_dynamicStub)
                  00001fb0    00000054     msp432p4xx_driverlib.lib : interrupt.o (.text:Interrupt_setPriority)
                  00002004    00000054     drivers_msp432p401x.aem4f : TimerMSP432.oem4f (.text:TimerMSP432_freeTimerResource)
                  00002058    00000054     nortos_msp432p401x.aem4f : TimerPMSP432_nortos.oem4f (.text:TimerP_getCount64)
                  000020ac    00000050                              : SemaphoreP_nortos.oem4f (.text:SemaphoreP_construct)
                  000020fc    00000048                              : PowerMSP432_nortos.oem4f (.text:PowerMSP432_sleepPolicy)
                  00002144    00000048     drivers_msp432p401x.aem4f : PowerMSP432.oem4f (.text:Power_releaseConstraint)
                  0000218c    00000044                               : PWM.oem4f (.text:PWM_init)
                  000021d0    00000044     nortos_msp432p401x.aem4f : SwiP_nortos.oem4f (.text:SwiP_restore)
                  00002214    00000044                              : TimerPMSP432_nortos.oem4f (.text:TimerP_start)
                  00002258    00000044     rtsv7M4_T_le_v4SPD16_eabi.lib : autoinit.c.obj (.text:__TI_auto_init_nobinit_nopinit:__TI_auto_init_nobinit_nopinit)
                  0000229c    00000040     drivers_msp432p401x.aem4f : PWM.oem4f (.text:PWM_open)
                  000022dc    00000040     nortos_msp432p401x.aem4f : TimerPMSP432_nortos.oem4f (.text:TimerP_setNextTick)
                  0000231c    00000040     drivers_msp432p401x.aem4f : PWMTimerMSP432.oem4f (.text:getDutyCounts)
                  0000235c    00000040                               : PWMTimerMSP432.oem4f (.text:getPeriodCounts)
                  0000239c    0000003c     nortos_msp432p401x.aem4f : TimerPMSP432_nortos.oem4f (.text:TimerP_initDevice)
                  000023d8    00000038     drivers_msp432p401x.aem4f : PowerMSP432.oem4f (.text:Power_setConstraint)
                  00002410    00000038                               : PowerMSP432.oem4f (.text:notify)
                  00002448    00000034     rtsv7M4_T_le_v4SPD16_eabi.lib : boot_cortex_m.c.obj (.text:_c_int00_noargs:_c_int00_noargs)
                  0000247c    00000030     drivers_msp432p401x.aem4f : PWMTimerMSP432.oem4f (.text:mapPin)
                  000024ac    0000002a     nortos_msp432p401x.aem4f : HwiPMSP432_nortos.oem4f (.text:HwiP_create)
                  000024d6    00000002                              : PowerMSP432_nortos.oem4f (.text:PowerMSP432_updateFreqs)
                  000024d8    00000028                              : ClockPTimer_nortos.oem4f (.text:ClockP_sleep)
                  00002500    00000028     drivers_msp432p401x.aem4f : PowerMSP432.oem4f (.text:Power_registerNotify)
                  00002528    00000028                               : PowerMSP432.oem4f (.text:disableFaultCounter)
                  00002550    00000028                               : PowerMSP432.oem4f (.text:disableHFXT)
                  00002578    00000028     rtsv7M4_T_le_v4SPD16_eabi.lib : memory.c.obj (.text:free_list_insert)
                  000025a0    00000026     drivers_msp432p401x.aem4f : List.oem4f (.text:List_put)
                  000025c6    00000026                               : List.oem4f (.text:List_remove)
                  000025ec    00000026                               : PWMTimerMSP432.oem4f (.text:releaseConstraints)
                  00002612    00000002     nortos_msp432p401x.aem4f : SemaphoreP_nortos.oem4f (.text:SemaphoreP_destruct)
                  00002614    00000024                              : ClockPTimer_nortos.oem4f (.text:ClockP_getTicks)
                  00002638    00000024                              : ClockPTimer_nortos.oem4f (.text:ClockP_scheduleNextTick)
                  0000265c    00000024                              : HwiPMSP432_nortos.oem4f (.text:HwiP_dispatch)
                  00002680    00000024                              : ClockPTimer_nortos.oem4f (.text:sleepTicks)
                  000026a4    00000020     msp432p4xx_driverlib.lib : cs.o (.text:CS_setExternalClockSourceFrequency)
                  000026c4    00000020     nortos_msp432p401x.aem4f : ClockPTimer_nortos.oem4f (.text:ClockP_add)
                  000026e4    00000020     drivers_msp432p401x.aem4f : PowerMSP432.oem4f (.text:Power_unregisterNotify)
                  00002704    00000020     nortos_msp432p401x.aem4f : QueueP_nortos.oem4f (.text:QueueP_put)
                  00002724    0000001e     drivers_msp432p401x.aem4f : PWMTimerMSP432.oem4f (.text:corroboratePeriod)
                  00002742    00000002     rtsv7M4_T_le_v4SPD16_eabi.lib : _lock.c.obj (.text:_nop)
                  00002744    0000001c     nortos_msp432p401x.aem4f : SwiP_nortos.oem4f (.text:SwiP_disable)
                  00002760    0000001c     rtsv7M4_T_le_v4SPD16_eabi.lib : copy_zero_init.c.obj (.text:decompress:ZI:__TI_zero_init_nomemset:__TI_zero_init_nomemset)
                  0000277c    0000001c                                   : memory.c.obj (.text:free_list_remove)
                  00002798    0000001a     nortos_msp432p401x.aem4f : QueueP_nortos.oem4f (.text:QueueP_get)
                  000027b2    00000018                              : ClockPTimer_nortos.oem4f (.text:ClockP_destruct)
                  000027ca    00000002                              : startup_msp432_ccs.oem4f (.text:busFaultISR)
                  000027cc    00000018     msp432p4xx_driverlib.lib : sysctl_a.o (.text:SysCtl_A_disableNMISource)
                  000027e4    00000018                              : sysctl_a.o (.text:SysCtl_A_enableNMISource)
                  000027fc    00000018     drivers_msp432p401x.aem4f : PWMTimerMSP432.oem4f (.text:corroborateDuty)
                  00002814    00000018     main_nortos.obj (.text:main)
                  0000282c    00000018     nortos_msp432p401x.aem4f : startup_msp432_ccs.oem4f (.text:resetISR)
                  00002844    00000016                              : SwiP_nortos.oem4f (.text:maxbit)
                  0000285a    00000002                              : SemaphoreP_nortos.oem4f (.text:clkFxn)
                  0000285c    00000014     drivers_msp432p401x.aem4f : PWM.oem4f (.text:PWM_Params_init)
                  00002870    00000014                               : PowerMSP432.oem4f (.text:Power_idleFunc)
                  00002884    00000014     nortos_msp432p401x.aem4f : SwiP_nortos.oem4f (.text:SwiP_handleHwi)
                  00002898    00000014                              : TimerPMSP432_nortos.oem4f (.text:TimerP_getCount)
                  000028ac    00000012                              : HwiPMSP432_nortos.oem4f (.text:HwiP_Params_init)
                  000028be    00000010                              : HwiPMSP432_nortos.oem4f (.text:HwiP_disable)
                  000028ce    00000010     msp432p4xx_driverlib.lib : interrupt.o (.text:Interrupt_disableMaster)
                  000028de    00000010                              : interrupt.o (.text:Interrupt_enableMaster)
                  000028ee    00000002     nortos_msp432p401x.aem4f : startup_msp432_ccs.oem4f (.text:defaultISR)
                  000028f0    00000010     drivers_msp432p401x.aem4f : PowerMSP432.oem4f (.text:PowerMSP432_getNumPerfLevels)
                  00002900    00000010                               : PowerMSP432.oem4f (.text:Power_enablePolicy)
                  00002910    00000010     nortos_msp432p401x.aem4f : SemaphoreP_nortos.oem4f (.text:SemaphoreP_Params_init)
                  00002920    00000010                              : SwiP_nortos.oem4f (.text:SwiP_Params_init)
                  00002930    00000010     msp432p4xx_driverlib.lib : sysctl_a.o (.text:SysCtl_A_getNMISourceStatus)
                  00002940    00000010                              : sysctl.o (.text:SysCtl_getNMISourceStatus)
                  00002950    00000010     nortos_msp432p401x.aem4f : TimerPMSP432_nortos.oem4f (.text:TimerP_Params_init)
                  00002960    0000000e                              : QueueP_nortos.oem4f (.text:QueueP_empty)
                  0000296e    0000000e                              : QueueP_nortos.oem4f (.text:QueueP_remove)
                  0000297c    0000000e     rtsv7M4_T_le_v4SPD16_eabi.lib : copy_decompress_none.c.obj (.text:decompress:none:__TI_decompress_none)
                  0000298a    0000000c     ti_drivers_config.obj (.text:Board_init)
                  00002996    0000000c     msp432p4xx_driverlib.lib : cpu.o (.text:CPU_cpsid)
                  000029a2    0000000c                              : cpu.o (.text:CPU_cpsie)
                  000029ae    00000002     nortos_msp432p401x.aem4f : startup_msp432_ccs.oem4f (.text:faultISR)
                  000029b0    0000000c                              : ClockPTimer_nortos.oem4f (.text:ClockP_doTick)
                  000029bc    0000000c     drivers_msp432p401x.aem4f : PowerMSP432.oem4f (.text:Power_getConstraintMask)
                  000029c8    0000000c                               : PowerMSP432.oem4f (.text:Power_getPerformanceLevel)
                  000029d4    0000000c     nortos_msp432p401x.aem4f : TimerPMSP432_nortos.oem4f (.text:TimerP_getFreq)
                  000029e0    0000000c                              : TimerPMSP432_nortos.oem4f (.text:TimerP_getMaxTicks)
                  000029ec    0000000a     drivers_msp432p401x.aem4f : PWM.oem4f (.text:PWM_setDuty)
                  000029f6    0000000a                               : PWM.oem4f (.text:PWM_start)
                  00002a00    00000008     nortos_msp432p401x.aem4f : HwiPMSP432_nortos.oem4f (.text:HwiP_restore)
                  00002a08    00000008     rtsv7M4_T_le_v4SPD16_eabi.lib : memory.c.obj (.text:malloc)
                  00002a10    00000006     drivers_msp432p401x.aem4f : PWMTimerMSP432.oem4f (.text:PWMTimerMSP432_control)
                  00002a16    00000006                               : PWMTimerMSP432.oem4f (.text:PWMTimerMSP432_setDutyAndPeriod)
                  00002a1c    00000006     nortos_msp432p401x.aem4f : QueueP_nortos.oem4f (.text:QueueP_init)
                  00002a22    00000004                              : ClockPTimer_nortos.oem4f (.text:ClockP_isActive)
                  00002a26    00000004                              : HwiPMSP432_nortos.oem4f (.text:HwiP_enable)
                  00002a2a    00000004                              : HwiPMSP432_nortos.oem4f (.text:HwiP_post)
                  00002a2e    00000004                              : QueueP_nortos.oem4f (.text:QueueP_head)
                  00002a32    00000004                              : QueueP_nortos.oem4f (.text:QueueP_next)
                  00002a36    00000004                              : TimerPMSP432_nortos.oem4f (.text:TimerP_setPeriod)
                  00002a3a    00000004     rtsv7M4_T_le_v4SPD16_eabi.lib : pre_init.c.obj (.text:_system_pre_init)
                  00002a3e    00000004                                   : exit.c.obj (.text:abort:abort)
                  00002a42    00000002     nortos_msp432p401x.aem4f : startup_msp432_ccs.oem4f (.text:nmiISR)
                  00002a44    00000002     rtsv7M4_T_le_v4SPD16_eabi.lib : div0.asm.obj (.text)

.const     0    00002a48    0000011d     
                  00002a48    00000050     msp432p4xx_driverlib.lib : interrupt.o (.const:g_pulRegs)
                  00002a98    00000038     ti_drivers_config.obj (.const:PowerMSP432_config)
                  00002ad0    00000024     drivers_msp432p401x.aem4f : PWMTimerMSP432.oem4f (.const:PWMTimerMSP432_fxnTable)
                  00002af4    00000018     ti_drivers_config.obj (.const:PWM_config)
                  00002b0c    00000018     drivers_msp432p401x.aem4f : PWM.oem4f (.const:PWM_defaultParams)
                  00002b24    00000010     nortos_msp432p401x.aem4f : SwiP_nortos.oem4f (.const:SwiP_defaultParams)
                  00002b34    00000010     drivers_msp432p401x.aem4f : PWMTimerMSP432.oem4f (.const:pwmTimerBaseAddr)
                  00002b44    00000010     ti_drivers_config.obj (.const:pwmTimerMSP432HWAttrs)
                  00002b54    00000008     msp432p4xx_driverlib.lib : interrupt.o (.const:g_pulEnRegs)
                  00002b5c    00000008                              : interrupt.o (.const:g_pulPendRegs)
                  00002b64    00000001     ti_drivers_config.obj (.const)

.cinit     0    00002b68    000000c0     
                  00002b68    00000086     (.cinit..data.load) [load image, compression = lzss]
                  00002bee    00000002     --HOLE-- [fill = 0]
                  00002bf0    0000000c     (__TI_handler_table)
                  00002bfc    00000004     --HOLE-- [fill = 0]
                  00002c00    00000008     (.cinit..bss.load) [load image, compression = zero_init]
                  00002c08    00000008     (.cinit..vtable.load) [load image, compression = zero_init]
                  00002c10    00000018     (__TI_cinit_table)

.init_array 
*          0    00000000    00000000     UNINITIALIZED

.intvecs   0    00000000    00000144     
                  00000000    00000144     nortos_msp432p401x.aem4f : startup_msp432_ccs.oem4f (.intvecs:retain)

.sysmem    0    20000000    00008000     UNINITIALIZED
                  20000000    00000010     rtsv7M4_T_le_v4SPD16_eabi.lib : memory.c.obj (.sysmem)
                  20000010    00007ff0     --HOLE--

.data      0    20008000    000003f6     UNINITIALIZED
                  20008000    00000140     nortos_msp432p401x.aem4f : HwiPMSP432_nortos.oem4f (.data:HwiP_dispatchTable)
                  20008140    00000140     drivers_msp432p401x.aem4f : PowerMSP432.oem4f (.data:PowerMSP432_perfLevels)
                  20008280    00000110                               : PWMTimerMSP432.oem4f (.data:pwmTimerStatus)
                  20008390    0000002c                               : PowerMSP432.oem4f (.data:PowerMSP432_module)
                  200083bc    0000000c     nortos_msp432p401x.aem4f : TimerPMSP432_nortos.oem4f (.data:TimerP_defaultParams)
                  200083c8    00000008     rtsv7M4_T_le_v4SPD16_eabi.lib : _lock.c.obj (.data:$O1$$)
                  200083d0    00000008                                   : memory.c.obj (.data:$O1$$)
                  200083d8    00000008     nortos_msp432p401x.aem4f : SemaphoreP_nortos.oem4f (.data:SemaphoreP_defaultParams)
                  200083e0    00000008                              : ClockPTimer_nortos.oem4f (.data)
                  200083e8    00000008                              : HwiPMSP432_nortos.oem4f (.data)
                  200083f0    00000003                              : SemaphoreP_nortos.oem4f (.data)
                  200083f3    00000001     drivers_msp432p401x.aem4f : PWM.oem4f (.data)
                  200083f4    00000001     nortos_msp432p401x.aem4f : SwiP_nortos.oem4f (.data)
                  200083f5    00000001                              : TimerPMSP432_nortos.oem4f (.data)

.bss       0    200083f8    0000013c     UNINITIALIZED
                  200083f8    000000a0     nortos_msp432p401x.aem4f : ClockPTimer_nortos.oem4f (.bss:ClockP_module)
                  20008498    00000020                              : SwiP_nortos.oem4f (.bss:SwiP_readyList)
                  200084b8    0000001c                              : SwiP_nortos.oem4f (.bss:SwiP_hwiStruct)
                  200084d4    0000001c                              : TimerPMSP432_nortos.oem4f (.bss:TimerP_hwiStruct)
                  200084f0    00000018     (.common:pwmTimerMSP432Objects)
                  20008508    0000000d                              : SwiP_nortos.oem4f (.bss)
                  20008515    00000003     --HOLE--
                  20008518    00000008     msp432p4xx_driverlib.lib : cs.o (.bss)
                  20008520    00000008     nortos_msp432p401x.aem4f : ClockPTimer_nortos.oem4f (.bss:timerFreq)
                  20008528    00000004                              : ClockPTimer_nortos.oem4f (.bss)
                  2000852c    00000004                              : TimerPMSP432_nortos.oem4f (.bss)
                  20008530    00000004     drivers_msp432p401x.aem4f : TimerMSP432.oem4f (.bss:timerState)

.vtable    0    20008800    000000e8     UNINITIALIZED
                  20008800    000000e8     msp432p4xx_driverlib.lib : interrupt.o (.vtable)

.stack     0    2000f000    00001000     UNINITIALIZED
                  2000f000    00000004     rtsv7M4_T_le_v4SPD16_eabi.lib : boot_cortex_m.c.obj (.stack)
                  2000f004    00000ffc     --HOLE--

__llvm_prf_cnts 
*          0    20000000    00000000     UNINITIALIZED

.binit     0    00000000    00000000     

MODULE SUMMARY

       Module                       code    ro data   rw data
       ------                       ----    -------   -------
    ./
       buzzer.obj                   152     0         0      
       servo.obj                    126     0         0      
       main_nortos.obj              24      0         0      
    +--+----------------------------+-------+---------+---------+
       Total:                       302     0         0      
                                                             
    ./syscfg/
       ti_drivers_config.obj        14      97        48     
    +--+----------------------------+-------+---------+---------+
       Total:                       14      97        48     
                                                             
    /home/mose/Desktop/courses/Embedded/simplelink_msp432p4_sdk_3_40_01_02/kernel/nortos/lib/nortos_msp432p401x.aem4f
       ClockPTimer_nortos.oem4f     924     0         360    
       HwiPMSP432_nortos.oem4f      240     0         656    
       TimerPMSP432_nortos.oem4f    760     0         90     
       SwiP_nortos.oem4f            630     16        148    
       startup_msp432_ccs.oem4f     32      324       0      
       SemaphoreP_nortos.oem4f      260     0         22     
       QueueP_nortos.oem4f          100     0         0      
       PowerMSP432_nortos.oem4f     76      0         0      
    +--+----------------------------+-------+---------+---------+
       Total:                       3022    340       1276   
                                                             
    /home/mose/Desktop/courses/Embedded/simplelink_msp432p4_sdk_3_40_01_02/source/ti/devices/msp432p4xx/driverlib/ccs/msp432p4xx_driverlib.lib
       interrupt.o                  440     96        464    
       cs.o                         704     0         16     
       sysctl_a.o                   64      0         0      
       cpu.o                        24      0         0      
       sysctl.o                     16      0         0      
    +--+----------------------------+-------+---------+---------+
       Total:                       1248    96        480    
                                                             
    /home/mose/Desktop/courses/Embedded/simplelink_msp432p4_sdk_3_40_01_02/source/ti/drivers/lib/drivers_msp432p401x.aem4f
       PowerMSP432.oem4f            2212    0         728    
       PWMTimerMSP432.oem4f         1992    52        544    
       TimerMSP432.oem4f            204     0         8      
       PWM.oem4f                    172     24        2      
       List.oem4f                   76      0         0      
    +--+----------------------------+-------+---------+---------+
       Total:                       4656    76        1282   
                                                             
    /home/mose/ti/ccs1250/ccs/tools/compiler/ti-cgt-arm_20.2.7.LTS/lib/rtsv7M4_T_le_v4SPD16_eabi.lib
       memory.c.obj                 672     0         16     
       memcpy_t2.asm.obj            156     0         0      
       ull_div_t2.asm.obj           150     0         0      
       copy_decompress_lzss.c.obj   104     0         0      
       autoinit.c.obj               68      0         0      
       boot_cortex_m.c.obj          52      0         0      
       copy_zero_init.c.obj         28      0         0      
       _lock.c.obj                  2       0         16     
       copy_decompress_none.c.obj   14      0         0      
       exit.c.obj                   4       0         0      
       pre_init.c.obj               4       0         0      
       div0.asm.obj                 2       0         0      
    +--+----------------------------+-------+---------+---------+
       Total:                       1256    0         32     
                                                             
       Heap:                        0       0         65536  
       Stack:                       0       0         8192   
       Linker Generated:            0       186       0      
    +--+----------------------------+-------+---------+---------+
       Grand Total:                 10498   795       76846  


LINKER GENERATED COPY TABLES

__TI_cinit_table @ 00002c10 records: 3, size/record: 8, table size: 24
	.data: load addr=00002b68, load size=00000086 bytes, run addr=20008000, run size=000003f6 bytes, compression=lzss
	.bss: load addr=00002c00, load size=00000008 bytes, run addr=200083f8, run size=0000013c bytes, compression=zero_init
	.vtable: load addr=00002c08, load size=00000008 bytes, run addr=20008800, run size=000000e8 bytes, compression=zero_init


LINKER GENERATED HANDLER TABLE

__TI_handler_table @ 00002bf0 records: 3, size/record: 4, table size: 12
	index: 0, handler: __TI_decompress_lzss
	index: 1, handler: __TI_decompress_none
	index: 2, handler: __TI_zero_init


GLOBAL SYMBOLS: SORTED ALPHABETICALLY BY Name 

address   name                              
-------   ----                              
0000298b  Board_init                        
000015c3  Board_initHook                    
00002a3f  C$$EXIT                           
00002997  CPU_cpsid                         
000029a3  CPU_cpsie                         
000026a5  CS_setExternalClockSourceFrequency
00000ae1  CS_startHFXTWithTimeout           
00000ca9  CS_startLFXTWithTimeout           
000026c5  ClockP_add                        
000027b3  ClockP_destruct                   
000029b1  ClockP_doTick                     
00002615  ClockP_getTicks                   
00002a23  ClockP_isActive                   
00002639  ClockP_scheduleNextTick           
000024d9  ClockP_sleep                      
000017e9  ClockP_start                      
0000101d  ClockP_startup                    
200083e4  ClockP_tickPeriod                 
00001c8d  ClockP_usleep                     
000019e5  ClockP_walkQueueDynamic           
000010d1  ClockP_workFuncDynamic            
000028ad  HwiP_Params_init                  
00001ad5  HwiP_construct                    
000024ad  HwiP_create                       
000028bf  HwiP_disable                      
0000265d  HwiP_dispatch                     
00002a27  HwiP_enable                       
200083e8  HwiP_key                          
00002a2b  HwiP_post                         
00002a01  HwiP_restore                      
200083ec  HwiP_swiPIntNum                   
000028cf  Interrupt_disableMaster           
00001869  Interrupt_enableInterrupt         
000028df  Interrupt_enableMaster            
00001cf5  Interrupt_pendInterrupt           
00001efd  Interrupt_registerInterrupt       
00001fb1  Interrupt_setPriority             
000025a1  List_put                          
000025c7  List_remove                       
00002a27  NoRTOS_start                      
00001659  PWMTimerMSP432_close              
00002a11  PWMTimerMSP432_control            
00002ad0  PWMTimerMSP432_fxnTable           
000019e3  PWMTimerMSP432_init               
000006c5  PWMTimerMSP432_open               
000015c5  PWMTimerMSP432_setDuty            
00002a17  PWMTimerMSP432_setDutyAndPeriod   
000008cd  PWMTimerMSP432_setPeriod          
000016e1  PWMTimerMSP432_start              
0000117d  PWMTimerMSP432_stop               
0000285d  PWM_Params_init                   
00002af4  PWM_config                        
00002b64  PWM_count                         
00002b0c  PWM_defaultParams                 
0000218d  PWM_init                          
0000229d  PWM_open                          
000029ed  PWM_setDuty                       
000029f7  PWM_start                         
00002a98  PowerMSP432_config                
00001d5d  PowerMSP432_getFreqs              
000028f1  PowerMSP432_getNumPerfLevels      
00001c8b  PowerMSP432_initPolicy            
20008390  PowerMSP432_module                
20008140  PowerMSP432_perfLevels            
000020fd  PowerMSP432_sleepPolicy           
000024d7  PowerMSP432_updateFreqs           
00002901  Power_enablePolicy                
000029bd  Power_getConstraintMask           
000029c9  Power_getPerformanceLevel         
00002871  Power_idleFunc                    
000012c1  Power_init                        
00002501  Power_registerNotify              
00002145  Power_releaseConstraint           
000023d9  Power_setConstraint               
00000145  Power_sleep                       
000026e5  Power_unregisterNotify            
00002961  QueueP_empty                      
00002799  QueueP_get                        
00002a2f  QueueP_head                       
00002a1d  QueueP_init                       
00002a33  QueueP_next                       
00002705  QueueP_put                        
0000296f  QueueP_remove                     
00002911  SemaphoreP_Params_init            
000020ad  SemaphoreP_construct              
200083d8  SemaphoreP_defaultParams          
00002613  SemaphoreP_destruct               
00001221  SemaphoreP_pend                   
00002921  SwiP_Params_init                  
00000f45  SwiP_construct                    
00002745  SwiP_disable                      
0000135d  SwiP_dispatch                     
00001dc5  SwiP_post                         
000021d1  SwiP_restore                      
000027cd  SysCtl_A_disableNMISource         
000027e5  SysCtl_A_enableNMISource          
00002931  SysCtl_A_getNMISourceStatus       
00002941  SysCtl_getNMISourceStatus         
00001a5d  TimerMSP432_allocateTimerResource 
00002005  TimerMSP432_freeTimerResource     
00002951  TimerP_Params_init                
00000d89  TimerP_construct                  
00001f59  TimerP_dynamicStub                
00002059  TimerP_getCount64                 
00001bb5  TimerP_getCurrentTick             
000029d5  TimerP_getFreq                    
000029e1  TimerP_getMaxTicks                
0000239d  TimerP_initDevice                 
000022dd  TimerP_setNextTick                
00002a37  TimerP_setPeriod                  
00002215  TimerP_start                      
4000480c  WDTCTL_SYM                        
20010000  __STACK_END                       
00001000  __STACK_SIZE                      
00008000  __SYSMEM_SIZE                     
00002c10  __TI_CINIT_Base                   
00002c28  __TI_CINIT_Limit                  
00002bf0  __TI_Handler_Table_Base           
00002bfc  __TI_Handler_Table_Limit          
00002259  __TI_auto_init_nobinit_nopinit    
00001e2d  __TI_decompress_lzss              
0000297d  __TI_decompress_none              
ffffffff  __TI_pprof_out_hndl               
ffffffff  __TI_prof_data_size               
ffffffff  __TI_prof_data_start              
00002b68  __TI_static_base__                
00002761  __TI_zero_init_nomemset           
00002a45  __aeabi_idiv0                     
00002a45  __aeabi_ldiv0                     
000013f9  __aeabi_memcpy                    
000013f9  __aeabi_memcpy4                   
000013f9  __aeabi_memcpy8                   
0000152d  __aeabi_uldivmod                  
ffffffff  __binit__                         
ffffffff  __c_args__                        
UNDEFED   __mpu_init                        
2000f000  __stack                           
20000000  __start___llvm_prf_cnts           
20000000  __stop___llvm_prf_cnts            
00002449  _c_int00_noargs                   
200083c8  _lock                             
00002743  _nop                              
20000000  _sys_memory                       
UNDEFED   _system_post_cinit                
00002a3b  _system_pre_init                  
200083cc  _unlock                           
00002a3f  abort                             
000009e1  aligned_alloc                     
ffffffff  binit                             
0000285b  clkFxn                            
00000bc5  free                              
20008800  g_pfnRAMVectors                   
00000000  interruptVectors                  
00002815  main                              
00001495  mainThreadBuzzer                  
000018e9  mainThreadServo                   
00002a09  malloc                            
000009e1  memalign                          
000013f9  memcpy                            
00002b44  pwmTimerMSP432HWAttrs             
200084f0  pwmTimerMSP432Objects             
0000282d  resetISR                          
000024d9  sleep                             
00001c8d  usleep                            


GLOBAL SYMBOLS: SORTED BY Symbol Address 

address   name                              
-------   ----                              
00000000  interruptVectors                  
00000145  Power_sleep                       
000006c5  PWMTimerMSP432_open               
000008cd  PWMTimerMSP432_setPeriod          
000009e1  aligned_alloc                     
000009e1  memalign                          
00000ae1  CS_startHFXTWithTimeout           
00000bc5  free                              
00000ca9  CS_startLFXTWithTimeout           
00000d89  TimerP_construct                  
00000f45  SwiP_construct                    
00001000  __STACK_SIZE                      
0000101d  ClockP_startup                    
000010d1  ClockP_workFuncDynamic            
0000117d  PWMTimerMSP432_stop               
00001221  SemaphoreP_pend                   
000012c1  Power_init                        
0000135d  SwiP_dispatch                     
000013f9  __aeabi_memcpy                    
000013f9  __aeabi_memcpy4                   
000013f9  __aeabi_memcpy8                   
000013f9  memcpy                            
00001495  mainThreadBuzzer                  
0000152d  __aeabi_uldivmod                  
000015c3  Board_initHook                    
000015c5  PWMTimerMSP432_setDuty            
00001659  PWMTimerMSP432_close              
000016e1  PWMTimerMSP432_start              
000017e9  ClockP_start                      
00001869  Interrupt_enableInterrupt         
000018e9  mainThreadServo                   
000019e3  PWMTimerMSP432_init               
000019e5  ClockP_walkQueueDynamic           
00001a5d  TimerMSP432_allocateTimerResource 
00001ad5  HwiP_construct                    
00001bb5  TimerP_getCurrentTick             
00001c8b  PowerMSP432_initPolicy            
00001c8d  ClockP_usleep                     
00001c8d  usleep                            
00001cf5  Interrupt_pendInterrupt           
00001d5d  PowerMSP432_getFreqs              
00001dc5  SwiP_post                         
00001e2d  __TI_decompress_lzss              
00001efd  Interrupt_registerInterrupt       
00001f59  TimerP_dynamicStub                
00001fb1  Interrupt_setPriority             
00002005  TimerMSP432_freeTimerResource     
00002059  TimerP_getCount64                 
000020ad  SemaphoreP_construct              
000020fd  PowerMSP432_sleepPolicy           
00002145  Power_releaseConstraint           
0000218d  PWM_init                          
000021d1  SwiP_restore                      
00002215  TimerP_start                      
00002259  __TI_auto_init_nobinit_nopinit    
0000229d  PWM_open                          
000022dd  TimerP_setNextTick                
0000239d  TimerP_initDevice                 
000023d9  Power_setConstraint               
00002449  _c_int00_noargs                   
000024ad  HwiP_create                       
000024d7  PowerMSP432_updateFreqs           
000024d9  ClockP_sleep                      
000024d9  sleep                             
00002501  Power_registerNotify              
000025a1  List_put                          
000025c7  List_remove                       
00002613  SemaphoreP_destruct               
00002615  ClockP_getTicks                   
00002639  ClockP_scheduleNextTick           
0000265d  HwiP_dispatch                     
000026a5  CS_setExternalClockSourceFrequency
000026c5  ClockP_add                        
000026e5  Power_unregisterNotify            
00002705  QueueP_put                        
00002743  _nop                              
00002745  SwiP_disable                      
00002761  __TI_zero_init_nomemset           
00002799  QueueP_get                        
000027b3  ClockP_destruct                   
000027cd  SysCtl_A_disableNMISource         
000027e5  SysCtl_A_enableNMISource          
00002815  main                              
0000282d  resetISR                          
0000285b  clkFxn                            
0000285d  PWM_Params_init                   
00002871  Power_idleFunc                    
000028ad  HwiP_Params_init                  
000028bf  HwiP_disable                      
000028cf  Interrupt_disableMaster           
000028df  Interrupt_enableMaster            
000028f1  PowerMSP432_getNumPerfLevels      
00002901  Power_enablePolicy                
00002911  SemaphoreP_Params_init            
00002921  SwiP_Params_init                  
00002931  SysCtl_A_getNMISourceStatus       
00002941  SysCtl_getNMISourceStatus         
00002951  TimerP_Params_init                
00002961  QueueP_empty                      
0000296f  QueueP_remove                     
0000297d  __TI_decompress_none              
0000298b  Board_init                        
00002997  CPU_cpsid                         
000029a3  CPU_cpsie                         
000029b1  ClockP_doTick                     
000029bd  Power_getConstraintMask           
000029c9  Power_getPerformanceLevel         
000029d5  TimerP_getFreq                    
000029e1  TimerP_getMaxTicks                
000029ed  PWM_setDuty                       
000029f7  PWM_start                         
00002a01  HwiP_restore                      
00002a09  malloc                            
00002a11  PWMTimerMSP432_control            
00002a17  PWMTimerMSP432_setDutyAndPeriod   
00002a1d  QueueP_init                       
00002a23  ClockP_isActive                   
00002a27  HwiP_enable                       
00002a27  NoRTOS_start                      
00002a2b  HwiP_post                         
00002a2f  QueueP_head                       
00002a33  QueueP_next                       
00002a37  TimerP_setPeriod                  
00002a3b  _system_pre_init                  
00002a3f  C$$EXIT                           
00002a3f  abort                             
00002a45  __aeabi_idiv0                     
00002a45  __aeabi_ldiv0                     
00002a98  PowerMSP432_config                
00002ad0  PWMTimerMSP432_fxnTable           
00002af4  PWM_config                        
00002b0c  PWM_defaultParams                 
00002b44  pwmTimerMSP432HWAttrs             
00002b64  PWM_count                         
00002b68  __TI_static_base__                
00002bf0  __TI_Handler_Table_Base           
00002bfc  __TI_Handler_Table_Limit          
00002c10  __TI_CINIT_Base                   
00002c28  __TI_CINIT_Limit                  
00008000  __SYSMEM_SIZE                     
20000000  __start___llvm_prf_cnts           
20000000  __stop___llvm_prf_cnts            
20000000  _sys_memory                       
20008140  PowerMSP432_perfLevels            
20008390  PowerMSP432_module                
200083c8  _lock                             
200083cc  _unlock                           
200083d8  SemaphoreP_defaultParams          
200083e4  ClockP_tickPeriod                 
200083e8  HwiP_key                          
200083ec  HwiP_swiPIntNum                   
200084f0  pwmTimerMSP432Objects             
20008800  g_pfnRAMVectors                   
2000f000  __stack                           
20010000  __STACK_END                       
4000480c  WDTCTL_SYM                        
ffffffff  __TI_pprof_out_hndl               
ffffffff  __TI_prof_data_size               
ffffffff  __TI_prof_data_start              
ffffffff  __binit__                         
ffffffff  __c_args__                        
ffffffff  binit                             
UNDEFED   __mpu_init                        
UNDEFED   _system_post_cinit                

[164 symbols]
